2026-08-08T08:58:50Z waiting_for_all_gpus_idle
2026-08-08T08:58:50Z gpu_idle_checks=0 active_pids=977820
977821
977822
977823
2026-08-08T08:59:00Z gpu_idle_checks=0 active_pids=977820
977821
977822
977823
2026-08-08T08:59:11Z gpu_idle_checks=0 active_pids=977820
977821
977822
977823
2026-08-08T08:59:21Z gpu_idle_checks=0 active_pids=977820
977821
977822
977823
2026-08-08T08:59:31Z gpu_idle_checks=0 active_pids=977820
977821
977822
977823
2026-08-08T08:59:41Z gpu_idle_checks=0 active_pids=977820
977821
977822
977823
2026-08-08T08:59:51Z gpu_idle_checks=0 active_pids=977820
977821
977822
977823
2026-08-08T09:00:01Z gpu_idle_checks=0 active_pids=977820
977821
977822
977823
2026-08-08T09:00:11Z gpu_idle_checks=0 active_pids=977820
977821
977822
977823
2026-08-08T09:00:21Z gpu_idle_checks=0 active_pids=977820
977821
977822
977823
2026-08-08T09:00:31Z gpu_idle_checks=0 active_pids=977820
977821
977822
977823
2026-08-08T09:00:41Z gpu_idle_checks=0 active_pids=977820
977821
977822
977823
2026-08-08T09:00:52Z gpu_idle_checks=0 active_pids=977820
977821
977822
977823
2026-08-08T09:01:02Z gpu_idle_checks=0 active_pids=977820
977821
977822
977823
2026-08-08T09:01:12Z gpu_idle_checks=0 active_pids=977820
977821
977822
977823
2026-08-08T09:01:22Z gpu_idle_checks=0 active_pids=977820
977821
977822
977823
2026-08-08T09:01:32Z gpu_idle_checks=0 active_pids=977820
977821
977822
977823
2026-08-08T09:01:42Z gpu_idle_checks=0 active_pids=977820
977821
977822
977823
2026-08-08T09:01:52Z gpu_idle_checks=0 active_pids=977820
977821
977822
977823
2026-08-08T09:02:02Z gpu_idle_checks=0 active_pids=977820
977821
977822
977823
2026-08-08T09:02:13Z gpu_idle_checks=0 active_pids=977820
977821
977822
977823
2026-08-08T09:02:23Z gpu_idle_checks=0 active_pids=977820
977821
977822
977823
2026-08-08T09:02:33Z gpu_idle_checks=0 active_pids=977820
977821
977822
977823
2026-08-08T09:02:43Z gpu_idle_checks=0 active_pids=977820
977821
977822
977823
2026-08-08T09:02:53Z gpu_idle_checks=0 active_pids=977820
977821
977822
977823
2026-08-08T09:03:03Z gpu_idle_checks=0 active_pids=977820
977821
977822
977823
2026-08-08T09:03:13Z gpu_idle_checks=0 active_pids=977820
977821
977822
977823
2026-08-08T09:03:23Z gpu_idle_checks=0 active_pids=977820
977821
977822
977823
2026-08-08T09:03:33Z gpu_idle_checks=0 active_pids=977820
977821
977822
977823
2026-08-08T09:03:43Z gpu_idle_checks=0 active_pids=977820
977821
977822
977823
2026-08-08T09:03:54Z gpu_idle_checks=0 active_pids=977820
977821
977822
977823
2026-08-08T09:04:04Z gpu_idle_checks=0 active_pids=977820
977821
977822
977823
2026-08-08T09:04:14Z gpu_idle_checks=0 active_pids=977820
977821
977822
977823
2026-08-08T09:04:24Z gpu_idle_checks=0 active_pids=977820
977821
977822
977823
2026-08-08T09:04:34Z gpu_idle_checks=0 active_pids=977820
977821
977822
977823
2026-08-08T09:04:44Z gpu_idle_checks=0 active_pids=977820
977821
977822
977823
2026-08-08T09:04:54Z gpu_idle_checks=0 active_pids=977820
977821
977822
977823
2026-08-08T09:05:04Z gpu_idle_checks=0 active_pids=977820
977821
977822
977823
2026-08-08T09:05:15Z gpu_idle_checks=0 active_pids=977820
977821
977822
977823
2026-08-08T09:05:25Z gpu_idle_checks=0 active_pids=977820
977821
977822
977823
2026-08-08T09:05:35Z gpu_idle_checks=0 active_pids=977820
977821
977822
977823
2026-08-08T09:05:45Z gpu_idle_checks=0 active_pids=977820
977821
977822
977823
2026-08-08T09:05:55Z gpu_idle_checks=0 active_pids=977820
977821
977822
977823
2026-08-08T09:06:05Z gpu_idle_checks=0 active_pids=977820
977821
977822
977823
2026-08-08T09:06:15Z gpu_idle_checks=0 active_pids=977820
977821
977822
977823
2026-08-08T09:06:25Z gpu_idle_checks=0 active_pids=977820
977821
977822
977823
2026-08-08T09:06:35Z gpu_idle_checks=0 active_pids=977820
977821
977822
977823
2026-08-08T09:06:45Z gpu_idle_checks=0 active_pids=977820
977821
977822
977823
2026-08-08T09:06:56Z gpu_idle_checks=0 active_pids=977820
977821
977822
977823
2026-08-08T09:07:06Z gpu_idle_checks=0 active_pids=977820
977821
977822
977823
2026-08-08T09:07:16Z gpu_idle_checks=0 active_pids=977820
977821
977822
977823
2026-08-08T09:07:26Z gpu_idle_checks=0 active_pids=977820
977821
977822
977823
2026-08-08T09:07:36Z gpu_idle_checks=0 active_pids=977820
977821
977822
977823
2026-08-08T09:07:46Z gpu_idle_checks=0 active_pids=977820
977821
977822
977823
2026-08-08T09:07:56Z gpu_idle_checks=0 active_pids=977820
977821
977822
977823
2026-08-08T09:08:06Z gpu_idle_checks=0 active_pids=977820
977821
977822
977823
2026-08-08T09:08:16Z gpu_idle_checks=0 active_pids=977820
977821
977822
977823
2026-08-08T09:08:26Z gpu_idle_checks=0 active_pids=977820
977821
977822
977823
2026-08-08T09:08:37Z gpu_idle_checks=0 active_pids=977820
977821
977822
977823
2026-08-08T09:08:47Z gpu_idle_checks=0 active_pids=977820
977821
977822
977823
2026-08-08T09:09:12Z starting_concurrent_700_sample_generation batch_size=8
2026-08-08T09:09:12Z starting_700_sample_generation
2026-08-08T09:11:33Z starting_concurrent_700_sample_generation batch_size=40
2026-08-08T09:11:33Z starting_700_sample_generation
2026-08-08T09:12:40Z starting_concurrent_700_sample_generation batch_size=64
2026-08-08T09:12:40Z starting_700_sample_generation
{
  "status": "COMPLETE",
  "dataset_vds": "/root/autodl-tmp/data/jiayh/data/acoustic_lwc84_2km_401x401_to_201_marmousi1_v5_dt1e5_t401/dataset_marmousi1_v5_dt1e5_t401.h5",
  "sample_count": 700,
  "worker_status": "/root/autodl-tmp/data/jiayh/data/acoustic_lwc84_2km_401x401_to_201_marmousi1_v5_dt1e5_t401/reports/worker_runs/20260808T091242Z_394/status.json"
}
2026-08-08T13:38:05Z validating_700_sample_dataset
{
  "dataset": "/root/autodl-tmp/data/jiayh/data/acoustic_lwc84_2km_401x401_to_201_marmousi1_v5_dt1e5_t401/dataset_marmousi1_v5_dt1e5_t401.h5",
  "gates": {
    "cfl": {
      "maximum_cfl_2d": 0.015556349186104048,
      "maximum_lwc_q": 0.0015733841269841274,
      "passed": true
    },
    "forward_protocol": {
      "expected_dt_s": 1e-05,
      "expected_saved_grid": [
        201,
        201
      ],
      "expected_snapshot_stride": 250,
      "expected_solver_grid": [
        401,
        401
      ],
      "failed_checks": [],
      "observed_dt_s": 1e-05,
      "observed_snapshot_stride": 250,
      "passed": true
    },
    "free_surface": {
      "max_abs_top": 0.0,
      "passed": true
    },
    "nonzero_wavefield": {
      "max_abs": 1.418871420355572e-07,
      "passed": true
    },
    "source_map": {
      "max_sum_error": 4.1443854570388794e-08,
      "passed": true
    },
    "time_axis": {
      "count": 401,
      "passed": true,
      "strictly_increasing": true
    }
  },
  "included_splits": [
    "train"
  ],
  "path": "/root/autodl-tmp/data/jiayh/data/acoustic_lwc84_2km_401x401_to_201_marmousi1_v5_dt1e5_t401/dataset_marmousi1_v5_dt1e5_t401.h5",
  "sample_count": 700,
  "schema_version": "acoustic_lwc84_401_to_201_v1",
  "source_shard_count": 88,
  "split": "all",
  "strict_passed": true,
  "wavefield_shape": [
    700,
    401,
    201,
    201
  ]
}
2026-08-08T13:43:35Z building_mixed_internal_dt_hybrid_vds
{
  "component_config_sha256": {
    "new_train_marmousi_records": "b3fe15a86c55d6b1b66f8847fbfc994130800612c87b3bb8f2936db8864678d4",
    "old_unreplaced_records": "72a2f57354a46045e2eed5e5d6fb99808dd4b85940b576b459934502e621611d"
  },
  "component_marmousi_sha256": {
    "new_train_marmousi_records": "004086fec3cb918d24b9144163bfde384883c2517d866c1a8f499f829aec0deb",
    "old_unreplaced_records": "212747a8ad08d95a8bf7cb0910971f130a407e8cd65b7f5f8b8ab5eb20f39aca"
  },
  "component_time_protocol": {
    "new_train_marmousi_records": {
      "dt_output_s": 0.0025,
      "dt_requested_s": 1e-05,
      "dt_used_s": 1e-05,
      "snapshot_stride": 250,
      "t_end_s": 1.0
    },
    "old_unreplaced_records": {
      "dt_output_s": 0.0025,
      "dt_requested_s": 0.0002,
      "dt_used_s": 0.000125,
      "snapshot_stride": 20,
      "t_end_s": 1.0
    }
  },
  "hybrid_config_sha256": "bc477ae8349c602013d36a97664278bfa8a71421c3ac09916674a918c6aa745c",
  "hybrid_marmousi_sha256": "271047dc6878a7b706025abe7915ba1cdd8a0f65186f486d5428be6bc40d3ba0",
  "internal_dt_mixed": true,
  "new_manifest_sha256": "d6d2ba6d9af60b6953b8a66ed589d24895e82091bc80a5321a87da2179fc609d",
  "new_marmousi_dataset": "/root/autodl-tmp/data/jiayh/data/acoustic_lwc84_2km_401x401_to_201_marmousi1_v5_dt1e5_t401/dataset_marmousi1_v5_dt1e5_t401.h5",
  "new_marmousi_dataset_sha256": "a396b19c3e7a0cafc995812de8ccf0a676f381713d09f3d6f2502b791d635fc7",
  "old_dataset": "/root/autodl-tmp/home/jiayh/Data/data/acoustic_lwc84_2km_401x401_to_201_v1/dataset_v1.invalidated_source_for_hybrid_v2.h5",
  "old_dataset_sha256": "b256fc7880745810e067977ee188f42f8b6174754549e48938fd04f2a2bdee99",
  "old_manifest_sha256": "75c23e1e27696080d3667ed630b7357fe0c934ff48d0ddfe611d651490d25405",
  "output_dataset": "/root/autodl-tmp/data/jiayh/data/acoustic_lwc84_2km_401x401_to_201_train_marmousi_hires_v5_dt1e5_t401_mixed/dataset_v5_dt1e5_t401_mixed.h5",
  "output_manifest": "/root/autodl-tmp/data/jiayh/data/acoustic_lwc84_2km_401x401_to_201_train_marmousi_hires_v5_dt1e5_t401_mixed/manifest_v5_dt1e5_t401_mixed.jsonl",
  "output_manifest_sha256": "57334b5298b816414279ba24ea58e20a2bb42aee82b1f54b37e08ad4ac45af05",
  "replacement_sample_count": 700,
  "sample_count": 4003,
  "saved_coordinate_protocol_identical": true,
  "status": "COMPLETE",
  "virtual_mapping_run_count": 3
}
2026-08-08T13:43:41Z computing_train_normalization_stats
{
  "computed_from_split": "train",
  "config_sha256": "bc477ae8349c602013d36a97664278bfa8a71421c3ac09916674a918c6aa745c",
  "dataset": "/root/autodl-tmp/data/jiayh/data/acoustic_lwc84_2km_401x401_to_201_train_marmousi_hires_v5_dt1e5_t401_mixed/dataset_v5_dt1e5_t401_mixed.h5",
  "dataset_sample_count": 4003,
  "final_cache_evictions": 351,
  "initial_cache_evictions": 351,
  "manifest_sha256": "57334b5298b816414279ba24ea58e20a2bb42aee82b1f54b37e08ad4ac45af05",
  "marmousi_sha256": "271047dc6878a7b706025abe7915ba1cdd8a0f65186f486d5428be6bc40d3ba0",
  "physical_train_shards_processed": 351,
  "schema_version": 1,
  "train_sample_count": 2800,
  "velocity": {
    "count": 113122800,
    "mean": 3508.820023170146,
    "std": 1204.8298499875236
  },
  "wavefield": {
    "count": 45362242800,
    "mean": 1.9259583686015502e-11,
    "std": 1.0734681529708436e-09
  }
}
2026-08-08T13:57:27Z running_final_mixed_protocol_gate
{
  "bindings": {
    "config_sha256": "bc477ae8349c602013d36a97664278bfa8a71421c3ac09916674a918c6aa745c",
    "hybrid_dataset_sha256": "2dd814839ee51c59a28f55cdf12b40a92c99da5616535a6573b218d3b48092a8",
    "hybrid_manifest_sha256": "57334b5298b816414279ba24ea58e20a2bb42aee82b1f54b37e08ad4ac45af05",
    "manifest_sha256": "57334b5298b816414279ba24ea58e20a2bb42aee82b1f54b37e08ad4ac45af05",
    "marmousi_sha256": "271047dc6878a7b706025abe7915ba1cdd8a0f65186f486d5428be6bc40d3ba0",
    "new_marmousi_dataset_sha256": "a396b19c3e7a0cafc995812de8ccf0a676f381713d09f3d6f2502b791d635fc7",
    "normalization_stats_sha256": "f1e58d25cd2987b92058051826ce11e6117f26a24de47176a9e75d0fa15f8b2e",
    "old_dataset_sha256": "b256fc7880745810e067977ee188f42f8b6174754549e48938fd04f2a2bdee99"
  },
  "new_source_strict_passed": true,
  "normalization_train_sample_count": 2800,
  "protocol": {
    "coordinate_arrays_identical": true,
    "grid_shape_zx": [
      201,
      201
    ],
    "internal_dt_mixed": true,
    "new_train_marmousi_dt_s": 1e-05,
    "old_unreplaced_dt_s": 0.000125,
    "replacement_scope": "train/Marmousi only",
    "saved_time_steps": 401
  },
  "replacement_hash_changed_count": 700,
  "replacement_sample_count": 700,
  "sample_count": 4003,
  "status": "PASS",
  "unchanged_nontrain_sample_count": 1203,
  "unreplaced_sample_count": 3303
}
2026-08-08T13:57:28Z pipeline_complete
