{"baseline_relative_l2": 0.24520165206835032, "elapsed_s": 2.8501594066619873, "event": "cache_record", "of": 34, "record": 1, "role": "fit", "sample_id": "train_uniform_00168", "worker": 1}
{"baseline_relative_l2": 0.275845982197195, "elapsed_s": 5.5564963817596436, "event": "cache_record", "of": 34, "record": 2, "role": "fit", "sample_id": "train_uniform_00301", "worker": 1}
{"baseline_relative_l2": 0.5218096248023545, "elapsed_s": 8.093903541564941, "event": "cache_record", "of": 34, "record": 3, "role": "fit", "sample_id": "train_uniform_00373", "worker": 1}
{"baseline_relative_l2": 0.22706043479319843, "elapsed_s": 10.773613691329956, "event": "cache_record", "of": 34, "record": 4, "role": "fit", "sample_id": "train_uniform_00206", "worker": 1}
{"baseline_relative_l2": 0.18876916302342497, "elapsed_s": 13.464051008224487, "event": "cache_record", "of": 34, "record": 5, "role": "calibration", "sample_id": "train_uniform_00093", "worker": 1}
{"baseline_relative_l2": 0.3836798372573296, "elapsed_s": 16.04281449317932, "event": "cache_record", "of": 34, "record": 6, "role": "calibration", "sample_id": "train_uniform_00264", "worker": 1}
{"baseline_relative_l2": 0.5278578112563911, "elapsed_s": 18.567378520965576, "event": "cache_record", "of": 34, "record": 7, "role": "confirmation", "sample_id": "train_uniform_00305", "worker": 1}
{"baseline_relative_l2": 0.17717928510478312, "elapsed_s": 21.130804777145386, "event": "cache_record", "of": 34, "record": 8, "role": "confirmation", "sample_id": "train_uniform_00388", "worker": 1}
{"baseline_relative_l2": 0.5788493333010769, "elapsed_s": 23.685883045196533, "event": "cache_record", "of": 34, "record": 9, "role": "fit", "sample_id": "train_layered_00773", "worker": 1}
{"baseline_relative_l2": 0.366582051850215, "elapsed_s": 26.204452991485596, "event": "cache_record", "of": 34, "record": 10, "role": "fit", "sample_id": "train_layered_00545", "worker": 1}
{"baseline_relative_l2": 0.23768143790165663, "elapsed_s": 28.841858386993408, "event": "cache_record", "of": 34, "record": 11, "role": "fit", "sample_id": "train_layered_00945", "worker": 1}
{"baseline_relative_l2": 0.4895640427415281, "elapsed_s": 31.418948650360107, "event": "cache_record", "of": 34, "record": 12, "role": "fit", "sample_id": "train_layered_00077", "worker": 1}
{"baseline_relative_l2": 0.47905999526476706, "elapsed_s": 33.92811179161072, "event": "cache_record", "of": 34, "record": 13, "role": "calibration", "sample_id": "train_layered_00041", "worker": 1}
{"baseline_relative_l2": 0.35445153536543883, "elapsed_s": 36.48390197753906, "event": "cache_record", "of": 34, "record": 14, "role": "calibration", "sample_id": "train_layered_00049", "worker": 1}
{"baseline_relative_l2": 0.37150039913449323, "elapsed_s": 39.04298281669617, "event": "cache_record", "of": 34, "record": 15, "role": "confirmation", "sample_id": "train_layered_00465", "worker": 1}
{"baseline_relative_l2": 0.2745401395211204, "elapsed_s": 41.518128633499146, "event": "cache_record", "of": 34, "record": 16, "role": "confirmation", "sample_id": "train_layered_00969", "worker": 1}
{"baseline_relative_l2": 0.4989881118706454, "elapsed_s": 44.09940838813782, "event": "cache_record", "of": 34, "record": 17, "role": "fit", "sample_id": "train_anomaly_00317", "worker": 1}
{"baseline_relative_l2": 0.5069800463094555, "elapsed_s": 46.55523443222046, "event": "cache_record", "of": 34, "record": 18, "role": "fit", "sample_id": "train_anomaly_00217", "worker": 1}
{"baseline_relative_l2": 0.48853534660713976, "elapsed_s": 49.02112793922424, "event": "cache_record", "of": 34, "record": 19, "role": "fit", "sample_id": "train_anomaly_00073", "worker": 1}
{"baseline_relative_l2": 0.600422886437147, "elapsed_s": 51.51975059509277, "event": "cache_record", "of": 34, "record": 20, "role": "fit", "sample_id": "train_anomaly_00163", "worker": 1}
{"baseline_relative_l2": 0.5030530277404368, "elapsed_s": 54.01705884933472, "event": "cache_record", "of": 34, "record": 21, "role": "calibration", "sample_id": "train_anomaly_00429", "worker": 1}
{"baseline_relative_l2": 0.49562581435105735, "elapsed_s": 56.547091245651245, "event": "cache_record", "of": 34, "record": 22, "role": "calibration", "sample_id": "train_anomaly_00113", "worker": 1}
{"baseline_relative_l2": 0.4445949456241903, "elapsed_s": 59.08933210372925, "event": "cache_record", "of": 34, "record": 23, "role": "confirmation", "sample_id": "train_anomaly_00009", "worker": 1}
{"baseline_relative_l2": 0.40298105117259053, "elapsed_s": 61.67377161979675, "event": "cache_record", "of": 34, "record": 24, "role": "confirmation", "sample_id": "train_anomaly_00337", "worker": 1}
{"baseline_relative_l2": 0.6141615201214786, "elapsed_s": 64.21752333641052, "event": "cache_record", "of": 34, "record": 25, "role": "fit", "sample_id": "train_marmousi_00091", "worker": 1}
{"baseline_relative_l2": 0.7444914127888493, "elapsed_s": 66.76307415962219, "event": "cache_record", "of": 34, "record": 26, "role": "fit", "sample_id": "train_marmousi_00270", "worker": 1}
{"baseline_relative_l2": 0.6933663228059743, "elapsed_s": 69.2742190361023, "event": "cache_record", "of": 34, "record": 27, "role": "fit", "sample_id": "train_marmousi_00274", "worker": 1}
{"baseline_relative_l2": 0.5522411187900247, "elapsed_s": 71.79154562950134, "event": "cache_record", "of": 34, "record": 28, "role": "fit", "sample_id": "train_marmousi_00218", "worker": 1}
{"baseline_relative_l2": 0.6789692236828825, "elapsed_s": 74.30026078224182, "event": "cache_record", "of": 34, "record": 29, "role": "fit", "sample_id": "train_marmousi_00552", "worker": 1}
{"baseline_relative_l2": 0.6335484026720722, "elapsed_s": 76.8654637336731, "event": "cache_record", "of": 34, "record": 30, "role": "calibration", "sample_id": "train_marmousi_00316", "worker": 1}
{"baseline_relative_l2": 0.6192221245426035, "elapsed_s": 79.44247460365295, "event": "cache_record", "of": 34, "record": 31, "role": "calibration", "sample_id": "train_marmousi_00285", "worker": 1}
{"baseline_relative_l2": 0.6482681873980229, "elapsed_s": 81.91875147819519, "event": "cache_record", "of": 34, "record": 32, "role": "calibration", "sample_id": "train_marmousi_00289", "worker": 1}
{"baseline_relative_l2": 0.7133664584801118, "elapsed_s": 84.36700367927551, "event": "cache_record", "of": 34, "record": 33, "role": "confirmation", "sample_id": "train_marmousi_00533", "worker": 1}
{"baseline_relative_l2": 0.7878293815759936, "elapsed_s": 86.84235334396362, "event": "cache_record", "of": 34, "record": 34, "role": "confirmation", "sample_id": "train_marmousi_00447", "worker": 1}
{"baseline_mean": 0.48018465025158824, "elapsed_s": 87.36385798454285, "maximum_normalized": 7.662383556365967, "output": "/root/autodl-tmp/work/FNO-Acoustic-Wave-Simulation/grouped-dual-head-v2/results/transfer_dg_phase_scatter64_pilot_20260903/cache/shard_1.h5", "output_bytes": 702373633, "output_sha256": "e6176985760da46558262f828b5da112b8b64e13f155e4cbaffd77d7c6806a6f", "record_count": 34, "role_counts": {"calibration": 9, "confirmation": 8, "fit": 17}, "schema": "transfer_dg_phase_scatter64_pilot_cache_summary_v1", "smoke": false, "status": "complete", "test_id_opened": false, "training_full_truth_allowed": true, "validation_opened": false, "worker_count": 4, "worker_index": 1}
