{"baseline_relative_l2": 0.46180033146004773, "elapsed_s": 3.033947467803955, "event": "cache_record", "of": 34, "record": 1, "role": "fit", "sample_id": "train_uniform_00380", "worker": 2}
{"baseline_relative_l2": 0.4604803667353605, "elapsed_s": 5.6645143032073975, "event": "cache_record", "of": 34, "record": 2, "role": "fit", "sample_id": "train_uniform_00129", "worker": 2}
{"baseline_relative_l2": 0.15200387103266372, "elapsed_s": 8.270299911499023, "event": "cache_record", "of": 34, "record": 3, "role": "fit", "sample_id": "train_uniform_00043", "worker": 2}
{"baseline_relative_l2": 0.4735487032689087, "elapsed_s": 10.911727666854858, "event": "cache_record", "of": 34, "record": 4, "role": "fit", "sample_id": "train_uniform_00197", "worker": 2}
{"baseline_relative_l2": 0.5308014586715005, "elapsed_s": 13.434134483337402, "event": "cache_record", "of": 34, "record": 5, "role": "calibration", "sample_id": "train_uniform_00215", "worker": 2}
{"baseline_relative_l2": 0.5140164465544882, "elapsed_s": 15.908052921295166, "event": "cache_record", "of": 34, "record": 6, "role": "calibration", "sample_id": "train_uniform_00021", "worker": 2}
{"baseline_relative_l2": 0.28193207316797114, "elapsed_s": 18.59769606590271, "event": "cache_record", "of": 34, "record": 7, "role": "confirmation", "sample_id": "train_uniform_00041", "worker": 2}
{"baseline_relative_l2": 0.4097099800868128, "elapsed_s": 21.328693389892578, "event": "cache_record", "of": 34, "record": 8, "role": "confirmation", "sample_id": "train_uniform_00303", "worker": 2}
{"baseline_relative_l2": 0.3754577247953231, "elapsed_s": 23.93084979057312, "event": "cache_record", "of": 34, "record": 9, "role": "fit", "sample_id": "train_layered_00774", "worker": 2}
{"baseline_relative_l2": 0.2849186930314425, "elapsed_s": 26.475873231887817, "event": "cache_record", "of": 34, "record": 10, "role": "fit", "sample_id": "train_layered_00546", "worker": 2}
{"baseline_relative_l2": 0.3364432140344128, "elapsed_s": 28.983899354934692, "event": "cache_record", "of": 34, "record": 11, "role": "fit", "sample_id": "train_layered_00946", "worker": 2}
{"baseline_relative_l2": 0.4893985516725663, "elapsed_s": 31.52510976791382, "event": "cache_record", "of": 34, "record": 12, "role": "fit", "sample_id": "train_layered_00078", "worker": 2}
{"baseline_relative_l2": 0.38753222444662666, "elapsed_s": 34.21377491950989, "event": "cache_record", "of": 34, "record": 13, "role": "calibration", "sample_id": "train_layered_00042", "worker": 2}
{"baseline_relative_l2": 0.3756084730392354, "elapsed_s": 36.775330543518066, "event": "cache_record", "of": 34, "record": 14, "role": "calibration", "sample_id": "train_layered_00050", "worker": 2}
{"baseline_relative_l2": 0.302272441173186, "elapsed_s": 39.32896137237549, "event": "cache_record", "of": 34, "record": 15, "role": "confirmation", "sample_id": "train_layered_00466", "worker": 2}
{"baseline_relative_l2": 0.44900824971213144, "elapsed_s": 41.792203426361084, "event": "cache_record", "of": 34, "record": 16, "role": "confirmation", "sample_id": "train_layered_00970", "worker": 2}
{"baseline_relative_l2": 0.3061819909840367, "elapsed_s": 44.34843611717224, "event": "cache_record", "of": 34, "record": 17, "role": "fit", "sample_id": "train_anomaly_00342", "worker": 2}
{"baseline_relative_l2": 0.26935495492571687, "elapsed_s": 47.02453136444092, "event": "cache_record", "of": 34, "record": 18, "role": "fit", "sample_id": "train_anomaly_00218", "worker": 2}
{"baseline_relative_l2": 0.24416151786907897, "elapsed_s": 49.51544976234436, "event": "cache_record", "of": 34, "record": 19, "role": "fit", "sample_id": "train_anomaly_00100", "worker": 2}
{"baseline_relative_l2": 0.42283067308656047, "elapsed_s": 52.032660484313965, "event": "cache_record", "of": 34, "record": 20, "role": "fit", "sample_id": "train_anomaly_00122", "worker": 2}
{"baseline_relative_l2": 0.746415428843025, "elapsed_s": 54.52859544754028, "event": "cache_record", "of": 34, "record": 21, "role": "calibration", "sample_id": "train_anomaly_00330", "worker": 2}
{"baseline_relative_l2": 0.48349920890553305, "elapsed_s": 57.218454360961914, "event": "cache_record", "of": 34, "record": 22, "role": "calibration", "sample_id": "train_anomaly_00440", "worker": 2}
{"baseline_relative_l2": 0.47420769862892703, "elapsed_s": 59.73650932312012, "event": "cache_record", "of": 34, "record": 23, "role": "confirmation", "sample_id": "train_anomaly_00466", "worker": 2}
{"baseline_relative_l2": 0.5821501506796687, "elapsed_s": 62.198827505111694, "event": "cache_record", "of": 34, "record": 24, "role": "confirmation", "sample_id": "train_anomaly_00036", "worker": 2}
{"baseline_relative_l2": 0.7556299510895549, "elapsed_s": 64.69390320777893, "event": "cache_record", "of": 34, "record": 25, "role": "fit", "sample_id": "train_marmousi_00092", "worker": 2}
{"baseline_relative_l2": 0.7147392918018095, "elapsed_s": 67.18444037437439, "event": "cache_record", "of": 34, "record": 26, "role": "fit", "sample_id": "train_marmousi_00271", "worker": 2}
{"baseline_relative_l2": 0.5543814374731851, "elapsed_s": 69.73379921913147, "event": "cache_record", "of": 34, "record": 27, "role": "fit", "sample_id": "train_marmousi_00215", "worker": 2}
{"baseline_relative_l2": 0.596967483932361, "elapsed_s": 72.23646521568298, "event": "cache_record", "of": 34, "record": 28, "role": "fit", "sample_id": "train_marmousi_00219", "worker": 2}
{"baseline_relative_l2": 0.6876985966179963, "elapsed_s": 74.71693634986877, "event": "cache_record", "of": 34, "record": 29, "role": "fit", "sample_id": "train_marmousi_00553", "worker": 2}
{"baseline_relative_l2": 0.6332247079549356, "elapsed_s": 77.20760464668274, "event": "cache_record", "of": 34, "record": 30, "role": "calibration", "sample_id": "train_marmousi_00317", "worker": 2}
{"baseline_relative_l2": 0.5706911830292927, "elapsed_s": 79.72793960571289, "event": "cache_record", "of": 34, "record": 31, "role": "calibration", "sample_id": "train_marmousi_00286", "worker": 2}
{"baseline_relative_l2": 0.7472242245454196, "elapsed_s": 82.20925664901733, "event": "cache_record", "of": 34, "record": 32, "role": "confirmation", "sample_id": "train_marmousi_00530", "worker": 2}
{"baseline_relative_l2": 0.7795019968328233, "elapsed_s": 84.67396068572998, "event": "cache_record", "of": 34, "record": 33, "role": "confirmation", "sample_id": "train_marmousi_00534", "worker": 2}
{"baseline_relative_l2": 0.7513281474010688, "elapsed_s": 87.13439631462097, "event": "cache_record", "of": 34, "record": 34, "role": "confirmation", "sample_id": "train_marmousi_00448", "worker": 2}
{"baseline_mean": 0.48838592492599037, "elapsed_s": 87.64670825004578, "maximum_normalized": 7.2638959884643555, "output": "/root/autodl-tmp/work/FNO-Acoustic-Wave-Simulation/grouped-dual-head-v2/results/transfer_dg_phase_scatter64_pilot_20260903/cache/shard_2.h5", "output_bytes": 705523260, "output_sha256": "ae62abd4e887d48abb901e0cf8f4d1d88978b0ca5fa06b7e068346a5ec8f453b", "record_count": 34, "role_counts": {"calibration": 8, "confirmation": 9, "fit": 17}, "schema": "transfer_dg_phase_scatter64_pilot_cache_summary_v1", "smoke": false, "status": "complete", "test_id_opened": false, "training_full_truth_allowed": true, "validation_opened": false, "worker_count": 4, "worker_index": 2}
