{"baseline_relative_l2": 0.48659837702473085, "elapsed_s": 4.175402879714966, "event": "cache_record", "of": 34, "record": 1, "role": "fit", "sample_id": "train_uniform_00131", "worker": 0}
{"baseline_relative_l2": 0.5171377375148848, "elapsed_s": 7.086507081985474, "event": "cache_record", "of": 34, "record": 2, "role": "fit", "sample_id": "train_uniform_00281", "worker": 0}
{"baseline_relative_l2": 0.5103278290842735, "elapsed_s": 9.612210750579834, "event": "cache_record", "of": 34, "record": 3, "role": "fit", "sample_id": "train_uniform_00253", "worker": 0}
{"baseline_relative_l2": 0.5442793316650796, "elapsed_s": 12.119203567504883, "event": "cache_record", "of": 34, "record": 4, "role": "fit", "sample_id": "train_uniform_00076", "worker": 0}
{"baseline_relative_l2": 0.4606774955469904, "elapsed_s": 14.653350114822388, "event": "cache_record", "of": 34, "record": 5, "role": "calibration", "sample_id": "train_uniform_00285", "worker": 0}
{"baseline_relative_l2": 0.5261125137568378, "elapsed_s": 17.26107144355774, "event": "cache_record", "of": 34, "record": 6, "role": "calibration", "sample_id": "train_uniform_00222", "worker": 0}
{"baseline_relative_l2": 0.3807012239305987, "elapsed_s": 19.84257936477661, "event": "cache_record", "of": 34, "record": 7, "role": "confirmation", "sample_id": "train_uniform_00342", "worker": 0}
{"baseline_relative_l2": 0.2503439892810323, "elapsed_s": 22.35744071006775, "event": "cache_record", "of": 34, "record": 8, "role": "confirmation", "sample_id": "train_uniform_00136", "worker": 0}
{"baseline_relative_l2": 0.44516260133808816, "elapsed_s": 24.92409324645996, "event": "cache_record", "of": 34, "record": 9, "role": "fit", "sample_id": "train_layered_00772", "worker": 0}
{"baseline_relative_l2": 0.3123011673577984, "elapsed_s": 27.52159571647644, "event": "cache_record", "of": 34, "record": 10, "role": "fit", "sample_id": "train_layered_00544", "worker": 0}
{"baseline_relative_l2": 0.37348007676364275, "elapsed_s": 30.076509952545166, "event": "cache_record", "of": 34, "record": 11, "role": "fit", "sample_id": "train_layered_00944", "worker": 0}
{"baseline_relative_l2": 0.4685883004589276, "elapsed_s": 32.67337679862976, "event": "cache_record", "of": 34, "record": 12, "role": "fit", "sample_id": "train_layered_00076", "worker": 0}
{"baseline_relative_l2": 0.3395097978442542, "elapsed_s": 35.29700040817261, "event": "cache_record", "of": 34, "record": 13, "role": "calibration", "sample_id": "train_layered_00040", "worker": 0}
{"baseline_relative_l2": 0.3822000337597213, "elapsed_s": 37.85310626029968, "event": "cache_record", "of": 34, "record": 14, "role": "calibration", "sample_id": "train_layered_00048", "worker": 0}
{"baseline_relative_l2": 0.3249007564573535, "elapsed_s": 40.378796100616455, "event": "cache_record", "of": 34, "record": 15, "role": "confirmation", "sample_id": "train_layered_00464", "worker": 0}
{"baseline_relative_l2": 0.25957136376228734, "elapsed_s": 42.89433217048645, "event": "cache_record", "of": 34, "record": 16, "role": "confirmation", "sample_id": "train_layered_00968", "worker": 0}
{"baseline_relative_l2": 0.5324906385863688, "elapsed_s": 45.488678216934204, "event": "cache_record", "of": 34, "record": 17, "role": "fit", "sample_id": "train_anomaly_00316", "worker": 0}
{"baseline_relative_l2": 0.38761085221344427, "elapsed_s": 47.94502830505371, "event": "cache_record", "of": 34, "record": 18, "role": "fit", "sample_id": "train_anomaly_00216", "worker": 0}
{"baseline_relative_l2": 0.3272776192544454, "elapsed_s": 50.55005383491516, "event": "cache_record", "of": 34, "record": 19, "role": "fit", "sample_id": "train_anomaly_00072", "worker": 0}
{"baseline_relative_l2": 0.618957823650179, "elapsed_s": 53.05124807357788, "event": "cache_record", "of": 34, "record": 20, "role": "fit", "sample_id": "train_anomaly_00162", "worker": 0}
{"baseline_relative_l2": 0.3807978430830997, "elapsed_s": 55.588679790496826, "event": "cache_record", "of": 34, "record": 21, "role": "calibration", "sample_id": "train_anomaly_00428", "worker": 0}
{"baseline_relative_l2": 0.49526571759180293, "elapsed_s": 58.185797452926636, "event": "cache_record", "of": 34, "record": 22, "role": "calibration", "sample_id": "train_anomaly_00112", "worker": 0}
{"baseline_relative_l2": 0.5874374211381661, "elapsed_s": 60.67546272277832, "event": "cache_record", "of": 34, "record": 23, "role": "confirmation", "sample_id": "train_anomaly_00008", "worker": 0}
{"baseline_relative_l2": 0.48163533524338636, "elapsed_s": 63.13056397438049, "event": "cache_record", "of": 34, "record": 24, "role": "confirmation", "sample_id": "train_anomaly_00336", "worker": 0}
{"baseline_relative_l2": 0.7252305363791212, "elapsed_s": 65.55638194084167, "event": "cache_record", "of": 34, "record": 25, "role": "fit", "sample_id": "train_marmousi_00090", "worker": 0}
{"baseline_relative_l2": 0.725141805770419, "elapsed_s": 68.05816912651062, "event": "cache_record", "of": 34, "record": 26, "role": "fit", "sample_id": "train_marmousi_00094", "worker": 0}
{"baseline_relative_l2": 0.6962196226415285, "elapsed_s": 70.56944370269775, "event": "cache_record", "of": 34, "record": 27, "role": "fit", "sample_id": "train_marmousi_00273", "worker": 0}
{"baseline_relative_l2": 0.5895719169213061, "elapsed_s": 73.07679915428162, "event": "cache_record", "of": 34, "record": 28, "role": "fit", "sample_id": "train_marmousi_00217", "worker": 0}
{"baseline_relative_l2": 0.727152816865704, "elapsed_s": 75.57994556427002, "event": "cache_record", "of": 34, "record": 29, "role": "fit", "sample_id": "train_marmousi_00551", "worker": 0}
{"baseline_relative_l2": 0.47647059082315985, "elapsed_s": 78.2145607471466, "event": "cache_record", "of": 34, "record": 30, "role": "calibration", "sample_id": "train_marmousi_00315", "worker": 0}
{"baseline_relative_l2": 0.6149107735943006, "elapsed_s": 80.74037218093872, "event": "cache_record", "of": 34, "record": 31, "role": "calibration", "sample_id": "train_marmousi_00319", "worker": 0}
{"baseline_relative_l2": 0.5201815034574033, "elapsed_s": 83.29702591896057, "event": "cache_record", "of": 34, "record": 32, "role": "calibration", "sample_id": "train_marmousi_00288", "worker": 0}
{"baseline_relative_l2": 0.7198550706723528, "elapsed_s": 85.75077843666077, "event": "cache_record", "of": 34, "record": 33, "role": "confirmation", "sample_id": "train_marmousi_00532", "worker": 0}
{"baseline_relative_l2": 0.7471768873002818, "elapsed_s": 88.23605704307556, "event": "cache_record", "of": 34, "record": 34, "role": "confirmation", "sample_id": "train_marmousi_00446", "worker": 0}
{"baseline_mean": 0.498096393256852, "elapsed_s": 88.74997115135193, "maximum_normalized": 15.561525344848633, "output": "/root/autodl-tmp/work/FNO-Acoustic-Wave-Simulation/grouped-dual-head-v2/results/transfer_dg_phase_scatter64_pilot_20260903/cache/shard_0.h5", "output_bytes": 708595242, "output_sha256": "d8fcc8a64548ec82d6c9b6a68c948f14dff0af21fd576d6eeba4b17fdac76bd7", "record_count": 34, "role_counts": {"calibration": 9, "confirmation": 8, "fit": 17}, "schema": "transfer_dg_phase_scatter64_pilot_cache_summary_v1", "smoke": false, "status": "complete", "test_id_opened": false, "training_full_truth_allowed": true, "validation_opened": false, "worker_count": 4, "worker_index": 0}
