{"baseline_relative_l2": 0.482905615724333, "elapsed_s": 2.741110324859619, "event": "cache_record", "of": 34, "record": 1, "role": "fit", "sample_id": "train_uniform_00133", "worker": 3}
{"baseline_relative_l2": 0.16262555549893482, "elapsed_s": 5.319010972976685, "event": "cache_record", "of": 34, "record": 2, "role": "fit", "sample_id": "train_uniform_00137", "worker": 3}
{"baseline_relative_l2": 0.29089692775324394, "elapsed_s": 7.829570531845093, "event": "cache_record", "of": 34, "record": 3, "role": "fit", "sample_id": "train_uniform_00218", "worker": 3}
{"baseline_relative_l2": 0.23482192039356614, "elapsed_s": 10.463179588317871, "event": "cache_record", "of": 34, "record": 4, "role": "fit", "sample_id": "train_uniform_00220", "worker": 3}
{"baseline_relative_l2": 0.21527848753105597, "elapsed_s": 13.146009922027588, "event": "cache_record", "of": 34, "record": 5, "role": "calibration", "sample_id": "train_uniform_00356", "worker": 3}
{"baseline_relative_l2": 0.5069506901046772, "elapsed_s": 15.7187340259552, "event": "cache_record", "of": 34, "record": 6, "role": "calibration", "sample_id": "train_uniform_00177", "worker": 3}
{"baseline_relative_l2": 0.547637528087708, "elapsed_s": 18.210164070129395, "event": "cache_record", "of": 34, "record": 7, "role": "confirmation", "sample_id": "train_uniform_00088", "worker": 3}
{"baseline_relative_l2": 0.5145482574862849, "elapsed_s": 20.847535371780396, "event": "cache_record", "of": 34, "record": 8, "role": "confirmation", "sample_id": "train_uniform_00273", "worker": 3}
{"baseline_relative_l2": 0.3894396344012429, "elapsed_s": 23.398671627044678, "event": "cache_record", "of": 34, "record": 9, "role": "fit", "sample_id": "train_layered_00775", "worker": 3}
{"baseline_relative_l2": 0.49402930572626386, "elapsed_s": 25.922598600387573, "event": "cache_record", "of": 34, "record": 10, "role": "fit", "sample_id": "train_layered_00547", "worker": 3}
{"baseline_relative_l2": 0.2347991097687013, "elapsed_s": 28.477654695510864, "event": "cache_record", "of": 34, "record": 11, "role": "fit", "sample_id": "train_layered_00947", "worker": 3}
{"baseline_relative_l2": 0.515061579447713, "elapsed_s": 31.02207589149475, "event": "cache_record", "of": 34, "record": 12, "role": "fit", "sample_id": "train_layered_00079", "worker": 3}
{"baseline_relative_l2": 0.236281127819544, "elapsed_s": 33.54665017127991, "event": "cache_record", "of": 34, "record": 13, "role": "calibration", "sample_id": "train_layered_00043", "worker": 3}
{"baseline_relative_l2": 0.3088457714709426, "elapsed_s": 36.1302125453949, "event": "cache_record", "of": 34, "record": 14, "role": "calibration", "sample_id": "train_layered_00051", "worker": 3}
{"baseline_relative_l2": 0.31986612942071474, "elapsed_s": 38.67120957374573, "event": "cache_record", "of": 34, "record": 15, "role": "confirmation", "sample_id": "train_layered_00467", "worker": 3}
{"baseline_relative_l2": 0.4925928359706436, "elapsed_s": 41.11466908454895, "event": "cache_record", "of": 34, "record": 16, "role": "confirmation", "sample_id": "train_layered_00971", "worker": 3}
{"baseline_relative_l2": 0.24264992117309844, "elapsed_s": 43.67362570762634, "event": "cache_record", "of": 34, "record": 17, "role": "fit", "sample_id": "train_anomaly_00343", "worker": 3}
{"baseline_relative_l2": 0.30794387672264045, "elapsed_s": 46.318300008773804, "event": "cache_record", "of": 34, "record": 18, "role": "fit", "sample_id": "train_anomaly_00219", "worker": 3}
{"baseline_relative_l2": 0.25196410439751055, "elapsed_s": 48.79911208152771, "event": "cache_record", "of": 34, "record": 19, "role": "fit", "sample_id": "train_anomaly_00101", "worker": 3}
{"baseline_relative_l2": 0.5138037639314198, "elapsed_s": 51.28492522239685, "event": "cache_record", "of": 34, "record": 20, "role": "fit", "sample_id": "train_anomaly_00123", "worker": 3}
{"baseline_relative_l2": 0.6093921793119635, "elapsed_s": 53.80170392990112, "event": "cache_record", "of": 34, "record": 21, "role": "calibration", "sample_id": "train_anomaly_00331", "worker": 3}
{"baseline_relative_l2": 0.5911659728537356, "elapsed_s": 56.29085159301758, "event": "cache_record", "of": 34, "record": 22, "role": "calibration", "sample_id": "train_anomaly_00441", "worker": 3}
{"baseline_relative_l2": 0.5150776179252271, "elapsed_s": 58.899096727371216, "event": "cache_record", "of": 34, "record": 23, "role": "confirmation", "sample_id": "train_anomaly_00467", "worker": 3}
{"baseline_relative_l2": 0.5587161929200236, "elapsed_s": 61.43262314796448, "event": "cache_record", "of": 34, "record": 24, "role": "confirmation", "sample_id": "train_anomaly_00037", "worker": 3}
{"baseline_relative_l2": 0.7937504097597384, "elapsed_s": 63.95221018791199, "event": "cache_record", "of": 34, "record": 25, "role": "fit", "sample_id": "train_marmousi_00093", "worker": 3}
{"baseline_relative_l2": 0.7654456982295806, "elapsed_s": 66.41827607154846, "event": "cache_record", "of": 34, "record": 26, "role": "fit", "sample_id": "train_marmousi_00272", "worker": 3}
{"baseline_relative_l2": 0.6222753207016486, "elapsed_s": 68.90755844116211, "event": "cache_record", "of": 34, "record": 27, "role": "fit", "sample_id": "train_marmousi_00216", "worker": 3}
{"baseline_relative_l2": 0.7051597200079235, "elapsed_s": 71.39074301719666, "event": "cache_record", "of": 34, "record": 28, "role": "fit", "sample_id": "train_marmousi_00550", "worker": 3}
{"baseline_relative_l2": 0.6742842397682876, "elapsed_s": 73.8926317691803, "event": "cache_record", "of": 34, "record": 29, "role": "fit", "sample_id": "train_marmousi_00554", "worker": 3}
{"baseline_relative_l2": 0.5709439179092074, "elapsed_s": 76.46420431137085, "event": "cache_record", "of": 34, "record": 30, "role": "calibration", "sample_id": "train_marmousi_00318", "worker": 3}
{"baseline_relative_l2": 0.5254252557088356, "elapsed_s": 79.04275274276733, "event": "cache_record", "of": 34, "record": 31, "role": "calibration", "sample_id": "train_marmousi_00287", "worker": 3}
{"baseline_relative_l2": 0.8159900133858434, "elapsed_s": 81.48852348327637, "event": "cache_record", "of": 34, "record": 32, "role": "confirmation", "sample_id": "train_marmousi_00531", "worker": 3}
{"baseline_relative_l2": 0.7848094707124584, "elapsed_s": 83.91900873184204, "event": "cache_record", "of": 34, "record": 33, "role": "confirmation", "sample_id": "train_marmousi_00445", "worker": 3}
{"baseline_relative_l2": 0.7814985184704241, "elapsed_s": 86.3691954612732, "event": "cache_record", "of": 34, "record": 34, "role": "confirmation", "sample_id": "train_marmousi_00449", "worker": 3}
{"baseline_mean": 0.4875551961910334, "elapsed_s": 86.88554573059082, "maximum_normalized": 11.075180053710938, "output": "/root/autodl-tmp/work/FNO-Acoustic-Wave-Simulation/grouped-dual-head-v2/results/transfer_dg_phase_scatter64_pilot_20260903/cache/shard_3.h5", "output_bytes": 705769763, "output_sha256": "cf4021e63baff182cdd8b05445bcf4b1889546d56bd52fc5e77f6b972bd735a5", "record_count": 34, "role_counts": {"calibration": 8, "confirmation": 9, "fit": 17}, "schema": "transfer_dg_phase_scatter64_pilot_cache_summary_v1", "smoke": false, "status": "complete", "test_id_opened": false, "training_full_truth_allowed": true, "validation_opened": false, "worker_count": 4, "worker_index": 3}
