[2026-08-07 11:10:42,103] torch.distributed.run: [WARNING] master_addr is only used for static rdzv_backend and when rdzv_endpoint is not specified.
{"agg": 0.04069607154747407, "family": {"layered": 0.07783846293736038, "marmousi": 0.04423620243266038, "uniform": 1.3549272401450111e-05}, "update": 0}
Traceback (most recent call last):
  File "/root/autodl-tmp/work/FNO-Acoustic-Wave-Simulation/grouped-dual-head-v2/scripts/diagnose_helmholtz_g3_heldout.py", line 1052, in <module>
    raise SystemExit(main())
  File "/root/autodl-tmp/work/FNO-Acoustic-Wave-Simulation/grouped-dual-head-v2/scripts/diagnose_helmholtz_g3_heldout.py", line 982, in main
    _run_segment(current_loader, update0, sink)
  File "/root/autodl-tmp/work/FNO-Acoustic-Wave-Simulation/grouped-dual-head-v2/scripts/diagnose_helmholtz_g3_heldout.py", line 849, in _run_segment
    components = _train_update(
  File "/root/autodl-tmp/work/FNO-Acoustic-Wave-Simulation/grouped-dual-head-v2/scripts/train_saved_time_v4_full_support.py", line 2584, in _train_update
    (loss * family_scale * field_piece_weight).backward(retain_graph=_retain)
  File "/root/miniconda3/lib/python3.10/site-packages/torch/_tensor.py", line 492, in backward
    torch.autograd.backward(
  File "/root/miniconda3/lib/python3.10/site-packages/torch/autograd/__init__.py", line 251, in backward
    Variable._execution_engine.run_backward(  # Calls into the C++ engine to run the backward pass
  File "/root/miniconda3/lib/python3.10/site-packages/torch/utils/checkpoint.py", line 1071, in unpack_hook
    frame.recompute_fn(*args)
  File "/root/miniconda3/lib/python3.10/site-packages/torch/utils/checkpoint.py", line 1194, in recompute_fn
    fn(*args, **kwargs)
  File "/root/autodl-tmp/work/FNO-Acoustic-Wave-Simulation/grouped-dual-head-v2/scripts/train_saved_time_v4_full_support.py", line 2179, in forward
    prediction, coarse = model.dense_normalized_with_coarse(
  File "/root/autodl-tmp/work/FNO-Acoustic-Wave-Simulation/grouped-dual-head-v2/saved_time_phase_operator_v4/operator.py", line 514, in dense_normalized_with_coarse
    corrected, coarse, _ = self.dense_normalized_with_coarse_and_routing(
  File "/root/autodl-tmp/work/FNO-Acoustic-Wave-Simulation/grouped-dual-head-v2/saved_time_phase_operator_v4/operator.py", line 595, in dense_normalized_with_coarse_and_routing
    self._dense_block_with_coarse_and_routing(
  File "/root/autodl-tmp/work/FNO-Acoustic-Wave-Simulation/grouped-dual-head-v2/saved_time_phase_operator_v4/operator.py", line 469, in _dense_block_with_coarse_and_routing
    self._dense_block_with_anchor_increment_and_routing(
  File "/root/autodl-tmp/work/FNO-Acoustic-Wave-Simulation/grouped-dual-head-v2/saved_time_phase_operator_v4/operator.py", line 419, in _dense_block_with_anchor_increment_and_routing
    self.dense_decoder.forward_with_anchor_increment_and_routing(
  File "/root/autodl-tmp/work/FNO-Acoustic-Wave-Simulation/grouped-dual-head-v2/saved_time_phase_operator_v4/decoder.py", line 352, in forward_with_anchor_increment_and_routing
    shared = self.stack(flat)
  File "/root/miniconda3/lib/python3.10/site-packages/torch/nn/modules/module.py", line 1518, in _wrapped_call_impl
    return self._call_impl(*args, **kwargs)
  File "/root/miniconda3/lib/python3.10/site-packages/torch/nn/modules/module.py", line 1527, in _call_impl
    return forward_call(*args, **kwargs)
  File "/root/autodl-tmp/work/FNO-Acoustic-Wave-Simulation/grouped-dual-head-v2/saved_time_phase_operator_v4/spectral.py", line 349, in forward
    hidden = checkpoint(block, hidden, use_reentrant=False)
  File "/root/miniconda3/lib/python3.10/site-packages/torch/_compile.py", line 24, in inner
    return torch._dynamo.disable(fn, recursive)(*args, **kwargs)
  File "/root/miniconda3/lib/python3.10/site-packages/torch/_dynamo/eval_frame.py", line 328, in _fn
    return fn(*args, **kwargs)
  File "/root/miniconda3/lib/python3.10/site-packages/torch/_dynamo/external_utils.py", line 17, in inner
    return fn(*args, **kwargs)
  File "/root/miniconda3/lib/python3.10/site-packages/torch/utils/checkpoint.py", line 458, in checkpoint
    ret = function(*args, **kwargs)
  File "/root/miniconda3/lib/python3.10/site-packages/torch/nn/modules/module.py", line 1518, in _wrapped_call_impl
    return self._call_impl(*args, **kwargs)
  File "/root/miniconda3/lib/python3.10/site-packages/torch/nn/modules/module.py", line 1527, in _call_impl
    return forward_call(*args, **kwargs)
  File "/root/autodl-tmp/work/FNO-Acoustic-Wave-Simulation/grouped-dual-head-v2/saved_time_phase_operator_v4/spectral.py", line 289, in forward
    spectral_latent = self.spectral(projected)
  File "/root/miniconda3/lib/python3.10/site-packages/torch/nn/modules/module.py", line 1518, in _wrapped_call_impl
    return self._call_impl(*args, **kwargs)
  File "/root/miniconda3/lib/python3.10/site-packages/torch/nn/modules/module.py", line 1527, in _call_impl
    return forward_call(*args, **kwargs)
  File "/root/autodl-tmp/work/FNO-Acoustic-Wave-Simulation/grouped-dual-head-v2/saved_time_phase_operator_v4/spectral.py", line 92, in forward
    return self._transform_x(real_value) + self._transform_z(real_value)
  File "/root/autodl-tmp/work/FNO-Acoustic-Wave-Simulation/grouped-dual-head-v2/saved_time_phase_operator_v4/spectral.py", line 83, in _transform_z
    return torch.fft.irfft(z_output, n=height, dim=-2, norm=self.fft_norm)
torch.cuda.OutOfMemoryError: CUDA out of memory. Tried to allocate 36.00 MiB. GPU 0 has a total capacty of 23.52 GiB of which 32.62 MiB is free. Including non-PyTorch memory, this process has 23.48 GiB memory in use. Of the allocated memory 22.75 GiB is allocated by PyTorch, and 180.96 MiB is reserved by PyTorch but unallocated. If reserved but unallocated memory is large try setting max_split_size_mb to avoid fragmentation.  See documentation for Memory Management and PYTORCH_CUDA_ALLOC_CONF
Exception ignored in: <generator object _checkpoint_without_reentrant_generator at 0x7f4ea31abd80>
Traceback (most recent call last):
  File "/root/miniconda3/lib/python3.10/site-packages/torch/utils/checkpoint.py", line 1210, in _checkpoint_without_reentrant_generator
    with _checkpoint_hook(new_frame), forward_context:
  File "/root/miniconda3/lib/python3.10/site-packages/torch/autograd/graph.py", line 228, in __exit__
    torch._C._autograd._pop_saved_tensors_default_hooks()
RuntimeError: pack_hook != nullptr && unpack_hook != nullptr INTERNAL ASSERT FAILED at "../torch/csrc/autograd/python_saved_variable_hooks.cpp":69, please report a bug to PyTorch. 
Traceback (most recent call last):
  File "/root/autodl-tmp/work/FNO-Acoustic-Wave-Simulation/grouped-dual-head-v2/scripts/diagnose_helmholtz_g3_heldout.py", line 1052, in <module>
    raise SystemExit(main())
  File "/root/autodl-tmp/work/FNO-Acoustic-Wave-Simulation/grouped-dual-head-v2/scripts/diagnose_helmholtz_g3_heldout.py", line 982, in main
    _run_segment(current_loader, update0, sink)
  File "/root/autodl-tmp/work/FNO-Acoustic-Wave-Simulation/grouped-dual-head-v2/scripts/diagnose_helmholtz_g3_heldout.py", line 849, in _run_segment
    components = _train_update(
  File "/root/autodl-tmp/work/FNO-Acoustic-Wave-Simulation/grouped-dual-head-v2/scripts/train_saved_time_v4_full_support.py", line 2584, in _train_update
    (loss * family_scale * field_piece_weight).backward(retain_graph=_retain)
  File "/root/miniconda3/lib/python3.10/site-packages/torch/_tensor.py", line 492, in backward
    torch.autograd.backward(
  File "/root/miniconda3/lib/python3.10/site-packages/torch/autograd/__init__.py", line 251, in backward
    Variable._execution_engine.run_backward(  # Calls into the C++ engine to run the backward pass
  File "/root/miniconda3/lib/python3.10/site-packages/torch/utils/checkpoint.py", line 1071, in unpack_hook
    frame.recompute_fn(*args)
  File "/root/miniconda3/lib/python3.10/site-packages/torch/utils/checkpoint.py", line 1194, in recompute_fn
    fn(*args, **kwargs)
  File "/root/autodl-tmp/work/FNO-Acoustic-Wave-Simulation/grouped-dual-head-v2/scripts/train_saved_time_v4_full_support.py", line 2179, in forward
    prediction, coarse = model.dense_normalized_with_coarse(
  File "/root/autodl-tmp/work/FNO-Acoustic-Wave-Simulation/grouped-dual-head-v2/saved_time_phase_operator_v4/operator.py", line 514, in dense_normalized_with_coarse
    corrected, coarse, _ = self.dense_normalized_with_coarse_and_routing(
  File "/root/autodl-tmp/work/FNO-Acoustic-Wave-Simulation/grouped-dual-head-v2/saved_time_phase_operator_v4/operator.py", line 595, in dense_normalized_with_coarse_and_routing
    self._dense_block_with_coarse_and_routing(
  File "/root/autodl-tmp/work/FNO-Acoustic-Wave-Simulation/grouped-dual-head-v2/saved_time_phase_operator_v4/operator.py", line 469, in _dense_block_with_coarse_and_routing
    self._dense_block_with_anchor_increment_and_routing(
  File "/root/autodl-tmp/work/FNO-Acoustic-Wave-Simulation/grouped-dual-head-v2/saved_time_phase_operator_v4/operator.py", line 419, in _dense_block_with_anchor_increment_and_routing
    self.dense_decoder.forward_with_anchor_increment_and_routing(
  File "/root/autodl-tmp/work/FNO-Acoustic-Wave-Simulation/grouped-dual-head-v2/saved_time_phase_operator_v4/decoder.py", line 352, in forward_with_anchor_increment_and_routing
    shared = self.stack(flat)
  File "/root/miniconda3/lib/python3.10/site-packages/torch/nn/modules/module.py", line 1518, in _wrapped_call_impl
    return self._call_impl(*args, **kwargs)
  File "/root/miniconda3/lib/python3.10/site-packages/torch/nn/modules/module.py", line 1527, in _call_impl
    return forward_call(*args, **kwargs)
  File "/root/autodl-tmp/work/FNO-Acoustic-Wave-Simulation/grouped-dual-head-v2/saved_time_phase_operator_v4/spectral.py", line 349, in forward
    hidden = checkpoint(block, hidden, use_reentrant=False)
  File "/root/miniconda3/lib/python3.10/site-packages/torch/_compile.py", line 24, in inner
    return torch._dynamo.disable(fn, recursive)(*args, **kwargs)
  File "/root/miniconda3/lib/python3.10/site-packages/torch/_dynamo/eval_frame.py", line 328, in _fn
    return fn(*args, **kwargs)
  File "/root/miniconda3/lib/python3.10/site-packages/torch/_dynamo/external_utils.py", line 17, in inner
    return fn(*args, **kwargs)
  File "/root/miniconda3/lib/python3.10/site-packages/torch/utils/checkpoint.py", line 458, in checkpoint
    ret = function(*args, **kwargs)
  File "/root/miniconda3/lib/python3.10/site-packages/torch/nn/modules/module.py", line 1518, in _wrapped_call_impl
    return self._call_impl(*args, **kwargs)
  File "/root/miniconda3/lib/python3.10/site-packages/torch/nn/modules/module.py", line 1527, in _call_impl
    return forward_call(*args, **kwargs)
  File "/root/autodl-tmp/work/FNO-Acoustic-Wave-Simulation/grouped-dual-head-v2/saved_time_phase_operator_v4/spectral.py", line 289, in forward
    spectral_latent = self.spectral(projected)
  File "/root/miniconda3/lib/python3.10/site-packages/torch/nn/modules/module.py", line 1518, in _wrapped_call_impl
    return self._call_impl(*args, **kwargs)
  File "/root/miniconda3/lib/python3.10/site-packages/torch/nn/modules/module.py", line 1527, in _call_impl
    return forward_call(*args, **kwargs)
  File "/root/autodl-tmp/work/FNO-Acoustic-Wave-Simulation/grouped-dual-head-v2/saved_time_phase_operator_v4/spectral.py", line 92, in forward
    return self._transform_x(real_value) + self._transform_z(real_value)
  File "/root/autodl-tmp/work/FNO-Acoustic-Wave-Simulation/grouped-dual-head-v2/saved_time_phase_operator_v4/spectral.py", line 83, in _transform_z
    return torch.fft.irfft(z_output, n=height, dim=-2, norm=self.fft_norm)
torch.cuda.OutOfMemoryError: CUDA out of memory. Tried to allocate 36.00 MiB. GPU 3 has a total capacty of 23.52 GiB of which 34.62 MiB is free. Including non-PyTorch memory, this process has 23.47 GiB memory in use. Of the allocated memory 22.75 GiB is allocated by PyTorch, and 180.96 MiB is reserved by PyTorch but unallocated. If reserved but unallocated memory is large try setting max_split_size_mb to avoid fragmentation.  See documentation for Memory Management and PYTORCH_CUDA_ALLOC_CONF
Traceback (most recent call last):
  File "/root/autodl-tmp/work/FNO-Acoustic-Wave-Simulation/grouped-dual-head-v2/scripts/diagnose_helmholtz_g3_heldout.py", line 1052, in <module>
    raise SystemExit(main())
  File "/root/autodl-tmp/work/FNO-Acoustic-Wave-Simulation/grouped-dual-head-v2/scripts/diagnose_helmholtz_g3_heldout.py", line 982, in main
    _run_segment(current_loader, update0, sink)
  File "/root/autodl-tmp/work/FNO-Acoustic-Wave-Simulation/grouped-dual-head-v2/scripts/diagnose_helmholtz_g3_heldout.py", line 849, in _run_segment
    components = _train_update(
  File "/root/autodl-tmp/work/FNO-Acoustic-Wave-Simulation/grouped-dual-head-v2/scripts/train_saved_time_v4_full_support.py", line 2584, in _train_update
    (loss * family_scale * field_piece_weight).backward(retain_graph=_retain)
  File "/root/miniconda3/lib/python3.10/site-packages/torch/_tensor.py", line 492, in backward
    torch.autograd.backward(
  File "/root/miniconda3/lib/python3.10/site-packages/torch/autograd/__init__.py", line 251, in backward
    Variable._execution_engine.run_backward(  # Calls into the C++ engine to run the backward pass
  File "/root/miniconda3/lib/python3.10/site-packages/torch/utils/checkpoint.py", line 1071, in unpack_hook
    frame.recompute_fn(*args)
  File "/root/miniconda3/lib/python3.10/site-packages/torch/utils/checkpoint.py", line 1194, in recompute_fn
    fn(*args, **kwargs)
  File "/root/autodl-tmp/work/FNO-Acoustic-Wave-Simulation/grouped-dual-head-v2/scripts/train_saved_time_v4_full_support.py", line 2179, in forward
    prediction, coarse = model.dense_normalized_with_coarse(
  File "/root/autodl-tmp/work/FNO-Acoustic-Wave-Simulation/grouped-dual-head-v2/saved_time_phase_operator_v4/operator.py", line 514, in dense_normalized_with_coarse
    corrected, coarse, _ = self.dense_normalized_with_coarse_and_routing(
  File "/root/autodl-tmp/work/FNO-Acoustic-Wave-Simulation/grouped-dual-head-v2/saved_time_phase_operator_v4/operator.py", line 595, in dense_normalized_with_coarse_and_routing
    self._dense_block_with_coarse_and_routing(
  File "/root/autodl-tmp/work/FNO-Acoustic-Wave-Simulation/grouped-dual-head-v2/saved_time_phase_operator_v4/operator.py", line 469, in _dense_block_with_coarse_and_routing
    self._dense_block_with_anchor_increment_and_routing(
  File "/root/autodl-tmp/work/FNO-Acoustic-Wave-Simulation/grouped-dual-head-v2/saved_time_phase_operator_v4/operator.py", line 419, in _dense_block_with_anchor_increment_and_routing
    self.dense_decoder.forward_with_anchor_increment_and_routing(
  File "/root/autodl-tmp/work/FNO-Acoustic-Wave-Simulation/grouped-dual-head-v2/saved_time_phase_operator_v4/decoder.py", line 352, in forward_with_anchor_increment_and_routing
    shared = self.stack(flat)
  File "/root/miniconda3/lib/python3.10/site-packages/torch/nn/modules/module.py", line 1518, in _wrapped_call_impl
    return self._call_impl(*args, **kwargs)
  File "/root/miniconda3/lib/python3.10/site-packages/torch/nn/modules/module.py", line 1527, in _call_impl
    return forward_call(*args, **kwargs)
  File "/root/autodl-tmp/work/FNO-Acoustic-Wave-Simulation/grouped-dual-head-v2/saved_time_phase_operator_v4/spectral.py", line 349, in forward
    hidden = checkpoint(block, hidden, use_reentrant=False)
  File "/root/miniconda3/lib/python3.10/site-packages/torch/_compile.py", line 24, in inner
    return torch._dynamo.disable(fn, recursive)(*args, **kwargs)
  File "/root/miniconda3/lib/python3.10/site-packages/torch/_dynamo/eval_frame.py", line 328, in _fn
    return fn(*args, **kwargs)
  File "/root/miniconda3/lib/python3.10/site-packages/torch/_dynamo/external_utils.py", line 17, in inner
    return fn(*args, **kwargs)
  File "/root/miniconda3/lib/python3.10/site-packages/torch/utils/checkpoint.py", line 458, in checkpoint
    ret = function(*args, **kwargs)
  File "/root/miniconda3/lib/python3.10/site-packages/torch/nn/modules/module.py", line 1518, in _wrapped_call_impl
    return self._call_impl(*args, **kwargs)
  File "/root/miniconda3/lib/python3.10/site-packages/torch/nn/modules/module.py", line 1527, in _call_impl
    return forward_call(*args, **kwargs)
  File "/root/autodl-tmp/work/FNO-Acoustic-Wave-Simulation/grouped-dual-head-v2/saved_time_phase_operator_v4/spectral.py", line 289, in forward
    spectral_latent = self.spectral(projected)
  File "/root/miniconda3/lib/python3.10/site-packages/torch/nn/modules/module.py", line 1518, in _wrapped_call_impl
    return self._call_impl(*args, **kwargs)
  File "/root/miniconda3/lib/python3.10/site-packages/torch/nn/modules/module.py", line 1527, in _call_impl
    return forward_call(*args, **kwargs)
  File "/root/autodl-tmp/work/FNO-Acoustic-Wave-Simulation/grouped-dual-head-v2/saved_time_phase_operator_v4/spectral.py", line 92, in forward
    return self._transform_x(real_value) + self._transform_z(real_value)
  File "/root/autodl-tmp/work/FNO-Acoustic-Wave-Simulation/grouped-dual-head-v2/saved_time_phase_operator_v4/spectral.py", line 83, in _transform_z
    return torch.fft.irfft(z_output, n=height, dim=-2, norm=self.fft_norm)
torch.cuda.OutOfMemoryError: CUDA out of memory. Tried to allocate 36.00 MiB. GPU 1 has a total capacty of 23.49 GiB of which 32.19 MiB is free. Including non-PyTorch memory, this process has 23.46 GiB memory in use. Of the allocated memory 22.73 GiB is allocated by PyTorch, and 180.68 MiB is reserved by PyTorch but unallocated. If reserved but unallocated memory is large try setting max_split_size_mb to avoid fragmentation.  See documentation for Memory Management and PYTORCH_CUDA_ALLOC_CONF
Traceback (most recent call last):
  File "/root/autodl-tmp/work/FNO-Acoustic-Wave-Simulation/grouped-dual-head-v2/scripts/diagnose_helmholtz_g3_heldout.py", line 1052, in <module>
    raise SystemExit(main())
  File "/root/autodl-tmp/work/FNO-Acoustic-Wave-Simulation/grouped-dual-head-v2/scripts/diagnose_helmholtz_g3_heldout.py", line 982, in main
    _run_segment(current_loader, update0, sink)
  File "/root/autodl-tmp/work/FNO-Acoustic-Wave-Simulation/grouped-dual-head-v2/scripts/diagnose_helmholtz_g3_heldout.py", line 849, in _run_segment
    components = _train_update(
  File "/root/autodl-tmp/work/FNO-Acoustic-Wave-Simulation/grouped-dual-head-v2/scripts/train_saved_time_v4_full_support.py", line 2584, in _train_update
    (loss * family_scale * field_piece_weight).backward(retain_graph=_retain)
  File "/root/miniconda3/lib/python3.10/site-packages/torch/_tensor.py", line 492, in backward
    torch.autograd.backward(
  File "/root/miniconda3/lib/python3.10/site-packages/torch/autograd/__init__.py", line 251, in backward
    Variable._execution_engine.run_backward(  # Calls into the C++ engine to run the backward pass
  File "/root/miniconda3/lib/python3.10/site-packages/torch/utils/checkpoint.py", line 1071, in unpack_hook
    frame.recompute_fn(*args)
  File "/root/miniconda3/lib/python3.10/site-packages/torch/utils/checkpoint.py", line 1194, in recompute_fn
    fn(*args, **kwargs)
  File "/root/autodl-tmp/work/FNO-Acoustic-Wave-Simulation/grouped-dual-head-v2/scripts/train_saved_time_v4_full_support.py", line 2179, in forward
    prediction, coarse = model.dense_normalized_with_coarse(
  File "/root/autodl-tmp/work/FNO-Acoustic-Wave-Simulation/grouped-dual-head-v2/saved_time_phase_operator_v4/operator.py", line 514, in dense_normalized_with_coarse
    corrected, coarse, _ = self.dense_normalized_with_coarse_and_routing(
  File "/root/autodl-tmp/work/FNO-Acoustic-Wave-Simulation/grouped-dual-head-v2/saved_time_phase_operator_v4/operator.py", line 595, in dense_normalized_with_coarse_and_routing
    self._dense_block_with_coarse_and_routing(
  File "/root/autodl-tmp/work/FNO-Acoustic-Wave-Simulation/grouped-dual-head-v2/saved_time_phase_operator_v4/operator.py", line 469, in _dense_block_with_coarse_and_routing
    self._dense_block_with_anchor_increment_and_routing(
  File "/root/autodl-tmp/work/FNO-Acoustic-Wave-Simulation/grouped-dual-head-v2/saved_time_phase_operator_v4/operator.py", line 419, in _dense_block_with_anchor_increment_and_routing
    self.dense_decoder.forward_with_anchor_increment_and_routing(
  File "/root/autodl-tmp/work/FNO-Acoustic-Wave-Simulation/grouped-dual-head-v2/saved_time_phase_operator_v4/decoder.py", line 352, in forward_with_anchor_increment_and_routing
    shared = self.stack(flat)
  File "/root/miniconda3/lib/python3.10/site-packages/torch/nn/modules/module.py", line 1518, in _wrapped_call_impl
    return self._call_impl(*args, **kwargs)
  File "/root/miniconda3/lib/python3.10/site-packages/torch/nn/modules/module.py", line 1527, in _call_impl
    return forward_call(*args, **kwargs)
  File "/root/autodl-tmp/work/FNO-Acoustic-Wave-Simulation/grouped-dual-head-v2/saved_time_phase_operator_v4/spectral.py", line 349, in forward
    hidden = checkpoint(block, hidden, use_reentrant=False)
  File "/root/miniconda3/lib/python3.10/site-packages/torch/_compile.py", line 24, in inner
    return torch._dynamo.disable(fn, recursive)(*args, **kwargs)
  File "/root/miniconda3/lib/python3.10/site-packages/torch/_dynamo/eval_frame.py", line 328, in _fn
    return fn(*args, **kwargs)
  File "/root/miniconda3/lib/python3.10/site-packages/torch/_dynamo/external_utils.py", line 17, in inner
    return fn(*args, **kwargs)
  File "/root/miniconda3/lib/python3.10/site-packages/torch/utils/checkpoint.py", line 458, in checkpoint
    ret = function(*args, **kwargs)
  File "/root/miniconda3/lib/python3.10/site-packages/torch/nn/modules/module.py", line 1518, in _wrapped_call_impl
    return self._call_impl(*args, **kwargs)
  File "/root/miniconda3/lib/python3.10/site-packages/torch/nn/modules/module.py", line 1527, in _call_impl
    return forward_call(*args, **kwargs)
  File "/root/autodl-tmp/work/FNO-Acoustic-Wave-Simulation/grouped-dual-head-v2/saved_time_phase_operator_v4/spectral.py", line 289, in forward
    spectral_latent = self.spectral(projected)
  File "/root/miniconda3/lib/python3.10/site-packages/torch/nn/modules/module.py", line 1518, in _wrapped_call_impl
    return self._call_impl(*args, **kwargs)
  File "/root/miniconda3/lib/python3.10/site-packages/torch/nn/modules/module.py", line 1527, in _call_impl
    return forward_call(*args, **kwargs)
  File "/root/autodl-tmp/work/FNO-Acoustic-Wave-Simulation/grouped-dual-head-v2/saved_time_phase_operator_v4/spectral.py", line 92, in forward
    return self._transform_x(real_value) + self._transform_z(real_value)
  File "/root/autodl-tmp/work/FNO-Acoustic-Wave-Simulation/grouped-dual-head-v2/saved_time_phase_operator_v4/spectral.py", line 83, in _transform_z
    return torch.fft.irfft(z_output, n=height, dim=-2, norm=self.fft_norm)
torch.cuda.OutOfMemoryError: CUDA out of memory. Tried to allocate 36.00 MiB. GPU 2 has a total capacty of 23.52 GiB of which 34.62 MiB is free. Including non-PyTorch memory, this process has 23.47 GiB memory in use. Of the allocated memory 22.75 GiB is allocated by PyTorch, and 180.96 MiB is reserved by PyTorch but unallocated. If reserved but unallocated memory is large try setting max_split_size_mb to avoid fragmentation.  See documentation for Memory Management and PYTORCH_CUDA_ALLOC_CONF
Exception ignored in: <generator object _checkpoint_without_reentrant_generator at 0x7fb1f5783e60>
Traceback (most recent call last):
  File "/root/miniconda3/lib/python3.10/site-packages/torch/utils/checkpoint.py", line 1210, in _checkpoint_without_reentrant_generator
    with _checkpoint_hook(new_frame), forward_context:
  File "/root/miniconda3/lib/python3.10/site-packages/torch/autograd/graph.py", line 228, in __exit__
    torch._C._autograd._pop_saved_tensors_default_hooks()
RuntimeError: pack_hook != nullptr && unpack_hook != nullptr INTERNAL ASSERT FAILED at "../torch/csrc/autograd/python_saved_variable_hooks.cpp":69, please report a bug to PyTorch. 
Exception ignored in: <generator object _checkpoint_without_reentrant_generator at 0x7f2b1dc94e40>
Traceback (most recent call last):
  File "/root/miniconda3/lib/python3.10/site-packages/torch/utils/checkpoint.py", line 1210, in _checkpoint_without_reentrant_generator
    with _checkpoint_hook(new_frame), forward_context:
  File "/root/miniconda3/lib/python3.10/site-packages/torch/autograd/graph.py", line 228, in __exit__
    torch._C._autograd._pop_saved_tensors_default_hooks()
RuntimeError: pack_hook != nullptr && unpack_hook != nullptr INTERNAL ASSERT FAILED at "../torch/csrc/autograd/python_saved_variable_hooks.cpp":69, please report a bug to PyTorch. 
Exception ignored in: <generator object _checkpoint_without_reentrant_generator at 0x7f51cc468dd0>
Traceback (most recent call last):
  File "/root/miniconda3/lib/python3.10/site-packages/torch/utils/checkpoint.py", line 1210, in _checkpoint_without_reentrant_generator
    with _checkpoint_hook(new_frame), forward_context:
  File "/root/miniconda3/lib/python3.10/site-packages/torch/autograd/graph.py", line 228, in __exit__
    torch._C._autograd._pop_saved_tensors_default_hooks()
RuntimeError: pack_hook != nullptr && unpack_hook != nullptr INTERNAL ASSERT FAILED at "../torch/csrc/autograd/python_saved_variable_hooks.cpp":69, please report a bug to PyTorch. 
[2026-08-07 11:11:02,420] torch.distributed.elastic.multiprocessing.api: [ERROR] failed (exitcode: 1) local_rank: 0 (pid: 800818) of binary: /root/miniconda3/bin/python
Traceback (most recent call last):
  File "/root/miniconda3/bin/torchrun", line 8, in <module>
    sys.exit(main())
  File "/root/miniconda3/lib/python3.10/site-packages/torch/distributed/elastic/multiprocessing/errors/__init__.py", line 346, in wrapper
    return f(*args, **kwargs)
  File "/root/miniconda3/lib/python3.10/site-packages/torch/distributed/run.py", line 806, in main
    run(args)
  File "/root/miniconda3/lib/python3.10/site-packages/torch/distributed/run.py", line 797, in run
    elastic_launch(
  File "/root/miniconda3/lib/python3.10/site-packages/torch/distributed/launcher/api.py", line 134, in __call__
    return launch_agent(self._config, self._entrypoint, list(args))
  File "/root/miniconda3/lib/python3.10/site-packages/torch/distributed/launcher/api.py", line 264, in launch_agent
    raise ChildFailedError(
torch.distributed.elastic.multiprocessing.errors.ChildFailedError: 
============================================================
scripts/diagnose_helmholtz_g3_heldout.py FAILED
------------------------------------------------------------
Failures:
[1]:
  time      : 2026-08-07_11:11:02
  host      : localhost
  rank      : 1 (local_rank: 1)
  exitcode  : 1 (pid: 800819)
  error_file: <N/A>
  traceback : To enable traceback see: https://pytorch.org/docs/stable/elastic/errors.html
[2]:
  time      : 2026-08-07_11:11:02
  host      : localhost
  rank      : 2 (local_rank: 2)
  exitcode  : 1 (pid: 800820)
  error_file: <N/A>
  traceback : To enable traceback see: https://pytorch.org/docs/stable/elastic/errors.html
[3]:
  time      : 2026-08-07_11:11:02
  host      : localhost
  rank      : 3 (local_rank: 3)
  exitcode  : 1 (pid: 800821)
  error_file: <N/A>
  traceback : To enable traceback see: https://pytorch.org/docs/stable/elastic/errors.html
------------------------------------------------------------
Root Cause (first observed failure):
[0]:
  time      : 2026-08-07_11:11:02
  host      : localhost
  rank      : 0 (local_rank: 0)
  exitcode  : 1 (pid: 800818)
  error_file: <N/A>
  traceback : To enable traceback see: https://pytorch.org/docs/stable/elastic/errors.html
============================================================
