{"baseline_rel_l2_selected": 0.011506280635738473, "count": 1, "event": "cached_record", "family": "uniform", "prediction_sha256": "6c28f3445ded12dad7ae2c7682289a091a0927753508dda8875559992a85a0c2", "row": 0, "sample_id": "train_uniform_00055", "shard": 0, "subset": "fit"}
{
  "baseline_record_rel_l2_max": 0.011506280635738473,
  "baseline_record_rel_l2_mean": 0.011506280635738473,
  "elapsed_seconds": 22.458689752966166,
  "family_record_rel_l2": {
    "layered": {
      "count": 0,
      "max": null,
      "mean": null
    },
    "marmousi": {
      "count": 0,
      "max": null,
      "mean": null
    },
    "uniform": {
      "count": 1,
      "max": 0.011506280635738473,
      "mean": 0.011506280635738473
    }
  },
  "frame_count_per_record": 64,
  "manifest_sha256": "66e1f1659b1f9715b10f04a7241d39648bebc143426b5792850cde58cfb9256d",
  "output": "/root/autodl-tmp/work/FNO-Acoustic-Wave-Simulation/grouped-dual-head-v2/results/r25_coarse_residual_smoke_cache_20260828/fit_000.h5",
  "output_bytes": 4538643,
  "output_sha256": "cb0a390d5c2df36a7bb36bf5b7bfcda1ea98cd404643ebb7a4f92f8a277dce17",
  "record_count": 1,
  "schema": "r25_coarse_residual_cache_summary_v1",
  "selection_sha256": "2184a4f1c9f3be6186fbacb1599e8bd32fc1fdfeb07b3b99cfe2034a2118ccb8",
  "shard_count": 192,
  "shard_index": 0,
  "solver_seconds": 21.70432117395103,
  "status": "complete",
  "subset": "fit",
  "test_id_opened": false,
  "validation_opened": false
}
