{
  "bundle_sha256": "808b16283da5cb5434ac823b4fbdced2342a3f508e3b405bd71d724bc1e67c9b",
  "families": {
    "layered": {
      "mean_oracle_gain": 0.04724126964436397,
      "mean_parent_relative_l2": 0.10572214197382106,
      "mean_projected_relative_l2": 0.0946383827852005,
      "minimum_oracle_gain": 5.421667018936363e-06,
      "records": 80
    },
    "marmousi": {
      "mean_oracle_gain": 0.049003594298431714,
      "mean_parent_relative_l2": 0.16948762503345852,
      "mean_projected_relative_l2": 0.1565224772143496,
      "minimum_oracle_gain": 2.815530992145519e-07,
      "records": 80
    },
    "uniform": {
      "mean_oracle_gain": 0.050333188510635764,
      "mean_parent_relative_l2": 0.07699133788080625,
      "mean_projected_relative_l2": 0.07083147309771069,
      "minimum_oracle_gain": 1.6350296685003965e-05,
      "records": 80
    }
  },
  "passed": true,
  "schema": "b2_v10_offline_pod_report_v1",
  "scope": "train_only_oracle_capacity_diagnostic",
  "test_id_opened": false,
  "validation_opened": false
}
