{"event": "cache_progress", "record": 0, "of": 30, "elapsed_s": 2.7}
{"event": "cache_progress", "record": 10, "of": 30, "elapsed_s": 20.0}
{"event": "cache_progress", "record": 20, "of": 30, "elapsed_s": 37.5}
{"event": "cache_done", "path": "results/b2_train_generalization_cache_20260831.h5", "bytes": 327258340, "elapsed_s": 52.9}
{
  "terminal": "results/b2_v3_train_generalization_probe_20260831/terminal.json",
  "judgement": {
    "lanes": [
      {
        "aggregate_pass": false,
        "family_pass": false,
        "lane": "b2_snapshot_ic_v3_armA_w64_s372_20260831",
        "nonworse_pass": false,
        "passed": false
      },
      {
        "aggregate_pass": false,
        "family_pass": false,
        "lane": "b2_snapshot_ic_v3_armA_w64_s733_20260831",
        "nonworse_pass": false,
        "passed": false
      }
    ],
    "passed": false
  },
  "metrics": "results/b2_v3_train_generalization_probe_20260831/metrics.json",
  "run_identity": "results/b2_v3_train_generalization_probe_20260831/run_identity.json",
  "status": "rejected"
}
