{"event": "cache_progress", "record": 0, "of": 240, "elapsed_s": 2.8}
{"event": "cache_progress", "record": 10, "of": 240, "elapsed_s": 20.2}
{"event": "cache_progress", "record": 20, "of": 240, "elapsed_s": 37.6}
{"event": "cache_progress", "record": 30, "of": 240, "elapsed_s": 55.0}
{"event": "cache_progress", "record": 40, "of": 240, "elapsed_s": 72.4}
{"event": "cache_progress", "record": 50, "of": 240, "elapsed_s": 89.8}
{"event": "cache_progress", "record": 60, "of": 240, "elapsed_s": 107.2}
{"event": "cache_progress", "record": 70, "of": 240, "elapsed_s": 124.6}
{"event": "cache_progress", "record": 80, "of": 240, "elapsed_s": 141.9}
{"event": "cache_progress", "record": 90, "of": 240, "elapsed_s": 159.4}
{"event": "cache_progress", "record": 100, "of": 240, "elapsed_s": 176.9}
{"event": "cache_progress", "record": 110, "of": 240, "elapsed_s": 194.9}
{"event": "cache_progress", "record": 120, "of": 240, "elapsed_s": 213.3}
{"event": "cache_progress", "record": 130, "of": 240, "elapsed_s": 230.9}
{"event": "cache_progress", "record": 140, "of": 240, "elapsed_s": 248.4}
{"event": "cache_progress", "record": 150, "of": 240, "elapsed_s": 265.8}
{"event": "cache_progress", "record": 160, "of": 240, "elapsed_s": 283.2}
{"event": "cache_progress", "record": 170, "of": 240, "elapsed_s": 300.3}
{"event": "cache_progress", "record": 180, "of": 240, "elapsed_s": 317.3}
{"event": "cache_progress", "record": 190, "of": 240, "elapsed_s": 334.6}
{"event": "cache_progress", "record": 200, "of": 240, "elapsed_s": 351.6}
{"event": "cache_progress", "record": 210, "of": 240, "elapsed_s": 369.1}
{"event": "cache_progress", "record": 220, "of": 240, "elapsed_s": 386.7}
{"event": "cache_progress", "record": 230, "of": 240, "elapsed_s": 403.9}
{"event": "cache_done", "path": "results/b2_v4_fit_cache_240rec_20260831.h5", "bytes": 2618014880, "elapsed_s": 419.3}
{
  "cache": "results/b2_v4_fit_cache_240rec_20260831.h5",
  "cache_sha256": "d49077526d5c02aac49d9ff62c4aec190d3b2083cecd9a4e75a877766a715336",
  "run_identity": "results/b2_v4_fit_cache_build_20260831/run_identity.json",
  "status": "complete"
}
