{
  "accepted_online": 24,
  "adapted_aggregate": 0.12462417676764408,
  "adapted_common_tail_aggregate": 0.13339541520083137,
  "arm": "cycle050",
  "candidate_before_future_score": true,
  "common_tail_start": 49,
  "frequency": {
    "high": {
      "adapted": 0.22948390617966652,
      "parent": 0.2289348958681027
    },
    "low": {
      "adapted": 0.12320402699212234,
      "parent": 0.12298549463351567
    },
    "middle": {
      "adapted": 0.208536754672726,
      "parent": 0.20821472567816576
    }
  },
  "future_truth_used_online": false,
  "nonworse": 8,
  "observed_count": {
    "maximum": 48,
    "mean": 34.583333333333336,
    "minimum": 26
  },
  "parent_aggregate": 0.12433686976373108,
  "parent_common_tail_aggregate": 0.13306288349489304,
  "passed": false,
  "per_family": {
    "layered": {
      "adapted": 0.1365175548803298,
      "parent": 0.13658864932871936
    },
    "marmousi": {
      "adapted": 0.1748170123329379,
      "parent": 0.17381019364887504
    },
    "uniform": {
      "adapted": 0.0625379630896645,
      "parent": 0.06261176631359887
    }
  },
  "record_count": 24,
  "relative_gain": -0.0023107144683547644,
  "runtime_s": {
    "mean_end_to_end": 0.40034076881905395,
    "p95_end_to_end": 0.4310094304382801
  },
  "schema": "b2_v10_online_prefix_assimilation_report_v1",
  "temporal": {
    "early": {
      "adapted": 0.11321061473828524,
      "parent": 0.1131332404951364
    },
    "late": {
      "adapted": 0.13763130752982156,
      "parent": 0.13718154075302383
    },
    "middle": {
      "adapted": 0.12096615912671083,
      "parent": 0.12067843252018418
    }
  },
  "test_id_opened": false,
  "validation_opened": false
}
