{
  "accepted_online": 5,
  "adapted_aggregate": 0.10430181656491348,
  "adapted_common_tail_aggregate": 0.1139041084358124,
  "arm": "cycle050",
  "candidate_before_future_score": true,
  "common_tail_start": 49,
  "frequency": {
    "high": {
      "adapted": 0.22446835258354744,
      "parent": 0.22418931281814972
    },
    "low": {
      "adapted": 0.10281887619445722,
      "parent": 0.10260208804781239
    },
    "middle": {
      "adapted": 0.1990697846437494,
      "parent": 0.19890964838365713
    }
  },
  "future_truth_used_online": false,
  "nonworse": 20,
  "observed_count": {
    "maximum": 45,
    "mean": 32.708333333333336,
    "minimum": 25
  },
  "parent_aggregate": 0.10406358047805052,
  "parent_common_tail_aggregate": 0.11361717909908096,
  "passed": false,
  "per_family": {
    "layered": {
      "adapted": 0.1068904008934077,
      "parent": 0.10616276619709178
    },
    "marmousi": {
      "adapted": 0.14147573605924363,
      "parent": 0.14149884794229056
    },
    "uniform": {
      "adapted": 0.0645393127420891,
      "parent": 0.0645291272947692
    }
  },
  "record_count": 24,
  "relative_gain": -0.002289332019603282,
  "runtime_s": {
    "mean_end_to_end": 0.3733012795758744,
    "p95_end_to_end": 0.38937151804566383
  },
  "schema": "b2_v10_online_prefix_assimilation_report_v1",
  "temporal": {
    "early": {
      "adapted": 0.0937025079093224,
      "parent": 0.09354575237034786
    },
    "late": {
      "adapted": 0.11731163846512592,
      "parent": 0.11692834665879574
    },
    "middle": {
      "adapted": 0.10028070257186723,
      "parent": 0.1000726053751043
    }
  },
  "test_id_opened": false,
  "validation_opened": false
}
