[2026-07-31 11:38:06] launching 4 trainings
  h08 -> gpu0 pid 790248 log /root/autodl-tmp/work/FNO-Acoustic-Wave-Simulation/grouped-dual-head-v2/results/b2h_horizon_sweep/h08_train.log
  h16 -> gpu1 pid 790249 log /root/autodl-tmp/work/FNO-Acoustic-Wave-Simulation/grouped-dual-head-v2/results/b2h_horizon_sweep/h16_train.log
  h32 -> gpu2 pid 790250 log /root/autodl-tmp/work/FNO-Acoustic-Wave-Simulation/grouped-dual-head-v2/results/b2h_horizon_sweep/h32_train.log
  h64 -> gpu3 pid 790251 log /root/autodl-tmp/work/FNO-Acoustic-Wave-Simulation/grouped-dual-head-v2/results/b2h_horizon_sweep/h64_train.log
[2026-07-31 11:38:06] waiting for trainings...
  h08 training OK
  h16 training OK
  h32 training OK
  h64 training OK
[2026-07-31 11:54:10] strict 401-step rollout eval (gpu0)
  h08/latest strict OK -> /root/autodl-tmp/work/FNO-Acoustic-Wave-Simulation/grouped-dual-head-v2/results/b2h_horizon_sweep/h08_latest_strict.json
  h08/best strict OK -> /root/autodl-tmp/work/FNO-Acoustic-Wave-Simulation/grouped-dual-head-v2/results/b2h_horizon_sweep/h08_best_strict.json
  h16/latest strict OK -> /root/autodl-tmp/work/FNO-Acoustic-Wave-Simulation/grouped-dual-head-v2/results/b2h_horizon_sweep/h16_latest_strict.json
  h16/best strict OK -> /root/autodl-tmp/work/FNO-Acoustic-Wave-Simulation/grouped-dual-head-v2/results/b2h_horizon_sweep/h16_best_strict.json
  h32/latest strict OK -> /root/autodl-tmp/work/FNO-Acoustic-Wave-Simulation/grouped-dual-head-v2/results/b2h_horizon_sweep/h32_latest_strict.json
  h32/best strict OK -> /root/autodl-tmp/work/FNO-Acoustic-Wave-Simulation/grouped-dual-head-v2/results/b2h_horizon_sweep/h32_best_strict.json
  h64/latest strict OK -> /root/autodl-tmp/work/FNO-Acoustic-Wave-Simulation/grouped-dual-head-v2/results/b2h_horizon_sweep/h64_latest_strict.json
  h64/best strict OK -> /root/autodl-tmp/work/FNO-Acoustic-Wave-Simulation/grouped-dual-head-v2/results/b2h_horizon_sweep/h64_best_strict.json
[2026-07-31 11:56:23] sweep done (fail=0)
