Traceback (most recent call last):
  File "/root/autodl-tmp/work/FNO-Acoustic-Wave-Simulation/grouped-dual-head-v2/scripts/diagnose_capacity_ladder_overfit.py", line 771, in <module>
    raise SystemExit(main())
  File "/root/autodl-tmp/work/FNO-Acoustic-Wave-Simulation/grouped-dual-head-v2/scripts/diagnose_capacity_ladder_overfit.py", line 642, in main
    components = _train_update(
  File "/root/autodl-tmp/work/FNO-Acoustic-Wave-Simulation/grouped-dual-head-v2/scripts/train_saved_time_v4_full_support.py", line 2446, in _train_update
    (loss * family_scale * field_piece_weight).backward(retain_graph=_retain)
  File "/root/miniconda3/lib/python3.10/site-packages/torch/_tensor.py", line 492, in backward
    torch.autograd.backward(
  File "/root/miniconda3/lib/python3.10/site-packages/torch/autograd/__init__.py", line 251, in backward
    Variable._execution_engine.run_backward(  # Calls into the C++ engine to run the backward pass
  File "/root/miniconda3/lib/python3.10/site-packages/torch/utils/checkpoint.py", line 1071, in unpack_hook
    frame.recompute_fn(*args)
  File "/root/miniconda3/lib/python3.10/site-packages/torch/utils/checkpoint.py", line 1194, in recompute_fn
    fn(*args, **kwargs)
  File "/root/autodl-tmp/work/FNO-Acoustic-Wave-Simulation/grouped-dual-head-v2/scripts/train_saved_time_v4_full_support.py", line 2109, in forward
    prediction, coarse = model.dense_normalized_with_coarse(
  File "/root/autodl-tmp/work/FNO-Acoustic-Wave-Simulation/grouped-dual-head-v2/saved_time_phase_operator_v4/operator.py", line 429, in dense_normalized_with_coarse
    corrected, coarse, _ = self.dense_normalized_with_coarse_and_routing(
  File "/root/autodl-tmp/work/FNO-Acoustic-Wave-Simulation/grouped-dual-head-v2/saved_time_phase_operator_v4/operator.py", line 465, in dense_normalized_with_coarse_and_routing
    self._dense_block_with_coarse_and_routing(
  File "/root/autodl-tmp/work/FNO-Acoustic-Wave-Simulation/grouped-dual-head-v2/saved_time_phase_operator_v4/operator.py", line 391, in _dense_block_with_coarse_and_routing
    self._dense_block_with_anchor_increment_and_routing(
  File "/root/autodl-tmp/work/FNO-Acoustic-Wave-Simulation/grouped-dual-head-v2/saved_time_phase_operator_v4/operator.py", line 309, in _dense_block_with_anchor_increment_and_routing
    coarse = self.local_field(
  File "/root/miniconda3/lib/python3.10/site-packages/torch/nn/modules/module.py", line 1518, in _wrapped_call_impl
    return self._call_impl(*args, **kwargs)
  File "/root/miniconda3/lib/python3.10/site-packages/torch/nn/modules/module.py", line 1527, in _call_impl
    return forward_call(*args, **kwargs)
  File "/root/autodl-tmp/work/FNO-Acoustic-Wave-Simulation/grouped-dual-head-v2/saved_time_phase_operator_v4/local_field.py", line 1343, in forward
    rendered_record = self.unet(record_input)             # (R, width, H, W)
  File "/root/miniconda3/lib/python3.10/site-packages/torch/nn/modules/module.py", line 1518, in _wrapped_call_impl
    return self._call_impl(*args, **kwargs)
  File "/root/miniconda3/lib/python3.10/site-packages/torch/nn/modules/module.py", line 1527, in _call_impl
    return forward_call(*args, **kwargs)
  File "/root/autodl-tmp/work/FNO-Acoustic-Wave-Simulation/grouped-dual-head-v2/saved_time_phase_operator_v4/local_field.py", line 117, in forward
    h = block(torch.cat((h, skip), dim=1))
  File "/root/miniconda3/lib/python3.10/site-packages/torch/nn/modules/module.py", line 1518, in _wrapped_call_impl
    return self._call_impl(*args, **kwargs)
  File "/root/miniconda3/lib/python3.10/site-packages/torch/nn/modules/module.py", line 1527, in _call_impl
    return forward_call(*args, **kwargs)
  File "/root/autodl-tmp/work/FNO-Acoustic-Wave-Simulation/grouped-dual-head-v2/saved_time_phase_operator_v4/local_field.py", line 66, in forward
    return checkpoint(self._forward, x, use_reentrant=self.reentrant_checkpoint)
  File "/root/miniconda3/lib/python3.10/site-packages/torch/_compile.py", line 24, in inner
    return torch._dynamo.disable(fn, recursive)(*args, **kwargs)
  File "/root/miniconda3/lib/python3.10/site-packages/torch/_dynamo/eval_frame.py", line 328, in _fn
    return fn(*args, **kwargs)
  File "/root/miniconda3/lib/python3.10/site-packages/torch/_dynamo/external_utils.py", line 17, in inner
    return fn(*args, **kwargs)
  File "/root/miniconda3/lib/python3.10/site-packages/torch/utils/checkpoint.py", line 451, in checkpoint
    return CheckpointFunction.apply(function, preserve, *args)
  File "/root/miniconda3/lib/python3.10/site-packages/torch/autograd/function.py", line 539, in apply
    return super().apply(*args, **kwargs)  # type: ignore[misc]
  File "/root/miniconda3/lib/python3.10/site-packages/torch/utils/checkpoint.py", line 230, in forward
    outputs = run_function(*args)
  File "/root/autodl-tmp/work/FNO-Acoustic-Wave-Simulation/grouped-dual-head-v2/saved_time_phase_operator_v4/local_field.py", line 56, in _forward
    x = F.gelu(self.norm1(self.conv1(x)))
  File "/root/miniconda3/lib/python3.10/site-packages/torch/nn/modules/module.py", line 1518, in _wrapped_call_impl
    return self._call_impl(*args, **kwargs)
  File "/root/miniconda3/lib/python3.10/site-packages/torch/nn/modules/module.py", line 1527, in _call_impl
    return forward_call(*args, **kwargs)
  File "/root/miniconda3/lib/python3.10/site-packages/torch/nn/modules/normalization.py", line 279, in forward
    return F.group_norm(
  File "/root/miniconda3/lib/python3.10/site-packages/torch/nn/functional.py", line 2558, in group_norm
    return torch.group_norm(input, num_groups, weight, bias, eps, torch.backends.cudnn.enabled)
torch.cuda.OutOfMemoryError: CUDA out of memory. Tried to allocate 20.00 MiB. GPU 0 has a total capacty of 23.52 GiB of which 12.69 MiB is free. Including non-PyTorch memory, this process has 23.50 GiB memory in use. Of the allocated memory 22.95 GiB is allocated by PyTorch, and 107.46 MiB is reserved by PyTorch but unallocated. If reserved but unallocated memory is large try setting max_split_size_mb to avoid fragmentation.  See documentation for Memory Management and PYTORCH_CUDA_ALLOC_CONF
