{"event": "cache_progress", "record": 0, "of": 240, "elapsed_s": 3.6}
{"event": "cache_progress", "record": 10, "of": 240, "elapsed_s": 22.4}
{"event": "cache_progress", "record": 20, "of": 240, "elapsed_s": 41.5}
{"event": "cache_progress", "record": 30, "of": 240, "elapsed_s": 61.7}
{"event": "cache_progress", "record": 40, "of": 240, "elapsed_s": 80.7}
{"event": "cache_progress", "record": 50, "of": 240, "elapsed_s": 100.2}
{"event": "cache_progress", "record": 60, "of": 240, "elapsed_s": 118.7}
{"event": "cache_progress", "record": 70, "of": 240, "elapsed_s": 138.0}
{"event": "cache_progress", "record": 80, "of": 240, "elapsed_s": 155.3}
{"event": "cache_progress", "record": 90, "of": 240, "elapsed_s": 173.1}
{"event": "cache_progress", "record": 100, "of": 240, "elapsed_s": 190.9}
{"event": "cache_progress", "record": 110, "of": 240, "elapsed_s": 209.1}
{"event": "cache_progress", "record": 120, "of": 240, "elapsed_s": 227.0}
{"event": "cache_progress", "record": 130, "of": 240, "elapsed_s": 244.8}
{"event": "cache_progress", "record": 140, "of": 240, "elapsed_s": 262.5}
{"event": "cache_progress", "record": 150, "of": 240, "elapsed_s": 280.5}
{"event": "cache_progress", "record": 160, "of": 240, "elapsed_s": 298.4}
{"event": "cache_progress", "record": 170, "of": 240, "elapsed_s": 316.3}
{"event": "cache_progress", "record": 180, "of": 240, "elapsed_s": 334.0}
{"event": "cache_progress", "record": 190, "of": 240, "elapsed_s": 351.1}
{"event": "cache_progress", "record": 200, "of": 240, "elapsed_s": 368.2}
{"event": "cache_progress", "record": 210, "of": 240, "elapsed_s": 385.5}
{"event": "cache_progress", "record": 220, "of": 240, "elapsed_s": 402.8}
{"event": "cache_progress", "record": 230, "of": 240, "elapsed_s": 420.2}
{"event": "cache_done", "path": "results/pa_cora_p1_fit_slot3.h5.v5stage.313504", "bytes": 2618018976, "elapsed_s": 436.3}
{
  "cache": "results/pa_cora_p1_fit_slot3.h5",
  "cache_sha256": "5d9885c296315202d092f3dd79e0a54692030e3b823082119588c0e1bf0a8900",
  "run_identity": "results/pa_cora_p1_fit_slot3_cache_build_20260901/run_identity.json",
  "status": "complete"
}
