{"event": "slot_progress", "slot": 0, "record": 0, "of": 240}
{"event": "slot_progress", "slot": 0, "record": 40, "of": 240}
{"event": "slot_progress", "slot": 0, "record": 80, "of": 240}
{"event": "slot_progress", "slot": 0, "record": 120, "of": 240}
{"event": "slot_progress", "slot": 0, "record": 160, "of": 240}
{"event": "slot_progress", "slot": 0, "record": 200, "of": 240}
{"event": "slot_progress", "slot": 1, "record": 0, "of": 240}
{"event": "slot_progress", "slot": 1, "record": 40, "of": 240}
{"event": "slot_progress", "slot": 1, "record": 80, "of": 240}
{"event": "slot_progress", "slot": 1, "record": 120, "of": 240}
{"event": "slot_progress", "slot": 1, "record": 160, "of": 240}
{"event": "slot_progress", "slot": 1, "record": 200, "of": 240}
{"event": "slot_progress", "slot": 2, "record": 0, "of": 240}
{"event": "slot_progress", "slot": 2, "record": 40, "of": 240}
{"event": "slot_progress", "slot": 2, "record": 80, "of": 240}
{"event": "slot_progress", "slot": 2, "record": 120, "of": 240}
{"event": "slot_progress", "slot": 2, "record": 160, "of": 240}
{"event": "slot_progress", "slot": 2, "record": 200, "of": 240}
{"event": "slot_progress", "slot": 3, "record": 0, "of": 240}
{"event": "slot_progress", "slot": 3, "record": 40, "of": 240}
{"event": "slot_progress", "slot": 3, "record": 80, "of": 240}
{"event": "slot_progress", "slot": 3, "record": 120, "of": 240}
{"event": "slot_progress", "slot": 3, "record": 160, "of": 240}
{"event": "slot_progress", "slot": 3, "record": 200, "of": 240}
{
  "output": "results/pa_cora_p1_window_statistics_20260901.json",
  "sha256": "4d339fb7fbb458c7e926a7f5735048e39aa8881afc89f057f240fc3ea6473544"
}
