{"event": "cache_progress", "record": 0, "of": 240, "elapsed_s": 3.8}
{"event": "cache_progress", "record": 10, "of": 240, "elapsed_s": 22.7}
{"event": "cache_progress", "record": 20, "of": 240, "elapsed_s": 41.5}
{"event": "cache_progress", "record": 30, "of": 240, "elapsed_s": 60.2}
{"event": "cache_progress", "record": 40, "of": 240, "elapsed_s": 78.8}
{"event": "cache_progress", "record": 50, "of": 240, "elapsed_s": 97.2}
{"event": "cache_progress", "record": 60, "of": 240, "elapsed_s": 116.3}
{"event": "cache_progress", "record": 70, "of": 240, "elapsed_s": 135.5}
{"event": "cache_progress", "record": 80, "of": 240, "elapsed_s": 154.2}
{"event": "cache_progress", "record": 90, "of": 240, "elapsed_s": 172.5}
{"event": "cache_progress", "record": 100, "of": 240, "elapsed_s": 191.1}
{"event": "cache_progress", "record": 110, "of": 240, "elapsed_s": 209.5}
{"event": "cache_progress", "record": 120, "of": 240, "elapsed_s": 227.9}
{"event": "cache_progress", "record": 130, "of": 240, "elapsed_s": 246.2}
{"event": "cache_progress", "record": 140, "of": 240, "elapsed_s": 264.8}
{"event": "cache_progress", "record": 150, "of": 240, "elapsed_s": 282.5}
{"event": "cache_progress", "record": 160, "of": 240, "elapsed_s": 300.1}
{"event": "cache_progress", "record": 170, "of": 240, "elapsed_s": 318.2}
{"event": "cache_progress", "record": 180, "of": 240, "elapsed_s": 335.8}
{"event": "cache_progress", "record": 190, "of": 240, "elapsed_s": 353.3}
{"event": "cache_progress", "record": 200, "of": 240, "elapsed_s": 371.2}
{"event": "cache_progress", "record": 210, "of": 240, "elapsed_s": 389.6}
{"event": "cache_progress", "record": 220, "of": 240, "elapsed_s": 407.6}
{"event": "cache_progress", "record": 230, "of": 240, "elapsed_s": 425.8}
{"event": "cache_done", "path": "results/pa_cora_p1_fit_slot1.h5.v5stage.313502", "bytes": 2618018976, "elapsed_s": 442.0}
{
  "cache": "results/pa_cora_p1_fit_slot1.h5",
  "cache_sha256": "55eb46945f9bbd9eb9148f24b820e7450fd97f1e2d9c5ca8ef28ff5dab823448",
  "run_identity": "results/pa_cora_p1_fit_slot1_cache_build_20260901/run_identity.json",
  "status": "complete"
}
