{"event": "cache_progress", "record": 0, "of": 240, "elapsed_s": 3.3}
{"event": "cache_progress", "record": 10, "of": 240, "elapsed_s": 22.0}
{"event": "cache_progress", "record": 20, "of": 240, "elapsed_s": 39.8}
{"event": "cache_progress", "record": 30, "of": 240, "elapsed_s": 58.5}
{"event": "cache_progress", "record": 40, "of": 240, "elapsed_s": 76.4}
{"event": "cache_progress", "record": 50, "of": 240, "elapsed_s": 94.7}
{"event": "cache_progress", "record": 60, "of": 240, "elapsed_s": 113.2}
{"event": "cache_progress", "record": 70, "of": 240, "elapsed_s": 132.6}
{"event": "cache_progress", "record": 80, "of": 240, "elapsed_s": 150.7}
{"event": "cache_progress", "record": 90, "of": 240, "elapsed_s": 168.8}
{"event": "cache_progress", "record": 100, "of": 240, "elapsed_s": 186.9}
{"event": "cache_progress", "record": 110, "of": 240, "elapsed_s": 204.6}
{"event": "cache_progress", "record": 120, "of": 240, "elapsed_s": 222.2}
{"event": "cache_progress", "record": 130, "of": 240, "elapsed_s": 239.8}
{"event": "cache_progress", "record": 140, "of": 240, "elapsed_s": 258.1}
{"event": "cache_progress", "record": 150, "of": 240, "elapsed_s": 276.2}
{"event": "cache_progress", "record": 160, "of": 240, "elapsed_s": 293.7}
{"event": "cache_progress", "record": 170, "of": 240, "elapsed_s": 312.0}
{"event": "cache_progress", "record": 180, "of": 240, "elapsed_s": 330.4}
{"event": "cache_progress", "record": 190, "of": 240, "elapsed_s": 348.9}
{"event": "cache_progress", "record": 200, "of": 240, "elapsed_s": 367.2}
{"event": "cache_progress", "record": 210, "of": 240, "elapsed_s": 385.3}
{"event": "cache_progress", "record": 220, "of": 240, "elapsed_s": 403.3}
{"event": "cache_progress", "record": 230, "of": 240, "elapsed_s": 420.7}
{"event": "cache_done", "path": "results/pa_cora_p1_fit_slot2.h5.v5stage.313503", "bytes": 2618018976, "elapsed_s": 437.2}
{
  "cache": "results/pa_cora_p1_fit_slot2.h5",
  "cache_sha256": "70fb628fa0e93c353da5907620388ec0c13ae511ba78a77ab51d34d4a617f916",
  "run_identity": "results/pa_cora_p1_fit_slot2_cache_build_20260901/run_identity.json",
  "status": "complete"
}
