[2026-08-28 06:48:24,601] torch.distributed.run: [WARNING] master_addr is only used for static rdzv_backend and when rdzv_endpoint is not specified.
[2026-08-28 06:48:24,601] torch.distributed.run: [WARNING] 
[2026-08-28 06:48:24,601] torch.distributed.run: [WARNING] *****************************************
[2026-08-28 06:48:24,601] torch.distributed.run: [WARNING] Setting OMP_NUM_THREADS environment variable for each process to be 1 in default, to avoid your system being overloaded, please further tune the variable for optimal performance in your application as needed. 
[2026-08-28 06:48:24,601] torch.distributed.run: [WARNING] *****************************************
{"candidate_max": 0.06584256844896734, "candidate_mean": 0.020046478302280728, "event": "initial_identity_evaluation", "fit_probe_max": 0.06615041884689205}
{"epoch": 1, "event": "update", "global_step": 1, "gradient_norm": 0.009969279170036316, "learning_rate": 2.9999999999999997e-05, "record_loss": 0.0020547731292026583, "record_position": 411}
{"epoch": 1, "event": "update", "global_step": 50, "gradient_norm": 1.2184926271438599, "learning_rate": 2.9999999999999997e-05, "record_loss": 0.0009051874276337912, "record_position": 416}
{"epoch": 1, "event": "update", "global_step": 100, "gradient_norm": 0.03340490534901619, "learning_rate": 2.9999999999999997e-05, "record_loss": 0.0008291821468446869, "record_position": 676}
{"epoch": 1, "event": "update", "global_step": 150, "gradient_norm": 0.0501195527613163, "learning_rate": 2.9999999999999997e-05, "record_loss": 0.0028995504217164125, "record_position": 743}
{"epoch": 1, "event": "update", "global_step": 200, "gradient_norm": 0.010578330606222153, "learning_rate": 2.9999999999999997e-05, "record_loss": 0.002055271041172091, "record_position": 247}
{"epoch": 1, "event": "update", "global_step": 250, "gradient_norm": 0.007631282787770033, "learning_rate": 2.9999999999999997e-05, "record_loss": 6.857580939367836e-05, "record_position": 800}
/root/miniconda3/lib/python3.10/site-packages/torch/optim/lr_scheduler.py:149: UserWarning: The epoch parameter in `scheduler.step()` was not necessary and is being deprecated where possible. Please use `scheduler.step()` to step the scheduler. During the deprecation, if epoch is different from None, the closed form is used instead of the new chainable form, where available. Please open an issue if you are unable to replicate your use case: https://github.com/pytorch/pytorch/issues/new/choose.
  warnings.warn(EPOCH_DEPRECATION_WARNING, UserWarning)
/root/miniconda3/lib/python3.10/site-packages/torch/optim/lr_scheduler.py:149: UserWarning: The epoch parameter in `scheduler.step()` was not necessary and is being deprecated where possible. Please use `scheduler.step()` to step the scheduler. During the deprecation, if epoch is different from None, the closed form is used instead of the new chainable form, where available. Please open an issue if you are unable to replicate your use case: https://github.com/pytorch/pytorch/issues/new/choose.
  warnings.warn(EPOCH_DEPRECATION_WARNING, UserWarning)
/root/miniconda3/lib/python3.10/site-packages/torch/optim/lr_scheduler.py:149: UserWarning: The epoch parameter in `scheduler.step()` was not necessary and is being deprecated where possible. Please use `scheduler.step()` to step the scheduler. During the deprecation, if epoch is different from None, the closed form is used instead of the new chainable form, where available. Please open an issue if you are unable to replicate your use case: https://github.com/pytorch/pytorch/issues/new/choose.
  warnings.warn(EPOCH_DEPRECATION_WARNING, UserWarning)
/root/miniconda3/lib/python3.10/site-packages/torch/optim/lr_scheduler.py:149: UserWarning: The epoch parameter in `scheduler.step()` was not necessary and is being deprecated where possible. Please use `scheduler.step()` to step the scheduler. During the deprecation, if epoch is different from None, the closed form is used instead of the new chainable form, where available. Please open an issue if you are unable to replicate your use case: https://github.com/pytorch/pytorch/issues/new/choose.
  warnings.warn(EPOCH_DEPRECATION_WARNING, UserWarning)
{"absolute_goal_passed": false, "candidate_max": 0.06584256844896734, "candidate_mean": 0.020046478302280728, "correction_scale": 0.0, "epoch": 1, "event": "holdout_evaluation", "fit_probe_max": 0.06615041884689205, "train_loss": 0.0010739729255856006}
{"epoch": 2, "event": "update", "global_step": 300, "gradient_norm": 0.6607974171638489, "learning_rate": 0.0003, "record_loss": 0.00029259355835620227, "record_position": 762}
{"epoch": 2, "event": "update", "global_step": 350, "gradient_norm": 0.11699683219194412, "learning_rate": 0.0003, "record_loss": 0.0002611844746525094, "record_position": 660}
{"epoch": 2, "event": "update", "global_step": 400, "gradient_norm": 0.0979570522904396, "learning_rate": 0.0003, "record_loss": 0.00013997366173157388, "record_position": 434}
{"epoch": 2, "event": "update", "global_step": 450, "gradient_norm": 0.13229191303253174, "learning_rate": 0.0003, "record_loss": 0.0007142613103496842, "record_position": 830}
{"epoch": 2, "event": "update", "global_step": 500, "gradient_norm": 0.03668142110109329, "learning_rate": 0.0003, "record_loss": 5.220525804361387e-05, "record_position": 266}
{"absolute_goal_passed": false, "candidate_max": 0.06584256844896734, "candidate_mean": 0.020046478302280728, "correction_scale": 0.0, "epoch": 2, "event": "holdout_evaluation", "fit_probe_max": 0.06615041884689205, "train_loss": 0.0011700168744890396}
{"epoch": 3, "event": "update", "global_step": 550, "gradient_norm": 0.01576394960284233, "learning_rate": 0.0002980564857348879, "record_loss": 0.00013811915394512653, "record_position": 176}
{"epoch": 3, "event": "update", "global_step": 600, "gradient_norm": 0.00457308255136013, "learning_rate": 0.0002980564857348879, "record_loss": 8.013766574777037e-05, "record_position": 183}
{"epoch": 3, "event": "update", "global_step": 650, "gradient_norm": 0.00302054057829082, "learning_rate": 0.0002980564857348879, "record_loss": 0.00011476711915747728, "record_position": 600}
{"epoch": 3, "event": "update", "global_step": 700, "gradient_norm": 0.0021943028550595045, "learning_rate": 0.0002980564857348879, "record_loss": 0.00011812574859959568, "record_position": 424}
{"epoch": 3, "event": "update", "global_step": 750, "gradient_norm": 0.002971002599224448, "learning_rate": 0.0002980564857348879, "record_loss": 0.001331677605776349, "record_position": 418}
{"absolute_goal_passed": false, "candidate_max": 0.06584256844896734, "candidate_mean": 0.020046478302280728, "correction_scale": 0.0, "epoch": 3, "event": "holdout_evaluation", "fit_probe_max": 0.06615041884689205, "train_loss": 0.00101720715689637}
{"epoch": 4, "event": "update", "global_step": 800, "gradient_norm": 0.01041675079613924, "learning_rate": 0.0002922789569423404, "record_loss": 0.00012117447488435573, "record_position": 292}
{"epoch": 4, "event": "update", "global_step": 850, "gradient_norm": 0.004075971432030201, "learning_rate": 0.0002922789569423404, "record_loss": 0.00018257849751535105, "record_position": 530}
{"epoch": 4, "event": "update", "global_step": 900, "gradient_norm": 0.0029506958089768887, "learning_rate": 0.0002922789569423404, "record_loss": 0.0010591612663120031, "record_position": 674}
{"epoch": 4, "event": "update", "global_step": 950, "gradient_norm": 0.012372111901640892, "learning_rate": 0.0002922789569423404, "record_loss": 0.0017862423483165912, "record_position": 397}
{"epoch": 4, "event": "update", "global_step": 1000, "gradient_norm": 0.03161967918276787, "learning_rate": 0.0002922789569423404, "record_loss": 0.0026103522868652362, "record_position": 188}
{"absolute_goal_passed": false, "candidate_max": 0.06584256844896734, "candidate_mean": 0.020046478302280728, "correction_scale": 0.0, "epoch": 4, "event": "holdout_evaluation", "fit_probe_max": 0.06615041884689205, "train_loss": 0.0010500331874614688}
{"epoch": 5, "event": "update", "global_step": 1050, "gradient_norm": 0.025032242760062218, "learning_rate": 0.00028282500954692467, "record_loss": 0.0009412046692887088, "record_position": 916}
{"epoch": 5, "event": "update", "global_step": 1100, "gradient_norm": 0.31296589970588684, "learning_rate": 0.00028282500954692467, "record_loss": 0.0019413559202803299, "record_position": 126}
{"epoch": 5, "event": "update", "global_step": 1150, "gradient_norm": 0.2724878489971161, "learning_rate": 0.00028282500954692467, "record_loss": 8.189093205146492e-05, "record_position": 41}
{"epoch": 5, "event": "update", "global_step": 1200, "gradient_norm": 0.005303849000483751, "learning_rate": 0.00028282500954692467, "record_loss": 0.0006285751142058871, "record_position": 733}
{"epoch": 5, "event": "update", "global_step": 1250, "gradient_norm": 0.023509884253144264, "learning_rate": 0.00028282500954692467, "record_loss": 4.395425776237971e-05, "record_position": 307}
{"absolute_goal_passed": false, "candidate_max": 0.06584256844896734, "candidate_mean": 0.020046478302280728, "correction_scale": 0.0, "epoch": 5, "event": "holdout_evaluation", "fit_probe_max": 0.06615041884689205, "train_loss": 0.0010856707156814}
{"epoch": 6, "event": "update", "global_step": 1300, "gradient_norm": 0.01926022209227085, "learning_rate": 0.0002699525225889861, "record_loss": 0.0011161710281157866, "record_position": 233}
{"epoch": 6, "event": "update", "global_step": 1350, "gradient_norm": 0.004182448610663414, "learning_rate": 0.0002699525225889861, "record_loss": 0.0017352439608657733, "record_position": 979}
{"epoch": 6, "event": "update", "global_step": 1400, "gradient_norm": 0.0024649996776133776, "learning_rate": 0.0002699525225889861, "record_loss": 0.0021965739360894077, "record_position": 186}
{"epoch": 6, "event": "update", "global_step": 1450, "gradient_norm": 0.003001908538863063, "learning_rate": 0.0002699525225889861, "record_loss": 0.0006637308724748436, "record_position": 951}
{"epoch": 6, "event": "update", "global_step": 1500, "gradient_norm": 0.001956652384251356, "learning_rate": 0.0002699525225889861, "record_loss": 0.0001193409980260185, "record_position": 18}
{"absolute_goal_passed": false, "candidate_max": 0.06584256844896734, "candidate_mean": 0.020046478302280728, "correction_scale": 0.0, "epoch": 6, "event": "holdout_evaluation", "fit_probe_max": 0.06615041884689205, "train_loss": 0.001103139913497829}
{"epoch": 7, "event": "update", "global_step": 1550, "gradient_norm": 0.0028058835305273533, "learning_rate": 0.00025401262395666815, "record_loss": 0.0024784345368971117, "record_position": 73}
{"epoch": 7, "event": "update", "global_step": 1600, "gradient_norm": 0.00461624888703227, "learning_rate": 0.00025401262395666815, "record_loss": 0.000496558532177005, "record_position": 257}
{"epoch": 7, "event": "update", "global_step": 1650, "gradient_norm": 0.002989100990816951, "learning_rate": 0.00025401262395666815, "record_loss": 0.0028986301986151375, "record_position": 743}
{"epoch": 7, "event": "update", "global_step": 1700, "gradient_norm": 0.002181959105655551, "learning_rate": 0.00025401262395666815, "record_loss": 0.0024784378183539957, "record_position": 73}
{"epoch": 7, "event": "update", "global_step": 1750, "gradient_norm": 0.019204849377274513, "learning_rate": 0.00025401262395666815, "record_loss": 0.00261130731087178, "record_position": 188}
{"absolute_goal_passed": false, "candidate_max": 0.06584256844896734, "candidate_mean": 0.020046478302280728, "correction_scale": 0.0, "epoch": 7, "event": "holdout_evaluation", "fit_probe_max": 0.06615041884689205, "train_loss": 0.001021161774648116}
{"epoch": 8, "event": "update", "global_step": 1800, "gradient_norm": 0.23052698373794556, "learning_rate": 0.00023544011253244588, "record_loss": 0.0019534057719283737, "record_position": 965}
{"epoch": 8, "event": "update", "global_step": 1850, "gradient_norm": 0.06110670790076256, "learning_rate": 0.00023544011253244588, "record_loss": 0.0015855003366596065, "record_position": 466}
{"epoch": 8, "event": "update", "global_step": 1900, "gradient_norm": 0.01566419191658497, "learning_rate": 0.00023544011253244588, "record_loss": 0.0011419581501286302, "record_position": 929}
{"epoch": 8, "event": "update", "global_step": 1950, "gradient_norm": 0.003159621963277459, "learning_rate": 0.00023544011253244588, "record_loss": 0.00028283381016080966, "record_position": 382}
{"epoch": 8, "event": "update", "global_step": 2000, "gradient_norm": 0.007510838098824024, "learning_rate": 0.00023544011253244588, "record_loss": 0.0019820665766019374, "record_position": 943}
{"absolute_goal_passed": false, "candidate_max": 0.06584256844896734, "candidate_mean": 0.020046478302280728, "correction_scale": 0.0, "epoch": 8, "event": "holdout_evaluation", "fit_probe_max": 0.06615041884689205, "train_loss": 0.0011004062200837411}
{"epoch": 9, "event": "update", "global_step": 2050, "gradient_norm": 0.0035670462530106306, "learning_rate": 0.00021474159801304822, "record_loss": 0.001626476192541304, "record_position": 671}
{"epoch": 9, "event": "update", "global_step": 2100, "gradient_norm": 0.008136662654578686, "learning_rate": 0.00021474159801304822, "record_loss": 0.00029191508158987745, "record_position": 153}
{"epoch": 9, "event": "update", "global_step": 2150, "gradient_norm": 0.3034053444862366, "learning_rate": 0.00021474159801304822, "record_loss": 0.00012206514429635718, "record_position": 164}
{"epoch": 9, "event": "update", "global_step": 2200, "gradient_norm": 0.22210130095481873, "learning_rate": 0.00021474159801304822, "record_loss": 0.0017615431061130948, "record_position": 463}
{"epoch": 9, "event": "update", "global_step": 2250, "gradient_norm": 0.0777464210987091, "learning_rate": 0.00021474159801304822, "record_loss": 0.0008689745991432574, "record_position": 322}
{"epoch": 9, "event": "update", "global_step": 2300, "gradient_norm": 0.005609878338873386, "learning_rate": 0.00021474159801304822, "record_loss": 0.0009237826379830949, "record_position": 240}
{"absolute_goal_passed": false, "candidate_max": 0.06584256844896734, "candidate_mean": 0.020046478302280728, "correction_scale": 0.0, "epoch": 9, "event": "holdout_evaluation", "fit_probe_max": 0.06615041884689205, "train_loss": 0.0011128105819512984}
{"epoch": 10, "event": "update", "global_step": 2350, "gradient_norm": 0.0013279743725433946, "learning_rate": 0.00019248168191756396, "record_loss": 0.0018509184919821564, "record_position": 689}
{"epoch": 10, "event": "update", "global_step": 2400, "gradient_norm": 0.0014573312364518642, "learning_rate": 0.00019248168191756396, "record_loss": 0.000873949209562852, "record_position": 918}
{"epoch": 10, "event": "update", "global_step": 2450, "gradient_norm": 0.0046326881274580956, "learning_rate": 0.00019248168191756396, "record_loss": 0.0006840998285042588, "record_position": 724}
{"epoch": 10, "event": "update", "global_step": 2500, "gradient_norm": 0.0054707699455320835, "learning_rate": 0.00019248168191756396, "record_loss": 9.199831083606114e-05, "record_position": 288}
{"epoch": 10, "event": "update", "global_step": 2550, "gradient_norm": 0.0012643368681892753, "learning_rate": 0.00019248168191756396, "record_loss": 0.0024231369025073946, "record_position": 704}
{"absolute_goal_passed": false, "candidate_max": 0.06584256844896734, "candidate_mean": 0.020046478302280728, "correction_scale": 0.0, "epoch": 10, "event": "holdout_evaluation", "fit_probe_max": 0.06615041884689205, "train_loss": 0.0010726020227680017}
{"epoch": 11, "event": "update", "global_step": 2600, "gradient_norm": 0.002170615131035447, "learning_rate": 0.00016926755672980745, "record_loss": 0.0002826952068062383, "record_position": 382}
{"epoch": 11, "event": "update", "global_step": 2650, "gradient_norm": 0.0008785023237578571, "learning_rate": 0.00016926755672980745, "record_loss": 0.0006426062773243757, "record_position": 1002}
{"epoch": 11, "event": "update", "global_step": 2700, "gradient_norm": 0.0033529135398566723, "learning_rate": 0.00016926755672980745, "record_loss": 0.00013506422385489714, "record_position": 197}
{"epoch": 11, "event": "update", "global_step": 2750, "gradient_norm": 0.010419254191219807, "learning_rate": 0.00016926755672980745, "record_loss": 0.00013841307713846618, "record_position": 75}
{"epoch": 11, "event": "update", "global_step": 2800, "gradient_norm": 0.0057567632757127285, "learning_rate": 0.00016926755672980745, "record_loss": 0.001982000030693598, "record_position": 943}
{"absolute_goal_passed": false, "candidate_max": 0.06584256844896734, "candidate_mean": 0.020046478302280728, "correction_scale": 0.0, "epoch": 11, "event": "holdout_evaluation", "fit_probe_max": 0.06615041884689205, "train_loss": 0.0010591576212432424}
{"epoch": 12, "event": "update", "global_step": 2850, "gradient_norm": 0.009280170314013958, "learning_rate": 0.00014573244327019272, "record_loss": 0.0020458166327443905, "record_position": 207}
{"epoch": 12, "event": "update", "global_step": 2900, "gradient_norm": 0.005587033927440643, "learning_rate": 0.00014573244327019272, "record_loss": 0.001982001675060019, "record_position": 943}
{"epoch": 12, "event": "update", "global_step": 2950, "gradient_norm": 0.003021816723048687, "learning_rate": 0.00014573244327019272, "record_loss": 0.0014301530354714487, "record_position": 972}
{"epoch": 12, "event": "update", "global_step": 3000, "gradient_norm": 0.009774134494364262, "learning_rate": 0.00014573244327019272, "record_loss": 0.00039065151145223354, "record_position": 998}
{"epoch": 12, "event": "update", "global_step": 3050, "gradient_norm": 0.018126819282770157, "learning_rate": 0.00014573244327019272, "record_loss": 6.468733545261784e-05, "record_position": 575}
{"absolute_goal_passed": false, "candidate_max": 0.06584256844896734, "candidate_mean": 0.020046478302280728, "correction_scale": 0.0, "epoch": 12, "event": "holdout_evaluation", "fit_probe_max": 0.06615041884689205, "train_loss": 0.0010414629015901011}
{"epoch": 13, "event": "update", "global_step": 3100, "gradient_norm": 0.017221439629793167, "learning_rate": 0.0001225183180824362, "record_loss": 0.0003453707558946917, "record_position": 633}
{"epoch": 13, "event": "update", "global_step": 3150, "gradient_norm": 0.0243252944201231, "learning_rate": 0.0001225183180824362, "record_loss": 0.00028819893259424134, "record_position": 1014}
{"epoch": 13, "event": "update", "global_step": 3200, "gradient_norm": 0.15604417026042938, "learning_rate": 0.0001225183180824362, "record_loss": 0.0016307441546814516, "record_position": 1019}
{"epoch": 13, "event": "update", "global_step": 3250, "gradient_norm": 0.009271729737520218, "learning_rate": 0.0001225183180824362, "record_loss": 0.0010627074825606542, "record_position": 763}
{"epoch": 13, "event": "update", "global_step": 3300, "gradient_norm": 0.0038470078725367785, "learning_rate": 0.0001225183180824362, "record_loss": 0.000835903254483128, "record_position": 707}
{"absolute_goal_passed": false, "candidate_max": 0.06584256844896734, "candidate_mean": 0.020046478302280728, "correction_scale": 0.0, "epoch": 13, "event": "holdout_evaluation", "fit_probe_max": 0.06615041884689205, "train_loss": 0.0010639867712337603}
{"epoch": 14, "event": "update", "global_step": 3350, "gradient_norm": 0.002087000058963895, "learning_rate": 0.0001002584019869519, "record_loss": 7.744188337710511e-05, "record_position": 166}
{"epoch": 14, "event": "update", "global_step": 3400, "gradient_norm": 0.007203908637166023, "learning_rate": 0.0001002584019869519, "record_loss": 0.0008383264666917967, "record_position": 168}
{"epoch": 14, "event": "update", "global_step": 3450, "gradient_norm": 0.003862750018015504, "learning_rate": 0.0001002584019869519, "record_loss": 0.0017861065571196377, "record_position": 397}
{"epoch": 14, "event": "update", "global_step": 3500, "gradient_norm": 0.0024966236669570208, "learning_rate": 0.0001002584019869519, "record_loss": 6.787545066799794e-05, "record_position": 537}
{"epoch": 14, "event": "update", "global_step": 3550, "gradient_norm": 0.0017828276613727212, "learning_rate": 0.0001002584019869519, "record_loss": 0.0001505397822256782, "record_position": 893}
{"absolute_goal_passed": false, "candidate_max": 0.06584256844896734, "candidate_mean": 0.020046478302280728, "correction_scale": 0.0, "epoch": 14, "event": "holdout_evaluation", "fit_probe_max": 0.06615041884689205, "train_loss": 0.0011159713683657063}
{"epoch": 15, "event": "update", "global_step": 3600, "gradient_norm": 0.005457740742713213, "learning_rate": 7.955988746755417e-05, "record_loss": 0.00016276380483759567, "record_position": 324}
{"epoch": 15, "event": "update", "global_step": 3650, "gradient_norm": 0.0012702166568487883, "learning_rate": 7.955988746755417e-05, "record_loss": 9.945619308382447e-05, "record_position": 562}
{"epoch": 15, "event": "update", "global_step": 3700, "gradient_norm": 0.00043322276906110346, "learning_rate": 7.955988746755417e-05, "record_loss": 0.0014445660017372575, "record_position": 1029}
{"epoch": 15, "event": "update", "global_step": 3750, "gradient_norm": 0.0016118672210723162, "learning_rate": 7.955988746755417e-05, "record_loss": 0.001444488520064624, "record_position": 1029}
{"epoch": 15, "event": "update", "global_step": 3800, "gradient_norm": 0.013882320374250412, "learning_rate": 7.955988746755417e-05, "record_loss": 0.0010222011942460085, "record_position": 497}
{"absolute_goal_passed": false, "candidate_max": 0.06584256844896734, "candidate_mean": 0.020046478302280728, "correction_scale": 0.0, "epoch": 15, "event": "holdout_evaluation", "fit_probe_max": 0.06615041884689205, "train_loss": 0.0010375258653353633}
{"epoch": 16, "event": "update", "global_step": 3850, "gradient_norm": 0.0034182940144091845, "learning_rate": 6.098737604333194e-05, "record_loss": 0.0018839709591702558, "record_position": 208}
{"epoch": 16, "event": "update", "global_step": 3900, "gradient_norm": 0.001285495120100677, "learning_rate": 6.098737604333194e-05, "record_loss": 0.0020459480947465636, "record_position": 207}
{"epoch": 16, "event": "update", "global_step": 3950, "gradient_norm": 0.008046573027968407, "learning_rate": 6.098737604333194e-05, "record_loss": 0.004188905033515766, "record_position": 341}
{"epoch": 16, "event": "update", "global_step": 4000, "gradient_norm": 0.0015487431082874537, "learning_rate": 6.098737604333194e-05, "record_loss": 0.002477928683219943, "record_position": 73}
{"epoch": 16, "event": "update", "global_step": 4050, "gradient_norm": 0.019633861258625984, "learning_rate": 6.098737604333194e-05, "record_loss": 0.00014980660489527509, "record_position": 349}
{"absolute_goal_passed": false, "candidate_max": 0.06584256844896734, "candidate_mean": 0.020046478302280728, "correction_scale": 0.0, "epoch": 16, "event": "holdout_evaluation", "fit_probe_max": 0.06615041884689205, "train_loss": 0.001106557746830543}
{"epoch": 17, "event": "update", "global_step": 4100, "gradient_norm": 0.011534466408193111, "learning_rate": 4.504747741101394e-05, "record_loss": 7.552986858172517e-05, "record_position": 97}
{"epoch": 17, "event": "update", "global_step": 4150, "gradient_norm": 0.0013192882761359215, "learning_rate": 4.504747741101394e-05, "record_loss": 0.0018840817283489741, "record_position": 208}
{"epoch": 17, "event": "update", "global_step": 4200, "gradient_norm": 0.002974472939968109, "learning_rate": 4.504747741101394e-05, "record_loss": 0.0009419521702511702, "record_position": 916}
{"epoch": 17, "event": "update", "global_step": 4250, "gradient_norm": 0.014572801068425179, "learning_rate": 4.504747741101394e-05, "record_loss": 0.0024724561590119265, "record_position": 996}
{"epoch": 17, "event": "update", "global_step": 4300, "gradient_norm": 0.004650922957807779, "learning_rate": 4.504747741101394e-05, "record_loss": 0.0019826621864922345, "record_position": 943}
{"epoch": 17, "event": "update", "global_step": 4350, "gradient_norm": 0.0026777642779052258, "learning_rate": 4.504747741101394e-05, "record_loss": 6.111121638241457e-05, "record_position": 821}
{"absolute_goal_passed": false, "candidate_max": 0.06584256844896734, "candidate_mean": 0.020046478302280728, "correction_scale": 0.0, "epoch": 17, "event": "holdout_evaluation", "fit_probe_max": 0.06615041884689205, "train_loss": 0.0010279661649871333}
{"epoch": 18, "event": "update", "global_step": 4400, "gradient_norm": 0.0032456424087285995, "learning_rate": 3.217499045307533e-05, "record_loss": 0.0006048332375030441, "record_position": 706}
{"epoch": 18, "event": "update", "global_step": 4450, "gradient_norm": 0.0009197400650009513, "learning_rate": 3.217499045307533e-05, "record_loss": 0.0015485033291042782, "record_position": 934}
{"epoch": 18, "event": "update", "global_step": 4500, "gradient_norm": 0.0062580956146121025, "learning_rate": 3.217499045307533e-05, "record_loss": 0.0013316293043317273, "record_position": 418}
{"epoch": 18, "event": "update", "global_step": 4550, "gradient_norm": 0.009643477387726307, "learning_rate": 3.217499045307533e-05, "record_loss": 0.00219655496039195, "record_position": 186}
{"epoch": 18, "event": "update", "global_step": 4600, "gradient_norm": 0.008637301623821259, "learning_rate": 3.217499045307533e-05, "record_loss": 0.0007836135955585632, "record_position": 765}
{"absolute_goal_passed": false, "candidate_max": 0.06584256844896734, "candidate_mean": 0.020046478302280728, "correction_scale": 0.0, "epoch": 18, "event": "holdout_evaluation", "fit_probe_max": 0.06615041884689205, "train_loss": 0.0010652506513475837}
{"epoch": 19, "event": "update", "global_step": 4650, "gradient_norm": 0.008711099624633789, "learning_rate": 2.272104305765955e-05, "record_loss": 0.0005107984597998438, "record_position": 609}
{"epoch": 19, "event": "update", "global_step": 4700, "gradient_norm": 0.008913693018257618, "learning_rate": 2.272104305765955e-05, "record_loss": 0.0007920835105323931, "record_position": 498}
{"epoch": 19, "event": "update", "global_step": 4750, "gradient_norm": 0.0024322494864463806, "learning_rate": 2.272104305765955e-05, "record_loss": 6.423212926165434e-05, "record_position": 804}
{"epoch": 19, "event": "update", "global_step": 4800, "gradient_norm": 0.004236222244799137, "learning_rate": 2.272104305765955e-05, "record_loss": 0.00037774613474539365, "record_position": 181}
{"epoch": 19, "event": "update", "global_step": 4850, "gradient_norm": 0.006987178698182106, "learning_rate": 2.272104305765955e-05, "record_loss": 0.00011298280594473908, "record_position": 149}
{"absolute_goal_passed": false, "candidate_max": 0.06584256844896734, "candidate_mean": 0.020046478302280728, "correction_scale": 0.0, "epoch": 19, "event": "holdout_evaluation", "fit_probe_max": 0.06615041884689205, "train_loss": 0.001063926307031296}
{"epoch": 20, "event": "update", "global_step": 4900, "gradient_norm": 0.0017947747837752104, "learning_rate": 1.694351426511207e-05, "record_loss": 0.00021237712820720844, "record_position": 946}
{"epoch": 20, "event": "update", "global_step": 4950, "gradient_norm": 0.0009304211707785726, "learning_rate": 1.694351426511207e-05, "record_loss": 0.0010453651229909156, "record_position": 930}
{"epoch": 20, "event": "update", "global_step": 5000, "gradient_norm": 0.008957020938396454, "learning_rate": 1.694351426511207e-05, "record_loss": 0.0001274469150303048, "record_position": 84}
{"epoch": 20, "event": "update", "global_step": 5050, "gradient_norm": 0.0024070327635854483, "learning_rate": 1.694351426511207e-05, "record_loss": 4.943362569065357e-05, "record_position": 527}
{"epoch": 20, "event": "update", "global_step": 5100, "gradient_norm": 0.0010411966359242797, "learning_rate": 1.694351426511207e-05, "record_loss": 0.00020387205364613692, "record_position": 437}
{"absolute_goal_passed": false, "candidate_max": 0.06584256844896734, "candidate_mean": 0.020046478302280728, "correction_scale": 0.0, "epoch": 20, "event": "holdout_evaluation", "fit_probe_max": 0.06615041884689205, "train_loss": 0.0011012684966603334}
{"absolute_goal_passed": false, "best_epoch": 0, "best_score": 0.06784721627919542, "event": "run_complete"}
