{"event": "r44_train", "step": 1, "sample_id": "train_marmousi_00636", "objective": 0.00396959250792861, "physical_mean": 0.0013671922497451305, "physical_tail": 0.002594416029751301, "hinge": 0.0, "shape": 0.003992029465734959, "gradient_norm": 0.08177511394023895}
{"event": "r44_train", "step": 25, "sample_id": "train_marmousi_00558", "objective": 0.00832370575517416, "physical_mean": 0.0026327739469707012, "physical_tail": 0.00566929392516613, "hinge": 5.386523298511747e-06, "shape": 0.00543258897960186, "gradient_norm": 4.383265972137451}
{"event": "r44_train", "step": 50, "sample_id": "train_marmousi_00186", "objective": 0.005075491964817047, "physical_mean": 0.0017149150371551514, "physical_tail": 0.0033530835062265396, "hinge": 2.482732384123665e-07, "shape": 0.0034984855446964502, "gradient_norm": 0.3887309432029724}
{"event": "r44_train", "step": 75, "sample_id": "train_layered_01108", "objective": 0.006016327068209648, "physical_mean": 0.0016913891304284334, "physical_tail": 0.004315847530961037, "hinge": 2.294411274306185e-07, "shape": 0.004316044971346855, "gradient_norm": 1.0510753393173218}
{"event": "r44_train", "step": 100, "sample_id": "train_marmousi_00559", "objective": 0.007341108750551939, "physical_mean": 0.002593185054138303, "physical_tail": 0.004744809120893478, "hinge": 1.6029089522362483e-07, "shape": 0.0013972957385703921, "gradient_norm": 0.7394283413887024}
{"event": "r44_train", "step": 125, "sample_id": "train_marmousi_00448", "objective": 0.0058527747169137, "physical_mean": 0.0017551577184349298, "physical_tail": 0.004089253954589367, "hinge": 7.331249207709334e-08, "shape": 0.004108200781047344, "gradient_norm": 0.5612025856971741}
{"event": "r44_train", "step": 150, "sample_id": "train_marmousi_00345", "objective": 0.010279146023094654, "physical_mean": 0.0035224114544689655, "physical_tail": 0.006747568491846323, "hinge": 1.6731968344174675e-06, "shape": 0.0029097329825162888, "gradient_norm": 3.8167521953582764}
{"event": "r44_train", "step": 175, "sample_id": "train_marmousi_00558", "objective": 0.007139158900827169, "physical_mean": 0.0023333989083766937, "physical_tail": 0.0047967215068638325, "hinge": 4.818427434827299e-09, "shape": 0.0045142690651118755, "gradient_norm": 0.09232942014932632}
{"event": "r44_train", "step": 200, "sample_id": "train_marmousi_00436", "objective": 0.005238384939730167, "physical_mean": 0.0013240303378552198, "physical_tail": 0.0039026401937007904, "hinge": 1.912128908543309e-07, "shape": 0.005665982607752085, "gradient_norm": 0.42837491631507874}
{"event": "r44_train", "step": 225, "sample_id": "train_marmousi_00524", "objective": 0.006465210113674402, "physical_mean": 0.0018348691519349813, "physical_tail": 0.004616681486368179, "hinge": 4.966766198322148e-08, "shape": 0.006779930088669062, "gradient_norm": 0.2109210044145584}
{"event": "r44_train", "step": 250, "sample_id": "train_marmousi_00345", "objective": 0.006208048202097416, "physical_mean": 0.0016552790766581893, "physical_tail": 0.004542331676930189, "hinge": 8.537222839777314e-08, "shape": 0.005133257247507572, "gradient_norm": 0.26706913113594055}
{"event": "r44_train", "step": 275, "sample_id": "train_marmousi_00141", "objective": 0.006421367172151804, "physical_mean": 0.0014909931924194098, "physical_tail": 0.004921743646264076, "hinge": 2.5602437858651683e-07, "shape": 0.004058969207108021, "gradient_norm": 2.9094605445861816}
{"event": "r44_train", "step": 300, "sample_id": "train_marmousi_00155", "objective": 0.004800429102033377, "physical_mean": 0.00150758505333215, "physical_tail": 0.0032885163091123104, "hinge": 3.9692324094176e-08, "shape": 0.0021243863739073277, "gradient_norm": 0.24834544956684113}
{"event": "r44_train", "step": 325, "sample_id": "train_marmousi_00524", "objective": 0.0069137923419475555, "physical_mean": 0.002527212258428335, "physical_tail": 0.004375578835606575, "hinge": 6.72286688541135e-08, "shape": 0.005433409940451384, "gradient_norm": 0.26237058639526367}
{"event": "r44_train", "step": 350, "sample_id": "train_marmousi_00336", "objective": 0.005911585409194231, "physical_mean": 0.0019601185340434313, "physical_tail": 0.0039399717934429646, "hinge": 8.24927610665327e-08, "shape": 0.005665031261742115, "gradient_norm": 0.6754514575004578}
{"event": "r44_train", "step": 375, "sample_id": "train_marmousi_00347", "objective": 0.006858837325125933, "physical_mean": 0.0024087990168482065, "physical_tail": 0.004436925053596497, "hinge": 1.2208189126283742e-08, "shape": 0.006544696632772684, "gradient_norm": 0.4204390347003937}
{"event": "r44_train", "step": 400, "sample_id": "train_marmousi_00636", "objective": 0.004431741777807474, "physical_mean": 0.0016328025376424193, "physical_tail": 0.0027938103303313255, "hinge": 1.1935868293733165e-08, "shape": 0.0025524089578539133, "gradient_norm": 0.054689664393663406}
{"event": "r44_train", "step": 425, "sample_id": "train_marmousi_00524", "objective": 0.007615709211677313, "physical_mean": 0.0026616964023560286, "physical_tail": 0.004947279114276171, "hinge": 1.185012195037416e-07, "shape": 0.0032483586110174656, "gradient_norm": 0.46395647525787354}
{"event": "r44_train", "step": 450, "sample_id": "train_marmousi_00436", "objective": 0.00603898661211133, "physical_mean": 0.0019272693898528814, "physical_tail": 0.004100879654288292, "hinge": 5.68387790167435e-08, "shape": 0.005361917428672314, "gradient_norm": 0.631996750831604}
{"event": "r44_train", "step": 475, "sample_id": "train_marmousi_00345", "objective": 0.010222707875072956, "physical_mean": 0.002986099338158965, "physical_tail": 0.007224826142191887, "hinge": 1.564907989859421e-07, "shape": 0.005734410136938095, "gradient_norm": 0.44517260789871216}
{"event": "r44_train", "step": 500, "sample_id": "train_marmousi_00636", "objective": 0.0054097468964755535, "physical_mean": 0.0018363643903285265, "physical_tail": 0.0035629672929644585, "hinge": 2.9276151281010243e-08, "shape": 0.0051782820373773575, "gradient_norm": 0.33360135555267334}
{"event": "r44_train", "step": 525, "sample_id": "train_marmousi_00345", "objective": 0.008572814054787159, "physical_mean": 0.0030668743420392275, "physical_tail": 0.005493628792464733, "hinge": 1.2160040085973378e-08, "shape": 0.006143549922853708, "gradient_norm": 0.4552268981933594}
{"event": "r44_train", "step": 550, "sample_id": "train_marmousi_00636", "objective": 0.005180667154490948, "physical_mean": 0.0018451071809977293, "physical_tail": 0.0033282821532338858, "hinge": 1.3835915524396114e-07, "shape": 0.00350051443092525, "gradient_norm": 0.4584459662437439}
{"event": "r44_train", "step": 575, "sample_id": "train_marmousi_00347", "objective": 0.005721744615584612, "physical_mean": 0.0016713044606149197, "physical_tail": 0.004033134318888187, "hinge": 4.2126963251121197e-08, "shape": 0.008610712364315987, "gradient_norm": 0.686272144317627}
{"event": "r44_train", "step": 600, "sample_id": "train_marmousi_00179", "objective": 0.0029683548491448164, "physical_mean": 0.0008750924607738853, "physical_tail": 0.0020854435861110687, "hinge": 9.552297797199572e-08, "shape": 0.003813727293163538, "gradient_norm": 0.2735874056816101}
{"event": "r44_train", "step": 625, "sample_id": "train_marmousi_00683", "objective": 0.0031096881721168756, "physical_mean": 0.0009686487028375268, "physical_tail": 0.002136513125151396, "hinge": 6.313266567303799e-07, "shape": 0.0016318648122251034, "gradient_norm": 0.5199803113937378}
{"event": "r44_train", "step": 650, "sample_id": "train_marmousi_00436", "objective": 0.006721153389662504, "physical_mean": 0.002459066454321146, "physical_tail": 0.00425207894295454, "hinge": 3.7294918264763055e-09, "shape": 0.0050003682263195515, "gradient_norm": 0.032940804958343506}
{"event": "r44_train", "step": 675, "sample_id": "train_marmousi_00428", "objective": 0.007018452510237694, "physical_mean": 0.0028456198051571846, "physical_tail": 0.004170285537838936, "hinge": 5.967876148815776e-08, "shape": 0.0012140265898779035, "gradient_norm": 0.39300379157066345}
{"event": "r44_train", "step": 700, "sample_id": "train_marmousi_00558", "objective": 0.009727389551699162, "physical_mean": 0.0025944833178073168, "physical_tail": 0.00712230009958148, "hinge": 2.6190596358333096e-08, "shape": 0.005276815500110388, "gradient_norm": 0.5041539669036865}
{"event": "r44_train", "step": 725, "sample_id": "train_marmousi_00683", "objective": 0.004851993173360825, "physical_mean": 0.001589745283126831, "physical_tail": 0.0032616436947137117, "hinge": 4.460241243009477e-08, "shape": 0.00025758842821232975, "gradient_norm": 0.16842661798000336}
{"event": "r44_train", "step": 750, "sample_id": "train_marmousi_00436", "objective": 0.005205968394875526, "physical_mean": 0.0015305491397157311, "physical_tail": 0.003655562410131097, "hinge": 1.8727912554084014e-09, "shape": 0.009926410391926765, "gradient_norm": 0.03212527558207512}
{"event": "r44_train", "step": 775, "sample_id": "train_marmousi_00641", "objective": 0.004411615431308746, "physical_mean": 0.0012975945137441158, "physical_tail": 0.003096744418144226, "hinge": 5.297406513449232e-09, "shape": 0.008632810786366463, "gradient_norm": 0.08629380911588669}
{"event": "r44_train", "step": 800, "sample_id": "train_marmousi_00431", "objective": 0.006367770489305258, "physical_mean": 0.002405084203928709, "physical_tail": 0.003950929269194603, "hinge": 4.047024404485455e-08, "shape": 0.005837985314428806, "gradient_norm": 0.08640971779823303}
{"event": "r44_train", "step": 825, "sample_id": "train_layered_01108", "objective": 0.005214315373450518, "physical_mean": 0.0018756220815703273, "physical_tail": 0.003335081972181797, "hinge": 1.1792681675615313e-07, "shape": 0.0016878863098099828, "gradient_norm": 1.5576539039611816}
{"event": "r44_train", "step": 850, "sample_id": "train_marmousi_00428", "objective": 0.0069845886901021, "physical_mean": 0.002734533976763487, "physical_tail": 0.004237263463437557, "hinge": 2.38599184854138e-09, "shape": 0.006393343675881624, "gradient_norm": 0.2162744551897049}
{"event": "r44_train", "step": 875, "sample_id": "train_marmousi_00586", "objective": 0.005691658239811659, "physical_mean": 0.0019366369815543294, "physical_tail": 0.0037499587051570415, "hinge": 1.4535525560965823e-10, "shape": 0.0025311224162578583, "gradient_norm": 0.10659847408533096}
{"event": "r44_train", "step": 900, "sample_id": "train_layered_00637", "objective": 0.01581677980720997, "physical_mean": 0.0035429028794169426, "physical_tail": 0.012263812124729156, "hinge": 0.0, "shape": 0.005031488370150328, "gradient_norm": 2.3461828231811523}
{"event": "r44_train", "step": 925, "sample_id": "train_marmousi_00262", "objective": 0.005779664497822523, "physical_mean": 0.0015567232621833682, "physical_tail": 0.004206751473248005, "hinge": 2.490378570030316e-09, "shape": 0.008092239499092102, "gradient_norm": 0.47280317544937134}
{"event": "r44_train", "step": 950, "sample_id": "train_marmousi_00586", "objective": 0.00536092184484005, "physical_mean": 0.0016825036145746708, "physical_tail": 0.003673120401799679, "hinge": 2.0814113099731912e-08, "shape": 0.0026282586622983217, "gradient_norm": 0.13199016451835632}
{"event": "r44_train", "step": 975, "sample_id": "train_marmousi_00158", "objective": 0.007859268225729465, "physical_mean": 0.002508907811716199, "physical_tail": 0.005332161672413349, "hinge": 5.181684858968083e-09, "shape": 0.009094532579183578, "gradient_norm": 0.12339819967746735}
{"event": "r44_train", "step": 1000, "sample_id": "train_marmousi_00641", "objective": 0.007437998428940773, "physical_mean": 0.0026656799018383026, "physical_tail": 0.0047637782990932465, "hinge": 1.2436364826839963e-08, "shape": 0.004257865250110626, "gradient_norm": 0.49195149540901184}
{"event": "r44_hard_fit_evaluation", "step": 1000, "selected_scale": 1.0, "aggregate": {"count": 32, "candidate_mean": 0.05060525022774502, "candidate_max": 0.06532878482045876, "candidate_median": 0.04974166170338018, "parent_mean": 0.05063391768879659, "parent_max": 0.06615041884689205, "mean_relative_improvement": 0.0005661711034836703, "max_relative_improvement": 0.01242069272962576}}
{"event": "r44_train", "step": 1025, "sample_id": "train_layered_00637", "objective": 0.02497750334441662, "physical_mean": 0.005128095392137766, "physical_tail": 0.019841313362121582, "hinge": 0.0, "shape": 0.004047909285873175, "gradient_norm": 4.2836833000183105}
{"event": "r44_train", "step": 1050, "sample_id": "train_marmousi_00179", "objective": 0.0023071314208209515, "physical_mean": 0.0006808330654166639, "physical_tail": 0.001615914050489664, "hinge": 2.0108808485019836e-07, "shape": 0.004991129506379366, "gradient_norm": 0.6575632095336914}
{"event": "r44_train", "step": 1075, "sample_id": "train_layered_00637", "objective": 0.0060439095832407475, "physical_mean": 0.0013028649846091866, "physical_tail": 0.00473064836114645, "hinge": 0.0, "shape": 0.005198083817958832, "gradient_norm": 1.007100224494934}
{"event": "r44_train", "step": 1100, "sample_id": "train_marmousi_00436", "objective": 0.006470132153481245, "physical_mean": 0.0021903624292463064, "physical_tail": 0.00426747091114521, "hinge": 1.2235034319019178e-07, "shape": 0.006027056369930506, "gradient_norm": 0.27489176392555237}
{"event": "r44_train", "step": 1125, "sample_id": "train_marmousi_00524", "objective": 0.00838568527251482, "physical_mean": 0.0031774372328072786, "physical_tail": 0.00519924471154809, "hinge": 2.03758556693856e-08, "shape": 0.0044808899983763695, "gradient_norm": 0.2902328372001648}
{"event": "r44_train", "step": 1150, "sample_id": "train_marmousi_00641", "objective": 0.008624836802482605, "physical_mean": 0.002507759490981698, "physical_tail": 0.006100930273532867, "hinge": 4.000405284809716e-10, "shape": 0.00807329174131155, "gradient_norm": 0.3258291780948639}
{"event": "r44_train", "step": 1175, "sample_id": "train_marmousi_00055", "objective": 0.006299854721873999, "physical_mean": 0.00246215402148664, "physical_tail": 0.0038302764296531677, "hinge": 1.2075321853544096e-09, "shape": 0.003710806369781494, "gradient_norm": 0.26036664843559265}
{"event": "r44_train", "step": 1200, "sample_id": "train_marmousi_00683", "objective": 0.0037967052776366472, "physical_mean": 0.0012633469887077808, "physical_tail": 0.0025266502052545547, "hinge": 9.702055194793502e-07, "shape": 0.002383855637162924, "gradient_norm": 0.5438562631607056}
{"event": "r44_train", "step": 1225, "sample_id": "train_marmousi_00332", "objective": 0.004261781461536884, "physical_mean": 0.0013296480756253004, "physical_tail": 0.0029132685158401728, "hinge": 8.108970384057557e-09, "shape": 0.009424268268048763, "gradient_norm": 0.12397436797618866}
{"event": "r44_train", "step": 1250, "sample_id": "train_marmousi_00445", "objective": 0.004736312199383974, "physical_mean": 0.0012361957924440503, "physical_tail": 0.0034915688447654247, "hinge": 2.3615617905647923e-08, "shape": 0.004250397440046072, "gradient_norm": 0.3627537488937378}
{"event": "r44_train", "step": 1275, "sample_id": "train_marmousi_00431", "objective": 0.004815955646336079, "physical_mean": 0.0017151269130408764, "physical_tail": 0.0030805529095232487, "hinge": 4.923372216580901e-07, "shape": 0.009645524434745312, "gradient_norm": 0.4897024929523468}
{"event": "r44_train", "step": 1300, "sample_id": "train_layered_00637", "objective": 0.0189351886510849, "physical_mean": 0.004687265958636999, "physical_tail": 0.014240490272641182, "hinge": 0.0, "shape": 0.003715723054483533, "gradient_norm": 6.1999664306640625}
{"event": "r44_train", "step": 1325, "sample_id": "train_marmousi_00345", "objective": 0.006556711625307798, "physical_mean": 0.0017614730168133974, "physical_tail": 0.00476743234321475, "hinge": 1.0642288117423959e-07, "shape": 0.013796527869999409, "gradient_norm": 0.9337553977966309}
{"event": "r44_train", "step": 1350, "sample_id": "train_marmousi_00428", "objective": 0.006491888780146837, "physical_mean": 0.002697879448533058, "physical_tail": 0.0037858097348362207, "hinge": 1.0110094983417639e-08, "shape": 0.004089807625859976, "gradient_norm": 0.2245156317949295}
{"event": "r44_train", "step": 1375, "sample_id": "train_marmousi_00179", "objective": 0.004028486553579569, "physical_mean": 0.0012862797593697906, "physical_tail": 0.0027356548234820366, "hinge": 9.803084140003193e-07, "shape": 0.0022957909386605024, "gradient_norm": 0.6187440156936646}
{"event": "r44_train", "step": 1400, "sample_id": "train_marmousi_00524", "objective": 0.007974440231919289, "physical_mean": 0.0029667741619050503, "physical_tail": 0.005000305362045765, "hinge": 2.6621581383778903e-08, "shape": 0.003653986379504204, "gradient_norm": 0.2168962061405182}
{"event": "r44_train", "step": 1425, "sample_id": "train_marmousi_00158", "objective": 0.006718470249325037, "physical_mean": 0.0023235022090375423, "physical_tail": 0.0043806699104607105, "hinge": 2.2838200663954922e-08, "shape": 0.007126303389668465, "gradient_norm": 0.21652135252952576}
{"event": "r44_train", "step": 1450, "sample_id": "train_marmousi_00262", "objective": 0.005395030602812767, "physical_mean": 0.0017236433923244476, "physical_tail": 0.003658762201666832, "hinge": 6.107073602379387e-08, "shape": 0.006251565646380186, "gradient_norm": 0.08907713741064072}
{"event": "r44_train", "step": 1475, "sample_id": "train_marmousi_00155", "objective": 0.005398042034357786, "physical_mean": 0.0019173889886587858, "physical_tail": 0.0034689493477344513, "hinge": 1.6574011851844261e-07, "shape": 0.0056859711185097694, "gradient_norm": 0.48675623536109924}
{"event": "r44_train", "step": 1500, "sample_id": "train_marmousi_00586", "objective": 0.0044862860813736916, "physical_mean": 0.0013836746802553535, "physical_tail": 0.003093940205872059, "hinge": 1.4657126712336321e-06, "shape": 0.0028698935639113188, "gradient_norm": 0.911287248134613}
{"event": "r44_train", "step": 1525, "sample_id": "train_layered_00637", "objective": 0.01448848471045494, "physical_mean": 0.0035943256225436926, "physical_tail": 0.010885363444685936, "hinge": 0.0, "shape": 0.004397902172058821, "gradient_norm": 1.8736279010772705}
{"event": "r44_train", "step": 1550, "sample_id": "train_marmousi_00558", "objective": 0.009247524663805962, "physical_mean": 0.0029410147108137608, "physical_tail": 0.006296947598457336, "hinge": 6.394218843297494e-08, "shape": 0.0047176433727145195, "gradient_norm": 0.7659443616867065}
{"event": "r44_train", "step": 1575, "sample_id": "train_marmousi_00186", "objective": 0.005401326343417168, "physical_mean": 0.0019550565630197525, "physical_tail": 0.0034336955286562443, "hinge": 3.1669021609559422e-06, "shape": 0.0031201611272990704, "gradient_norm": 0.9213367700576782}
{"event": "r44_train", "step": 1600, "sample_id": "train_marmousi_00336", "objective": 0.005903372075408697, "physical_mean": 0.0020069691818207502, "physical_tail": 0.003883674740791321, "hinge": 1.6209526165766874e-07, "shape": 0.006201824173331261, "gradient_norm": 0.33542945981025696}
{"event": "r44_train", "step": 1625, "sample_id": "train_marmousi_00347", "objective": 0.008327079005539417, "physical_mean": 0.0037673097103834152, "physical_tail": 0.0045565227046608925, "hinge": 2.438528490245062e-08, "shape": 0.0015993129927664995, "gradient_norm": 0.3492695689201355}
{"event": "r44_train", "step": 1650, "sample_id": "train_marmousi_00332", "objective": 0.0071348571218550205, "physical_mean": 0.0029028202407062054, "physical_tail": 0.004219156689941883, "hinge": 5.246191037144854e-09, "shape": 0.006434847135096788, "gradient_norm": 0.2270660102367401}
{"event": "r44_train", "step": 1675, "sample_id": "train_marmousi_00686", "objective": 0.0044752443209290504, "physical_mean": 0.0014957417733967304, "physical_tail": 0.0029656400438398123, "hinge": 1.0867291422300696e-07, "shape": 0.006822677794843912, "gradient_norm": 0.06944946944713593}
{"event": "r44_train", "step": 1700, "sample_id": "train_marmousi_00155", "objective": 0.005067245569080114, "physical_mean": 0.0015644441591575742, "physical_tail": 0.0034931928385049105, "hinge": 9.28706498370957e-08, "shape": 0.0047112987376749516, "gradient_norm": 0.33872291445732117}
{"event": "r44_train", "step": 1725, "sample_id": "train_marmousi_00262", "objective": 0.0061865695752203465, "physical_mean": 0.0018601252231746912, "physical_tail": 0.004311715252697468, "hinge": 1.2498288981532824e-07, "shape": 0.007239580620080233, "gradient_norm": 1.1480309963226318}
{"event": "r44_train", "step": 1750, "sample_id": "train_marmousi_00155", "objective": 0.0038773182313889265, "physical_mean": 0.0011803120141848922, "physical_tail": 0.002685312181711197, "hinge": 7.862319684193153e-09, "shape": 0.0058390069752931595, "gradient_norm": 0.027386577799916267}
{"event": "r44_train", "step": 1775, "sample_id": "train_marmousi_00445", "objective": 0.006464701145887375, "physical_mean": 0.0024502696469426155, "physical_tail": 0.0040064845234155655, "hinge": 1.0659976013016603e-08, "shape": 0.003962893970310688, "gradient_norm": 0.11627723276615143}
{"event": "r44_train", "step": 1800, "sample_id": "train_marmousi_00559", "objective": 0.0035256557166576385, "physical_mean": 0.0009051235392689705, "physical_tail": 0.0026118853129446507, "hinge": 7.643574662097308e-10, "shape": 0.004322559107095003, "gradient_norm": 0.1034860834479332}
{"event": "r44_train", "step": 1825, "sample_id": "train_marmousi_00431", "objective": 0.004596153739839792, "physical_mean": 0.0015012151561677456, "physical_tail": 0.0030605527572333813, "hinge": 1.430231691301742e-06, "shape": 0.015762588009238243, "gradient_norm": 0.7227811217308044}
{"event": "r44_train", "step": 1850, "sample_id": "train_marmousi_00445", "objective": 0.005466815084218979, "physical_mean": 0.0016454781871289015, "physical_tail": 0.0038124010898172855, "hinge": 6.645277039751818e-08, "shape": 0.004401646554470062, "gradient_norm": 0.2085423618555069}
{"event": "r44_train", "step": 1875, "sample_id": "train_marmousi_00636", "objective": 0.005598057527095079, "physical_mean": 0.0020569658372551203, "physical_tail": 0.0035345149226486683, "hinge": 8.631978687390074e-08, "shape": 0.003201846033334732, "gradient_norm": 0.09244276583194733}
{"event": "r44_train", "step": 1900, "sample_id": "train_marmousi_00158", "objective": 0.00825515016913414, "physical_mean": 0.0031478754244744778, "physical_tail": 0.005100412759929895, "hinge": 1.5041565859519324e-07, "shape": 0.0032808140385895967, "gradient_norm": 0.9981653094291687}
{"event": "r44_train", "step": 1925, "sample_id": "train_marmousi_00067", "objective": 0.004690253641456366, "physical_mean": 0.0016990166623145342, "physical_tail": 0.002987150102853775, "hinge": 4.5238635948408046e-08, "shape": 0.001998297171667218, "gradient_norm": 0.2243627905845642}
{"event": "r44_train", "step": 1950, "sample_id": "train_marmousi_00581", "objective": 0.004836380481719971, "physical_mean": 0.0012518904404714704, "physical_tail": 0.0035746870562434196, "hinge": 1.53880441722265e-09, "shape": 0.004899924620985985, "gradient_norm": 0.27444103360176086}
{"event": "r44_train", "step": 1975, "sample_id": "train_marmousi_00586", "objective": 0.0042508793994784355, "physical_mean": 0.0012561220210045576, "physical_tail": 0.002990803914144635, "hinge": 3.5820278299070196e-07, "shape": 0.0016185954445973039, "gradient_norm": 0.3960932195186615}
{"event": "r44_train", "step": 2000, "sample_id": "train_marmousi_00262", "objective": 0.005462389439344406, "physical_mean": 0.0015532041434198618, "physical_tail": 0.00389656238257885, "hinge": 5.694906235476083e-07, "shape": 0.005742016714066267, "gradient_norm": 1.0379712581634521}
{"event": "r44_hard_fit_evaluation", "step": 2000, "selected_scale": 1.0, "aggregate": {"count": 32, "candidate_mean": 0.050371574706613326, "candidate_max": 0.058210243137952276, "candidate_median": 0.04953248042286397, "parent_mean": 0.05063391768879659, "parent_max": 0.06615041884689205, "mean_relative_improvement": 0.0051811709256956995, "max_relative_improvement": 0.12003213051934924}}
{"event": "r44_train", "step": 2025, "sample_id": "train_marmousi_00558", "objective": 0.008583270944654942, "physical_mean": 0.0026211331132799387, "physical_tail": 0.005949944257736206, "hinge": 1.0574715361144627e-06, "shape": 0.0050392746925354, "gradient_norm": 0.9763899445533752}
{"event": "r44_train", "step": 2050, "sample_id": "train_marmousi_00581", "objective": 0.007906614802777767, "physical_mean": 0.0026794052682816982, "physical_tail": 0.005221332423388958, "hinge": 1.2193522858083838e-09, "shape": 0.002937575802206993, "gradient_norm": 0.7065646648406982}
{"event": "r44_train", "step": 2075, "sample_id": "train_marmousi_00055", "objective": 0.004678342025727034, "physical_mean": 0.001458669314160943, "physical_tail": 0.0032085601706057787, "hinge": 1.5127151267724237e-11, "shape": 0.005556241609156132, "gradient_norm": 0.25487300753593445}
{"event": "r44_train", "step": 2100, "sample_id": "train_marmousi_00524", "objective": 0.007643426302820444, "physical_mean": 0.0026011427398771048, "physical_tail": 0.005032067187130451, "hinge": 1.298858904874578e-07, "shape": 0.00497821532189846, "gradient_norm": 0.4848794639110565}
{"event": "r44_train", "step": 2125, "sample_id": "train_marmousi_00683", "objective": 0.003505178727209568, "physical_mean": 0.0014018518850207329, "physical_tail": 0.0020973358768969774, "hinge": 2.7848878403347044e-07, "shape": 0.002717049792408943, "gradient_norm": 0.5551624298095703}
{"event": "r44_train", "step": 2150, "sample_id": "train_marmousi_00636", "objective": 0.003989699762314558, "physical_mean": 0.0016180388629436493, "physical_tail": 0.00236215116456151, "hinge": 2.332887333977851e-06, "shape": 0.002421876648440957, "gradient_norm": 1.1004856824874878}
{"event": "r44_train", "step": 2175, "sample_id": "train_marmousi_00055", "objective": 0.005267284344881773, "physical_mean": 0.001928424695506692, "physical_tail": 0.0033311869483441114, "hinge": 1.6039667372069744e-08, "shape": 0.0038201981224119663, "gradient_norm": 0.23846009373664856}
{"event": "r44_train", "step": 2200, "sample_id": "train_marmousi_00158", "objective": 0.006976106204092503, "physical_mean": 0.0025937864556908607, "physical_tail": 0.00437451247125864, "hinge": 1.2459393019526033e-06, "shape": 0.0026578351389616728, "gradient_norm": 0.39815664291381836}
{"event": "r44_train", "step": 2225, "sample_id": "train_marmousi_00524", "objective": 0.00558891985565424, "physical_mean": 0.001776006305590272, "physical_tail": 0.003800193779170513, "hinge": 4.38535892044456e-08, "shape": 0.006316245999187231, "gradient_norm": 0.06578242033720016}
{"event": "r44_train", "step": 2250, "sample_id": "train_marmousi_00428", "objective": 0.005341563373804092, "physical_mean": 0.0017442210810258985, "physical_tail": 0.00358749832957983, "hinge": 3.549262572732914e-08, "shape": 0.004886578768491745, "gradient_norm": 0.3397456705570221}
{"event": "r44_train", "step": 2275, "sample_id": "train_marmousi_00247", "objective": 0.006663567386567593, "physical_mean": 0.002348480746150017, "physical_tail": 0.004290113691240549, "hinge": 1.6817236492272514e-10, "shape": 0.01248633861541748, "gradient_norm": 0.04847987741231918}
{"event": "r44_train", "step": 2300, "sample_id": "train_marmousi_00262", "objective": 0.005657816305756569, "physical_mean": 0.002185996389016509, "physical_tail": 0.003467054106295109, "hinge": 9.42770952860883e-07, "shape": 0.0014401638181880116, "gradient_norm": 1.0618475675582886}
{"event": "r44_train", "step": 2325, "sample_id": "train_marmousi_00429", "objective": 0.004648900590837002, "physical_mean": 0.0014042642433196306, "physical_tail": 0.0032290881499648094, "hinge": 1.078753868455351e-07, "shape": 0.007666475139558315, "gradient_norm": 0.0953773781657219}
{"event": "r44_train", "step": 2350, "sample_id": "train_marmousi_00431", "objective": 0.00530001986771822, "physical_mean": 0.0020685414783656597, "physical_tail": 0.0032217721454799175, "hinge": 1.553009951749118e-07, "shape": 0.004697840195149183, "gradient_norm": 0.05244646221399307}
{"event": "r44_train", "step": 2375, "sample_id": "train_marmousi_00360", "objective": 0.005996084772050381, "physical_mean": 0.0024181136395782232, "physical_tail": 0.0035723759792745113, "hinge": 1.9477756296737425e-08, "shape": 0.0027782300021499395, "gradient_norm": 0.5860607028007507}
{"event": "r44_train", "step": 2400, "sample_id": "train_layered_00540", "objective": 0.008851657621562481, "physical_mean": 0.0033941266592592, "physical_tail": 0.0053875623270869255, "hinge": 3.265886698500253e-05, "shape": 0.002325570210814476, "gradient_norm": 5.062731742858887}
{"event": "r44_train", "step": 2425, "sample_id": "train_marmousi_00179", "objective": 0.004449224099516869, "physical_mean": 0.0016678269021213055, "physical_tail": 0.0027778795920312405, "hinge": 2.2266934252002102e-07, "shape": 0.0015363313723355532, "gradient_norm": 0.19327044486999512}
{"event": "r44_train", "step": 2450, "sample_id": "train_marmousi_00055", "objective": 0.006424531806260347, "physical_mean": 0.002708842046558857, "physical_tail": 0.003710212418809533, "hinge": 7.575707883233918e-08, "shape": 0.0026631075888872147, "gradient_norm": 0.8537939786911011}
{"event": "r44_train", "step": 2475, "sample_id": "train_marmousi_00448", "objective": 0.005332432687282562, "physical_mean": 0.001637397101148963, "physical_tail": 0.0036903503350913525, "hinge": 7.976439064805163e-08, "shape": 0.002262864727526903, "gradient_norm": 0.24344462156295776}
{"event": "r44_train", "step": 2500, "sample_id": "train_marmousi_00247", "objective": 0.005376352462917566, "physical_mean": 0.0016320261638611555, "physical_tail": 0.00371418334543705, "hinge": 1.1754382711615108e-07, "shape": 0.014953861013054848, "gradient_norm": 0.2250143438577652}
{"event": "r44_train", "step": 2525, "sample_id": "train_marmousi_00155", "objective": 0.005074787884950638, "physical_mean": 0.0019215845968574286, "physical_tail": 0.003147528041154146, "hinge": 8.838712517444947e-08, "shape": 0.002749272622168064, "gradient_norm": 0.7036177515983582}
{"event": "r44_train", "step": 2550, "sample_id": "train_marmousi_00641", "objective": 0.007126337848603725, "physical_mean": 0.0024539134465157986, "physical_tail": 0.004666872322559357, "hinge": 3.35257404060485e-08, "shape": 0.002742572920396924, "gradient_norm": 0.3901568353176117}
{"event": "r44_train", "step": 2575, "sample_id": "train_marmousi_00683", "objective": 0.002806318923830986, "physical_mean": 0.0007721049478277564, "physical_tail": 0.002025627065449953, "hinge": 2.289171334268758e-06, "shape": 0.002004221547394991, "gradient_norm": 0.6505160331726074}
{"event": "r44_train", "step": 2600, "sample_id": "train_marmousi_00559", "objective": 0.006614868529140949, "physical_mean": 0.0018909407081082463, "physical_tail": 0.004717862233519554, "hinge": 2.68952646820253e-07, "shape": 0.002763938857242465, "gradient_norm": 1.2732235193252563}
{"event": "r44_train", "step": 2625, "sample_id": "train_marmousi_00055", "objective": 0.004905962385237217, "physical_mean": 0.001731475000269711, "physical_tail": 0.0031614205799996853, "hinge": 8.214490065938662e-08, "shape": 0.006451277527958155, "gradient_norm": 0.1855800598859787}
{"event": "r44_train", "step": 2650, "sample_id": "train_marmousi_00436", "objective": 0.0053258417174220085, "physical_mean": 0.0015971206594258547, "physical_tail": 0.0037232656031847, "hinge": 8.691497299651019e-08, "shape": 0.0026409560814499855, "gradient_norm": 0.2785494327545166}
{"event": "r44_train", "step": 2675, "sample_id": "train_marmousi_00436", "objective": 0.006213930435478687, "physical_mean": 0.0026511866599321365, "physical_tail": 0.0035518796648830175, "hinge": 5.84425663419097e-09, "shape": 0.0054261223413050175, "gradient_norm": 0.06875193864107132}
{"event": "r44_train", "step": 2700, "sample_id": "train_marmousi_00155", "objective": 0.004974352195858955, "physical_mean": 0.0019184446427971125, "physical_tail": 0.0030455347150564194, "hinge": 2.3040828978082573e-07, "shape": 0.004955988377332687, "gradient_norm": 0.4880562424659729}
{"event": "r44_train", "step": 2725, "sample_id": "train_marmousi_00158", "objective": 0.007225211709737778, "physical_mean": 0.002700915327295661, "physical_tail": 0.004509752616286278, "hinge": 3.3922040643119544e-07, "shape": 0.006932535674422979, "gradient_norm": 0.4931810796260834}
{"event": "r44_train", "step": 2750, "sample_id": "train_marmousi_00581", "objective": 0.0034832502715289593, "physical_mean": 0.0009434344246983528, "physical_tail": 0.0025329533964395523, "hinge": 0.0, "shape": 0.003431281540542841, "gradient_norm": 2.0872886180877686}
{"event": "r44_train", "step": 2775, "sample_id": "train_marmousi_00558", "objective": 0.006944980937987566, "physical_mean": 0.0018616663292050362, "physical_tail": 0.005067804828286171, "hinge": 9.245471801477834e-07, "shape": 0.006830267608165741, "gradient_norm": 1.1227701902389526}
{"event": "r44_train", "step": 2800, "sample_id": "train_marmousi_00067", "objective": 0.003246498992666602, "physical_mean": 0.0010632312623783946, "physical_tail": 0.0021754212211817503, "hinge": 6.862050128120245e-08, "shape": 0.0038547383155673742, "gradient_norm": 0.25206419825553894}
{"event": "r44_train", "step": 2825, "sample_id": "train_marmousi_00247", "objective": 0.006633842829614878, "physical_mean": 0.0026211384683847427, "physical_tail": 0.003988477401435375, "hinge": 1.444604991185372e-10, "shape": 0.012113159522414207, "gradient_norm": 0.17463348805904388}
{"event": "r44_train", "step": 2850, "sample_id": "train_marmousi_00683", "objective": 0.004129237495362759, "physical_mean": 0.0013666849117726088, "physical_tail": 0.0027540866285562515, "hinge": 4.023502953032221e-08, "shape": 0.004192639607936144, "gradient_norm": 0.29527992010116577}
{"event": "r44_train", "step": 2875, "sample_id": "train_marmousi_00431", "objective": 0.004666593391448259, "physical_mean": 0.0015174143481999636, "physical_tail": 0.0031316946260631084, "hinge": 5.390680257733038e-07, "shape": 0.008203170262277126, "gradient_norm": 0.6970523595809937}
{"event": "r44_train", "step": 2900, "sample_id": "train_marmousi_00186", "objective": 0.004403671249747276, "physical_mean": 0.0013477125903591514, "physical_tail": 0.0030495880637317896, "hinge": 6.096462357163546e-07, "shape": 0.0025757448747754097, "gradient_norm": 0.30995801091194153}
{"event": "r44_train", "step": 2925, "sample_id": "train_marmousi_00641", "objective": 0.006420972291380167, "physical_mean": 0.0023540561087429523, "physical_tail": 0.004060536623001099, "hinge": 4.864828611061967e-07, "shape": 0.0027034750673919916, "gradient_norm": 0.5753525495529175}
{"event": "r44_train", "step": 2950, "sample_id": "train_marmousi_00558", "objective": 0.008683528751134872, "physical_mean": 0.002551969140768051, "physical_tail": 0.006119807716459036, "hinge": 7.553463632348212e-08, "shape": 0.005800479091703892, "gradient_norm": 0.7320805788040161}
{"event": "r44_train", "step": 2975, "sample_id": "train_marmousi_00683", "objective": 0.0032249572686851025, "physical_mean": 0.0011623325990512967, "physical_tail": 0.0020492570474743843, "hinge": 4.824153165827738e-06, "shape": 0.0018597732996568084, "gradient_norm": 0.6028042435646057}
{"event": "r44_train", "step": 3000, "sample_id": "train_marmousi_00158", "objective": 0.00662421016022563, "physical_mean": 0.00217003864236176, "physical_tail": 0.0044441488571465015, "hinge": 1.230199675461563e-08, "shape": 0.004998901858925819, "gradient_norm": 0.35695305466651917}
{"event": "r44_hard_fit_evaluation", "step": 3000, "selected_scale": 0.75, "aggregate": {"count": 32, "candidate_mean": 0.050072062273597, "candidate_max": 0.05816373316395397, "candidate_median": 0.04937475269152872, "parent_mean": 0.05063391768879659, "parent_max": 0.06615041884689205, "mean_relative_improvement": 0.011096423915937792, "max_relative_improvement": 0.1207352246918284}}
{"event": "r44_train", "step": 3025, "sample_id": "train_marmousi_00360", "objective": 0.005302273668348789, "physical_mean": 0.0018387027084827423, "physical_tail": 0.003455483354628086, "hinge": 1.0205772582594363e-07, "shape": 0.003941826988011599, "gradient_norm": 0.570183515548706}
{"event": "r44_train", "step": 3050, "sample_id": "train_marmousi_00186", "objective": 0.004632066003978252, "physical_mean": 0.0018127548974007368, "physical_tail": 0.002815058920532465, "hinge": 8.779198878983152e-07, "shape": 0.0012481613084673882, "gradient_norm": 0.6840233206748962}
{"event": "r44_train", "step": 3075, "sample_id": "train_marmousi_00347", "objective": 0.007246171124279499, "physical_mean": 0.0030550286173820496, "physical_tail": 0.0041827186942100525, "hinge": 8.977824733635842e-11, "shape": 0.004212010186165571, "gradient_norm": 0.433073490858078}
{"event": "r44_train", "step": 3100, "sample_id": "train_marmousi_00262", "objective": 0.005715669598430395, "physical_mean": 0.0015571864787489176, "physical_tail": 0.004146623890846968, "hinge": 1.2125488524361572e-07, "shape": 0.005808147136121988, "gradient_norm": 0.6600010991096497}
{"event": "r44_train", "step": 3125, "sample_id": "train_marmousi_00559", "objective": 0.0071912892162799835, "physical_mean": 0.002005151007324457, "physical_tail": 0.005177682265639305, "hinge": 6.16386282292769e-12, "shape": 0.004228017292916775, "gradient_norm": 0.5032240152359009}
{"event": "r44_train", "step": 3150, "sample_id": "train_marmousi_00636", "objective": 0.0059053110890090466, "physical_mean": 0.0019789026118814945, "physical_tail": 0.003916160203516483, "hinge": 4.761112109008536e-07, "shape": 0.004647938068956137, "gradient_norm": 0.7254830598831177}
{"event": "r44_train", "step": 3175, "sample_id": "train_marmousi_00262", "objective": 0.005130389239639044, "physical_mean": 0.0015349190216511488, "physical_tail": 0.003576626069843769, "hinge": 1.843125346567831e-06, "shape": 0.007578818127512932, "gradient_norm": 0.8344000577926636}
{"event": "r44_train", "step": 3200, "sample_id": "train_marmousi_00247", "objective": 0.00487181730568409, "physical_mean": 0.0018157584127038717, "physical_tail": 0.003042639698833227, "hinge": 2.223936519385461e-07, "shape": 0.006487279664725065, "gradient_norm": 0.49149206280708313}
{"event": "r44_train", "step": 3225, "sample_id": "train_marmousi_00524", "objective": 0.0067239003255963326, "physical_mean": 0.0017750243423506618, "physical_tail": 0.004922037944197655, "hinge": 3.355982602926133e-09, "shape": 0.013415608555078506, "gradient_norm": 0.1428464949131012}
{"event": "r44_train", "step": 3250, "sample_id": "train_marmousi_00360", "objective": 0.0053278254345059395, "physical_mean": 0.001698112697340548, "physical_tail": 0.0036215423606336117, "hinge": 3.221133582087532e-08, "shape": 0.004053154960274696, "gradient_norm": 0.12775735557079315}
{"event": "r44_train", "step": 3275, "sample_id": "train_marmousi_00155", "objective": 0.004741677548736334, "physical_mean": 0.001519999117590487, "physical_tail": 0.0032112295739352703, "hinge": 2.2509835773121267e-08, "shape": 0.005201829597353935, "gradient_norm": 0.23026476800441742}
{"event": "r44_train", "step": 3300, "sample_id": "train_layered_00637", "objective": 0.009408822283148766, "physical_mean": 0.0019505618838593364, "physical_tail": 0.007448082789778709, "hinge": 0.0, "shape": 0.0050886329263448715, "gradient_norm": 12.008591651916504}
{"event": "r44_train", "step": 3325, "sample_id": "train_marmousi_00428", "objective": 0.005537073593586683, "physical_mean": 0.0014103333232924342, "physical_tail": 0.004113676957786083, "hinge": 1.215905456319888e-07, "shape": 0.006410045549273491, "gradient_norm": 0.2375061810016632}
{"event": "r44_train", "step": 3350, "sample_id": "train_marmousi_00428", "objective": 0.0025807840283960104, "physical_mean": 0.0006729409215040505, "physical_tail": 0.0018869107589125633, "hinge": 6.650353157056088e-07, "shape": 0.009801086038351059, "gradient_norm": 0.7257406711578369}
{"event": "r44_train", "step": 3375, "sample_id": "train_marmousi_00332", "objective": 0.006885097827762365, "physical_mean": 0.0026956151705235243, "physical_tail": 0.004178342875093222, "hinge": 6.407922796825005e-07, "shape": 0.004929202608764172, "gradient_norm": 0.8429613709449768}
{"event": "r44_train", "step": 3400, "sample_id": "train_marmousi_00186", "objective": 0.004120935685932636, "physical_mean": 0.0017031801398843527, "physical_tail": 0.002411112654954195, "hinge": 2.4922201191657223e-07, "shape": 0.0030724266543984413, "gradient_norm": 0.09185339510440826}
{"event": "r44_train", "step": 3425, "sample_id": "train_marmousi_00558", "objective": 0.012434236705303192, "physical_mean": 0.004308701492846012, "physical_tail": 0.008120901882648468, "hinge": 1.7397987051026576e-08, "shape": 0.002299343468621373, "gradient_norm": 0.1703004688024521}
{"event": "r44_train", "step": 3450, "sample_id": "train_marmousi_00429", "objective": 0.005111232865601778, "physical_mean": 0.0017811954021453857, "physical_tail": 0.0033207074739038944, "hinge": 1.6730371044104686e-06, "shape": 0.0029919659718871117, "gradient_norm": 0.33032408356666565}
{"event": "r44_train", "step": 3475, "sample_id": "train_marmousi_00448", "objective": 0.004947346169501543, "physical_mean": 0.0013692995999008417, "physical_tail": 0.0035680709406733513, "hinge": 2.6325412960659378e-08, "shape": 0.00496160751208663, "gradient_norm": 0.6035261154174805}
{"event": "r44_train", "step": 3500, "sample_id": "train_marmousi_00332", "objective": 0.006493051070719957, "physical_mean": 0.002214500680565834, "physical_tail": 0.004268086515367031, "hinge": 1.4989424812483776e-08, "shape": 0.005217105150222778, "gradient_norm": 0.342038631439209}
{"event": "r44_train", "step": 3525, "sample_id": "train_marmousi_00345", "objective": 0.009222656488418579, "physical_mean": 0.0032370095141232014, "physical_tail": 0.005980290472507477, "hinge": 7.509149213547062e-08, "shape": 0.0026033539324998856, "gradient_norm": 0.37109240889549255}
{"event": "r44_train", "step": 3550, "sample_id": "train_marmousi_00429", "objective": 0.005322269629687071, "physical_mean": 0.001657448010519147, "physical_tail": 0.00365280918776989, "hinge": 1.0667173455658485e-06, "shape": 0.0049394601956009865, "gradient_norm": 1.014902114868164}
{"event": "r44_train", "step": 3575, "sample_id": "train_marmousi_00448", "objective": 0.005688299424946308, "physical_mean": 0.0016035884618759155, "physical_tail": 0.004079618025571108, "hinge": 2.4892869987525046e-07, "shape": 0.002297578379511833, "gradient_norm": 0.6105062365531921}
{"event": "r44_train", "step": 3600, "sample_id": "train_marmousi_00524", "objective": 0.006681355182081461, "physical_mean": 0.002371764974668622, "physical_tail": 0.004297273233532906, "hinge": 3.075036829613964e-07, "shape": 0.005851109512150288, "gradient_norm": 0.09147602319717407}
{"event": "r44_train", "step": 3625, "sample_id": "train_marmousi_00429", "objective": 0.0059201461263000965, "physical_mean": 0.0019063495565205812, "physical_tail": 0.004001985304057598, "hinge": 1.3878411309065086e-08, "shape": 0.005891893990337849, "gradient_norm": 0.22054968774318695}
{"event": "r44_train", "step": 3650, "sample_id": "train_marmousi_00448", "objective": 0.004806370474398136, "physical_mean": 0.0014041676186025143, "physical_tail": 0.003391275415197015, "hinge": 5.069404664936883e-07, "shape": 0.004956797696650028, "gradient_norm": 1.0275801420211792}
{"event": "r44_train", "step": 3675, "sample_id": "train_layered_01108", "objective": 0.005311612971127033, "physical_mean": 0.002143229590728879, "physical_tail": 0.0031420954037457705, "hinge": 9.816793863137718e-06, "shape": 0.003327133832499385, "gradient_norm": 2.070168972015381}
{"event": "r44_train", "step": 3700, "sample_id": "train_marmousi_00055", "objective": 0.005882333032786846, "physical_mean": 0.002297423081472516, "physical_tail": 0.003573944326490164, "hinge": 1.3175379365293338e-07, "shape": 0.0053509813733398914, "gradient_norm": 0.12288842350244522}
{"event": "r44_train", "step": 3725, "sample_id": "train_marmousi_00445", "objective": 0.0059446729719638824, "physical_mean": 0.0019916044548153877, "physical_tail": 0.003939718008041382, "hinge": 6.772191696313712e-10, "shape": 0.006674609147012234, "gradient_norm": 0.2382929027080536}
{"event": "r44_train", "step": 3750, "sample_id": "train_marmousi_00141", "objective": 0.006639167666435242, "physical_mean": 0.0025415264535695314, "physical_tail": 0.004096116870641708, "hinge": 0.0, "shape": 0.0007622120901942253, "gradient_norm": 0.5000852346420288}
{"event": "r44_train", "step": 3775, "sample_id": "train_marmousi_00262", "objective": 0.007368572987616062, "physical_mean": 0.0028023868799209595, "physical_tail": 0.004563445225358009, "hinge": 1.223984440912318e-06, "shape": 0.00014633899263571948, "gradient_norm": 1.9549216032028198}
{"event": "r44_train", "step": 3800, "sample_id": "train_marmousi_00345", "objective": 0.006328526884317398, "physical_mean": 0.0019985991530120373, "physical_tail": 0.0043117692694067955, "hinge": 1.6047637885208133e-08, "shape": 0.009063256904482841, "gradient_norm": 0.15173789858818054}
{"event": "r44_train", "step": 3825, "sample_id": "train_marmousi_00158", "objective": 0.007115942891687155, "physical_mean": 0.0025710836052894592, "physical_tail": 0.004527921788394451, "hinge": 8.249890015576966e-07, "shape": 0.007643889635801315, "gradient_norm": 0.6078032851219177}
{"event": "r44_train", "step": 3850, "sample_id": "train_layered_01108", "objective": 0.0063401334919035435, "physical_mean": 0.0017727327067404985, "physical_tail": 0.0045492504723370075, "hinge": 6.389721875166288e-06, "shape": 0.0026852269656956196, "gradient_norm": 1.1343121528625488}
{"event": "r44_train", "step": 3875, "sample_id": "train_marmousi_00445", "objective": 0.0051893857307732105, "physical_mean": 0.0017525635194033384, "physical_tail": 0.00342181115411222, "hinge": 1.332385579644324e-07, "shape": 0.007372299209237099, "gradient_norm": 0.7351516485214233}
{"event": "r44_train", "step": 3900, "sample_id": "train_marmousi_00641", "objective": 0.007013516500592232, "physical_mean": 0.0020787788089364767, "physical_tail": 0.004922856576740742, "hinge": 2.0619281713152304e-06, "shape": 0.003878495190292597, "gradient_norm": 1.1208492517471313}
{"event": "r44_train", "step": 3925, "sample_id": "train_marmousi_00247", "objective": 0.0051245251670479774, "physical_mean": 0.0018142641056329012, "physical_tail": 0.0032908013090491295, "hinge": 1.3475233799908892e-06, "shape": 0.008382401429116726, "gradient_norm": 0.88686603307724}
{"event": "r44_train", "step": 3950, "sample_id": "train_layered_00637", "objective": 0.00674536032602191, "physical_mean": 0.0016151436138898134, "physical_tail": 0.005122466944158077, "hinge": 0.0, "shape": 0.0038749317172914743, "gradient_norm": 7.819507122039795}
{"event": "r44_train", "step": 3975, "sample_id": "train_marmousi_00179", "objective": 0.004122246988117695, "physical_mean": 0.0014804857783019543, "physical_tail": 0.0026332903653383255, "hinge": 7.244783972737423e-08, "shape": 0.004163007251918316, "gradient_norm": 0.026723375543951988}
{"event": "r44_train", "step": 4000, "sample_id": "train_marmousi_00429", "objective": 0.0041286335326731205, "physical_mean": 0.0014737163437530398, "physical_tail": 0.0026440350338816643, "hinge": 9.776376828085631e-07, "shape": 0.004463406279683113, "gradient_norm": 1.3414194583892822}
{"event": "r44_hard_fit_evaluation", "step": 4000, "selected_scale": 0.5, "aggregate": {"count": 32, "candidate_mean": 0.04992034227522131, "candidate_max": 0.05816670439029117, "candidate_median": 0.04935889725081716, "parent_mean": 0.05063391768879659, "parent_max": 0.06615041884689205, "mean_relative_improvement": 0.01409283433213715, "max_relative_improvement": 0.12069030847831097}}
{"event": "r44_train", "step": 4025, "sample_id": "train_marmousi_00524", "objective": 0.007443865295499563, "physical_mean": 0.0026113144122064114, "physical_tail": 0.004824318923056126, "hinge": 5.745006959045895e-08, "shape": 0.004058359190821648, "gradient_norm": 0.5717665553092957}
{"event": "r44_train", "step": 4050, "sample_id": "train_marmousi_00262", "objective": 0.004163803532719612, "physical_mean": 0.0012116958387196064, "physical_tail": 0.0029283231124281883, "hinge": 4.679873821800129e-09, "shape": 0.011887669563293457, "gradient_norm": 0.16574646532535553}
{"event": "r44_train", "step": 4075, "sample_id": "train_marmousi_00067", "objective": 0.0034898819867521524, "physical_mean": 0.0011047482257708907, "physical_tail": 0.0023790979757905006, "hinge": 3.5167039413863677e-07, "shape": 0.0026661986485123634, "gradient_norm": 0.670216977596283}
{"event": "r44_train", "step": 4100, "sample_id": "train_layered_00540", "objective": 0.010849987156689167, "physical_mean": 0.004367242567241192, "physical_tail": 0.006437151692807674, "hinge": 2.254721403005533e-05, "shape": 0.00024911074433475733, "gradient_norm": 5.148826599121094}
{"event": "r44_train", "step": 4125, "sample_id": "train_marmousi_00055", "objective": 0.005106424912810326, "physical_mean": 0.0016830398235470057, "physical_tail": 0.003414342412725091, "hinge": 5.836029970396339e-08, "shape": 0.0044629392214119434, "gradient_norm": 0.32823464274406433}
{"event": "r44_train", "step": 4150, "sample_id": "train_marmousi_00179", "objective": 0.0049444325268268585, "physical_mean": 0.0020230994559824467, "physical_tail": 0.00291517935693264, "hinge": 1.8392034917269484e-07, "shape": 0.00289283599704504, "gradient_norm": 0.2786615788936615}
{"event": "r44_train", "step": 4175, "sample_id": "train_marmousi_00683", "objective": 0.0033433125354349613, "physical_mean": 0.001189025933854282, "physical_tail": 0.002145149279385805, "hinge": 2.596691956568975e-06, "shape": 0.001971910474821925, "gradient_norm": 0.2748169004917145}
{"event": "r44_train", "step": 4200, "sample_id": "train_marmousi_00158", "objective": 0.008483272977173328, "physical_mean": 0.003471235278993845, "physical_tail": 0.0049941642209887505, "hinge": 3.8930143553272956e-09, "shape": 0.008932751603424549, "gradient_norm": 0.016262169927358627}
{"event": "r44_train", "step": 4225, "sample_id": "train_marmousi_00586", "objective": 0.004799193702638149, "physical_mean": 0.0014980249106884003, "physical_tail": 0.0032890012953430414, "hinge": 1.2077319411218923e-07, "shape": 0.005962937138974667, "gradient_norm": 0.07367726415395737}
{"event": "r44_train", "step": 4250, "sample_id": "train_marmousi_00055", "objective": 0.005851703230291605, "physical_mean": 0.0022441500332206488, "physical_tail": 0.0036038272082805634, "hinge": 5.094517030457268e-10, "shape": 0.0018623211653903127, "gradient_norm": 0.3629978895187378}
{"event": "r44_train", "step": 4275, "sample_id": "train_marmousi_00179", "objective": 0.002706340979784727, "physical_mean": 0.0007792114047333598, "physical_tail": 0.0019156350754201412, "hinge": 1.7867675694560603e-07, "shape": 0.005568497348576784, "gradient_norm": 0.21480634808540344}
{"event": "r44_train", "step": 4300, "sample_id": "train_marmousi_00158", "objective": 0.007161094341427088, "physical_mean": 0.002270900644361973, "physical_tail": 0.004883399698883295, "hinge": 7.983825867086125e-08, "shape": 0.0033170951064676046, "gradient_norm": 0.27410462498664856}
{"event": "r44_train", "step": 4325, "sample_id": "train_marmousi_00559", "objective": 0.003957296721637249, "physical_mean": 0.0010496634058654308, "physical_tail": 0.0028986898250877857, "hinge": 3.5260697472949687e-07, "shape": 0.00411931611597538, "gradient_norm": 1.2530298233032227}
{"event": "r44_train", "step": 4350, "sample_id": "train_marmousi_00345", "objective": 0.01122012548148632, "physical_mean": 0.00307834311388433, "physical_tail": 0.008133705705404282, "hinge": 5.802255600428907e-07, "shape": 0.003458187449723482, "gradient_norm": 0.9127892255783081}
{"event": "r44_train", "step": 4375, "sample_id": "train_marmousi_00636", "objective": 0.004430550150573254, "physical_mean": 0.001763099106028676, "physical_tail": 0.0026596160605549812, "hinge": 1.61216894412064e-06, "shape": 0.0023055002093315125, "gradient_norm": 1.40911066532135}
{"event": "r44_train", "step": 4400, "sample_id": "train_marmousi_00067", "objective": 0.00428416533395648, "physical_mean": 0.001269067171961069, "physical_tail": 0.0030093854293227196, "hinge": 3.2889059298213397e-07, "shape": 0.0025274688377976418, "gradient_norm": 0.30002325773239136}
{"event": "r44_train", "step": 4425, "sample_id": "train_layered_00540", "objective": 0.0024323666002601385, "physical_mean": 0.000736754504032433, "physical_tail": 0.0016775536350905895, "hinge": 6.222335091621289e-09, "shape": 0.009023068472743034, "gradient_norm": 0.162950798869133}
{"event": "r44_train", "step": 4450, "sample_id": "train_marmousi_00445", "objective": 0.0062439837493002415, "physical_mean": 0.0022041918709874153, "physical_tail": 0.004035850986838341, "hinge": 1.6754496812154684e-07, "shape": 0.0018027648329734802, "gradient_norm": 0.9141492247581482}
{"event": "r44_train", "step": 4475, "sample_id": "train_marmousi_00179", "objective": 0.004699190147221088, "physical_mean": 0.0018158922903239727, "physical_tail": 0.002880373504012823, "hinge": 1.1586420214371174e-06, "shape": 0.0003037096175830811, "gradient_norm": 0.48991623520851135}
{"event": "r44_train", "step": 4500, "sample_id": "train_marmousi_00262", "objective": 0.00733979232609272, "physical_mean": 0.002111125038936734, "physical_tail": 0.005210621282458305, "hinge": 2.381259252282053e-11, "shape": 0.009023175574839115, "gradient_norm": 1.8430370092391968}
{"event": "r44_train", "step": 4525, "sample_id": "train_marmousi_00186", "objective": 0.004305384121835232, "physical_mean": 0.0014323897194117308, "physical_tail": 0.0028672823682427406, "hinge": 1.8530714385178726e-07, "shape": 0.002670586109161377, "gradient_norm": 0.1750345081090927}
{"event": "r44_train", "step": 4550, "sample_id": "train_marmousi_00524", "objective": 0.008741709403693676, "physical_mean": 0.00362072279676795, "physical_tail": 0.005117788910865784, "hinge": 1.4842993500963075e-09, "shape": 0.00159744662232697, "gradient_norm": 0.1413247138261795}
{"event": "r44_train", "step": 4575, "sample_id": "train_marmousi_00360", "objective": 0.005077258218079805, "physical_mean": 0.0016425318317487836, "physical_tail": 0.0034240593668073416, "hinge": 2.506488172571153e-08, "shape": 0.005308253690600395, "gradient_norm": 0.1323297768831253}
{"event": "r44_train", "step": 4600, "sample_id": "train_marmousi_00345", "objective": 0.007279304787516594, "physical_mean": 0.001759334234520793, "physical_tail": 0.005505603272467852, "hinge": 1.9448202692728955e-06, "shape": 0.005238900892436504, "gradient_norm": 0.5412384867668152}
{"event": "r44_train", "step": 4625, "sample_id": "train_layered_00637", "objective": 0.005446672439575195, "physical_mean": 0.0011745447991415858, "physical_tail": 0.0042593940161168575, "hinge": 0.0, "shape": 0.006366809364408255, "gradient_norm": 6.263524532318115}
{"event": "r44_train", "step": 4650, "sample_id": "train_marmousi_00247", "objective": 0.0032359380275011063, "physical_mean": 0.0010980700608342886, "physical_tail": 0.002105073072016239, "hinge": 2.751841350345785e-07, "shape": 0.016122231259942055, "gradient_norm": 0.1593254953622818}
{"event": "r44_train", "step": 4675, "sample_id": "train_marmousi_00559", "objective": 0.007444983348250389, "physical_mean": 0.0031243236735463142, "physical_tail": 0.004317852668464184, "hinge": 1.4994306241078448e-07, "shape": 0.001253642374649644, "gradient_norm": 2.189054012298584}
{"event": "r44_train", "step": 4700, "sample_id": "train_marmousi_00558", "objective": 0.006697945296764374, "physical_mean": 0.0022168620489537716, "physical_tail": 0.004468855913728476, "hinge": 6.767772333660105e-07, "shape": 0.00543690100312233, "gradient_norm": 0.13011498749256134}
{"event": "r44_train", "step": 4725, "sample_id": "train_marmousi_00448", "objective": 0.005175321362912655, "physical_mean": 0.0016858652234077454, "physical_tail": 0.0034825571347028017, "hinge": 4.70872947744283e-07, "shape": 0.0029787744861096144, "gradient_norm": 0.870415985584259}
{"event": "r44_train", "step": 4750, "sample_id": "train_marmousi_00345", "objective": 0.011405181139707565, "physical_mean": 0.0033370289020240307, "physical_tail": 0.0080522820353508, "hinge": 6.251266313483939e-07, "shape": 0.007309729233384132, "gradient_norm": 0.47387969493865967}
{"event": "r44_train", "step": 4775, "sample_id": "train_marmousi_00686", "objective": 0.0051233298145234585, "physical_mean": 0.0016984703252092004, "physical_tail": 0.0034139608033001423, "hinge": 1.0182059639873842e-07, "shape": 0.005347605794668198, "gradient_norm": 0.06694015115499496}
{"event": "r44_train", "step": 4800, "sample_id": "train_marmousi_00141", "objective": 0.004792888183146715, "physical_mean": 0.001620498369447887, "physical_tail": 0.0031659507658332586, "hinge": 0.0, "shape": 0.0032196545507758856, "gradient_norm": 0.23900777101516724}
{"event": "r44_train", "step": 4825, "sample_id": "train_marmousi_00641", "objective": 0.004628657829016447, "physical_mean": 0.0015895301476120949, "physical_tail": 0.0030295813921839, "hinge": 3.9967409293240053e-07, "shape": 0.004373583476990461, "gradient_norm": 0.4702133238315582}
{"event": "r44_train", "step": 4850, "sample_id": "train_marmousi_00155", "objective": 0.006009794771671295, "physical_mean": 0.0024756346829235554, "physical_tail": 0.003528913250193, "hinge": 2.880253191506199e-07, "shape": 0.0023354454897344112, "gradient_norm": 1.633621096611023}
{"event": "r44_train", "step": 4875, "sample_id": "train_marmousi_00428", "objective": 0.003796348813921213, "physical_mean": 0.0010976047487929463, "physical_tail": 0.002684124046936631, "hinge": 1.4847424267827591e-07, "shape": 0.007161532063037157, "gradient_norm": 0.11552334576845169}
{"event": "r44_train", "step": 4900, "sample_id": "train_marmousi_00186", "objective": 0.004405096638947725, "physical_mean": 0.00144112017005682, "physical_tail": 0.002962791593745351, "hinge": 4.25694736350124e-07, "shape": 0.000167002814123407, "gradient_norm": 0.409706711769104}
{"event": "r44_train", "step": 4925, "sample_id": "train_marmousi_00683", "objective": 0.0034239969681948423, "physical_mean": 0.0009968953672796488, "physical_tail": 0.0024151774123311043, "hinge": 2.9887614800827578e-06, "shape": 0.002973340917378664, "gradient_norm": 0.7689312696456909}
{"event": "r44_train", "step": 4950, "sample_id": "train_marmousi_00559", "objective": 0.006549273617565632, "physical_mean": 0.002047122921794653, "physical_tail": 0.004497113637626171, "hinge": 1.4831294947725837e-07, "shape": 0.0023703202605247498, "gradient_norm": 1.8400747776031494}
{"event": "r44_train", "step": 4975, "sample_id": "train_marmousi_00186", "objective": 0.004828232806175947, "physical_mean": 0.0017971666529774666, "physical_tail": 0.003025792073458433, "hinge": 1.6445345636384445e-06, "shape": 0.000992478453554213, "gradient_norm": 1.4958970546722412}
{"event": "r44_train", "step": 5000, "sample_id": "train_marmousi_00448", "objective": 0.006207653321325779, "physical_mean": 0.002478347159922123, "physical_tail": 0.003722118679434061, "hinge": 3.531365067033221e-08, "shape": 0.003558423835784197, "gradient_norm": 0.1939491629600525}
{"event": "r44_hard_fit_evaluation", "step": 5000, "selected_scale": 0.5, "aggregate": {"count": 32, "candidate_mean": 0.049561581862459625, "candidate_max": 0.058135422435878555, "candidate_median": 0.04902409994541905, "parent_mean": 0.05063391768879659, "parent_max": 0.06615041884689205, "mean_relative_improvement": 0.02117821166688494, "max_relative_improvement": 0.12116319973067047}}
{"event": "r44_complete", "output": "/root/autodl-tmp/work/FNO-Acoustic-Wave-Simulation/grouped-dual-head-v2/results/r44_physical_space_capacity_hard32_w48_v3_20260828.json", "checkpoint": "/root/autodl-tmp/work/FNO-Acoustic-Wave-Simulation/grouped-dual-head-v2/results/r44_physical_space_capacity_hard32_w48_v3_20260828.pt", "selected_scale": 0.0, "aggregate": {"count": 56, "candidate_mean": 0.020046478302280728, "candidate_max": 0.06584256844896734, "candidate_median": 0.01515194164098907, "parent_mean": 0.020046478302280728, "parent_max": 0.06584256844896734, "mean_relative_improvement": 0.0, "max_relative_improvement": 0.0}, "absolute_goal": {"mean_lte_0p05": true, "max_lte_0p05": false, "passed": false}}
