{"event": "r44_train", "step": 1, "sample_id": "train_marmousi_00158", "objective": 0.007719391956925392, "physical_mean": 0.003063610289245844, "physical_tail": 0.00465191388502717, "hinge": 0.0, "shape": 0.00193396070972085, "gradient_norm": 0.18623752892017365}
{"event": "r44_train", "step": 25, "sample_id": "train_layered_00540", "objective": 0.023172760382294655, "physical_mean": 0.006674693897366524, "physical_tail": 0.01391996257007122, "hinge": 0.001288234838284552, "shape": 0.0008171657100319862, "gradient_norm": 159.86920166015625}
{"event": "r44_train", "step": 50, "sample_id": "train_layered_00637", "objective": 0.014087820425629616, "physical_mean": 0.0031842426396906376, "physical_tail": 0.010888545773923397, "hinge": 1.420804665031028e-06, "shape": 0.006095118820667267, "gradient_norm": 12.835742950439453}
{"event": "r44_train", "step": 75, "sample_id": "train_layered_00637", "objective": 0.009066140279173851, "physical_mean": 0.001901403651572764, "physical_tail": 0.0071508814580738544, "hinge": 2.1508206771159166e-07, "shape": 0.006712446920573711, "gradient_norm": 2.3924436569213867}
{"event": "r44_train", "step": 100, "sample_id": "train_marmousi_00558", "objective": 0.010498147457838058, "physical_mean": 0.003093462437391281, "physical_tail": 0.007392429746687412, "hinge": 7.275058351297048e-07, "shape": 0.005400361958891153, "gradient_norm": 1.8795604705810547}
{"event": "r44_train", "step": 125, "sample_id": "train_marmousi_00524", "objective": 0.0072710695676505566, "physical_mean": 0.0019751903600990772, "physical_tail": 0.005279921926558018, "hinge": 3.0467620035778964e-06, "shape": 0.0049319216050207615, "gradient_norm": 2.476149082183838}
{"event": "r44_train", "step": 150, "sample_id": "train_marmousi_00524", "objective": 0.005841725971549749, "physical_mean": 0.0014827256090939045, "physical_tail": 0.004330546595156193, "hinge": 4.0468908224511324e-08, "shape": 0.014186273328959942, "gradient_norm": 0.7548364400863647}
{"event": "r44_train", "step": 175, "sample_id": "train_marmousi_00158", "objective": 0.00637368718162179, "physical_mean": 0.0024989149533212185, "physical_tail": 0.0038697225973010063, "hinge": 2.568275476733106e-07, "shape": 0.0022679725661873817, "gradient_norm": 1.2285693883895874}
{"event": "r44_train", "step": 200, "sample_id": "train_marmousi_00347", "objective": 0.006806834600865841, "physical_mean": 0.0020480507519096136, "physical_tail": 0.004741154611110687, "hinge": 2.2902723628703825e-07, "shape": 0.008585402742028236, "gradient_norm": 0.3584035336971283}
{"event": "r44_train", "step": 225, "sample_id": "train_layered_00540", "objective": 0.006997046992182732, "physical_mean": 0.0024971305392682552, "physical_tail": 0.004451611079275608, "hinge": 2.2919180992175825e-05, "shape": 0.0012335361680015922, "gradient_norm": 10.923376083374023}
{"event": "r44_train", "step": 250, "sample_id": "train_layered_00540", "objective": 0.0055439588613808155, "physical_mean": 0.0018028563354164362, "physical_tail": 0.0037018831353634596, "hinge": 1.7311063857050613e-05, "shape": 0.0022987481206655502, "gradient_norm": 9.543426513671875}
{"event": "r44_hard_fit_evaluation", "step": 250, "selected_scale": 0.25, "aggregate": {"count": 8, "candidate_mean": 0.05722385621126504, "candidate_max": 0.06614079414523255, "candidate_median": 0.055847243339637344, "parent_mean": 0.05721937812083184, "parent_max": 0.06615041884689205, "mean_relative_improvement": -7.826178089076485e-05, "max_relative_improvement": 0.00014549721418655182}}
{"event": "r44_train", "step": 275, "sample_id": "train_marmousi_00347", "objective": 0.0077562821097671986, "physical_mean": 0.002901301719248295, "physical_tail": 0.004841165151447058, "hinge": 8.569509759581706e-07, "shape": 0.006050665397197008, "gradient_norm": 1.2219051122665405}
{"event": "r44_train", "step": 300, "sample_id": "train_marmousi_00581", "objective": 0.007815083488821983, "physical_mean": 0.0021117799915373325, "physical_tail": 0.005685111973434687, "hinge": 5.469221832754556e-06, "shape": 0.003626445075497031, "gradient_norm": 1.38200044631958}
{"event": "r44_train", "step": 325, "sample_id": "train_marmousi_00345", "objective": 0.009173087775707245, "physical_mean": 0.00245480053126812, "physical_tail": 0.00669610220938921, "hinge": 1.3265622378355602e-08, "shape": 0.011079693213105202, "gradient_norm": 0.17508269846439362}
{"event": "r44_train", "step": 350, "sample_id": "train_marmousi_00558", "objective": 0.010134871117770672, "physical_mean": 0.003097747452557087, "physical_tail": 0.007030647248029709, "hinge": 9.30157284528832e-07, "shape": 0.002308246912434697, "gradient_norm": 1.8270729780197144}
{"event": "r44_train", "step": 375, "sample_id": "train_layered_00540", "objective": 0.010655329562723637, "physical_mean": 0.003270775079727173, "physical_tail": 0.007378151640295982, "hinge": 1.602420667268234e-07, "shape": 0.0030411917250603437, "gradient_norm": 2.7325572967529297}
{"event": "r44_train", "step": 400, "sample_id": "train_marmousi_00524", "objective": 0.0038960808888077736, "physical_mean": 0.0010133689502254128, "physical_tail": 0.0028653996996581554, "hinge": 1.1364184047124581e-06, "shape": 0.007519717328250408, "gradient_norm": 1.2646081447601318}
{"event": "r44_train", "step": 425, "sample_id": "train_layered_00637", "objective": 0.004830070771276951, "physical_mean": 0.0010163758415728807, "physical_tail": 0.0037978494074195623, "hinge": 0.0, "shape": 0.007922815158963203, "gradient_norm": 0.8499613404273987}
{"event": "r44_train", "step": 450, "sample_id": "train_marmousi_00158", "objective": 0.007614367175847292, "physical_mean": 0.0027480232529342175, "physical_tail": 0.004851258359849453, "hinge": 2.414559219232615e-07, "shape": 0.007301424629986286, "gradient_norm": 0.6981222033500671}
{"event": "r44_train", "step": 475, "sample_id": "train_marmousi_00524", "objective": 0.0070381807163357735, "physical_mean": 0.0020052529871463776, "physical_tail": 0.0050185564905405045, "hinge": 2.0122270427691547e-07, "shape": 0.006984441541135311, "gradient_norm": 0.5927753448486328}
{"event": "r44_train", "step": 500, "sample_id": "train_marmousi_00524", "objective": 0.007058806251734495, "physical_mean": 0.0025100240018218756, "physical_tail": 0.004537718370556831, "hinge": 2.850775331353361e-07, "shape": 0.005246742628514767, "gradient_norm": 0.6053923964500427}
{"event": "r44_hard_fit_evaluation", "step": 500, "selected_scale": 1.0, "aggregate": {"count": 8, "candidate_mean": 0.05720812060314599, "candidate_max": 0.06470563249575705, "candidate_median": 0.05612111211961042, "parent_mean": 0.05721937812083184, "parent_max": 0.06615041884689205, "mean_relative_improvement": 0.0001967430974533224, "max_relative_improvement": 0.021840925217405216}}
{"event": "r44_train", "step": 525, "sample_id": "train_marmousi_00558", "objective": 0.008683073334395885, "physical_mean": 0.0027263020165264606, "physical_tail": 0.005937795154750347, "hinge": 5.8238629208062775e-06, "shape": 0.0036640071775764227, "gradient_norm": 0.2384224236011505}
{"event": "r44_train", "step": 550, "sample_id": "train_marmousi_00345", "objective": 0.006842433474957943, "physical_mean": 0.0019145498517900705, "physical_tail": 0.00490921875461936, "hinge": 3.076472694374388e-06, "shape": 0.006256031803786755, "gradient_norm": 0.7004473209381104}
{"event": "r44_train", "step": 575, "sample_id": "train_marmousi_00347", "objective": 0.008441067300736904, "physical_mean": 0.003455917350947857, "physical_tail": 0.004974840674549341, "hinge": 2.042578586269883e-07, "shape": 0.004949792288243771, "gradient_norm": 2.3430142402648926}
{"event": "r44_train", "step": 600, "sample_id": "train_marmousi_00558", "objective": 0.008142468519508839, "physical_mean": 0.0025533358566462994, "physical_tail": 0.005580969154834747, "hinge": 5.997296170789923e-07, "shape": 0.0034818355925381184, "gradient_norm": 0.8216593861579895}
{"event": "r44_train", "step": 625, "sample_id": "train_layered_00540", "objective": 0.004934454336762428, "physical_mean": 0.001648196019232273, "physical_tail": 0.003269243985414505, "hinge": 3.9945821299625095e-06, "shape": 0.004512457177042961, "gradient_norm": 2.753641366958618}
{"event": "r44_train", "step": 650, "sample_id": "train_marmousi_00524", "objective": 0.00637179845944047, "physical_mean": 0.0017424332909286022, "physical_tail": 0.004606399219483137, "hinge": 1.5368599406428984e-06, "shape": 0.009946114383637905, "gradient_norm": 0.5008009672164917}
{"event": "r44_train", "step": 675, "sample_id": "train_marmousi_00558", "objective": 0.0060446434654295444, "physical_mean": 0.002194618573412299, "physical_tail": 0.003841368481516838, "hinge": 7.378313853223517e-07, "shape": 0.003590218722820282, "gradient_norm": 3.3911924362182617}
{"event": "r44_train", "step": 700, "sample_id": "train_marmousi_00347", "objective": 0.00743322866037488, "physical_mean": 0.0021723099052906036, "physical_tail": 0.005241346079856157, "hinge": 1.1006184195139213e-06, "shape": 0.0086858244612813, "gradient_norm": 0.6060311198234558}
{"event": "r44_train", "step": 725, "sample_id": "train_marmousi_00347", "objective": 0.00653798459097743, "physical_mean": 0.0020680618472397327, "physical_tail": 0.004450375214219093, "hinge": 6.512328809549217e-07, "shape": 0.00912258867174387, "gradient_norm": 0.39710527658462524}
{"event": "r44_train", "step": 750, "sample_id": "train_marmousi_00347", "objective": 0.007657900918275118, "physical_mean": 0.0029567067977041006, "physical_tail": 0.004685923457145691, "hinge": 0.0, "shape": 0.007635251618921757, "gradient_norm": 0.43063169717788696}
{"event": "r44_hard_fit_evaluation", "step": 750, "selected_scale": 0.75, "aggregate": {"count": 8, "candidate_mean": 0.05608619072508963, "candidate_max": 0.05826205304458204, "candidate_median": 0.05569021928239616, "parent_mean": 0.05721937812083184, "parent_max": 0.06615041884689205, "mean_relative_improvement": 0.019804259203048735, "max_relative_improvement": 0.11924891693532524}}
{"event": "r44_train", "step": 775, "sample_id": "train_marmousi_00558", "objective": 0.007216302212327719, "physical_mean": 0.0017388113774359226, "physical_tail": 0.0054479800164699554, "hinge": 9.669211067375727e-06, "shape": 0.005086106713861227, "gradient_norm": 0.9910697937011719}
{"event": "r44_train", "step": 800, "sample_id": "train_marmousi_00345", "objective": 0.008979415521025658, "physical_mean": 0.0029333089478313923, "physical_tail": 0.006025847978889942, "hinge": 4.423005520948209e-06, "shape": 0.005706030409783125, "gradient_norm": 0.6396527886390686}
{"event": "r44_train", "step": 825, "sample_id": "train_layered_00540", "objective": 0.006324474699795246, "physical_mean": 0.001977178268134594, "physical_tail": 0.003990773111581802, "hinge": 0.00017643894534558058, "shape": 0.0018226176034659147, "gradient_norm": 21.246347427368164}
{"event": "r44_train", "step": 850, "sample_id": "train_layered_00540", "objective": 0.009768027812242508, "physical_mean": 0.00318317674100399, "physical_tail": 0.0065485453233122826, "hinge": 1.449293540645158e-05, "shape": 0.0036600721068680286, "gradient_norm": 6.980593204498291}
{"event": "r44_train", "step": 875, "sample_id": "train_layered_00637", "objective": 0.016509277746081352, "physical_mean": 0.0038503496907651424, "physical_tail": 0.012650033459067345, "hinge": 0.0, "shape": 0.004447403363883495, "gradient_norm": 4.106142044067383}
{"event": "r44_train", "step": 900, "sample_id": "train_marmousi_00558", "objective": 0.005889591295272112, "physical_mean": 0.00172506645321846, "physical_tail": 0.004150604363530874, "hinge": 2.9496698061848292e-06, "shape": 0.004010456148535013, "gradient_norm": 2.3753488063812256}
{"event": "r44_train", "step": 925, "sample_id": "train_layered_00540", "objective": 0.007712857332080603, "physical_mean": 0.002712805289775133, "physical_tail": 0.004980698227882385, "hinge": 8.834812433633488e-06, "shape": 0.0008420605445280671, "gradient_norm": 0.6303721070289612}
{"event": "r44_train", "step": 950, "sample_id": "train_marmousi_00558", "objective": 0.010936232283711433, "physical_mean": 0.0033209379762411118, "physical_tail": 0.00760446023195982, "hinge": 3.2813534289743984e-07, "shape": 0.005088853184133768, "gradient_norm": 0.5979248881340027}
{"event": "r44_train", "step": 975, "sample_id": "train_marmousi_00158", "objective": 0.007260780781507492, "physical_mean": 0.002334950026124716, "physical_tail": 0.004915265366435051, "hinge": 2.644394953676965e-06, "shape": 0.0026381174102425575, "gradient_norm": 0.4581819772720337}
{"event": "r44_train", "step": 1000, "sample_id": "train_layered_00540", "objective": 0.00718770083039999, "physical_mean": 0.0024239751510322094, "physical_tail": 0.004551253281533718, "hinge": 0.000106074359791819, "shape": 0.00016189692541956902, "gradient_norm": 16.19598960876465}
{"event": "r44_hard_fit_evaluation", "step": 1000, "selected_scale": 0.25, "aggregate": {"count": 8, "candidate_mean": 0.05579960543499271, "candidate_max": 0.058191571774085085, "candidate_median": 0.05555972941892693, "parent_mean": 0.05721937812083184, "parent_max": 0.06615041884689205, "mean_relative_improvement": 0.02481279476405618, "max_relative_improvement": 0.1203143866893428}}
{"event": "r44_train", "step": 1025, "sample_id": "train_marmousi_00347", "objective": 0.007842382416129112, "physical_mean": 0.0031133529264479876, "physical_tail": 0.004720146767795086, "hinge": 8.400347155657073e-07, "shape": 0.00360122905112803, "gradient_norm": 0.7218528985977173}
{"event": "r44_train", "step": 1050, "sample_id": "train_layered_00637", "objective": 0.012481995858252048, "physical_mean": 0.003210931783542037, "physical_tail": 0.009261643514037132, "hinge": 0.0, "shape": 0.004710029345005751, "gradient_norm": 1.811248779296875}
{"event": "r44_train", "step": 1075, "sample_id": "train_marmousi_00558", "objective": 0.008944455534219742, "physical_mean": 0.002350231632590294, "physical_tail": 0.006578474771231413, "hinge": 7.693446946177573e-08, "shape": 0.007797488942742348, "gradient_norm": 1.2737784385681152}
{"event": "r44_train", "step": 1100, "sample_id": "train_marmousi_00158", "objective": 0.007612365763634443, "physical_mean": 0.002773913089185953, "physical_tail": 0.004822098650038242, "hinge": 5.826974529554718e-07, "shape": 0.00759417749941349, "gradient_norm": 0.04102891683578491}
{"event": "r44_train", "step": 1125, "sample_id": "train_marmousi_00558", "objective": 0.009738752618432045, "physical_mean": 0.002702374244108796, "physical_tail": 0.007021536584943533, "hinge": 1.767317939993518e-06, "shape": 0.005653401371091604, "gradient_norm": 0.5385429263114929}
{"event": "r44_train", "step": 1150, "sample_id": "train_marmousi_00158", "objective": 0.007769078481942415, "physical_mean": 0.002844023983925581, "physical_tail": 0.004921949002891779, "hinge": 1.3351698271435453e-06, "shape": 0.0002174485707655549, "gradient_norm": 0.3458140194416046}
{"event": "r44_train", "step": 1175, "sample_id": "train_marmousi_00581", "objective": 0.008531004190444946, "physical_mean": 0.0030745675321668386, "physical_tail": 0.005452480632811785, "hinge": 3.5170928391892176e-09, "shape": 0.0019744085147976875, "gradient_norm": 0.8797653317451477}
{"event": "r44_train", "step": 1200, "sample_id": "train_layered_00637", "objective": 0.0045849718153476715, "physical_mean": 0.000979383010417223, "physical_tail": 0.003591197542846203, "hinge": 0.0, "shape": 0.007195658981800079, "gradient_norm": 6.3841729164123535}
{"event": "r44_train", "step": 1225, "sample_id": "train_layered_00637", "objective": 0.004235397092998028, "physical_mean": 0.0009190694545395672, "physical_tail": 0.0033034549560397863, "hinge": 0.0, "shape": 0.006436483468860388, "gradient_norm": 9.348756790161133}
{"event": "r44_train", "step": 1250, "sample_id": "train_layered_00540", "objective": 0.006553043611347675, "physical_mean": 0.00194663112051785, "physical_tail": 0.004564653150737286, "hinge": 1.826638435886707e-05, "shape": 0.00261331326328218, "gradient_norm": 7.446935176849365}
{"event": "r44_hard_fit_evaluation", "step": 1250, "selected_scale": 0.5, "aggregate": {"count": 8, "candidate_mean": 0.055154683834530996, "candidate_max": 0.05821641141910351, "candidate_median": 0.05490240792484631, "parent_mean": 0.05721937812083184, "parent_max": 0.06615041884689205, "mean_relative_improvement": 0.03608382953657352, "max_relative_improvement": 0.11993888422917065}}
{"event": "r44_train", "step": 1275, "sample_id": "train_marmousi_00581", "objective": 0.006915876176208258, "physical_mean": 0.002024806570261717, "physical_tail": 0.004887109622359276, "hinge": 6.6682770416548465e-15, "shape": 0.0019800506997853518, "gradient_norm": 1.1212410926818848}
{"event": "r44_train", "step": 1300, "sample_id": "train_layered_00637", "objective": 0.011652253568172455, "physical_mean": 0.0033288453705608845, "physical_tail": 0.008317123167216778, "hinge": 0.0, "shape": 0.00314227188937366, "gradient_norm": 12.425661087036133}
{"event": "r44_train", "step": 1325, "sample_id": "train_marmousi_00524", "objective": 0.007532282266765833, "physical_mean": 0.002524877432733774, "physical_tail": 0.004988805390894413, "hinge": 3.875604193126492e-07, "shape": 0.008911962620913982, "gradient_norm": 1.3838517665863037}
{"event": "r44_train", "step": 1350, "sample_id": "train_marmousi_00524", "objective": 0.007358940783888102, "physical_mean": 0.002616522368043661, "physical_tail": 0.0047161392867565155, "hinge": 8.682767656864598e-06, "shape": 0.0044567701406776905, "gradient_norm": 1.9684157371520996}
{"event": "r44_train", "step": 1375, "sample_id": "train_marmousi_00581", "objective": 0.006627858616411686, "physical_mean": 0.002367609879001975, "physical_tail": 0.004252740181982517, "hinge": 0.0, "shape": 0.0037540707271546125, "gradient_norm": 0.09228083491325378}
{"event": "r44_train", "step": 1400, "sample_id": "train_marmousi_00581", "objective": 0.007722213864326477, "physical_mean": 0.002880523446947336, "physical_tail": 0.004836097359657288, "hinge": 0.0, "shape": 0.0027965568006038666, "gradient_norm": 0.8239777684211731}
{"event": "r44_train", "step": 1425, "sample_id": "train_marmousi_00347", "objective": 0.006816123612225056, "physical_mean": 0.0023106951266527176, "physical_tail": 0.004481039009988308, "hinge": 8.441254976787604e-06, "shape": 0.003753470256924629, "gradient_norm": 3.4626479148864746}
{"event": "r44_train", "step": 1450, "sample_id": "train_marmousi_00581", "objective": 0.006372973322868347, "physical_mean": 0.002352315466850996, "physical_tail": 0.0040129669941961765, "hinge": 7.132887276384281e-07, "shape": 0.003131962614133954, "gradient_norm": 2.2804367542266846}
{"event": "r44_train", "step": 1475, "sample_id": "train_marmousi_00347", "objective": 0.006520550232380629, "physical_mean": 0.0021478263661265373, "physical_tail": 0.004357537254691124, "hinge": 1.15799321065424e-06, "shape": 0.0064352815970778465, "gradient_norm": 0.4839230179786682}
{"event": "r44_train", "step": 1500, "sample_id": "train_marmousi_00524", "objective": 0.007190441247075796, "physical_mean": 0.0021748500876128674, "physical_tail": 0.00500500900670886, "hinge": 2.7600406156125246e-06, "shape": 0.002531190635636449, "gradient_norm": 0.4914182722568512}
{"event": "r44_hard_fit_evaluation", "step": 1500, "selected_scale": 0.5, "aggregate": {"count": 8, "candidate_mean": 0.05541835888550573, "candidate_max": 0.058274783465226875, "candidate_median": 0.05476611766350027, "parent_mean": 0.05721937812083184, "parent_max": 0.06615041884689205, "mean_relative_improvement": 0.03147568698707004, "max_relative_improvement": 0.11905647037388623}}
{"event": "r44_train", "step": 1525, "sample_id": "train_marmousi_00558", "objective": 0.004882276989519596, "physical_mean": 0.0016789523651823401, "physical_tail": 0.0031889714300632477, "hinge": 1.6369871218557819e-06, "shape": 0.005539609584957361, "gradient_norm": 0.25626125931739807}
{"event": "r44_train", "step": 1550, "sample_id": "train_layered_00637", "objective": 0.007150024641305208, "physical_mean": 0.0018778368830680847, "physical_tail": 0.005259521771222353, "hinge": 1.2197328942420427e-06, "shape": 0.005113148596137762, "gradient_norm": 12.8699369430542}
{"event": "r44_train", "step": 1575, "sample_id": "train_marmousi_00347", "objective": 0.005224156659096479, "physical_mean": 0.0016054665902629495, "physical_tail": 0.0035647049080580473, "hinge": 1.9457831513136625e-05, "shape": 0.007534721866250038, "gradient_norm": 5.078625679016113}
{"event": "r44_train", "step": 1600, "sample_id": "train_layered_00540", "objective": 0.002082632388919592, "physical_mean": 0.0008080843836069107, "physical_tail": 0.0012582340277731419, "hinge": 3.931747414753772e-06, "shape": 0.004225301556289196, "gradient_norm": 1.3591110706329346}
{"event": "r44_train", "step": 1625, "sample_id": "train_marmousi_00558", "objective": 0.006896296516060829, "physical_mean": 0.0019615772180259228, "physical_tail": 0.004902593791484833, "hinge": 1.0596820175123867e-05, "shape": 0.0054658460430800915, "gradient_norm": 1.0140714645385742}
{"event": "r44_train", "step": 1650, "sample_id": "train_marmousi_00347", "objective": 0.004356774967163801, "physical_mean": 0.001279420917853713, "physical_tail": 0.0030540814623236656, "hinge": 3.6386038573255064e-06, "shape": 0.007997546344995499, "gradient_norm": 4.211975574493408}
{"event": "r44_train", "step": 1675, "sample_id": "train_marmousi_00347", "objective": 0.008122868835926056, "physical_mean": 0.0026423553936183453, "physical_tail": 0.005468902178108692, "hinge": 1.4854718983769999e-06, "shape": 0.004320219624787569, "gradient_norm": 0.500300943851471}
{"event": "r44_train", "step": 1700, "sample_id": "train_marmousi_00347", "objective": 0.006907461676746607, "physical_mean": 0.0021880948916077614, "physical_tail": 0.004682779312133789, "hinge": 1.1103647011623252e-05, "shape": 0.007189948111772537, "gradient_norm": 3.636021852493286}
{"event": "r44_train", "step": 1725, "sample_id": "train_layered_00637", "objective": 0.006713499780744314, "physical_mean": 0.0018775681965053082, "physical_tail": 0.004825311712920666, "hinge": 0.0, "shape": 0.005309863016009331, "gradient_norm": 14.732032775878906}
{"event": "r44_train", "step": 1750, "sample_id": "train_layered_00637", "objective": 0.0031448754016309977, "physical_mean": 0.0006756102084182203, "physical_tail": 0.0024542477913200855, "hinge": 0.0, "shape": 0.007508713752031326, "gradient_norm": 7.964589595794678}
{"event": "r44_hard_fit_evaluation", "step": 1750, "selected_scale": 0.5, "aggregate": {"count": 8, "candidate_mean": 0.053966477899098766, "candidate_max": 0.058111897671567506, "candidate_median": 0.05424281612868423, "parent_mean": 0.05721937812083184, "parent_max": 0.06615041884689205, "mean_relative_improvement": 0.056849625573766716, "max_relative_improvement": 0.12151882505732936}}
{"event": "r44_train", "step": 1775, "sample_id": "train_layered_00637", "objective": 0.002117263153195381, "physical_mean": 0.00046494597336277366, "physical_tail": 0.001637577312067151, "hinge": 0.0, "shape": 0.007369902916252613, "gradient_norm": 1.9387791156768799}
{"event": "r44_train", "step": 1800, "sample_id": "train_marmousi_00347", "objective": 0.0069200885482132435, "physical_mean": 0.0024796740617603064, "physical_tail": 0.004421549383550882, "hinge": 1.7070789226636407e-10, "shape": 0.009432453662157059, "gradient_norm": 1.031817078590393}
{"event": "r44_train", "step": 1825, "sample_id": "train_marmousi_00158", "objective": 0.007191658020019531, "physical_mean": 0.0024564415216445923, "physical_tail": 0.004713373724371195, "hinge": 1.5124305718927644e-06, "shape": 0.009409023448824883, "gradient_norm": 0.634468138217926}
{"event": "r44_train", "step": 1850, "sample_id": "train_marmousi_00347", "objective": 0.006773645989596844, "physical_mean": 0.0027783415280282497, "physical_tail": 0.003985855728387833, "hinge": 4.081901039398872e-09, "shape": 0.004720085766166449, "gradient_norm": 0.2948756515979767}
{"event": "r44_train", "step": 1875, "sample_id": "train_marmousi_00158", "objective": 0.007440578192472458, "physical_mean": 0.0025304434821009636, "physical_tail": 0.004847637377679348, "hinge": 2.743679578998126e-05, "shape": 0.003811926580965519, "gradient_norm": 2.076115846633911}
{"event": "r44_train", "step": 1900, "sample_id": "train_marmousi_00347", "objective": 0.006230476312339306, "physical_mean": 0.0021622253116220236, "physical_tail": 0.004051389172673225, "hinge": 4.118071956327185e-06, "shape": 0.004312616772949696, "gradient_norm": 3.403620481491089}
{"event": "r44_train", "step": 1925, "sample_id": "train_marmousi_00347", "objective": 0.007585748564451933, "physical_mean": 0.002102229045704007, "physical_tail": 0.005420023575425148, "hinge": 2.1029945855843835e-05, "shape": 0.010718181729316711, "gradient_norm": 1.8498082160949707}
{"event": "r44_train", "step": 1950, "sample_id": "train_marmousi_00158", "objective": 0.006516494322568178, "physical_mean": 0.0024533066898584366, "physical_tail": 0.004039730876684189, "hinge": 1.8516206523599976e-07, "shape": 0.011543248780071735, "gradient_norm": 0.4270792305469513}
{"event": "r44_train", "step": 1975, "sample_id": "train_layered_00637", "objective": 0.004560822155326605, "physical_mean": 0.0009685354307293892, "physical_tail": 0.003578634699806571, "hinge": 6.423026377433416e-08, "shape": 0.0067616915330290794, "gradient_norm": 7.792423248291016}
{"event": "r44_train", "step": 2000, "sample_id": "train_layered_00637", "objective": 0.0018430441850796342, "physical_mean": 0.0004406239022500813, "physical_tail": 0.0013896161690354347, "hinge": 0.0, "shape": 0.006402092985808849, "gradient_norm": 0.44898721575737}
{"event": "r44_hard_fit_evaluation", "step": 2000, "selected_scale": 0.75, "aggregate": {"count": 8, "candidate_mean": 0.052818390145949176, "candidate_max": 0.05799565620647805, "candidate_median": 0.05382410004995388, "parent_mean": 0.05721937812083184, "parent_max": 0.06615041884689205, "mean_relative_improvement": 0.07691429231525315, "max_relative_improvement": 0.12327605452186996}}
{"event": "r44_complete", "output": "/root/autodl-tmp/work/FNO-Acoustic-Wave-Simulation/grouped-dual-head-v2/results/r44_physical_space_capacity_hard8_v2_20260828.json", "checkpoint": "/root/autodl-tmp/work/FNO-Acoustic-Wave-Simulation/grouped-dual-head-v2/results/r44_physical_space_capacity_hard8_v2_20260828.pt", "selected_scale": 0.0, "aggregate": {"count": 56, "candidate_mean": 0.020046478302280728, "candidate_max": 0.06584256844896734, "candidate_median": 0.01515194164098907, "parent_mean": 0.020046478302280728, "parent_max": 0.06584256844896734, "mean_relative_improvement": 0.0, "max_relative_improvement": 0.0}, "absolute_goal": {"mean_lte_0p05": true, "max_lte_0p05": false, "passed": false}}
