{"event": "r44_train", "step": 1, "sample_id": "train_marmousi_00158", "physical_residual_ratio": 1.0, "gradient_norm": 58.17457962036133}
{"event": "r44_train", "step": 25, "sample_id": "train_marmousi_00158", "physical_residual_ratio": 1.3597681522369385, "gradient_norm": 3864.154296875}
{"event": "r44_train", "step": 50, "sample_id": "train_marmousi_00345", "physical_residual_ratio": 2.3200700283050537, "gradient_norm": 8711.1796875}
{"event": "r44_train", "step": 75, "sample_id": "train_marmousi_00345", "physical_residual_ratio": 1.0715550184249878, "gradient_norm": 1121.031982421875}
{"event": "r44_train", "step": 100, "sample_id": "train_layered_00637", "physical_residual_ratio": 1.0246394872665405, "gradient_norm": 348.01739501953125}
{"event": "r44_hard_fit_evaluation", "step": 100, "selected_scale": 0.0, "aggregate": {"count": 8, "candidate_mean": 0.057219378120831846, "candidate_max": 0.06615041884689205, "candidate_median": 0.05583155357681911, "parent_mean": 0.05721937812083184, "parent_max": 0.06615041884689205, "mean_relative_improvement": -2.220446049250313e-16, "max_relative_improvement": 0.0}}
{"event": "r44_train", "step": 125, "sample_id": "train_marmousi_00581", "physical_residual_ratio": 1.03794527053833, "gradient_norm": 474.0852355957031}
{"event": "r44_train", "step": 150, "sample_id": "train_layered_00637", "physical_residual_ratio": 1.0452405214309692, "gradient_norm": 417.4438781738281}
{"event": "r44_train", "step": 175, "sample_id": "train_marmousi_00524", "physical_residual_ratio": 1.0959291458129883, "gradient_norm": 1300.0224609375}
{"event": "r44_train", "step": 200, "sample_id": "train_layered_00540", "physical_residual_ratio": 1.0207074880599976, "gradient_norm": 693.8558959960938}
{"event": "r44_hard_fit_evaluation", "step": 200, "selected_scale": 0.0, "aggregate": {"count": 8, "candidate_mean": 0.057219378120831846, "candidate_max": 0.06615041884689205, "candidate_median": 0.05583155357681911, "parent_mean": 0.05721937812083184, "parent_max": 0.06615041884689205, "mean_relative_improvement": -2.220446049250313e-16, "max_relative_improvement": 0.0}}
{"event": "r44_train", "step": 225, "sample_id": "train_layered_00540", "physical_residual_ratio": 1.0374624729156494, "gradient_norm": 534.1571655273438}
{"event": "r44_train", "step": 250, "sample_id": "train_marmousi_00158", "physical_residual_ratio": 1.0197858810424805, "gradient_norm": 235.3174591064453}
{"event": "r44_train", "step": 275, "sample_id": "train_marmousi_00158", "physical_residual_ratio": 1.0010687112808228, "gradient_norm": 9.117868423461914}
{"event": "r44_train", "step": 300, "sample_id": "train_marmousi_00345", "physical_residual_ratio": 1.0624542236328125, "gradient_norm": 485.1650085449219}
{"event": "r44_hard_fit_evaluation", "step": 300, "selected_scale": 0.0, "aggregate": {"count": 8, "candidate_mean": 0.057219378120831846, "candidate_max": 0.06615041884689205, "candidate_median": 0.05583155357681911, "parent_mean": 0.05721937812083184, "parent_max": 0.06615041884689205, "mean_relative_improvement": -2.220446049250313e-16, "max_relative_improvement": 0.0}}
{"event": "r44_train", "step": 325, "sample_id": "train_marmousi_00347", "physical_residual_ratio": 1.076357364654541, "gradient_norm": 1299.481689453125}
{"event": "r44_train", "step": 350, "sample_id": "train_marmousi_00581", "physical_residual_ratio": 1.077825665473938, "gradient_norm": 690.236083984375}
{"event": "r44_train", "step": 375, "sample_id": "train_layered_00637", "physical_residual_ratio": 0.9995459318161011, "gradient_norm": 230.6044464111328}
{"event": "r44_train", "step": 400, "sample_id": "train_marmousi_00158", "physical_residual_ratio": 1.041269302368164, "gradient_norm": 371.5833435058594}
{"event": "r44_hard_fit_evaluation", "step": 400, "selected_scale": 0.0, "aggregate": {"count": 8, "candidate_mean": 0.057219378120831846, "candidate_max": 0.06615041884689205, "candidate_median": 0.05583155357681911, "parent_mean": 0.05721937812083184, "parent_max": 0.06615041884689205, "mean_relative_improvement": -2.220446049250313e-16, "max_relative_improvement": 0.0}}
{"event": "r44_train", "step": 425, "sample_id": "train_marmousi_00345", "physical_residual_ratio": 1.0217013359069824, "gradient_norm": 135.3534698486328}
{"event": "r44_train", "step": 450, "sample_id": "train_marmousi_00158", "physical_residual_ratio": 1.0279487371444702, "gradient_norm": 221.63796997070312}
{"event": "r44_train", "step": 475, "sample_id": "train_marmousi_00158", "physical_residual_ratio": 1.0216153860092163, "gradient_norm": 507.922607421875}
{"event": "r44_train", "step": 500, "sample_id": "train_layered_00637", "physical_residual_ratio": 1.0189131498336792, "gradient_norm": 647.5121459960938}
{"event": "r44_hard_fit_evaluation", "step": 500, "selected_scale": 0.0, "aggregate": {"count": 8, "candidate_mean": 0.057219378120831846, "candidate_max": 0.06615041884689205, "candidate_median": 0.05583155357681911, "parent_mean": 0.05721937812083184, "parent_max": 0.06615041884689205, "mean_relative_improvement": -2.220446049250313e-16, "max_relative_improvement": 0.0}}
{"event": "r44_train", "step": 525, "sample_id": "train_marmousi_00347", "physical_residual_ratio": 1.0068684816360474, "gradient_norm": 286.847412109375}
{"event": "r44_train", "step": 550, "sample_id": "train_marmousi_00558", "physical_residual_ratio": 0.9995419979095459, "gradient_norm": 7.761387825012207}
{"event": "r44_train", "step": 575, "sample_id": "train_marmousi_00345", "physical_residual_ratio": 1.013231873512268, "gradient_norm": 85.88525390625}
{"event": "r44_train", "step": 600, "sample_id": "train_marmousi_00345", "physical_residual_ratio": 1.0107735395431519, "gradient_norm": 29.239952087402344}
{"event": "r44_hard_fit_evaluation", "step": 600, "selected_scale": 0.5, "aggregate": {"count": 8, "candidate_mean": 0.0572538185542164, "candidate_max": 0.06540974775965777, "candidate_median": 0.05607918848168775, "parent_mean": 0.05721937812083184, "parent_max": 0.06615041884689205, "mean_relative_improvement": -0.0006019015675393646, "max_relative_improvement": 0.011196770937287437}}
{"event": "r44_complete", "output": "/root/autodl-tmp/work/FNO-Acoustic-Wave-Simulation/grouped-dual-head-v2/results/r44_physical_space_capacity_hard8_v1_20260828.json", "checkpoint": "/root/autodl-tmp/work/FNO-Acoustic-Wave-Simulation/grouped-dual-head-v2/results/r44_physical_space_capacity_hard8_v1_20260828.pt", "selected_scale": 0.0, "aggregate": {"count": 56, "candidate_mean": 0.020046478302280728, "candidate_max": 0.06584256844896734, "candidate_median": 0.01515194164098907, "parent_mean": 0.020046478302280728, "parent_max": 0.06584256844896734, "mean_relative_improvement": 0.0, "max_relative_improvement": 0.0}, "absolute_goal": {"mean_lte_0p05": true, "max_lte_0p05": false, "passed": false}}
