[2026-08-28 07:37:18,444] torch.distributed.run: [WARNING] master_addr is only used for static rdzv_backend and when rdzv_endpoint is not specified.
{"candidate_max": 0.06584256844896734, "candidate_mean": 0.020046478302280728, "event": "r45_initial_identity"}
{"epoch": 1, "event": "r45_update", "global_step": 1, "gradient_norm": 0.4213953912258148, "hinge": 1.2197274440461925e-19, "learning_rate": 1e-05, "loss": 0.0001402391353622079, "physical_mean": 4.6753015340073034e-05, "physical_tail": 9.106300421990454e-05, "record_position": 381}
{"epoch": 1, "event": "r45_update", "global_step": 50, "gradient_norm": 24.20597267150879, "hinge": 9.16331524547509e-11, "learning_rate": 1e-05, "loss": 0.005739771295338869, "physical_mean": 0.0018120764289051294, "physical_tail": 0.003918847069144249, "record_position": 188}
{"epoch": 1, "event": "r45_update", "global_step": 100, "gradient_norm": 0.5168396234512329, "hinge": 0.0, "learning_rate": 1e-05, "loss": 1.1669827472360339e-05, "physical_mean": 2.1128394109837245e-06, "physical_tail": 4.7798730520298705e-06, "record_position": 41}
{"epoch": 1, "event": "r45_update", "global_step": 150, "gradient_norm": 2.2624781131744385, "hinge": 6.251255513234355e-09, "learning_rate": 1e-05, "loss": 0.0004945086548104882, "physical_mean": 0.00014875331544317305, "physical_tail": 0.00034560117637738585, "record_position": 179}
{"epoch": 1, "event": "r45_update", "global_step": 200, "gradient_norm": 1.5693663358688354, "hinge": 3.2084972900747744e-08, "learning_rate": 1e-05, "loss": 0.0002324480446986854, "physical_mean": 4.911637370241806e-05, "physical_tail": 0.00018319886294193566, "record_position": 661}
{"epoch": 1, "event": "r45_update", "global_step": 250, "gradient_norm": 6.298153400421143, "hinge": 6.620247177124838e-07, "learning_rate": 1e-05, "loss": 0.0002701803750824183, "physical_mean": 6.142778147477657e-05, "physical_tail": 0.00020705349743366241, "record_position": 326}
/root/miniconda3/lib/python3.10/site-packages/torch/optim/lr_scheduler.py:149: UserWarning: The epoch parameter in `scheduler.step()` was not necessary and is being deprecated where possible. Please use `scheduler.step()` to step the scheduler. During the deprecation, if epoch is different from None, the closed form is used instead of the new chainable form, where available. Please open an issue if you are unable to replicate your use case: https://github.com/pytorch/pytorch/issues/new/choose.
  warnings.warn(EPOCH_DEPRECATION_WARNING, UserWarning)
/root/miniconda3/lib/python3.10/site-packages/torch/optim/lr_scheduler.py:149: UserWarning: The epoch parameter in `scheduler.step()` was not necessary and is being deprecated where possible. Please use `scheduler.step()` to step the scheduler. During the deprecation, if epoch is different from None, the closed form is used instead of the new chainable form, where available. Please open an issue if you are unable to replicate your use case: https://github.com/pytorch/pytorch/issues/new/choose.
  warnings.warn(EPOCH_DEPRECATION_WARNING, UserWarning)
/root/miniconda3/lib/python3.10/site-packages/torch/optim/lr_scheduler.py:149: UserWarning: The epoch parameter in `scheduler.step()` was not necessary and is being deprecated where possible. Please use `scheduler.step()` to step the scheduler. During the deprecation, if epoch is different from None, the closed form is used instead of the new chainable form, where available. Please open an issue if you are unable to replicate your use case: https://github.com/pytorch/pytorch/issues/new/choose.
  warnings.warn(EPOCH_DEPRECATION_WARNING, UserWarning)
/root/miniconda3/lib/python3.10/site-packages/torch/optim/lr_scheduler.py:149: UserWarning: The epoch parameter in `scheduler.step()` was not necessary and is being deprecated where possible. Please use `scheduler.step()` to step the scheduler. During the deprecation, if epoch is different from None, the closed form is used instead of the new chainable form, where available. Please open an issue if you are unable to replicate your use case: https://github.com/pytorch/pytorch/issues/new/choose.
  warnings.warn(EPOCH_DEPRECATION_WARNING, UserWarning)
{"absolute_goal_passed": false, "candidate_max": 0.06584256844896734, "candidate_mean": 0.020046478302280728, "correction_scale": 0.0, "epoch": 1, "event": "r45_holdout_evaluation", "fit_hard_max_at_selected_scale": 0.06615041884689205, "train_loss": 0.00333039602557772}
{"epoch": 2, "event": "r45_update", "global_step": 300, "gradient_norm": 5.75140905380249, "hinge": 1.2797258932550903e-06, "learning_rate": 0.0001, "loss": 0.008916446939110756, "physical_mean": 0.0027267213445156813, "physical_tail": 0.006184425670653582, "record_position": 411}
{"epoch": 2, "event": "r45_update", "global_step": 350, "gradient_norm": 0.7222867608070374, "hinge": 5.004712875233963e-07, "learning_rate": 0.0001, "loss": 0.0068964967504143715, "physical_mean": 0.0021522692404687405, "physical_tail": 0.004727056249976158, "record_position": 996}
{"epoch": 2, "event": "r45_update", "global_step": 400, "gradient_norm": 3.6590323448181152, "hinge": 1.3478481378115248e-05, "learning_rate": 0.0001, "loss": 0.0009286670829169452, "physical_mean": 0.00025925709633156657, "physical_tail": 0.0006424325983971357, "record_position": 183}
{"epoch": 2, "event": "r45_update", "global_step": 450, "gradient_norm": 1.7572609186172485, "hinge": 1.0325161383661907e-06, "learning_rate": 0.0001, "loss": 0.0004771467356476933, "physical_mean": 0.00013493365258909762, "physical_tail": 0.00033984158653765917, "record_position": 77}
{"epoch": 2, "event": "r45_update", "global_step": 500, "gradient_norm": 0.18961478769779205, "hinge": 7.536489210480113e-10, "learning_rate": 0.0001, "loss": 0.007085145451128483, "physical_mean": 0.0029734133277088404, "physical_tail": 0.004105048254132271, "record_position": 186}
{"absolute_goal_passed": false, "candidate_max": 0.06584256844896734, "candidate_mean": 0.020046478302280728, "correction_scale": 0.0, "epoch": 2, "event": "r45_holdout_evaluation", "fit_hard_max_at_selected_scale": 0.06615041884689205, "train_loss": 0.003387652590120638}
{"epoch": 3, "event": "r45_update", "global_step": 550, "gradient_norm": 1.3089232444763184, "hinge": 2.8956714359651414e-08, "learning_rate": 9.972155296483209e-05, "loss": 0.005140827968716621, "physical_mean": 0.001547311432659626, "physical_tail": 0.003588277380913496, "record_position": 757}
{"epoch": 3, "event": "r45_update", "global_step": 600, "gradient_norm": 0.664831280708313, "hinge": 1.330839793922678e-08, "learning_rate": 9.972155296483209e-05, "loss": 0.0015516059938818216, "physical_mean": 0.0006239056237973273, "physical_tail": 0.0009238258935511112, "record_position": 109}
{"epoch": 3, "event": "r45_update", "global_step": 650, "gradient_norm": 1.9533137083053589, "hinge": 2.0235241038335516e-08, "learning_rate": 9.972155296483209e-05, "loss": 0.0027957356069236994, "physical_mean": 0.0012117966543883085, "physical_tail": 0.0015805066796019673, "record_position": 109}
{"epoch": 3, "event": "r45_update", "global_step": 700, "gradient_norm": 0.12267367541790009, "hinge": 3.6801259956087407e-11, "learning_rate": 9.972155296483209e-05, "loss": 0.007025250233709812, "physical_mean": 0.0022279666736721992, "physical_tail": 0.00478456262499094, "record_position": 996}
{"epoch": 3, "event": "r45_update", "global_step": 750, "gradient_norm": 0.11190974712371826, "hinge": 5.398498315045686e-10, "learning_rate": 9.972155296483209e-05, "loss": 0.0064615351147949696, "physical_mean": 0.0026154264342039824, "physical_tail": 0.0038447051774710417, "record_position": 208}
{"absolute_goal_passed": false, "candidate_max": 0.06584256844896734, "candidate_mean": 0.020046478302280728, "correction_scale": 0.0, "epoch": 3, "event": "r45_holdout_evaluation", "fit_hard_max_at_selected_scale": 0.06615041884689205, "train_loss": 0.0031792886038948254}
{"epoch": 4, "event": "r45_update", "global_step": 800, "gradient_norm": 1.3129698038101196, "hinge": 8.019035249162698e-07, "learning_rate": 9.888947639622913e-05, "loss": 0.0008647802751511335, "physical_mean": 0.00031182129168882966, "physical_tail": 0.0005511423223651946, "record_position": 133}
{"epoch": 4, "event": "r45_update", "global_step": 850, "gradient_norm": 0.6650261878967285, "hinge": 3.764988321108831e-09, "learning_rate": 9.888947639622913e-05, "loss": 0.0009772389894351363, "physical_mean": 0.0002346700057387352, "physical_tail": 0.0007421067566610873, "record_position": 1021}
{"epoch": 4, "event": "r45_update", "global_step": 900, "gradient_norm": 1.042198896408081, "hinge": 2.0786680465789686e-07, "learning_rate": 9.888947639622913e-05, "loss": 0.0018981971079483628, "physical_mean": 0.0006032283999957144, "physical_tail": 0.0012943611945956945, "record_position": 484}
{"epoch": 4, "event": "r45_update", "global_step": 950, "gradient_norm": 0.24003440141677856, "hinge": 1.6307356576206189e-09, "learning_rate": 9.888947639622913e-05, "loss": 0.005201073829084635, "physical_mean": 0.0014662998728454113, "physical_tail": 0.0037297906819730997, "record_position": 502}
{"epoch": 4, "event": "r45_update", "global_step": 1000, "gradient_norm": 2.121232748031616, "hinge": 9.830043268266309e-08, "learning_rate": 9.888947639622913e-05, "loss": 0.004001901485025883, "physical_mean": 0.0013652609195560217, "physical_tail": 0.0026330866385251284, "record_position": 418}
{"absolute_goal_passed": false, "candidate_max": 0.06584256844896734, "candidate_mean": 0.020046478302280728, "correction_scale": 0.0, "epoch": 4, "event": "r45_holdout_evaluation", "fit_hard_max_at_selected_scale": 0.06615041884689205, "train_loss": 0.0035327133389326804}
{"epoch": 5, "event": "r45_update", "global_step": 1050, "gradient_norm": 0.1936432421207428, "hinge": 6.864633306236101e-10, "learning_rate": 9.751352563118314e-05, "loss": 2.3185279133031145e-05, "physical_mean": 6.1578148233820684e-06, "physical_tail": 1.701036853773985e-05, "record_position": 457}
{"epoch": 5, "event": "r45_update", "global_step": 1100, "gradient_norm": 0.5537522435188293, "hinge": 3.737309940687883e-12, "learning_rate": 9.751352563118314e-05, "loss": 7.777201972203329e-05, "physical_mean": 1.76985195139423e-05, "physical_tail": 6.001951260259375e-05, "record_position": 193}
{"epoch": 5, "event": "r45_update", "global_step": 1150, "gradient_norm": 0.38267064094543457, "hinge": 0.0, "learning_rate": 9.751352563118314e-05, "loss": 0.008620068430900574, "physical_mean": 0.002687939442694187, "physical_tail": 0.005927637219429016, "record_position": 411}
{"epoch": 5, "event": "r45_update", "global_step": 1200, "gradient_norm": 1.8044992685317993, "hinge": 1.5683585985470927e-08, "learning_rate": 9.751352563118314e-05, "loss": 0.003751428797841072, "physical_mean": 0.0013834263663738966, "physical_tail": 0.002357955789193511, "record_position": 140}
{"epoch": 5, "event": "r45_update", "global_step": 1250, "gradient_norm": 1.4979225397109985, "hinge": 1.4651385882302748e-08, "learning_rate": 9.751352563118314e-05, "loss": 0.0062468587420880795, "physical_mean": 0.0018908747006207705, "physical_tail": 0.004354643635451794, "record_position": 972}
{"absolute_goal_passed": false, "candidate_max": 0.06584256844896734, "candidate_mean": 0.020046478302280728, "correction_scale": 0.0, "epoch": 5, "event": "r45_holdout_evaluation", "fit_hard_max_at_selected_scale": 0.06615041884689205, "train_loss": 0.003387103699969529}
{"epoch": 6, "event": "r45_update", "global_step": 1300, "gradient_norm": 0.27614983916282654, "hinge": 2.068294335799692e-08, "learning_rate": 9.560983243437048e-05, "loss": 0.002016587881371379, "physical_mean": 0.000679062562994659, "physical_tail": 0.0013357354328036308, "record_position": 389}
{"epoch": 6, "event": "r45_update", "global_step": 1350, "gradient_norm": 0.06398943811655045, "hinge": 4.518932783525997e-09, "learning_rate": 9.560983243437048e-05, "loss": 0.0004881543281953782, "physical_mean": 0.00010534952161833644, "physical_tail": 0.0003824387677013874, "record_position": 737}
{"epoch": 6, "event": "r45_update", "global_step": 1400, "gradient_norm": 1.3780906200408936, "hinge": 1.0420352509754593e-06, "learning_rate": 9.560983243437048e-05, "loss": 0.00037273415364325047, "physical_mean": 9.162261267192662e-05, "physical_tail": 0.00027849595062434673, "record_position": 335}
{"epoch": 6, "event": "r45_update", "global_step": 1450, "gradient_norm": 0.6413984298706055, "hinge": 1.3127761100406588e-09, "learning_rate": 9.560983243437048e-05, "loss": 0.005884334444999695, "physical_mean": 0.0019972396548837423, "physical_tail": 0.0038727475330233574, "record_position": 965}
{"epoch": 6, "event": "r45_update", "global_step": 1500, "gradient_norm": 0.3213288486003876, "hinge": 6.891635873085278e-11, "learning_rate": 9.560983243437048e-05, "loss": 0.006146956235170364, "physical_mean": 0.0021353517659008503, "physical_tail": 0.003997758496552706, "record_position": 186}
{"absolute_goal_passed": false, "candidate_max": 0.06584256844896734, "candidate_mean": 0.020046478302280728, "correction_scale": 0.0, "epoch": 6, "event": "r45_holdout_evaluation", "fit_hard_max_at_selected_scale": 0.06615041884689205, "train_loss": 0.0032599676383711085}
{"epoch": 7, "event": "r45_update", "global_step": 1550, "gradient_norm": 3.1378748416900635, "hinge": 8.124586088342767e-07, "learning_rate": 9.320071586796051e-05, "loss": 0.00044394496944732964, "physical_mean": 9.591309208190069e-05, "physical_tail": 0.00034631745074875653, "record_position": 579}
{"epoch": 7, "event": "r45_update", "global_step": 1600, "gradient_norm": 0.20664909482002258, "hinge": 2.847066582489788e-09, "learning_rate": 9.320071586796051e-05, "loss": 0.0025818950962275267, "physical_mean": 0.0007914839661680162, "physical_tail": 0.0017793037695810199, "record_position": 468}
{"epoch": 7, "event": "r45_update", "global_step": 1650, "gradient_norm": 0.12763448059558868, "hinge": 1.557085305137207e-08, "learning_rate": 9.320071586796051e-05, "loss": 0.002314718207344413, "physical_mean": 0.000585316913202405, "physical_tail": 0.0017241714522242546, "record_position": 658}
{"epoch": 7, "event": "r45_update", "global_step": 1700, "gradient_norm": 0.39859113097190857, "hinge": 1.0003974731942478e-10, "learning_rate": 9.320071586796051e-05, "loss": 0.006272705737501383, "physical_mean": 0.0020946161821484566, "physical_tail": 0.0041689639911055565, "record_position": 1029}
{"epoch": 7, "event": "r45_update", "global_step": 1750, "gradient_norm": 1.1734533309936523, "hinge": 1.5720568180555006e-09, "learning_rate": 9.320071586796051e-05, "loss": 0.005345683079212904, "physical_mean": 0.0014618434943258762, "physical_tail": 0.003872733097523451, "record_position": 743}
{"absolute_goal_passed": false, "candidate_max": 0.06584256844896734, "candidate_mean": 0.020046478302280728, "correction_scale": 0.0, "epoch": 7, "event": "r45_holdout_evaluation", "fit_hard_max_at_selected_scale": 0.06615041884689205, "train_loss": 0.003239691937333866}
{"epoch": 8, "event": "r45_update", "global_step": 1800, "gradient_norm": 2.929457187652588, "hinge": 2.3112952476367354e-06, "learning_rate": 9.03144206210181e-05, "loss": 0.001603532931767404, "physical_mean": 0.0004311006632633507, "physical_tail": 0.0011660120217129588, "record_position": 44}
{"epoch": 8, "event": "r45_update", "global_step": 1850, "gradient_norm": 0.3506675660610199, "hinge": 7.950378133614322e-09, "learning_rate": 9.03144206210181e-05, "loss": 0.008036964572966099, "physical_mean": 0.002610971685498953, "physical_tail": 0.005419149994850159, "record_position": 188}
{"epoch": 8, "event": "r45_update", "global_step": 1900, "gradient_norm": 0.6015810370445251, "hinge": 0.0, "learning_rate": 9.03144206210181e-05, "loss": 0.0005648588994517922, "physical_mean": 0.00017163944721687585, "physical_tail": 0.0003905845806002617, "record_position": 147}
{"epoch": 8, "event": "r45_update", "global_step": 1950, "gradient_norm": 0.18726219236850739, "hinge": 1.3659054332038068e-07, "learning_rate": 9.03144206210181e-05, "loss": 0.0012293702457100153, "physical_mean": 0.0003606146783567965, "physical_tail": 0.0008666090434417129, "record_position": 925}
{"epoch": 8, "event": "r45_update", "global_step": 2000, "gradient_norm": 6.511959075927734, "hinge": 5.0908650628400665e-09, "learning_rate": 9.03144206210181e-05, "loss": 0.0005307293613441288, "physical_mean": 0.0001240615383721888, "physical_tail": 0.00040647410787642, "record_position": 473}
{"absolute_goal_passed": false, "candidate_max": 0.06584256844896734, "candidate_mean": 0.020046478302280728, "correction_scale": 0.0, "epoch": 8, "event": "r45_holdout_evaluation", "fit_hard_max_at_selected_scale": 0.06615041884689205, "train_loss": 0.003198152770119478}
{"epoch": 9, "event": "r45_update", "global_step": 2050, "gradient_norm": 0.042925167828798294, "hinge": 1.6596509722077712e-09, "learning_rate": 8.698478586634873e-05, "loss": 0.0025537502951920033, "physical_mean": 0.0009120007744058967, "physical_tail": 0.0016404823400080204, "record_position": 492}
{"epoch": 9, "event": "r45_update", "global_step": 2100, "gradient_norm": 2.037646770477295, "hinge": 4.07181950379254e-08, "learning_rate": 8.698478586634873e-05, "loss": 0.00014598654524888843, "physical_mean": 4.66808196506463e-05, "physical_tail": 9.907446656143293e-05, "record_position": 299}
{"epoch": 9, "event": "r45_update", "global_step": 2150, "gradient_norm": 6.08890438079834, "hinge": 1.5874540792992775e-07, "learning_rate": 8.698478586634873e-05, "loss": 0.004455476067960262, "physical_mean": 0.001568077364936471, "physical_tail": 0.002870720811188221, "record_position": 208}
{"epoch": 9, "event": "r45_update", "global_step": 2200, "gradient_norm": 0.6611132025718689, "hinge": 1.3343174032343086e-07, "learning_rate": 8.698478586634873e-05, "loss": 0.0013898106990382075, "physical_mean": 0.0004279484855942428, "physical_tail": 0.0009570534457452595, "record_position": 736}
{"epoch": 9, "event": "r45_update", "global_step": 2250, "gradient_norm": 0.9924668073654175, "hinge": 1.2466011334311133e-08, "learning_rate": 8.698478586634873e-05, "loss": 0.004696537274867296, "physical_mean": 0.0012906162301078439, "physical_tail": 0.0033901468850672245, "record_position": 965}
{"epoch": 9, "event": "r45_update", "global_step": 2300, "gradient_norm": 0.5649436116218567, "hinge": 2.9178048865929895e-13, "learning_rate": 8.698478586634873e-05, "loss": 0.004913496784865856, "physical_mean": 0.0019122911617159843, "physical_tail": 0.002973679918795824, "record_position": 943}
{"absolute_goal_passed": false, "candidate_max": 0.06584256844896734, "candidate_mean": 0.020046478302280728, "correction_scale": 0.0, "epoch": 9, "event": "r45_holdout_evaluation", "fit_hard_max_at_selected_scale": 0.06615041884689205, "train_loss": 0.0032287050920616345}
{"epoch": 10, "event": "r45_update", "global_step": 2350, "gradient_norm": 0.14855480194091797, "hinge": 6.130180807417673e-09, "learning_rate": 8.325084852713682e-05, "loss": 0.004595230799168348, "physical_mean": 0.0012926303315907717, "physical_tail": 0.0032850147690624, "record_position": 187}
{"epoch": 10, "event": "r45_update", "global_step": 2400, "gradient_norm": 0.1880113035440445, "hinge": 1.504327079571155e-10, "learning_rate": 8.325084852713682e-05, "loss": 0.0010433127172291279, "physical_mean": 0.00022007754887454212, "physical_tail": 0.0008231185493059456, "record_position": 1022}
{"epoch": 10, "event": "r45_update", "global_step": 2450, "gradient_norm": 0.6318289637565613, "hinge": 1.0413953033250323e-09, "learning_rate": 8.325084852713682e-05, "loss": 0.0029927061405032873, "physical_mean": 0.0011142611037939787, "physical_tail": 0.0018710242584347725, "record_position": 492}
{"epoch": 10, "event": "r45_update", "global_step": 2500, "gradient_norm": 0.619493842124939, "hinge": 3.0183173294062726e-08, "learning_rate": 8.325084852713682e-05, "loss": 0.0006124129286035895, "physical_mean": 0.0001318654540227726, "physical_tail": 0.00048041107947938144, "record_position": 745}
{"epoch": 10, "event": "r45_update", "global_step": 2550, "gradient_norm": 0.4634167551994324, "hinge": 2.714763743666415e-12, "learning_rate": 8.325084852713682e-05, "loss": 0.003905330551788211, "physical_mean": 0.000872257980518043, "physical_tail": 0.003032791893929243, "record_position": 589}
{"absolute_goal_passed": false, "candidate_max": 0.06584256844896734, "candidate_mean": 0.020046478302280728, "correction_scale": 0.0, "epoch": 10, "event": "r45_holdout_evaluation", "fit_hard_max_at_selected_scale": 0.06615041884689205, "train_loss": 0.0031534091837732703}
{"epoch": 11, "event": "r45_update", "global_step": 2600, "gradient_norm": 0.15746478736400604, "hinge": 9.054699212640571e-10, "learning_rate": 7.915638560471318e-05, "loss": 0.0016466692322865129, "physical_mean": 0.000435458030551672, "physical_tail": 0.0012106806971132755, "record_position": 211}
{"epoch": 11, "event": "r45_update", "global_step": 2650, "gradient_norm": 1.246523141860962, "hinge": 1.4025716144061562e-09, "learning_rate": 7.915638560471318e-05, "loss": 0.005003735888749361, "physical_mean": 0.001536582363769412, "physical_tail": 0.0034622668754309416, "record_position": 241}
{"epoch": 11, "event": "r45_update", "global_step": 2700, "gradient_norm": 1.4521032571792603, "hinge": 3.426296046882271e-08, "learning_rate": 7.915638560471318e-05, "loss": 0.0028603626415133476, "physical_mean": 0.0008038993109948933, "physical_tail": 0.002052481286227703, "record_position": 818}
{"epoch": 11, "event": "r45_update", "global_step": 2750, "gradient_norm": 3.5728983879089355, "hinge": 1.3300919817993417e-05, "learning_rate": 7.915638560471318e-05, "loss": 0.00025854737032204866, "physical_mean": 5.061607589595951e-05, "physical_tail": 0.00017387644038535655, "record_position": 101}
{"epoch": 11, "event": "r45_update", "global_step": 2800, "gradient_norm": 0.571796715259552, "hinge": 1.3742115889670004e-08, "learning_rate": 7.915638560471318e-05, "loss": 0.00044009441626258194, "physical_mean": 0.00010442634811624885, "physical_tail": 0.0003355767112225294, "record_position": 579}
{"absolute_goal_passed": false, "candidate_max": 0.06584256844896734, "candidate_mean": 0.020046478302280728, "correction_scale": 0.0, "epoch": 11, "event": "r45_holdout_evaluation", "fit_hard_max_at_selected_scale": 0.06615041884689205, "train_loss": 0.003218089478529862}
{"epoch": 12, "event": "r45_update", "global_step": 2850, "gradient_norm": 1.0700914859771729, "hinge": 2.7514988687471487e-07, "learning_rate": 7.474940093324004e-05, "loss": 0.002027550246566534, "physical_mean": 0.0005501241539604962, "physical_tail": 0.001474738004617393, "record_position": 106}
{"epoch": 12, "event": "r45_update", "global_step": 2900, "gradient_norm": 1.1591278314590454, "hinge": 0.0, "learning_rate": 7.474940093324004e-05, "loss": 0.007171174511313438, "physical_mean": 0.0025757583789527416, "physical_tail": 0.0045904130674898624, "record_position": 411}
{"epoch": 12, "event": "r45_update", "global_step": 2950, "gradient_norm": 0.8082846999168396, "hinge": 1.0409141992795412e-07, "learning_rate": 7.474940093324004e-05, "loss": 0.0003629536658991128, "physical_mean": 0.00012458398123271763, "physical_tail": 0.0002375763579038903, "record_position": 852}
{"epoch": 12, "event": "r45_update", "global_step": 3000, "gradient_norm": 6.777817249298096, "hinge": 7.770344723212474e-07, "learning_rate": 7.474940093324004e-05, "loss": 0.004423944279551506, "physical_mean": 0.0013248051982373, "physical_tail": 0.0030919003766030073, "record_position": 750}
{"epoch": 12, "event": "r45_update", "global_step": 3050, "gradient_norm": 0.10520774126052856, "hinge": 2.0421598440067967e-14, "learning_rate": 7.474940093324004e-05, "loss": 0.0004946280969306827, "physical_mean": 0.00010159756493521854, "physical_tail": 0.00039290121640078723, "record_position": 202}
{"absolute_goal_passed": false, "candidate_max": 0.06584256844896734, "candidate_mean": 0.020046478302280728, "correction_scale": 0.0, "epoch": 12, "event": "r45_holdout_evaluation", "fit_hard_max_at_selected_scale": 0.06615041884689205, "train_loss": 0.003335446150825483}
{"epoch": 13, "event": "r45_update", "global_step": 3100, "gradient_norm": 1.1089681386947632, "hinge": 4.0748409446678124e-07, "learning_rate": 7.008156237864595e-05, "loss": 0.0005200976156629622, "physical_mean": 0.00011235302372369915, "physical_tail": 0.00037507055094465613, "record_position": 261}
{"epoch": 13, "event": "r45_update", "global_step": 3150, "gradient_norm": 0.47516167163848877, "hinge": 2.1182221132676204e-07, "learning_rate": 7.008156237864595e-05, "loss": 0.0028048197273164988, "physical_mean": 0.0008256222936324775, "physical_tail": 0.0019763780292123556, "record_position": 891}
{"epoch": 13, "event": "r45_update", "global_step": 3200, "gradient_norm": 0.6676684617996216, "hinge": 5.644151102046635e-08, "learning_rate": 7.008156237864595e-05, "loss": 0.0005516721867024899, "physical_mean": 0.00013376970309764147, "physical_tail": 0.00041414672159589827, "record_position": 561}
{"epoch": 13, "event": "r45_update", "global_step": 3250, "gradient_norm": 2.8527495861053467, "hinge": 2.93769971904112e-07, "learning_rate": 7.008156237864595e-05, "loss": 0.00472509628161788, "physical_mean": 0.001763389678671956, "physical_tail": 0.002957852091640234, "record_position": 470}
{"epoch": 13, "event": "r45_update", "global_step": 3300, "gradient_norm": 1.035081148147583, "hinge": 9.289937707990248e-08, "learning_rate": 7.008156237864595e-05, "loss": 0.0008101765997707844, "physical_mean": 0.00016948468692135066, "physical_tail": 0.0006400650599971414, "record_position": 52}
{"absolute_goal_passed": false, "candidate_max": 0.06584256844896734, "candidate_mean": 0.020046478302280728, "correction_scale": 0.0, "epoch": 13, "event": "r45_holdout_evaluation", "fit_hard_max_at_selected_scale": 0.06615041884689205, "train_loss": 0.00335926089460159}
{"epoch": 14, "event": "r45_update", "global_step": 3350, "gradient_norm": 0.4836410582065582, "hinge": 6.643234229386508e-08, "learning_rate": 6.5207596080138e-05, "loss": 0.004168182145804167, "physical_mean": 0.0017440642695873976, "physical_tail": 0.0024237928446382284, "record_position": 685}
{"epoch": 14, "event": "r45_update", "global_step": 3400, "gradient_norm": 0.028928762301802635, "hinge": 4.8801449992197377e-08, "learning_rate": 6.5207596080138e-05, "loss": 0.005464956630021334, "physical_mean": 0.0016452039126306772, "physical_tail": 0.0037998552434146404, "record_position": 943}
{"epoch": 14, "event": "r45_update", "global_step": 3450, "gradient_norm": 0.3991483151912689, "hinge": 2.0321130023148726e-07, "learning_rate": 6.5207596080138e-05, "loss": 0.00189166737254709, "physical_mean": 0.0006960653699934483, "physical_tail": 0.0011918122181668878, "record_position": 987}
{"epoch": 14, "event": "r45_update", "global_step": 3500, "gradient_norm": 1.0089818239212036, "hinge": 7.421521619477289e-09, "learning_rate": 6.5207596080138e-05, "loss": 0.009099106304347515, "physical_mean": 0.003442267654463649, "physical_tail": 0.005656705237925053, "record_position": 73}
{"epoch": 14, "event": "r45_update", "global_step": 3550, "gradient_norm": 0.30202516913414, "hinge": 1.68365277275484e-09, "learning_rate": 6.5207596080138e-05, "loss": 0.006141331512480974, "physical_mean": 0.002222526352852583, "physical_tail": 0.003905573859810829, "record_position": 965}
{"absolute_goal_passed": false, "candidate_max": 0.06584256844896734, "candidate_mean": 0.020046478302280728, "correction_scale": 0.0, "epoch": 14, "event": "r45_holdout_evaluation", "fit_hard_max_at_selected_scale": 0.06615041884689205, "train_loss": 0.003241284762625085}
{"epoch": 15, "event": "r45_update", "global_step": 3600, "gradient_norm": 0.366608589887619, "hinge": 0.0, "learning_rate": 6.018464483625634e-05, "loss": 0.008055892772972584, "physical_mean": 0.002879559528082609, "physical_tail": 0.005168742034584284, "record_position": 704}
{"epoch": 15, "event": "r45_update", "global_step": 3650, "gradient_norm": 0.026661651208996773, "hinge": 2.3344954441784083e-12, "learning_rate": 6.018464483625634e-05, "loss": 6.302847032202408e-05, "physical_mean": 1.2150079783168621e-05, "physical_tail": 3.569565888028592e-05, "record_position": 21}
{"epoch": 15, "event": "r45_update", "global_step": 3700, "gradient_norm": 0.7639639377593994, "hinge": 5.0284323371840856e-09, "learning_rate": 6.018464483625634e-05, "loss": 0.0071486192755401134, "physical_mean": 0.002234426559880376, "physical_tail": 0.004907148890197277, "record_position": 491}
{"epoch": 15, "event": "r45_update", "global_step": 3750, "gradient_norm": 0.19371458888053894, "hinge": 3.4038951657322514e-09, "learning_rate": 6.018464483625634e-05, "loss": 0.004454710986465216, "physical_mean": 0.001298250863328576, "physical_tail": 0.0031358925625681877, "record_position": 186}
{"epoch": 15, "event": "r45_update", "global_step": 3800, "gradient_norm": 3.8104591369628906, "hinge": 4.1486876511953596e-07, "learning_rate": 6.018464483625634e-05, "loss": 0.0003213267191313207, "physical_mean": 6.584179936908185e-05, "physical_tail": 0.00025464105419814587, "record_position": 941}
{"absolute_goal_passed": false, "candidate_max": 0.06584256844896734, "candidate_mean": 0.020046478302280728, "correction_scale": 0.0, "epoch": 15, "event": "r45_holdout_evaluation", "fit_hard_max_at_selected_scale": 0.06615041884689205, "train_loss": 0.0034019041175259446}
{"epoch": 16, "event": "r45_update", "global_step": 3850, "gradient_norm": 0.7095802426338196, "hinge": 6.012387809839481e-10, "learning_rate": 5.5071598157807345e-05, "loss": 0.004820073489099741, "physical_mean": 0.0014003555988892913, "physical_tail": 0.003409057855606079, "record_position": 965}
{"epoch": 16, "event": "r45_update", "global_step": 3900, "gradient_norm": 0.4892116189002991, "hinge": 1.9470898848794604e-07, "learning_rate": 5.5071598157807345e-05, "loss": 0.0024418425746262074, "physical_mean": 0.0008123244042508304, "physical_tail": 0.001624368829652667, "record_position": 220}
{"epoch": 16, "event": "r45_update", "global_step": 3950, "gradient_norm": 0.26481515169143677, "hinge": 2.4002254406241263e-08, "learning_rate": 5.5071598157807345e-05, "loss": 0.0008846065029501915, "physical_mean": 0.00021227032993920147, "physical_tail": 0.0006721219979226589, "record_position": 912}
{"epoch": 16, "event": "r45_update", "global_step": 4000, "gradient_norm": 0.3302803337574005, "hinge": 6.914024908155625e-08, "learning_rate": 5.5071598157807345e-05, "loss": 0.0007002513157203794, "physical_mean": 0.0002510581398382783, "physical_tail": 0.0004470028216019273, "record_position": 586}
{"epoch": 16, "event": "r45_update", "global_step": 4050, "gradient_norm": 0.4112480580806732, "hinge": 6.778850369926204e-09, "learning_rate": 5.5071598157807345e-05, "loss": 0.008571666665375233, "physical_mean": 0.0029136445373296738, "physical_tail": 0.00564273726195097, "record_position": 704}
{"absolute_goal_passed": false, "candidate_max": 0.06584256844896734, "candidate_mean": 0.020046478302280728, "correction_scale": 0.0, "epoch": 16, "event": "r45_holdout_evaluation", "fit_hard_max_at_selected_scale": 0.06615041884689205, "train_loss": 0.0033740177471683896}
{"epoch": 17, "event": "r45_update", "global_step": 4100, "gradient_norm": 0.7747844457626343, "hinge": 0.0, "learning_rate": 4.992840184219269e-05, "loss": 0.0006753631751053035, "physical_mean": 0.0001760619634296745, "physical_tail": 0.000499081623274833, "record_position": 672}
{"epoch": 17, "event": "r45_update", "global_step": 4150, "gradient_norm": 0.5425183176994324, "hinge": 2.416661093462835e-09, "learning_rate": 4.992840184219269e-05, "loss": 0.006920929532498121, "physical_mean": 0.0023777945898473263, "physical_tail": 0.0045228684321045876, "record_position": 187}
{"epoch": 17, "event": "r45_update", "global_step": 4200, "gradient_norm": 0.5316620469093323, "hinge": 1.0427066854390432e-07, "learning_rate": 4.992840184219269e-05, "loss": 0.00023445530678145587, "physical_mean": 7.538792851846665e-05, "physical_tail": 0.0001584517303854227, "record_position": 6}
{"epoch": 17, "event": "r45_update", "global_step": 4250, "gradient_norm": 0.5096578001976013, "hinge": 4.7507799649793014e-07, "learning_rate": 4.992840184219269e-05, "loss": 0.0006747673614881933, "physical_mean": 0.00015664126840420067, "physical_tail": 0.0005156918196007609, "record_position": 644}
{"epoch": 17, "event": "r45_update", "global_step": 4300, "gradient_norm": 0.09107735753059387, "hinge": 3.251413005500581e-08, "learning_rate": 4.992840184219269e-05, "loss": 0.0005131253274157643, "physical_mean": 0.00018391505000181496, "physical_tail": 0.0003262211394030601, "record_position": 874}
{"epoch": 17, "event": "r45_update", "global_step": 4350, "gradient_norm": 1.4573421478271484, "hinge": 2.288027332042475e-07, "learning_rate": 4.992840184219269e-05, "loss": 0.012706618756055832, "physical_mean": 0.00403535645455122, "physical_tail": 0.008653952740132809, "record_position": 188}
{"absolute_goal_passed": false, "candidate_max": 0.06584256844896734, "candidate_mean": 0.020046478302280728, "correction_scale": 0.0, "epoch": 17, "event": "r45_holdout_evaluation", "fit_hard_max_at_selected_scale": 0.06615041884689205, "train_loss": 0.003241981113849768}
{"epoch": 18, "event": "r45_update", "global_step": 4400, "gradient_norm": 0.031830254942178726, "hinge": 0.0, "learning_rate": 4.481535516374369e-05, "loss": 0.0005958143738098443, "physical_mean": 0.0001959417713806033, "physical_tail": 0.0003990465775132179, "record_position": 7}
{"epoch": 18, "event": "r45_update", "global_step": 4450, "gradient_norm": 0.2511768639087677, "hinge": 0.0, "learning_rate": 4.481535516374369e-05, "loss": 0.002434069523587823, "physical_mean": 0.000621558225248009, "physical_tail": 0.0018061534501612186, "record_position": 650}
{"epoch": 18, "event": "r45_update", "global_step": 4500, "gradient_norm": 0.2577994167804718, "hinge": 0.0, "learning_rate": 4.481535516374369e-05, "loss": 0.000895010307431221, "physical_mean": 0.00025375501718372107, "physical_tail": 0.0006410430651158094, "record_position": 458}
{"epoch": 18, "event": "r45_update", "global_step": 4550, "gradient_norm": 0.06768888235092163, "hinge": 0.0, "learning_rate": 4.481535516374369e-05, "loss": 6.826748722232878e-05, "physical_mean": 1.8932794773718342e-05, "physical_tail": 4.4963337131775916e-05, "record_position": 377}
{"epoch": 18, "event": "r45_update", "global_step": 4600, "gradient_norm": 0.3129417300224304, "hinge": 1.571087010487915e-10, "learning_rate": 4.481535516374369e-05, "loss": 7.144779374357313e-05, "physical_mean": 1.4936927982489578e-05, "physical_tail": 4.3961790652247146e-05, "record_position": 575}
{"absolute_goal_passed": false, "candidate_max": 0.06584256844896734, "candidate_mean": 0.020046478302280728, "correction_scale": 0.0, "epoch": 18, "event": "r45_holdout_evaluation", "fit_hard_max_at_selected_scale": 0.06615041884689205, "train_loss": 0.003350148416569665}
{"epoch": 19, "event": "r45_update", "global_step": 4650, "gradient_norm": 0.5425467491149902, "hinge": 1.78036891895772e-08, "learning_rate": 3.9792403919862016e-05, "loss": 0.00035799830220639706, "physical_mean": 7.461687346221879e-05, "physical_tail": 0.00028324697632342577, "record_position": 975}
{"epoch": 19, "event": "r45_update", "global_step": 4700, "gradient_norm": 0.5293734669685364, "hinge": 6.535877394853173e-11, "learning_rate": 3.9792403919862016e-05, "loss": 0.00010114474571309984, "physical_mean": 3.6204153730068356e-05, "physical_tail": 6.471644155681133e-05, "record_position": 285}
{"epoch": 19, "event": "r45_update", "global_step": 4750, "gradient_norm": 2.3664002418518066, "hinge": 2.0135575064944566e-12, "learning_rate": 3.9792403919862016e-05, "loss": 0.00011356461618561298, "physical_mean": 2.6346428057877347e-05, "physical_tail": 8.69992290972732e-05, "record_position": 693}
{"epoch": 19, "event": "r45_update", "global_step": 4800, "gradient_norm": 2.86662220954895, "hinge": 1.5252370531015913e-06, "learning_rate": 3.9792403919862016e-05, "loss": 0.000687493069563061, "physical_mean": 0.0002070631890092045, "physical_tail": 0.0004765453631989658, "record_position": 879}
{"epoch": 19, "event": "r45_update", "global_step": 4850, "gradient_norm": 0.8617660999298096, "hinge": 4.777264734912023e-07, "learning_rate": 3.9792403919862016e-05, "loss": 0.002292673336341977, "physical_mean": 0.0005593138048425317, "physical_tail": 0.0017200671136379242, "record_position": 371}
{"absolute_goal_passed": false, "candidate_max": 0.06584256844896734, "candidate_mean": 0.020046478302280728, "correction_scale": 0.0, "epoch": 19, "event": "r45_holdout_evaluation", "fit_hard_max_at_selected_scale": 0.06615041884689205, "train_loss": 0.003157156372599612}
{"epoch": 20, "event": "r45_update", "global_step": 4900, "gradient_norm": 0.15512420237064362, "hinge": 1.0931245242318255e-06, "learning_rate": 3.4918437621354085e-05, "loss": 0.0012327558360993862, "physical_mean": 0.0004523624374996871, "physical_tail": 0.000776530709117651, "record_position": 958}
{"epoch": 20, "event": "r45_update", "global_step": 4950, "gradient_norm": 0.07257654517889023, "hinge": 2.085470107715537e-08, "learning_rate": 3.4918437621354085e-05, "loss": 0.00044932746095582843, "physical_mean": 9.543851774651557e-05, "physical_tail": 0.00035327611840330064, "record_position": 670}
{"epoch": 20, "event": "r45_update", "global_step": 5000, "gradient_norm": 0.860470175743103, "hinge": 6.920656403508474e-08, "learning_rate": 3.4918437621354085e-05, "loss": 0.0008611103985458612, "physical_mean": 0.00017404324898961931, "physical_tail": 0.0006860566791146994, "record_position": 365}
{"epoch": 20, "event": "r45_update", "global_step": 5050, "gradient_norm": 0.05742967501282692, "hinge": 0.0, "learning_rate": 3.4918437621354085e-05, "loss": 0.004928985610604286, "physical_mean": 0.0012665134854614735, "physical_tail": 0.00365566392429173, "record_position": 411}
{"epoch": 20, "event": "r45_update", "global_step": 5100, "gradient_norm": 0.025409234687685966, "hinge": 2.2062721427573706e-07, "learning_rate": 3.4918437621354085e-05, "loss": 8.6298277892638e-05, "physical_mean": 3.5193315852666274e-05, "physical_tail": 5.0628739700187e-05, "record_position": 262}
{"absolute_goal_passed": false, "candidate_max": 0.06584256844896734, "candidate_mean": 0.020046478302280728, "correction_scale": 0.0, "epoch": 20, "event": "r45_holdout_evaluation", "fit_hard_max_at_selected_scale": 0.06615041884689205, "train_loss": 0.0032560799518819294}
{"epoch": 21, "event": "r45_update", "global_step": 5150, "gradient_norm": 0.17998303472995758, "hinge": 0.0, "learning_rate": 3.0250599066759985e-05, "loss": 3.9351281884592026e-05, "physical_mean": 4.414348495629383e-06, "physical_tail": 1.2295706255827099e-05, "record_position": 282}
{"epoch": 21, "event": "r45_update", "global_step": 5200, "gradient_norm": 0.6035773754119873, "hinge": 7.0967502097119e-07, "learning_rate": 3.0250599066759985e-05, "loss": 0.005035534035414457, "physical_mean": 0.0013586599379777908, "physical_tail": 0.0036726314574480057, "record_position": 972}
{"epoch": 21, "event": "r45_update", "global_step": 5250, "gradient_norm": 1.5620871782302856, "hinge": 1.0457933541374587e-07, "learning_rate": 3.0250599066759985e-05, "loss": 0.0025908909738063812, "physical_mean": 0.0007344418554566801, "physical_tail": 0.0018495568074285984, "record_position": 986}
{"epoch": 21, "event": "r45_update", "global_step": 5300, "gradient_norm": 1.0533554553985596, "hinge": 0.0, "learning_rate": 3.0250599066759985e-05, "loss": 0.0014775096205994487, "physical_mean": 0.00042072360520251095, "physical_tail": 0.001052692299708724, "record_position": 201}
{"epoch": 21, "event": "r45_update", "global_step": 5350, "gradient_norm": 0.2154640108346939, "hinge": 2.821969928845647e-07, "learning_rate": 3.0250599066759985e-05, "loss": 0.000865069217979908, "physical_mean": 0.00022164186520967633, "physical_tail": 0.0006410688511095941, "record_position": 699}
{"absolute_goal_passed": false, "candidate_max": 0.06584256844896734, "candidate_mean": 0.020046478302280728, "correction_scale": 0.0, "epoch": 21, "event": "r45_holdout_evaluation", "fit_hard_max_at_selected_scale": 0.06615041884689205, "train_loss": 0.0034686656239735214}
{"epoch": 22, "event": "r45_update", "global_step": 5400, "gradient_norm": 0.12955112755298615, "hinge": 2.6911175510235807e-08, "learning_rate": 2.584361439528685e-05, "loss": 0.006088128313422203, "physical_mean": 0.002420430537313223, "physical_tail": 0.003653469029814005, "record_position": 979}
{"epoch": 22, "event": "r45_update", "global_step": 5450, "gradient_norm": 0.31783151626586914, "hinge": 3.984999636941211e-07, "learning_rate": 2.584361439528685e-05, "loss": 0.002036458346992731, "physical_mean": 0.0005658556474372745, "physical_tail": 0.0014674619305878878, "record_position": 940}
{"epoch": 22, "event": "r45_update", "global_step": 5500, "gradient_norm": 0.2897792458534241, "hinge": 4.738541226068094e-10, "learning_rate": 2.584361439528685e-05, "loss": 0.004697135649621487, "physical_mean": 0.001429140567779541, "physical_tail": 0.003259458811953664, "record_position": 491}
{"epoch": 22, "event": "r45_update", "global_step": 5550, "gradient_norm": 0.3071243166923523, "hinge": 1.876684585511157e-09, "learning_rate": 2.584361439528685e-05, "loss": 0.0059075914323329926, "physical_mean": 0.0022070971317589283, "physical_tail": 0.0036927415058016777, "record_position": 397}
{"epoch": 22, "event": "r45_update", "global_step": 5600, "gradient_norm": 0.06245403364300728, "hinge": 5.923271650942752e-09, "learning_rate": 2.584361439528685e-05, "loss": 0.005575398914515972, "physical_mean": 0.0019093917217105627, "physical_tail": 0.003657789435237646, "record_position": 247}
{"absolute_goal_passed": false, "candidate_max": 0.06584256844896734, "candidate_mean": 0.020046478302280728, "correction_scale": 0.0, "epoch": 22, "event": "r45_holdout_evaluation", "fit_hard_max_at_selected_scale": 0.06615041884689205, "train_loss": 0.003463470708100047}
{"epoch": 23, "event": "r45_update", "global_step": 5650, "gradient_norm": 0.3197513818740845, "hinge": 4.098328361124004e-07, "learning_rate": 2.1749151472863195e-05, "loss": 0.010217723436653614, "physical_mean": 0.0030752522870898247, "physical_tail": 0.007139301858842373, "record_position": 188}
{"epoch": 23, "event": "r45_update", "global_step": 5700, "gradient_norm": 0.03149658069014549, "hinge": 1.1824628732767795e-13, "learning_rate": 2.1749151472863195e-05, "loss": 0.00010263908188790083, "physical_mean": 2.6868063287111e-05, "physical_tail": 7.562666723970324e-05, "record_position": 122}
{"epoch": 23, "event": "r45_update", "global_step": 5750, "gradient_norm": 0.10314908623695374, "hinge": 3.497949485620211e-09, "learning_rate": 2.1749151472863195e-05, "loss": 0.0009035551338456571, "physical_mean": 0.0001885031961137429, "physical_tail": 0.0007145895506255329, "record_position": 431}
{"epoch": 23, "event": "r45_update", "global_step": 5800, "gradient_norm": 1.2305631637573242, "hinge": 1.4456949526397977e-10, "learning_rate": 2.1749151472863195e-05, "loss": 0.004456336610019207, "physical_mean": 0.0012386491289362311, "physical_tail": 0.003198849270120263, "record_position": 965}
{"epoch": 23, "event": "r45_update", "global_step": 5850, "gradient_norm": 0.5473527908325195, "hinge": 4.5070876808495086e-07, "learning_rate": 2.1749151472863195e-05, "loss": 0.0028763373848050833, "physical_mean": 0.000821544963400811, "physical_tail": 0.0020496516954153776, "record_position": 916}
{"absolute_goal_passed": false, "candidate_max": 0.06584256844896734, "candidate_mean": 0.020046478302280728, "correction_scale": 0.0, "epoch": 23, "event": "r45_holdout_evaluation", "fit_hard_max_at_selected_scale": 0.06615041884689205, "train_loss": 0.00345500743910776}
{"epoch": 24, "event": "r45_update", "global_step": 5900, "gradient_norm": 0.11185265332460403, "hinge": 2.228013329386158e-09, "learning_rate": 1.80152141336513e-05, "loss": 0.005259888246655464, "physical_mean": 0.0017150340136140585, "physical_tail": 0.003535547526553273, "record_position": 965}
{"epoch": 24, "event": "r45_update", "global_step": 5950, "gradient_norm": 0.20579557120800018, "hinge": 8.194032119490657e-09, "learning_rate": 1.80152141336513e-05, "loss": 0.00871847290545702, "physical_mean": 0.0022068254183977842, "physical_tail": 0.006505705416202545, "record_position": 743}
{"epoch": 24, "event": "r45_update", "global_step": 6000, "gradient_norm": 0.7824947834014893, "hinge": 2.3795150294603218e-09, "learning_rate": 1.80152141336513e-05, "loss": 0.0022676116786897182, "physical_mean": 0.000863290682900697, "physical_tail": 0.0014011389575898647, "record_position": 230}
{"epoch": 24, "event": "r45_update", "global_step": 6050, "gradient_norm": 0.2301035374403, "hinge": 4.495947223404073e-07, "learning_rate": 1.80152141336513e-05, "loss": 0.00019478905596770346, "physical_mean": 4.356571662356146e-05, "physical_tail": 0.00015022956358734518, "record_position": 661}
{"epoch": 24, "event": "r45_update", "global_step": 6100, "gradient_norm": 0.10454101115465164, "hinge": 3.668709496196243e-07, "learning_rate": 1.80152141336513e-05, "loss": 0.0006014765240252018, "physical_mean": 0.0001505026884842664, "physical_tail": 0.0004443723591975868, "record_position": 584}
{"absolute_goal_passed": false, "candidate_max": 0.06584256844896734, "candidate_mean": 0.020046478302280728, "correction_scale": 0.0, "epoch": 24, "event": "r45_holdout_evaluation", "fit_hard_max_at_selected_scale": 0.06615041884689205, "train_loss": 0.0033667915888049293}
{"epoch": 25, "event": "r45_update", "global_step": 6150, "gradient_norm": 0.13824045658111572, "hinge": 2.8404775775925373e-07, "learning_rate": 1.4685579378981937e-05, "loss": 0.0014548774342983961, "physical_mean": 0.0003435667895246297, "physical_tail": 0.0011100586270913482, "record_position": 160}
{"epoch": 25, "event": "r45_update", "global_step": 6200, "gradient_norm": 0.6860044002532959, "hinge": 6.96403844813176e-07, "learning_rate": 1.4685579378981937e-05, "loss": 0.000192469175090082, "physical_mean": 5.643329495796934e-05, "physical_tail": 0.0001341432798653841, "record_position": 31}
{"epoch": 25, "event": "r45_update", "global_step": 6250, "gradient_norm": 0.34318503737449646, "hinge": 1.0574592312906361e-09, "learning_rate": 1.4685579378981937e-05, "loss": 0.0035542116966098547, "physical_mean": 0.0010453315917402506, "physical_tail": 0.0025044335052371025, "record_position": 198}
{"epoch": 25, "event": "r45_update", "global_step": 6300, "gradient_norm": 0.2108885943889618, "hinge": 8.452399242742104e-07, "learning_rate": 1.4685579378981937e-05, "loss": 0.00024112204846460372, "physical_mean": 5.6395121646346524e-05, "physical_tail": 0.00017457647481933236, "record_position": 831}
{"epoch": 25, "event": "r45_update", "global_step": 6350, "gradient_norm": 0.33103248476982117, "hinge": 6.432675725420722e-09, "learning_rate": 1.4685579378981937e-05, "loss": 0.00017585806199349463, "physical_mean": 4.165866266703233e-05, "physical_tail": 0.00011495858052512631, "record_position": 0}
{"epoch": 25, "event": "r45_update", "global_step": 6400, "gradient_norm": 0.12412633746862411, "hinge": 5.0085560587831424e-08, "learning_rate": 1.4685579378981937e-05, "loss": 0.0038678129203617573, "physical_mean": 0.001199348014779389, "physical_tail": 0.0026652351953089237, "record_position": 1029}
{"absolute_goal_passed": false, "candidate_max": 0.06584256844896734, "candidate_mean": 0.020046478302280728, "correction_scale": 0.0, "epoch": 25, "event": "r45_holdout_evaluation", "fit_hard_max_at_selected_scale": 0.06615041884689205, "train_loss": 0.0033908734489813686}
{"epoch": 26, "event": "r45_update", "global_step": 6450, "gradient_norm": 0.023244451731443405, "hinge": 9.148419621851644e-08, "learning_rate": 1.1799284132039514e-05, "loss": 0.004700942430645227, "physical_mean": 0.0015691511798650026, "physical_tail": 0.0031293726060539484, "record_position": 757}
{"epoch": 26, "event": "r45_update", "global_step": 6500, "gradient_norm": 0.14629676938056946, "hinge": 1.3306999946394171e-09, "learning_rate": 1.1799284132039514e-05, "loss": 0.0012176111340522766, "physical_mean": 0.0003245155676268041, "physical_tail": 0.0008919254178181291, "record_position": 219}
{"epoch": 26, "event": "r45_update", "global_step": 6550, "gradient_norm": 0.523766040802002, "hinge": 5.524878332607841e-09, "learning_rate": 1.1799284132039514e-05, "loss": 0.0014540670672431588, "physical_mean": 0.000534798193257302, "physical_tail": 0.0009180300403386354, "record_position": 696}
{"epoch": 26, "event": "r45_update", "global_step": 6600, "gradient_norm": 0.41960471868515015, "hinge": 1.8316251848560228e-09, "learning_rate": 1.1799284132039514e-05, "loss": 0.007233543321490288, "physical_mean": 0.0020408115815371275, "physical_tail": 0.00518169067800045, "record_position": 704}
{"epoch": 26, "event": "r45_update", "global_step": 6650, "gradient_norm": 0.0739326924085617, "hinge": 2.217034200668877e-08, "learning_rate": 1.1799284132039514e-05, "loss": 0.004419988952577114, "physical_mean": 0.0011101252166554332, "physical_tail": 0.0033074207603931427, "record_position": 497}
{"absolute_goal_passed": false, "candidate_max": 0.06584256844896734, "candidate_mean": 0.020046478302280728, "correction_scale": 0.0, "epoch": 26, "event": "r45_holdout_evaluation", "fit_hard_max_at_selected_scale": 0.06615041884689205, "train_loss": 0.0032271266831376266}
{"epoch": 27, "event": "r45_update", "global_step": 6700, "gradient_norm": 0.68586266040802, "hinge": 0.0, "learning_rate": 9.39016756562954e-06, "loss": 0.028030911460518837, "physical_mean": 0.009317869320511818, "physical_tail": 0.01870546117424965, "record_position": 341}
{"epoch": 27, "event": "r45_update", "global_step": 6750, "gradient_norm": 0.09190931171178818, "hinge": 0.0, "learning_rate": 9.39016756562954e-06, "loss": 0.0018240431090816855, "physical_mean": 0.0006000381545163691, "physical_tail": 0.001223800121806562, "record_position": 142}
{"epoch": 27, "event": "r45_update", "global_step": 6800, "gradient_norm": 0.14735516905784607, "hinge": 3.065522591327863e-08, "learning_rate": 9.39016756562954e-06, "loss": 0.008343874476850033, "physical_mean": 0.0028634872287511826, "physical_tail": 0.0054776715114712715, "record_position": 1001}
{"epoch": 27, "event": "r45_update", "global_step": 6850, "gradient_norm": 0.22399625182151794, "hinge": 2.8204521385077896e-08, "learning_rate": 9.39016756562954e-06, "loss": 0.0012501715682446957, "physical_mean": 0.00027401073020882905, "physical_tail": 0.0009759446838870645, "record_position": 1022}
{"epoch": 27, "event": "r45_update", "global_step": 6900, "gradient_norm": 0.29514649510383606, "hinge": 4.324536007072055e-10, "learning_rate": 9.39016756562954e-06, "loss": 0.00529243191704154, "physical_mean": 0.0017513682832941413, "physical_tail": 0.003534447867423296, "record_position": 965}
{"absolute_goal_passed": false, "candidate_max": 0.06584256844896734, "candidate_mean": 0.020046478302280728, "correction_scale": 0.0, "epoch": 27, "event": "r45_holdout_evaluation", "fit_hard_max_at_selected_scale": 0.06615041884689205, "train_loss": 0.003359475314050897}
{"epoch": 28, "event": "r45_update", "global_step": 6950, "gradient_norm": 0.10392483323812485, "hinge": 1.1084308226827488e-07, "learning_rate": 7.486474368816886e-06, "loss": 0.0001366707874694839, "physical_mean": 3.135560837108642e-05, "physical_tail": 8.01502465037629e-05, "record_position": 260}
{"epoch": 28, "event": "r45_update", "global_step": 7000, "gradient_norm": 0.044235602021217346, "hinge": 4.899189889329136e-07, "learning_rate": 7.486474368816886e-06, "loss": 0.004764369688928127, "physical_mean": 0.001490484457463026, "physical_tail": 0.0032692342065274715, "record_position": 738}
{"epoch": 28, "event": "r45_update", "global_step": 7050, "gradient_norm": 0.38913169503211975, "hinge": 4.431102809121512e-07, "learning_rate": 7.486474368816886e-06, "loss": 0.0007651683990843594, "physical_mean": 0.00020197874982841313, "physical_tail": 0.0005609432701021433, "record_position": 134}
{"epoch": 28, "event": "r45_update", "global_step": 7100, "gradient_norm": 0.062152307480573654, "hinge": 2.9138925938809734e-08, "learning_rate": 7.486474368816886e-06, "loss": 0.001181916450150311, "physical_mean": 0.00033954091486521065, "physical_tail": 0.0008372531738132238, "record_position": 490}
{"epoch": 28, "event": "r45_update", "global_step": 7150, "gradient_norm": 0.39323896169662476, "hinge": 0.0, "learning_rate": 7.486474368816886e-06, "loss": 0.007462467532604933, "physical_mean": 0.002330270130187273, "physical_tail": 0.0051269978284835815, "record_position": 743}
{"absolute_goal_passed": false, "candidate_max": 0.06584256844896734, "candidate_mean": 0.020046478302280728, "correction_scale": 0.0, "epoch": 28, "event": "r45_holdout_evaluation", "fit_hard_max_at_selected_scale": 0.06615041884689205, "train_loss": 0.0033284515018526806}
{"epoch": 29, "event": "r45_update", "global_step": 7200, "gradient_norm": 0.3534620702266693, "hinge": 4.2023422095653976e-15, "learning_rate": 6.110523603770885e-06, "loss": 0.00020496328943409026, "physical_mean": 4.230244303471409e-05, "physical_tail": 0.00016251248598564416, "record_position": 882}
{"epoch": 29, "event": "r45_update", "global_step": 7250, "gradient_norm": 0.06789331883192062, "hinge": 1.6317534345944296e-06, "learning_rate": 6.110523603770885e-06, "loss": 0.0006107368390075862, "physical_mean": 0.00017321523046121, "physical_tail": 0.0004340128507465124, "record_position": 698}
{"epoch": 29, "event": "r45_update", "global_step": 7300, "gradient_norm": 0.08218031376600266, "hinge": 0.0, "learning_rate": 6.110523603770885e-06, "loss": 0.004760379437357187, "physical_mean": 0.001414449536241591, "physical_tail": 0.0033310716971755028, "record_position": 1019}
{"epoch": 29, "event": "r45_update", "global_step": 7350, "gradient_norm": 0.22797313332557678, "hinge": 5.204387889534701e-06, "learning_rate": 6.110523603770885e-06, "loss": 0.0011727542150765657, "physical_mean": 0.0003073866537306458, "physical_tail": 0.0008548913756385446, "record_position": 1013}
{"epoch": 29, "event": "r45_update", "global_step": 7400, "gradient_norm": 0.08818413317203522, "hinge": 0.0, "learning_rate": 6.110523603770885e-06, "loss": 0.0055576469749212265, "physical_mean": 0.0018735742196440697, "physical_tail": 0.0036804513074457645, "record_position": 411}
{"absolute_goal_passed": false, "candidate_max": 0.06584256844896734, "candidate_mean": 0.020046478302280728, "correction_scale": 0.0, "epoch": 29, "event": "r45_holdout_evaluation", "fit_hard_max_at_selected_scale": 0.06615041884689205, "train_loss": 0.0032472524317617157}
{"epoch": 30, "event": "r45_update", "global_step": 7450, "gradient_norm": 0.11582569777965546, "hinge": 1.6547106795883337e-08, "learning_rate": 5.27844703516792e-06, "loss": 0.006590588018298149, "physical_mean": 0.001971582882106304, "physical_tail": 0.004614321980625391, "record_position": 73}
{"epoch": 30, "event": "r45_update", "global_step": 7500, "gradient_norm": 0.2961716055870056, "hinge": 1.7868183022073936e-07, "learning_rate": 5.27844703516792e-06, "loss": 0.00013310619397088885, "physical_mean": 2.442033655825071e-05, "physical_tail": 8.65560577949509e-05, "record_position": 29}
{"epoch": 30, "event": "r45_update", "global_step": 7550, "gradient_norm": 0.057020727545022964, "hinge": 7.371047661131058e-10, "learning_rate": 5.27844703516792e-06, "loss": 0.0051618837751448154, "physical_mean": 0.001552466070279479, "physical_tail": 0.0035930920857936144, "record_position": 186}
{"epoch": 30, "event": "r45_update", "global_step": 7600, "gradient_norm": 0.5134531855583191, "hinge": 1.3483908434253067e-11, "learning_rate": 5.27844703516792e-06, "loss": 0.0007396246073767543, "physical_mean": 0.00018705618276726454, "physical_tail": 0.0005520980921573937, "record_position": 146}
{"epoch": 30, "event": "r45_update", "global_step": 7650, "gradient_norm": 1.8008558750152588, "hinge": 6.141354785826891e-13, "learning_rate": 5.27844703516792e-06, "loss": 0.0006635145400650799, "physical_mean": 0.0002178658323828131, "physical_tail": 0.0004445627564564347, "record_position": 115}
{"absolute_goal_passed": false, "candidate_max": 0.06584256844896734, "candidate_mean": 0.020046478302280728, "correction_scale": 0.0, "epoch": 30, "event": "r45_holdout_evaluation", "fit_hard_max_at_selected_scale": 0.06615041884689205, "train_loss": 0.0033756352246330223}
{"absolute_goal_passed": false, "best_epoch": 0, "best_max": 0.06584256844896734, "best_mean": 0.020046478302280728, "event": "r45_complete"}
