2026-08-27T01:37:34Z loaded shard_0.pt (72 bundles)
2026-08-27T01:37:38Z loaded shard_1.pt (72 bundles)
2026-08-27T01:37:41Z loaded shard_2.pt (72 bundles)
2026-08-27T01:37:41Z split fit 144 holdout 48 (families ['layered', 'marmousi', 'uniform'])
2026-08-27T01:38:43Z [A_control] upd 2048 joint +0.0090 harms 21/48 worst -0.0752 nonworse 27/48
2026-08-27T01:39:36Z [A_control] upd 4096 joint +0.0042 harms 21/48 worst -0.1771 nonworse 27/48
2026-08-27T01:40:29Z [A_control] upd 6144 joint +0.0111 harms 17/48 worst -0.1361 nonworse 31/48
2026-08-27T01:41:21Z [A_control] upd 8192 joint +0.0078 harms 20/48 worst -0.2178 nonworse 28/48
2026-08-27T01:42:14Z [A_control] upd 10240 joint +0.0000 harms 20/48 worst -0.2765 nonworse 28/48
2026-08-27T01:43:06Z [A_control] upd 12288 joint +0.0105 harms 20/48 worst -0.1339 nonworse 28/48
2026-08-27T01:44:01Z [B_hinge] upd 2048 joint +0.0094 harms 18/48 worst -0.0345 nonworse 30/48
2026-08-27T01:44:57Z [B_hinge] upd 4096 joint +0.0084 harms 20/48 worst -0.1347 nonworse 28/48
2026-08-27T01:45:52Z [B_hinge] upd 6144 joint +0.0165 harms 12/48 worst -0.1253 nonworse 36/48
2026-08-27T01:46:48Z [B_hinge] upd 8192 joint +0.0159 harms 15/48 worst -0.1561 nonworse 33/48
2026-08-27T01:47:43Z [B_hinge] upd 10240 joint +0.0083 harms 15/48 worst -0.2298 nonworse 33/48
2026-08-27T01:48:39Z [B_hinge] upd 12288 joint +0.0141 harms 17/48 worst -0.0955 nonworse 31/48
2026-08-27T01:49:35Z [C_hinge_margin] upd 2048 joint +0.0145 harms 14/48 worst -0.0396 nonworse 34/48
2026-08-27T01:50:30Z [C_hinge_margin] upd 4096 joint +0.0112 harms 19/48 worst -0.1307 nonworse 29/48
2026-08-27T01:51:27Z [C_hinge_margin] upd 6144 joint +0.0198 harms 11/48 worst -0.1022 nonworse 37/48
2026-08-27T01:52:24Z [C_hinge_margin] upd 8192 joint +0.0184 harms 15/48 worst -0.1369 nonworse 33/48
2026-08-27T01:53:21Z [C_hinge_margin] upd 10240 joint +0.0097 harms 16/48 worst -0.1899 nonworse 32/48
2026-08-27T01:54:41Z [C_hinge_margin] upd 12288 joint +0.0162 harms 15/48 worst -0.0967 nonworse 33/48
2026-08-27T01:54:41Z done; terminal /root/autodl-tmp/work/FNO-Acoustic-Wave-Simulation/grouped-dual-head-v2/results/r4e14_noharm_hinge_20260827/terminal.json
