2026-08-26T14:12:45Z building 240 bundles
2026-08-26T14:19:09Z bundles 24/240 (381s)
2026-08-26T14:25:32Z bundles 48/240 (763s)
2026-08-26T14:31:54Z bundles 72/240 (1146s)
2026-08-26T14:38:17Z bundles 96/240 (1529s)
2026-08-26T14:44:40Z bundles 120/240 (1911s)
2026-08-26T14:51:03Z bundles 144/240 (2294s)
2026-08-26T14:57:26Z bundles 168/240 (2677s)
2026-08-26T15:03:48Z bundles 192/240 (3060s)
2026-08-26T15:10:10Z bundles 216/240 (3442s)
2026-08-26T15:16:31Z bundles 240/240 (3823s)
2026-08-26T15:16:31Z arm A24 (24 fit records)
2026-08-26T15:17:54Z arm A24 confirm mean -0.0333 fit mean +0.0539
2026-08-26T15:17:54Z arm B96 (96 fit records)
2026-08-26T15:19:18Z arm B96 confirm mean +0.0136 fit mean +0.0128
2026-08-26T15:19:18Z arm C192 (192 fit records)
2026-08-26T15:20:44Z arm C192 confirm mean +0.0229 fit mean +0.0118
{
 "status": "success",
 "elapsed_s": 4080.0,
 "branch": "E4_mixed_report",
 "confirm_mean_gain": {
  "A24": -0.03331764940727836,
  "B96": 0.013602133221122676,
  "C192": 0.022853756905560303
 }
}
