[r54-chain] waiting for R53 terminal at 2026-08-29 16:35:51
[r54-chain] R53 terminal present at 2026-08-29 16:50:51
[r54-chain] 89G free, launching R54 at 2026-08-29 16:50:51
[2026-08-29 16:50:52,856] torch.distributed.run: [WARNING] master_addr is only used for static rdzv_backend and when rdzv_endpoint is not specified.
{"candidate_max": 0.17949659073779578, "candidate_mean": 0.04556354632593941, "event": "initial_identity_evaluation", "maximum_identity_metric_difference": 0.0}
{"correction_energy": 0.0, "epoch": 1, "event": "update", "global_step": 1, "gradient": 0.008286888711154461, "gradient_norm": 0.11516150832176208, "hinge": 0.0, "learning_rate": 0.0002, "loss": 0.026526397094130516, "parent_relative_square": 0.008061285130679607, "relative_square": 0.008061285130679607}
{"correction_energy": 5.989740969880586e-08, "epoch": 1, "event": "update", "global_step": 100, "gradient": 0.008911564946174622, "gradient_norm": 0.18402168154716492, "hinge": 8.286886732378207e-09, "learning_rate": 0.0002, "loss": 0.026050664484500885, "parent_relative_square": 0.006922672502696514, "relative_square": 0.0067421430721879005}
{"correction_energy": 2.0079512808024447e-07, "epoch": 1, "event": "update", "global_step": 200, "gradient": 0.004118712618947029, "gradient_norm": 1.1914763450622559, "hinge": 2.2311514840112068e-05, "learning_rate": 0.0002, "loss": 0.01254043634980917, "parent_relative_square": 0.004117377568036318, "relative_square": 0.003495127661153674}
{"correction_energy": 5.098806923342636e-07, "epoch": 1, "event": "update", "global_step": 300, "gradient": 0.003272193018347025, "gradient_norm": 2.668498992919922, "hinge": 2.208062869613059e-05, "learning_rate": 0.0002, "loss": 0.0104519696906209, "parent_relative_square": 0.004708446096628904, "relative_square": 0.003061523661017418}
{"correction_energy": 4.705109972746868e-07, "epoch": 1, "event": "update", "global_step": 400, "gradient": 0.005677864886820316, "gradient_norm": 0.8164976835250854, "hinge": 2.1380901671363972e-06, "learning_rate": 0.0002, "loss": 0.01653081551194191, "parent_relative_square": 0.007236325182020664, "relative_square": 0.004519634414464235}
{"correction_energy": 7.557719641226868e-07, "epoch": 1, "event": "update", "global_step": 500, "gradient": 0.005837815813720226, "gradient_norm": 0.9126040935516357, "hinge": 5.610422704194207e-06, "learning_rate": 0.0002, "loss": 0.014329108409583569, "parent_relative_square": 0.006382595282047987, "relative_square": 0.003666205331683159}
{"correction_energy": 3.6884296150674345e-07, "epoch": 1, "event": "update", "global_step": 600, "gradient": 0.0011959585826843977, "gradient_norm": 0.88580721616745, "hinge": 5.5617229008930735e-06, "learning_rate": 0.0002, "loss": 0.005997897125780582, "parent_relative_square": 0.0030359067022800446, "relative_square": 0.0016624766867607832}
{"correction_energy": 5.749175784330873e-07, "epoch": 1, "event": "update", "global_step": 700, "gradient": 0.002384306164458394, "gradient_norm": 0.42612719535827637, "hinge": 2.4729133656364866e-06, "learning_rate": 0.0002, "loss": 0.006985689979046583, "parent_relative_square": 0.004694465547800064, "relative_square": 0.0019200141541659832}
{"correction_energy": 4.815053102902311e-07, "epoch": 1, "event": "update", "global_step": 800, "gradient": 0.0018984375055879354, "gradient_norm": 0.6747480630874634, "hinge": 1.6596702607785119e-06, "learning_rate": 0.0002, "loss": 0.017241965979337692, "parent_relative_square": 0.007375494111329317, "relative_square": 0.004443662706762552}
{"correction_energy": 3.3451217973379244e-07, "epoch": 1, "event": "update", "global_step": 900, "gradient": 0.001017565606161952, "gradient_norm": 1.0048450231552124, "hinge": 6.767505965399323e-06, "learning_rate": 0.0002, "loss": 0.006434217095375061, "parent_relative_square": 0.0023059239611029625, "relative_square": 0.0016815499402582645}
{"correction_energy": 7.383386559922656e-07, "epoch": 1, "event": "update", "global_step": 1000, "gradient": 0.0027971023228019476, "gradient_norm": 0.5509098768234253, "hinge": 2.5023502985277446e-06, "learning_rate": 0.0002, "loss": 0.009859940968453884, "parent_relative_square": 0.007645860314369202, "relative_square": 0.002663797466084361}
{"correction_energy": 4.5224277300803806e-07, "epoch": 1, "event": "update", "global_step": 1100, "gradient": 0.0014264071360230446, "gradient_norm": 0.8403711318969727, "hinge": 3.022739520019968e-06, "learning_rate": 0.0002, "loss": 0.004338859114795923, "parent_relative_square": 0.003085644915699959, "relative_square": 0.001227693515829742}
{"correction_energy": 9.857442364591407e-07, "epoch": 1, "event": "update", "global_step": 1200, "gradient": 0.0020605213940143585, "gradient_norm": 0.7076486349105835, "hinge": 9.61112164077349e-07, "learning_rate": 0.0002, "loss": 0.007169647142291069, "parent_relative_square": 0.006306994240731001, "relative_square": 0.0019670608453452587}
{"correction_energy": 4.889669753538328e-07, "epoch": 1, "event": "update", "global_step": 1300, "gradient": 0.0018531447276473045, "gradient_norm": 0.4838467836380005, "hinge": 1.8821539882196703e-09, "learning_rate": 0.0002, "loss": 0.007114528678357601, "parent_relative_square": 0.004259207751601934, "relative_square": 0.0017369382549077272}
[2026-08-29 17:17:16,050] torch.distributed.elastic.agent.server.api: [WARNING] Received Signals.SIGTERM death signal, shutting down workers
[2026-08-29 17:17:16,050] torch.distributed.elastic.multiprocessing.api: [WARNING] Sending process 891647 closing signal SIGTERM
[2026-08-29 17:17:16,050] torch.distributed.elastic.multiprocessing.api: [WARNING] Sending process 891648 closing signal SIGTERM
[2026-08-29 17:17:16,051] torch.distributed.elastic.multiprocessing.api: [WARNING] Sending process 891649 closing signal SIGTERM
[2026-08-29 17:17:16,052] torch.distributed.elastic.multiprocessing.api: [WARNING] Sending process 891650 closing signal SIGTERM
Traceback (most recent call last):
  File "/root/miniconda3/bin/torchrun", line 8, in <module>
    sys.exit(main())
  File "/root/miniconda3/lib/python3.10/site-packages/torch/distributed/elastic/multiprocessing/errors/__init__.py", line 346, in wrapper
    return f(*args, **kwargs)
  File "/root/miniconda3/lib/python3.10/site-packages/torch/distributed/run.py", line 806, in main
    run(args)
  File "/root/miniconda3/lib/python3.10/site-packages/torch/distributed/run.py", line 797, in run
    elastic_launch(
  File "/root/miniconda3/lib/python3.10/site-packages/torch/distributed/launcher/api.py", line 134, in __call__
    return launch_agent(self._config, self._entrypoint, list(args))
  File "/root/miniconda3/lib/python3.10/site-packages/torch/distributed/launcher/api.py", line 255, in launch_agent
    result = agent.run()
  File "/root/miniconda3/lib/python3.10/site-packages/torch/distributed/elastic/metrics/api.py", line 124, in wrapper
    result = f(*args, **kwargs)
  File "/root/miniconda3/lib/python3.10/site-packages/torch/distributed/elastic/agent/server/api.py", line 736, in run
    result = self._invoke_run(role)
  File "/root/miniconda3/lib/python3.10/site-packages/torch/distributed/elastic/agent/server/api.py", line 877, in _invoke_run
    time.sleep(monitor_interval)
  File "/root/miniconda3/lib/python3.10/site-packages/torch/distributed/elastic/multiprocessing/api.py", line 62, in _terminate_process_handler
    raise SignalException(f"Process {os.getpid()} got signal: {sigval}", sigval=sigval)
torch.distributed.elastic.multiprocessing.api.SignalException: Process 891572 got signal: 15
