[r56smokeA] launch 2026-08-30 11:09:41
[2026-08-30 11:09:43,217] torch.distributed.run: [WARNING] master_addr is only used for static rdzv_backend and when rdzv_endpoint is not specified.
{"candidate_max": 0.17949659073779578, "candidate_mean": 0.04556354632593941, "event": "initial_identity_evaluation", "maximum_identity_metric_difference": 0.0}
{"correction_energy": 0.0, "epoch": 1, "event": "update", "global_step": 1, "gradient": 0.008286888711154461, "gradient_norm": 0.11518243700265884, "hinge": 0.0, "learning_rate": 0.0002, "loss": 0.026526397094130516, "parent_relative_square": 0.008061285130679607, "relative_square": 0.008061285130679607}
{"correction_energy": 5.722127838225788e-08, "epoch": 1, "event": "update", "global_step": 100, "gradient": 0.008909452706575394, "gradient_norm": 0.277336448431015, "hinge": 1.15231220121359e-08, "learning_rate": 0.0002, "loss": 0.026060540229082108, "parent_relative_square": 0.006922672502696514, "relative_square": 0.006742062047123909}
{"correction_energy": 2.6340717340644915e-07, "epoch": 1, "event": "update", "global_step": 200, "gradient": 0.003957569599151611, "gradient_norm": 1.2373486757278442, "hinge": 2.1428164473036304e-05, "learning_rate": 0.0002, "loss": 0.012328640557825565, "parent_relative_square": 0.004117377568036318, "relative_square": 0.003453390672802925}
{"correction_energy": 5.392589059738384e-07, "epoch": 1, "event": "update", "global_step": 300, "gradient": 0.0033069774508476257, "gradient_norm": 0.8859294652938843, "hinge": 1.4019745322002564e-05, "learning_rate": 0.0002, "loss": 0.010304529219865799, "parent_relative_square": 0.004708446096628904, "relative_square": 0.002992004854604602}
{"correction_energy": 3.9445697552764614e-07, "epoch": 1, "event": "update", "global_step": 400, "gradient": 0.005574979353696108, "gradient_norm": 0.8077290058135986, "hinge": 2.530284973545349e-06, "learning_rate": 0.0002, "loss": 0.015819720923900604, "parent_relative_square": 0.007236325182020664, "relative_square": 0.0043316795490682125}
{"correction_energy": 7.140466209420993e-07, "epoch": 1, "event": "update", "global_step": 500, "gradient": 0.005761410109698772, "gradient_norm": 1.380403995513916, "hinge": 1.091691228793934e-05, "learning_rate": 0.0002, "loss": 0.013978528790175915, "parent_relative_square": 0.006382595282047987, "relative_square": 0.0036151474341750145}
{"correction_energy": 3.9298680576393963e-07, "epoch": 1, "event": "update", "global_step": 600, "gradient": 0.0011864869156852365, "gradient_norm": 0.5125943422317505, "hinge": 4.34545745520154e-06, "learning_rate": 0.0002, "loss": 0.00566749507561326, "parent_relative_square": 0.0030359067022800446, "relative_square": 0.0015700950752943754}
{"correction_energy": 6.037275852577295e-07, "epoch": 1, "event": "update", "global_step": 700, "gradient": 0.002347248140722513, "gradient_norm": 0.22717976570129395, "hinge": 2.7542421321413713e-06, "learning_rate": 0.0002, "loss": 0.006750649772584438, "parent_relative_square": 0.004694465547800064, "relative_square": 0.0018634134903550148}
{"correction_energy": 5.012926180825161e-07, "epoch": 1, "event": "update", "global_step": 800, "gradient": 0.0018482789164409041, "gradient_norm": 0.37094199657440186, "hinge": 1.2445204902178375e-06, "learning_rate": 0.0002, "loss": 0.016268465667963028, "parent_relative_square": 0.007375494111329317, "relative_square": 0.004192802123725414}
{"correction_energy": 3.52223452182443e-07, "epoch": 1, "event": "update", "global_step": 900, "gradient": 0.0009377528331242502, "gradient_norm": 0.36864641308784485, "hinge": 7.443736194545636e-06, "learning_rate": 0.0002, "loss": 0.006325982511043549, "parent_relative_square": 0.0023059239611029625, "relative_square": 0.001656671753153205}
{"correction_energy": 7.991414463504043e-07, "epoch": 1, "event": "update", "global_step": 1000, "gradient": 0.0027214945293962955, "gradient_norm": 0.8668534159660339, "hinge": 3.3752419312804705e-06, "learning_rate": 0.0002, "loss": 0.009844894520938396, "parent_relative_square": 0.007645860314369202, "relative_square": 0.002662121085450053}
{"correction_energy": 5.180704079066345e-07, "epoch": 1, "event": "update", "global_step": 1100, "gradient": 0.001490484457463026, "gradient_norm": 1.330093264579773, "hinge": 3.445533593549044e-06, "learning_rate": 0.0002, "loss": 0.004607581067830324, "parent_relative_square": 0.003085644915699959, "relative_square": 0.0013178967637941241}
{"correction_energy": 1.0014111921918811e-06, "epoch": 1, "event": "update", "global_step": 1200, "gradient": 0.002134394831955433, "gradient_norm": 0.7090269923210144, "hinge": 4.962628850080364e-07, "learning_rate": 0.0002, "loss": 0.007445710711181164, "parent_relative_square": 0.006306994240731001, "relative_square": 0.002021350897848606}
{"correction_energy": 4.585110104926571e-07, "epoch": 1, "event": "update", "global_step": 1300, "gradient": 0.0018225531093776226, "gradient_norm": 0.24176304042339325, "hinge": 9.532495681696673e-08, "learning_rate": 0.0002, "loss": 0.0071174767799675465, "parent_relative_square": 0.004259207751601934, "relative_square": 0.0017272848635911942}
{"correction_energy": 7.836633812985383e-07, "epoch": 1, "event": "update", "global_step": 1400, "gradient": 0.0021406454034149647, "gradient_norm": 0.46329769492149353, "hinge": 1.7275770005653612e-06, "learning_rate": 0.0002, "loss": 0.005969270132482052, "parent_relative_square": 0.005237778183072805, "relative_square": 0.0016643486451357603}
{"correction_energy": 3.7721457601946895e-07, "epoch": 1, "event": "update", "global_step": 1500, "gradient": 0.0010526720434427261, "gradient_norm": 1.206072211265564, "hinge": 2.675985797395697e-06, "learning_rate": 0.0002, "loss": 0.0032070144079625607, "parent_relative_square": 0.0025944379158318043, "relative_square": 0.0009524989873170853}
{"correction_energy": 1.3132233789292513e-06, "epoch": 1, "event": "update", "global_step": 1600, "gradient": 0.0038015120662748814, "gradient_norm": 0.7395656108856201, "hinge": 3.613817227687832e-07, "learning_rate": 0.0002, "loss": 0.009255306795239449, "parent_relative_square": 0.011555805802345276, "relative_square": 0.002896829741075635}
{"correction_energy": 1.3115713954903185e-06, "epoch": 1, "event": "update", "global_step": 1700, "gradient": 0.0031865001656115055, "gradient_norm": 0.6997158527374268, "hinge": 0.0, "learning_rate": 0.0002, "loss": 0.008145340718328953, "parent_relative_square": 0.009985124692320824, "relative_square": 0.0024089731741696596}
{"correction_energy": 7.463111160177505e-07, "epoch": 1, "event": "update", "global_step": 1800, "gradient": 0.0015911732334643602, "gradient_norm": 0.6320233941078186, "hinge": 3.723660029208986e-06, "learning_rate": 0.0002, "loss": 0.005549748428165913, "parent_relative_square": 0.00607991823926568, "relative_square": 0.0015057515120133758}
{"correction_energy": 8.590752713644179e-07, "epoch": 1, "event": "update", "global_step": 1900, "gradient": 0.0013321375008672476, "gradient_norm": 0.35041892528533936, "hinge": 1.1767443197641114e-07, "learning_rate": 0.0002, "loss": 0.0048836772330105305, "parent_relative_square": 0.004722385201603174, "relative_square": 0.0014187450287863612}
{"correction_energy": 3.1544689704787743e-07, "epoch": 1, "event": "update", "global_step": 2000, "gradient": 0.0016670003533363342, "gradient_norm": 0.6843277215957642, "hinge": 5.795513970952015e-06, "learning_rate": 0.0002, "loss": 0.004758898634463549, "parent_relative_square": 0.0024579260498285294, "relative_square": 0.0011812517186626792}
{"correction_energy": 8.355932550330181e-07, "epoch": 1, "event": "update", "global_step": 2100, "gradient": 0.0005919086397625506, "gradient_norm": 0.8397474884986877, "hinge": 6.291240879363613e-07, "learning_rate": 0.0002, "loss": 0.00694087753072381, "parent_relative_square": 0.0057463389821350574, "relative_square": 0.0018119507003575563}
{"correction_energy": 7.290362873391132e-07, "epoch": 1, "event": "update", "global_step": 2200, "gradient": 0.002381805796176195, "gradient_norm": 0.48031842708587646, "hinge": 9.348241292173043e-06, "learning_rate": 0.0002, "loss": 0.007894203066825867, "parent_relative_square": 0.006156480871140957, "relative_square": 0.0019727027975022793}
{"correction_energy": 7.646925155313511e-07, "epoch": 1, "event": "update", "global_step": 2300, "gradient": 0.0010470568668097258, "gradient_norm": 0.4396788775920868, "hinge": 0.0, "learning_rate": 0.0002, "loss": 0.003891928121447563, "parent_relative_square": 0.00535423681139946, "relative_square": 0.0011632511159405112}
{"correction_energy": 8.467492875752214e-07, "epoch": 1, "event": "update", "global_step": 2400, "gradient": 0.0024781778920441866, "gradient_norm": 0.7170410752296448, "hinge": 2.722046701819636e-06, "learning_rate": 0.0002, "loss": 0.007382440380752087, "parent_relative_square": 0.00711982324719429, "relative_square": 0.0019533121958374977}
{"correction_energy": 9.754272696227417e-07, "epoch": 1, "event": "update", "global_step": 2500, "gradient": 0.0018383758142590523, "gradient_norm": 0.2685851454734802, "hinge": 1.7596398720343132e-06, "learning_rate": 0.0002, "loss": 0.0069803884252905846, "parent_relative_square": 0.006629624404013157, "relative_square": 0.0018468804191797972}
{"correction_energy": 8.356344665116922e-07, "epoch": 1, "event": "update", "global_step": 2600, "gradient": 0.0013828468509018421, "gradient_norm": 0.7211974263191223, "hinge": 5.556366431846982e-06, "learning_rate": 0.0002, "loss": 0.0031066557858139277, "parent_relative_square": 0.003999515902251005, "relative_square": 0.0009406820754520595}
{"correction_energy": 4.051099438129313e-07, "epoch": 1, "event": "update", "global_step": 2700, "gradient": 0.00114958337508142, "gradient_norm": 0.9233229160308838, "hinge": 1.070277789949614e-06, "learning_rate": 0.0002, "loss": 0.006184746045619249, "parent_relative_square": 0.0027754618786275387, "relative_square": 0.0016847598599269986}
{"correction_energy": 1.483953042225039e-06, "epoch": 1, "event": "update", "global_step": 2800, "gradient": 0.0012761480174958706, "gradient_norm": 0.47652170062065125, "hinge": 3.146673677179024e-08, "learning_rate": 0.0002, "loss": 0.0045173075050115585, "parent_relative_square": 0.007565304636955261, "relative_square": 0.0014417327474802732}
{"correction_energy": 9.475643878431583e-07, "epoch": 1, "event": "update", "global_step": 2900, "gradient": 0.002167115453630686, "gradient_norm": 0.7282176613807678, "hinge": 2.598915216367459e-06, "learning_rate": 0.0002, "loss": 0.007577904034405947, "parent_relative_square": 0.009543417021632195, "relative_square": 0.0022836693096905947}
{"correction_energy": 6.115001838224998e-07, "epoch": 1, "event": "update", "global_step": 3000, "gradient": 0.000839505810290575, "gradient_norm": 0.8992131352424622, "hinge": 8.896476089148564e-08, "learning_rate": 0.0002, "loss": 0.0027620592154562473, "parent_relative_square": 0.004550667013972998, "relative_square": 0.0007305465405806899}
{"correction_energy": 7.386655624941341e-07, "epoch": 1, "event": "update", "global_step": 3100, "gradient": 0.000844056427013129, "gradient_norm": 0.314956396818161, "hinge": 0.0, "learning_rate": 0.0002, "loss": 0.003918851260095835, "parent_relative_square": 0.0046082413755357265, "relative_square": 0.0012426136527210474}
{"correction_energy": 7.656001912437205e-07, "epoch": 1, "event": "update", "global_step": 3200, "gradient": 0.0011209514923393726, "gradient_norm": 0.40301188826560974, "hinge": 5.25267523698858e-07, "learning_rate": 0.0002, "loss": 0.003375300671905279, "parent_relative_square": 0.004447503946721554, "relative_square": 0.000982799450866878}
{"correction_energy": 9.336548600913375e-07, "epoch": 1, "event": "update", "global_step": 3300, "gradient": 0.0009682603413239121, "gradient_norm": 0.2783631980419159, "hinge": 1.3256259308036533e-06, "learning_rate": 0.0002, "loss": 0.0031401074957102537, "parent_relative_square": 0.005940472707152367, "relative_square": 0.0008739103795960546}
{"absolute_goal_passed": false, "candidate_max": 0.09800974716472888, "candidate_mean": 0.02513997041446993, "epoch": 1, "event": "holdout_evaluation", "max_relative_improvement": 0.45397432473857335, "mean_relative_improvement": 0.44824377289180184, "parent_max": 0.17949659073779578, "parent_mean": 0.04556354632593941}
{"correction_energy": 1.1617973996180808e-06, "epoch": 2, "event": "update", "global_step": 3400, "gradient": 0.0010474750306457281, "gradient_norm": 0.21483275294303894, "hinge": 6.246995098990737e-07, "learning_rate": 0.000105, "loss": 0.0039014965295791626, "parent_relative_square": 0.007036702707409859, "relative_square": 0.0009567801607772708}
{"correction_energy": 8.402796538575785e-07, "epoch": 2, "event": "update", "global_step": 3500, "gradient": 0.0003721227403730154, "gradient_norm": 0.22173884510993958, "hinge": 1.7864799417566246e-07, "learning_rate": 0.000105, "loss": 0.0023756453301757574, "parent_relative_square": 0.003712477395310998, "relative_square": 0.0007910263957455754}
{"correction_energy": 7.716051300121762e-07, "epoch": 2, "event": "update", "global_step": 3600, "gradient": 0.0007976277265697718, "gradient_norm": 0.4460027515888214, "hinge": 8.79551862453809e-07, "learning_rate": 0.000105, "loss": 0.003505505621433258, "parent_relative_square": 0.005505274049937725, "relative_square": 0.0010240757837891579}
{"correction_energy": 8.295991165141459e-07, "epoch": 2, "event": "update", "global_step": 3700, "gradient": 0.0006538899033330381, "gradient_norm": 0.13347525894641876, "hinge": 5.800048938908731e-07, "learning_rate": 0.000105, "loss": 0.0025662595871835947, "parent_relative_square": 0.005655242595821619, "relative_square": 0.0006890499498695135}
{"correction_energy": 7.913093895695056e-07, "epoch": 2, "event": "update", "global_step": 3800, "gradient": 0.000565371650736779, "gradient_norm": 0.5725681781768799, "hinge": 2.9637812986038625e-06, "learning_rate": 0.000105, "loss": 0.0022410727106034756, "parent_relative_square": 0.004214002750813961, "relative_square": 0.0006335460348054767}
{"correction_energy": 1.438775029782846e-06, "epoch": 2, "event": "update", "global_step": 3900, "gradient": 0.0023070916067808867, "gradient_norm": 0.5839169025421143, "hinge": 0.0, "learning_rate": 0.000105, "loss": 0.005877414718270302, "parent_relative_square": 0.008742708712816238, "relative_square": 0.001741053769364953}
{"correction_energy": 8.957299542089459e-07, "epoch": 2, "event": "update", "global_step": 4000, "gradient": 0.0004400083271320909, "gradient_norm": 0.2775735855102539, "hinge": 8.109370241982106e-07, "learning_rate": 0.000105, "loss": 0.002622702158987522, "parent_relative_square": 0.003603266552090645, "relative_square": 0.000806736177764833}
{"correction_energy": 7.822624183972948e-07, "epoch": 2, "event": "update", "global_step": 4100, "gradient": 0.0007466782117262483, "gradient_norm": 0.7907865643501282, "hinge": 0.0, "learning_rate": 0.000105, "loss": 0.002448722254484892, "parent_relative_square": 0.004346533678472042, "relative_square": 0.0007376886205747724}
{"correction_energy": 7.658703680135659e-07, "epoch": 2, "event": "update", "global_step": 4200, "gradient": 0.0009418066474609077, "gradient_norm": 0.4419403076171875, "hinge": 4.867977736466855e-07, "learning_rate": 0.000105, "loss": 0.0039734309539198875, "parent_relative_square": 0.0039938935078680515, "relative_square": 0.0009622006909921765}
{"correction_energy": 1.1305405678285751e-06, "epoch": 2, "event": "update", "global_step": 4300, "gradient": 0.0015326689463108778, "gradient_norm": 0.21942660212516785, "hinge": 1.3583857594312576e-07, "learning_rate": 0.000105, "loss": 0.005003130529075861, "parent_relative_square": 0.00734855467453599, "relative_square": 0.0013205616269260645}
{"correction_energy": 9.958273494703462e-07, "epoch": 2, "event": "update", "global_step": 4400, "gradient": 0.0015866928733885288, "gradient_norm": 0.5625116229057312, "hinge": 1.457884081901284e-06, "learning_rate": 0.000105, "loss": 0.00653793103992939, "parent_relative_square": 0.009883178398013115, "relative_square": 0.0017140170093625784}
{"correction_energy": 1.0635877742970479e-06, "epoch": 2, "event": "update", "global_step": 4500, "gradient": 0.0017089585307985544, "gradient_norm": 0.21926249563694, "hinge": 5.509085895027965e-06, "learning_rate": 0.000105, "loss": 0.004838616121560335, "parent_relative_square": 0.006654500961303711, "relative_square": 0.0012812355998903513}
{"correction_energy": 1.2538929468064453e-06, "epoch": 2, "event": "update", "global_step": 4600, "gradient": 0.0014850818552076817, "gradient_norm": 0.4738025367259979, "hinge": 0.0, "learning_rate": 0.000105, "loss": 0.004212408792227507, "parent_relative_square": 0.00773971900343895, "relative_square": 0.0011959100374951959}
{"correction_energy": 4.874577825830784e-07, "epoch": 2, "event": "update", "global_step": 4700, "gradient": 0.0007684845477342606, "gradient_norm": 0.15742458403110504, "hinge": 6.024573617757767e-10, "learning_rate": 0.000105, "loss": 0.001840010518208146, "parent_relative_square": 0.002733164932578802, "relative_square": 0.00051441031973809}
{"correction_energy": 1.4594038475479465e-06, "epoch": 2, "event": "update", "global_step": 4800, "gradient": 0.0011348915286362171, "gradient_norm": 0.13836315274238586, "hinge": 2.9263017609082453e-07, "learning_rate": 0.000105, "loss": 0.0032083604019135237, "parent_relative_square": 0.009085902012884617, "relative_square": 0.0008528021862730384}
{"correction_energy": 6.072485234653868e-07, "epoch": 2, "event": "update", "global_step": 4900, "gradient": 0.0007814286509528756, "gradient_norm": 0.3446580171585083, "hinge": 4.590403932525078e-06, "learning_rate": 0.000105, "loss": 0.002417034935206175, "parent_relative_square": 0.003863435937091708, "relative_square": 0.0007506522815674543}
{"correction_energy": 1.074838223757979e-06, "epoch": 2, "event": "update", "global_step": 5000, "gradient": 0.0008811544394120574, "gradient_norm": 0.09623010456562042, "hinge": 1.7441848854105046e-08, "learning_rate": 0.000105, "loss": 0.003224529791623354, "parent_relative_square": 0.006512016989290714, "relative_square": 0.0009927850915119052}
{"correction_energy": 7.98921462319413e-07, "epoch": 2, "event": "update", "global_step": 5100, "gradient": 0.0019682408310472965, "gradient_norm": 0.28390559554100037, "hinge": 7.655594345123973e-07, "learning_rate": 0.000105, "loss": 0.003787136636674404, "parent_relative_square": 0.004659359343349934, "relative_square": 0.0011745579540729523}
{"correction_energy": 7.923140401544515e-07, "epoch": 2, "event": "update", "global_step": 5200, "gradient": 0.0009217285551130772, "gradient_norm": 0.6023110747337341, "hinge": 1.8095549876306904e-06, "learning_rate": 0.000105, "loss": 0.0029353518038988113, "parent_relative_square": 0.004298184532672167, "relative_square": 0.0007638536626473069}
{"correction_energy": 7.582771672787203e-07, "epoch": 2, "event": "update", "global_step": 5300, "gradient": 0.001079116016626358, "gradient_norm": 0.431742787361145, "hinge": 9.483417784394987e-07, "learning_rate": 0.000105, "loss": 0.0033476685639470816, "parent_relative_square": 0.005117610562592745, "relative_square": 0.0008629689691588283}
{"correction_energy": 1.161395061899384e-06, "epoch": 2, "event": "update", "global_step": 5400, "gradient": 0.0011193344835191965, "gradient_norm": 0.363474041223526, "hinge": 0.0, "learning_rate": 0.000105, "loss": 0.0035156409721821547, "parent_relative_square": 0.006539155263453722, "relative_square": 0.0009929283987730742}
{"correction_energy": 1.4677231092719012e-06, "epoch": 2, "event": "update", "global_step": 5500, "gradient": 0.0019556796178221703, "gradient_norm": 0.6066864728927612, "hinge": 0.0, "learning_rate": 0.000105, "loss": 0.004848969168961048, "parent_relative_square": 0.009649336338043213, "relative_square": 0.0014120237901806831}
{"correction_energy": 7.039320735202637e-07, "epoch": 2, "event": "update", "global_step": 5600, "gradient": 0.0005664933123625815, "gradient_norm": 0.31117236614227295, "hinge": 5.949385339931723e-08, "learning_rate": 0.000105, "loss": 0.00224519451148808, "parent_relative_square": 0.004264723975211382, "relative_square": 0.0007036511087790132}
{"correction_energy": 1.072197619578219e-06, "epoch": 2, "event": "update", "global_step": 5700, "gradient": 0.0014814346795901656, "gradient_norm": 0.4375022053718567, "hinge": 2.650464011821896e-06, "learning_rate": 0.000105, "loss": 0.00467028608545661, "parent_relative_square": 0.007577328477054834, "relative_square": 0.001287962426431477}
{"correction_energy": 8.657618195684336e-07, "epoch": 2, "event": "update", "global_step": 5800, "gradient": 0.0005705736111849546, "gradient_norm": 0.4653836488723755, "hinge": 1.0661998430805397e-06, "learning_rate": 0.000105, "loss": 0.002235940657556057, "parent_relative_square": 0.004392643459141254, "relative_square": 0.0006966704968363047}
{"correction_energy": 9.658152748670545e-07, "epoch": 2, "event": "update", "global_step": 5900, "gradient": 0.001203554798848927, "gradient_norm": 0.3876977264881134, "hinge": 4.797457791028137e-07, "learning_rate": 0.000105, "loss": 0.0033836893271654844, "parent_relative_square": 0.005751350894570351, "relative_square": 0.0009848210029304028}
{"correction_energy": 8.067203793871158e-07, "epoch": 2, "event": "update", "global_step": 6000, "gradient": 0.0009443783201277256, "gradient_norm": 0.40155521035194397, "hinge": 1.1137922228954267e-06, "learning_rate": 0.000105, "loss": 0.00326210237108171, "parent_relative_square": 0.004651058465242386, "relative_square": 0.0008882777765393257}
{"correction_energy": 1.2397266573316301e-06, "epoch": 2, "event": "update", "global_step": 6100, "gradient": 0.000550279684830457, "gradient_norm": 0.30941241979599, "hinge": 4.096410521015059e-06, "learning_rate": 0.000105, "loss": 0.0024894101079553366, "parent_relative_square": 0.005675883032381535, "relative_square": 0.0007595011265948415}
{"correction_energy": 1.1274770486124908e-06, "epoch": 2, "event": "update", "global_step": 6200, "gradient": 0.0005562694277614355, "gradient_norm": 0.39181622862815857, "hinge": 3.3468356264165777e-07, "learning_rate": 0.000105, "loss": 0.0026666251942515373, "parent_relative_square": 0.004673208110034466, "relative_square": 0.0008490229374729097}
{"correction_energy": 1.2113933962609735e-06, "epoch": 2, "event": "update", "global_step": 6300, "gradient": 0.0008857280481606722, "gradient_norm": 0.45796525478363037, "hinge": 2.0632153336919146e-06, "learning_rate": 0.000105, "loss": 0.0025220492389053106, "parent_relative_square": 0.006707478314638138, "relative_square": 0.0007493490120396018}
{"correction_energy": 1.512099515821319e-06, "epoch": 2, "event": "update", "global_step": 6400, "gradient": 0.0018163567874580622, "gradient_norm": 0.4644121825695038, "hinge": 0.0, "learning_rate": 0.000105, "loss": 0.004066126886755228, "parent_relative_square": 0.011336930096149445, "relative_square": 0.0012038067216053605}
{"correction_energy": 1.6053678564276197e-06, "epoch": 2, "event": "update", "global_step": 6500, "gradient": 0.0010363031178712845, "gradient_norm": 0.695755124092102, "hinge": 0.0, "learning_rate": 0.000105, "loss": 0.003665053052827716, "parent_relative_square": 0.005674073472619057, "relative_square": 0.0011087132152169943}
{"correction_energy": 9.488829846304725e-07, "epoch": 2, "event": "update", "global_step": 6600, "gradient": 0.0013222505804151297, "gradient_norm": 0.31933772563934326, "hinge": 8.560726200812496e-06, "learning_rate": 0.000105, "loss": 0.004386230371892452, "parent_relative_square": 0.007521920837461948, "relative_square": 0.0012502232566475868}
{"absolute_goal_passed": false, "candidate_max": 0.0750845838304008, "candidate_mean": 0.021421217546302215, "epoch": 2, "event": "holdout_evaluation", "max_relative_improvement": 0.5816935379007698, "mean_relative_improvement": 0.5298606172341094, "parent_max": 0.17949659073779578, "parent_mean": 0.04556354632593941}
{
  "best_epoch": 2,
  "best_metrics": {
    "absolute_goal": {
      "max_lte_0p05": false,
      "mean_lte_0p05": true,
      "passed": false
    },
    "aggregate": {
      "candidate_max": 0.0750845838304008,
      "candidate_mean": 0.021421217546302215,
      "candidate_median": 0.015727477498436938,
      "count": 56,
      "max_relative_improvement": 0.5816935379007698,
      "mean_relative_improvement": 0.5298606172341094,
      "parent_max": 0.17949659073779578,
      "parent_mean": 0.04556354632593941
    },
    "elapsed_seconds": 603.3047094503418,
    "ema_decay": 0.999,
    "epoch": 2,
    "evaluation_track": "ema",
    "event": "holdout_evaluation",
    "global_step": 6640,
    "per_family": {
      "layered": {
        "candidate_max": 0.044786781678974555,
        "candidate_mean": 0.018171663268437548,
        "candidate_median": 0.013660503700969199,
        "count": 20,
        "max_relative_improvement": 0.5975681816335887,
        "mean_relative_improvement": 0.5948145786039185,
        "parent_max": 0.11129035934777032,
        "parent_mean": 0.0448477716839525
      },
      "marmousi": {
        "candidate_max": 0.0750845838304008,
        "candidate_mean": 0.03563322723262129,
        "candidate_median": 0.029517006134437973,
        "count": 20,
        "max_relative_improvement": 0.5816935379007698,
        "mean_relative_improvement": 0.5060593834972247,
        "parent_max": 0.17949659073779578,
        "parent_mean": 0.07214071093183946
      },
      "uniform": {
        "candidate_max": 0.013559656024095274,
        "candidate_mean": 0.00771814828573421,
        "candidate_median": 0.006912629640770839,
        "count": 16,
        "max_relative_improvement": 0.6030091669183164,
        "mean_relative_improvement": 0.4169177510286791,
        "parent_max": 0.03415609352698903,
        "parent_mean": 0.01323680887104802
      }
    },
    "raw_shadow_absolute_goal": {
      "max_lte_0p05": false,
      "mean_lte_0p05": true,
      "passed": false
    },
    "raw_shadow_aggregate": {
      "candidate_max": 0.07673611986301161,
      "candidate_mean": 0.022302705420910823,
      "candidate_median": 0.01562150921261268,
      "count": 56,
      "max_relative_improvement": 0.5724926053046553,
      "mean_relative_improvement": 0.5105142768877529,
      "parent_max": 0.17949659073779578,
      "parent_mean": 0.04556354632593941
    },
    "raw_shadow_per_family": {
      "layered": {
        "candidate_max": 0.04809699283522591,
        "candidate_mean": 0.019499858407993585,
        "candidate_median": 0.013480989530717014,
        "count": 20,
        "max_relative_improvement": 0.5678242651285902,
        "mean_relative_improvement": 0.5651989457712332,
        "parent_max": 0.11129035934777032,
        "parent_mean": 0.0448477716839525
      },
      "marmousi": {
        "candidate_max": 0.07673611986301161,
        "candidate_mean": 0.036645841314882174,
        "candidate_median": 0.035604939553804865,
        "count": 20,
        "max_relative_improvement": 0.5724926053046553,
        "mean_relative_improvement": 0.49202273111078465,
        "parent_max": 0.17949659073779578,
        "parent_mean": 0.07214071093183946
      },
      "uniform": {
        "candidate_max": 0.013867756408021282,
        "candidate_mean": 0.007877344319593171,
        "candidate_median": 0.007067309565565951,
        "count": 16,
        "max_relative_improvement": 0.5939888032844437,
        "mean_relative_improvement": 0.4048909826882251,
        "parent_max": 0.03415609352698903,
        "parent_mean": 0.01323680887104802
      }
    },
    "records": [
      {
        "candidate_error_square": 0.5613020956319437,
        "candidate_rel_l2": 0.009335270341276217,
        "correction_square": 1.2390008694438703,
        "family": "uniform",
        "parent_error_square": 0.7653660400851692,
        "parent_rel_l2": 0.010900920229357864,
        "relative_improvement": 0.14362547887150934,
        "sample_id": "train_uniform_00357",
        "target_square": 6440.845255738023
      },
      {
        "candidate_error_square": 0.2603096741919124,
        "candidate_rel_l2": 0.003925977215514467,
        "correction_square": 0.1728601347250388,
        "family": "uniform",
        "parent_error_square": 0.26457395118707794,
        "parent_rel_l2": 0.003958003392631022,
        "relative_improvement": 0.008091498146813425,
        "sample_id": "train_uniform_00186",
        "target_square": 16888.643134439477
      },
      {
        "candidate_error_square": 0.3631173210226113,
        "candidate_rel_l2": 0.00656053007108056,
        "correction_square": 0.8442719174147642,
        "family": "uniform",
        "parent_error_square": 0.7589059530007383,
        "parent_rel_l2": 0.009484390512616965,
        "relative_improvement": 0.30828132157220123,
        "sample_id": "train_uniform_00243",
        "target_square": 8436.631976413919
      },
      {
        "candidate_error_square": 0.19474573173115914,
        "candidate_rel_l2": 0.00462749767820134,
        "correction_square": 0.21290718275834816,
        "family": "uniform",
        "parent_error_square": 0.2598930503364123,
        "parent_rel_l2": 0.005345761375107274,
        "relative_improvement": 0.13436134658957177,
        "sample_id": "train_uniform_00037",
        "target_square": 9094.430929393091
      },
      {
        "candidate_error_square": 1.5579974441477082,
        "candidate_rel_l2": 0.02917795452576141,
        "correction_square": 10.406997002955444,
        "family": "layered",
        "parent_error_square": 12.614075332707156,
        "parent_rel_l2": 0.0830231453728146,
        "relative_improvement": 0.648556382744377,
        "sample_id": "train_layered_00548",
        "target_square": 1830.0251349139585
      },
      {
        "candidate_error_square": 3.4065775902730366,
        "candidate_rel_l2": 0.0324431733892649,
        "correction_square": 20.244799816347772,
        "family": "layered",
        "parent_error_square": 28.198290222692698,
        "parent_rel_l2": 0.09334167136931966,
        "relative_improvement": 0.6524256217686648,
        "sample_id": "train_layered_00768",
        "target_square": 3236.4703293998764
      },
      {
        "candidate_error_square": 0.3223419560887891,
        "candidate_rel_l2": 0.010171315656966329,
        "correction_square": 0.9977919536088784,
        "family": "layered",
        "parent_error_square": 1.2557532095901003,
        "parent_rel_l2": 0.02007570763331368,
        "relative_improvement": 0.4933520729257871,
        "sample_id": "train_layered_00816",
        "target_square": 3115.7497739024598
      },
      {
        "candidate_error_square": 0.2903669954632831,
        "candidate_rel_l2": 0.008637342286587772,
        "correction_square": 1.5573858941730299,
        "family": "layered",
        "parent_error_square": 1.2267888922288215,
        "parent_rel_l2": 0.017753804065186805,
        "relative_improvement": 0.5134934318935839,
        "sample_id": "train_layered_00040",
        "target_square": 3892.12688371568
      },
      {
        "candidate_error_square": 11.20112599738298,
        "candidate_rel_l2": 0.03373694662309322,
        "correction_square": 13.651938434657266,
        "family": "layered",
        "parent_error_square": 32.338397763590656,
        "parent_rel_l2": 0.05732369572149336,
        "relative_improvement": 0.4114659531548025,
        "sample_id": "train_layered_00236",
        "target_square": 9841.247053827856
      },
      {
        "candidate_error_square": 12.401269634251825,
        "candidate_rel_l2": 0.028964083544079297,
        "correction_square": 9.014577524153017,
        "family": "marmousi",
        "parent_error_square": 10.092890473594533,
        "parent_rel_l2": 0.026129704393654758,
        "relative_improvement": -0.10847344875102483,
        "sample_id": "train_marmousi_00275",
        "target_square": 14782.455055814296
      },
      {
        "candidate_error_square": 2.193536773859563,
        "candidate_rel_l2": 0.022512271887044882,
        "correction_square": 10.701592293298571,
        "family": "marmousi",
        "parent_error_square": 10.60019136403206,
        "parent_rel_l2": 0.04948843478680308,
        "relative_improvement": 0.5451003454841906,
        "sample_id": "train_marmousi_00279",
        "target_square": 4328.189520310201
      },
      {
        "candidate_error_square": 6.41416362025445,
        "candidate_rel_l2": 0.04186548854686227,
        "correction_square": 22.458874488000745,
        "family": "marmousi",
        "parent_error_square": 28.164465258086796,
        "parent_rel_l2": 0.08772773191784132,
        "relative_improvement": 0.5227793124063655,
        "sample_id": "train_marmousi_00653",
        "target_square": 3659.550184527359
      },
      {
        "candidate_error_square": 1.073964477986784,
        "candidate_rel_l2": 0.01818787419274047,
        "correction_square": 8.329384462921665,
        "family": "marmousi",
        "parent_error_square": 8.28966624430075,
        "parent_rel_l2": 0.050530722241473223,
        "relative_improvement": 0.640063047074108,
        "sample_id": "train_marmousi_00397",
        "target_square": 3246.5794404651087
      },
      {
        "candidate_error_square": 5.469412764832333,
        "candidate_rel_l2": 0.04284848997298776,
        "correction_square": 24.790616936907767,
        "family": "marmousi",
        "parent_error_square": 30.470752024204742,
        "parent_rel_l2": 0.10113622938420137,
        "relative_improvement": 0.5763289749490978,
        "sample_id": "train_marmousi_00266",
        "target_square": 2978.994194362094
      },
      {
        "candidate_error_square": 0.782561491243433,
        "candidate_rel_l2": 0.007077476777887343,
        "correction_square": 0.6011407816246941,
        "family": "uniform",
        "parent_error_square": 0.565769495016113,
        "parent_rel_l2": 0.006017817048333636,
        "relative_improvement": -0.17608706297362975,
        "sample_id": "train_uniform_00102",
        "target_square": 15622.896907204778
      },
      {
        "candidate_error_square": 0.41618171896463085,
        "candidate_rel_l2": 0.00963512852547798,
        "correction_square": 3.163879182712901,
        "family": "uniform",
        "parent_error_square": 2.9418147489642372,
        "parent_rel_l2": 0.025616728940070378,
        "relative_improvement": 0.623873580892428,
        "sample_id": "train_uniform_00369",
        "target_square": 4482.99211760593
      },
      {
        "candidate_error_square": 0.38391757150233774,
        "candidate_rel_l2": 0.00760062260619582,
        "correction_square": 0.6715336232541927,
        "family": "uniform",
        "parent_error_square": 0.6305029062089886,
        "parent_rel_l2": 0.009740331112386001,
        "relative_improvement": 0.21967513029092867,
        "sample_id": "train_uniform_00384",
        "target_square": 6645.683461599649
      },
      {
        "candidate_error_square": 0.3373326219709234,
        "candidate_rel_l2": 0.006832370246112732,
        "correction_square": 0.5070450067256852,
        "family": "uniform",
        "parent_error_square": 0.5768827860925185,
        "parent_rel_l2": 0.008934824198754155,
        "relative_improvement": 0.2353100526515769,
        "sample_id": "train_uniform_00149",
        "target_square": 7226.2928306926015
      },
      {
        "candidate_error_square": 0.5555063812484607,
        "candidate_rel_l2": 0.011109496958586486,
        "correction_square": 4.528860132566734,
        "family": "layered",
        "parent_error_square": 4.803016869225747,
        "parent_rel_l2": 0.03266682487520783,
        "relative_improvement": 0.6599150054825826,
        "sample_id": "train_layered_00549",
        "target_square": 4500.9093208691
      },
      {
        "candidate_error_square": 1.1783574707282225,
        "candidate_rel_l2": 0.01907390903254684,
        "correction_square": 15.769001025554436,
        "family": "layered",
        "parent_error_square": 18.120687971634307,
        "parent_rel_l2": 0.07479774730321916,
        "relative_improvement": 0.7449935362996429,
        "sample_id": "train_layered_00769",
        "target_square": 3238.9007899677113
      },
      {
        "candidate_error_square": 0.5127088774112132,
        "candidate_rel_l2": 0.005818226974584577,
        "correction_square": 0.2884150272141923,
        "family": "layered",
        "parent_error_square": 0.4772756856074061,
        "parent_rel_l2": 0.0056135797382719285,
        "relative_improvement": -0.036455745861667666,
        "sample_id": "train_layered_00817",
        "target_square": 15145.705858345651
      },
      {
        "candidate_error_square": 0.40187004683927907,
        "candidate_rel_l2": 0.01188704471457595,
        "correction_square": 3.085210468576258,
        "family": "layered",
        "parent_error_square": 3.0276480215194574,
        "parent_rel_l2": 0.032627497877710625,
        "relative_improvement": 0.6356740330156745,
        "sample_id": "train_layered_00041",
        "target_square": 2844.0540438818916
      },
      {
        "candidate_error_square": 5.157060542877767,
        "candidate_rel_l2": 0.016682834129285857,
        "correction_square": 7.386016344748392,
        "family": "layered",
        "parent_error_square": 13.972392695568093,
        "parent_rel_l2": 0.027460226071884707,
        "relative_improvement": 0.39247280464429013,
        "sample_id": "train_layered_00237",
        "target_square": 18529.451612326597
      },
      {
        "candidate_error_square": 5.259517240110047,
        "candidate_rel_l2": 0.038728437756166,
        "correction_square": 16.76459358664979,
        "family": "marmousi",
        "parent_error_square": 22.833007275374907,
        "parent_rel_l2": 0.08069350773607191,
        "relative_improvement": 0.5200550968383114,
        "sample_id": "train_marmousi_00276",
        "target_square": 3506.5975564991854
      },
      {
        "candidate_error_square": 5.492299570878805,
        "candidate_rel_l2": 0.026454543459705087,
        "correction_square": 12.80906031754488,
        "family": "marmousi",
        "parent_error_square": 19.28724540647201,
        "parent_rel_l2": 0.04957449120469277,
        "relative_improvement": 0.4663678271457302,
        "sample_id": "train_marmousi_00650",
        "target_square": 7847.903878103249
      },
      {
        "candidate_error_square": 5.550277437917897,
        "candidate_rel_l2": 0.02896882170505851,
        "correction_square": 9.979913080599294,
        "family": "marmousi",
        "parent_error_square": 18.36954789356055,
        "parent_rel_l2": 0.05270146870134423,
        "relative_improvement": 0.4503223075390379,
        "sample_id": "train_marmousi_00654",
        "target_square": 6613.830046910512
      },
      {
        "candidate_error_square": 2.358449619027432,
        "candidate_rel_l2": 0.024857374693813723,
        "correction_square": 10.973246164081429,
        "family": "marmousi",
        "parent_error_square": 13.093851783789699,
        "parent_rel_l2": 0.05857005980123216,
        "relative_improvement": 0.5755958799056785,
        "sample_id": "train_marmousi_00398",
        "target_square": 3816.9466140152763
      },
      {
        "candidate_error_square": 24.357995464003665,
        "candidate_rel_l2": 0.0750845838304008,
        "correction_square": 56.63009720255688,
        "family": "marmousi",
        "parent_error_square": 98.92719410683083,
        "parent_rel_l2": 0.1513170447864847,
        "relative_improvement": 0.5037929538185959,
        "sample_id": "train_marmousi_00267",
        "target_square": 4320.559490171483
      },
      {
        "candidate_error_square": 0.5448062393727668,
        "candidate_rel_l2": 0.013559656024095274,
        "correction_square": 1.907198777806871,
        "family": "uniform",
        "parent_error_square": 2.9984908978453433,
        "parent_rel_l2": 0.03181112320900252,
        "relative_improvement": 0.573744820797214,
        "sample_id": "train_uniform_00003",
        "target_square": 2963.08921223509
      },
      {
        "candidate_error_square": 0.47933111650732996,
        "candidate_rel_l2": 0.0069928890354289475,
        "correction_square": 0.8476182325543409,
        "family": "uniform",
        "parent_error_square": 0.8986700525964935,
        "parent_rel_l2": 0.009575003913547054,
        "relative_improvement": 0.26967246190519456,
        "sample_id": "train_uniform_00303",
        "target_square": 9802.172683466513
      },
      {
        "candidate_error_square": 0.3007250505623297,
        "candidate_rel_l2": 0.005438614813889482,
        "correction_square": 0.30747861269012006,
        "family": "uniform",
        "parent_error_square": 0.4137635716193273,
        "parent_rel_l2": 0.0063793969150182555,
        "relative_improvement": 0.1474719497252165,
        "sample_id": "train_uniform_00048",
        "target_square": 10167.004223707852
      },
      {
        "candidate_error_square": 0.4100693486402907,
        "candidate_rel_l2": 0.012590854340853259,
        "correction_square": 2.203266972812748,
        "family": "uniform",
        "parent_error_square": 3.01775026708086,
        "parent_rel_l2": 0.03415609352698903,
        "relative_improvement": 0.6313731155787948,
        "sample_id": "train_uniform_00315",
        "target_square": 2586.705037600812
      },
      {
        "candidate_error_square": 0.7869152569150064,
        "candidate_rel_l2": 0.01254888653435038,
        "correction_square": 3.983476458191945,
        "family": "layered",
        "parent_error_square": 4.020965054652898,
        "parent_rel_l2": 0.028366539540307344,
        "relative_improvement": 0.5576165884978999,
        "sample_id": "train_layered_00550",
        "target_square": 4997.09470936385
      },
      {
        "candidate_error_square": 4.135954217243864,
        "candidate_rel_l2": 0.04314993110946404,
        "correction_square": 20.34863482882261,
        "family": "layered",
        "parent_error_square": 27.512534412642818,
        "parent_rel_l2": 0.11129035934777032,
        "relative_improvement": 0.6122761094280846,
        "sample_id": "train_layered_00770",
        "target_square": 2221.3424155283287
      },
      {
        "candidate_error_square": 0.3296430844174737,
        "candidate_rel_l2": 0.005473345058749381,
        "correction_square": 0.3041807829177529,
        "family": "layered",
        "parent_error_square": 0.45361394139988676,
        "parent_rel_l2": 0.00642057673462088,
        "relative_improvement": 0.1475306214726566,
        "sample_id": "train_layered_00818",
        "target_square": 11003.689124304516
      },
      {
        "candidate_error_square": 0.31049137842642077,
        "candidate_rel_l2": 0.008647052267484473,
        "correction_square": 1.052200538814001,
        "family": "layered",
        "parent_error_square": 0.7314323236102815,
        "parent_rel_l2": 0.013271817033201318,
        "relative_improvement": 0.34846507860584164,
        "sample_id": "train_layered_00042",
        "target_square": 4152.535722698397
      },
      {
        "candidate_error_square": 4.20672325975281,
        "candidate_rel_l2": 0.020207400383873704,
        "correction_square": 17.428892793061163,
        "family": "layered",
        "parent_error_square": 25.85880959482982,
        "parent_rel_l2": 0.050100578352246135,
        "relative_improvement": 0.5966633310737468,
        "sample_id": "train_layered_00238",
        "target_square": 10302.03568081211
      },
      {
        "candidate_error_square": 5.726343738209056,
        "candidate_rel_l2": 0.026910253802197498,
        "correction_square": 9.129871780602887,
        "family": "marmousi",
        "parent_error_square": 13.832349196400024,
        "parent_rel_l2": 0.04182414377352204,
        "relative_improvement": 0.35658566143238546,
        "sample_id": "train_marmousi_00277",
        "target_square": 7907.547811681909
      },
      {
        "candidate_error_square": 5.16386022685612,
        "candidate_rel_l2": 0.026020669552192004,
        "correction_square": 10.458890372588623,
        "family": "marmousi",
        "parent_error_square": 9.387481259255715,
        "parent_rel_l2": 0.03508373077888676,
        "relative_improvement": 0.25832660967028254,
        "sample_id": "train_marmousi_00651",
        "target_square": 7626.715454509187
      },
      {
        "candidate_error_square": 2.9262297511901725,
        "candidate_rel_l2": 0.030065190563817432,
        "correction_square": 20.934535083629978,
        "family": "marmousi",
        "parent_error_square": 23.516069950444297,
        "parent_rel_l2": 0.0852299280531865,
        "relative_improvement": 0.6472460877233677,
        "sample_id": "train_marmousi_00395",
        "target_square": 3237.2817555403126
      },
      {
        "candidate_error_square": 3.011398628544265,
        "candidate_rel_l2": 0.0427757628144704,
        "correction_square": 53.275160617665875,
        "family": "marmousi",
        "parent_error_square": 53.025543759024984,
        "parent_rel_l2": 0.17949659073779578,
        "relative_improvement": 0.7616903884433316,
        "sample_id": "train_marmousi_00399",
        "target_square": 1645.7835695181561
      },
      {
        "candidate_error_square": 12.247166649027873,
        "candidate_rel_l2": 0.06325404669012619,
        "correction_square": 19.930313496200238,
        "family": "marmousi",
        "parent_error_square": 33.68028470039807,
        "parent_rel_l2": 0.1048958672865705,
        "relative_improvement": 0.39698247103177897,
        "sample_id": "train_marmousi_00268",
        "target_square": 3060.969468504584
      },
      {
        "candidate_error_square": 0.35529887512311326,
        "candidate_rel_l2": 0.010326229042466504,
        "correction_square": 1.5319394181038148,
        "family": "uniform",
        "parent_error_square": 2.186249177825818,
        "parent_rel_l2": 0.025615018099054237,
        "relative_improvement": 0.5968681730953853,
        "sample_id": "train_uniform_00085",
        "target_square": 3332.04091061304
      },
      {
        "candidate_error_square": 0.2286496026059333,
        "candidate_rel_l2": 0.006532938882498922,
        "correction_square": 0.42925193945819284,
        "family": "uniform",
        "parent_error_square": 0.365844883877088,
        "parent_rel_l2": 0.0082636490127448,
        "relative_improvement": 0.20943654886317786,
        "sample_id": "train_uniform_00020",
        "target_square": 5357.389971470214
      },
      {
        "candidate_error_square": 0.5085923651451971,
        "candidate_rel_l2": 0.006192149536134054,
        "correction_square": 0.724909824398408,
        "family": "uniform",
        "parent_error_square": 0.6192144660891366,
        "parent_rel_l2": 0.006832459474247516,
        "relative_improvement": 0.0937158779392514,
        "sample_id": "train_uniform_00027",
        "target_square": 13264.380300172399
      },
      {
        "candidate_error_square": 0.28421650403136084,
        "candidate_rel_l2": 0.006262167434634457,
        "correction_square": 0.5311042989363904,
        "family": "uniform",
        "parent_error_square": 0.6077798557082765,
        "parent_rel_l2": 0.009157420976907603,
        "relative_improvement": 0.31616473126813194,
        "sample_id": "train_uniform_00116",
        "target_square": 7247.6955586851955
      },
      {
        "candidate_error_square": 0.8996884353788449,
        "candidate_rel_l2": 0.014772120867588017,
        "correction_square": 5.120537818650522,
        "family": "layered",
        "parent_error_square": 3.6457739988430085,
        "parent_rel_l2": 0.029736623557475403,
        "relative_improvement": 0.5032347623785789,
        "sample_id": "train_layered_00551",
        "target_square": 4122.934479539496
      },
      {
        "candidate_error_square": 1.4736805830480908,
        "candidate_rel_l2": 0.021170198672905097,
        "correction_square": 17.038964395598818,
        "family": "layered",
        "parent_error_square": 20.743880013081146,
        "parent_rel_l2": 0.07942701637710348,
        "relative_improvement": 0.733463503496175,
        "sample_id": "train_layered_00771",
        "target_square": 3288.164179851252
      },
      {
        "candidate_error_square": 0.21664457048058558,
        "candidate_rel_l2": 0.006485002690646969,
        "correction_square": 0.7171989440452989,
        "family": "layered",
        "parent_error_square": 0.8064996045240811,
        "parent_rel_l2": 0.0125123341894588,
        "relative_improvement": 0.4817111985299789,
        "sample_id": "train_layered_00819",
        "target_square": 5151.4262664785465
      },
      {
        "candidate_error_square": 0.2682407708619954,
        "candidate_rel_l2": 0.007454301813461069,
        "correction_square": 1.7814372672512147,
        "family": "layered",
        "parent_error_square": 1.761323208502887,
        "parent_rel_l2": 0.019101351977122972,
        "relative_improvement": 0.6097500416520868,
        "sample_id": "train_layered_00043",
        "target_square": 4827.372844683476
      },
      {
        "candidate_error_square": 8.241482920077337,
        "candidate_rel_l2": 0.044786781678974555,
        "correction_square": 29.396716063073033,
        "family": "layered",
        "parent_error_square": 42.784204778308876,
        "parent_rel_l2": 0.10204433654132099,
        "relative_improvement": 0.5611046806028381,
        "sample_id": "train_layered_00239",
        "target_square": 4108.7115364953725
      },
      {
        "candidate_error_square": 9.273125026237027,
        "candidate_rel_l2": 0.04749970141816434,
        "correction_square": 18.778431852634153,
        "family": "marmousi",
        "parent_error_square": 25.7607712210978,
        "parent_rel_l2": 0.07916938155611009,
        "relative_improvement": 0.4000243467293014,
        "sample_id": "train_marmousi_00278",
        "target_square": 4110.023981309067
      },
      {
        "candidate_error_square": 5.794227817127682,
        "candidate_rel_l2": 0.027775402747811002,
        "correction_square": 16.938032406347837,
        "family": "marmousi",
        "parent_error_square": 21.91292718161594,
        "parent_rel_l2": 0.05401480087193737,
        "relative_improvement": 0.48578163208148895,
        "sample_id": "train_marmousi_00652",
        "target_square": 7510.603525499499
      },
      {
        "candidate_error_square": 1.3003968875347922,
        "candidate_rel_l2": 0.012515446150986166,
        "correction_square": 2.783873714466236,
        "family": "marmousi",
        "parent_error_square": 2.714519620860493,
        "parent_rel_l2": 0.01808234986290047,
        "relative_improvement": 0.30786395319868864,
        "sample_id": "train_marmousi_00396",
        "target_square": 8302.009947731218
      },
      {
        "candidate_error_square": 6.071881984210442,
        "candidate_rel_l2": 0.038600447607201264,
        "correction_square": 17.659174348287124,
        "family": "marmousi",
        "parent_error_square": 22.38863917917673,
        "parent_rel_l2": 0.07412155612562522,
        "relative_improvement": 0.4792277763060029,
        "sample_id": "train_marmousi_00265",
        "target_square": 4075.1034706093355
      },
      {
        "candidate_error_square": 15.634875290778695,
        "candidate_rel_l2": 0.048775653716600545,
        "correction_square": 6.891816092550309,
        "family": "marmousi",
        "parent_error_square": 26.105634630232597,
        "parent_rel_l2": 0.06302647463645479,
        "relative_improvement": 0.22610848856857224,
        "sample_id": "train_marmousi_00269",
        "target_square": 6571.858803179997
      }
    ],
    "train_loss": 0.003521127467966693
  },
  "best_score": 0.09650580137670302,
  "checkpoint": "/root/autodl-tmp/work/FNO-Acoustic-Wave-Simulation/grouped-dual-head-v2/results/r56_smokeA_adamw_ema_2ep_20260830/best.pt",
  "checkpoint_sha256": "3926d9a98bbe405b4e4715effcaca7598b65b3214c32a73cafc52196a365b7a1",
  "elapsed_seconds": 603.3571041487157,
  "global_step": 6640,
  "schema": "r25_coarse_residual_terminal_v1",
  "status": "complete",
  "test_id_opened": false,
  "validation_opened": false
}
[r56smokeA] exited 0 at 2026-08-30 11:20:04
[r56smokeB] launch 2026-08-30 11:20:04
[2026-08-30 11:20:05,604] torch.distributed.run: [WARNING] master_addr is only used for static rdzv_backend and when rdzv_endpoint is not specified.
{"candidate_max": 0.17949659073779578, "candidate_mean": 0.04556354632593941, "event": "initial_identity_evaluation", "maximum_identity_metric_difference": 0.0}
{"correction_energy": 0.0, "epoch": 1, "event": "update", "global_step": 1, "gradient": 0.008286888711154461, "gradient_norm": 0.11514727771282196, "hinge": 0.0, "learning_rate": 0.0002, "loss": 0.026526397094130516, "parent_relative_square": 0.008061285130679607, "relative_square": 0.008061285130679607}
{"correction_energy": 4.771335326836379e-08, "epoch": 1, "event": "update", "global_step": 100, "gradient": 0.008905390277504921, "gradient_norm": 0.26559367775917053, "hinge": 6.467337243520888e-07, "learning_rate": 0.0002, "loss": 0.02612142264842987, "parent_relative_square": 0.006922672502696514, "relative_square": 0.0067699970677495}
{"correction_energy": 1.0926579818715254e-07, "epoch": 1, "event": "update", "global_step": 200, "gradient": 0.004074936732649803, "gradient_norm": 0.2820839285850525, "hinge": 3.095261433827545e-07, "learning_rate": 0.0002, "loss": 0.012960806488990784, "parent_relative_square": 0.004117377568036318, "relative_square": 0.003600129159167409}
{"correction_energy": 3.047365737529617e-07, "epoch": 1, "event": "update", "global_step": 300, "gradient": 0.0037764133885502815, "gradient_norm": 0.4059963822364807, "hinge": 2.6813904696609825e-06, "learning_rate": 0.0002, "loss": 0.012523694895207882, "parent_relative_square": 0.004708446096628904, "relative_square": 0.0035694751422852278}
{"correction_energy": 4.011035912299121e-07, "epoch": 1, "event": "update", "global_step": 400, "gradient": 0.005530165508389473, "gradient_norm": 0.3194126784801483, "hinge": 1.6756988543420448e-06, "learning_rate": 0.0002, "loss": 0.017003774642944336, "parent_relative_square": 0.007236325182020664, "relative_square": 0.004671481437981129}
{"correction_energy": 6.122031663835514e-07, "epoch": 1, "event": "update", "global_step": 500, "gradient": 0.0050433604046702385, "gradient_norm": 0.604317843914032, "hinge": 2.2480194274976384e-06, "learning_rate": 0.0002, "loss": 0.013180483132600784, "parent_relative_square": 0.006382595282047987, "relative_square": 0.0033669141121208668}
{"correction_energy": 3.590832875488559e-07, "epoch": 1, "event": "update", "global_step": 600, "gradient": 0.0008933297940529883, "gradient_norm": 0.7794174551963806, "hinge": 2.8207625746290432e-06, "learning_rate": 0.0002, "loss": 0.005212843883782625, "parent_relative_square": 0.0030359067022800446, "relative_square": 0.0014682253822684288}
{"correction_energy": 5.795794209006999e-07, "epoch": 1, "event": "update", "global_step": 700, "gradient": 0.001713841105811298, "gradient_norm": 0.543247640132904, "hinge": 8.831843842926901e-07, "learning_rate": 0.0002, "loss": 0.005735581740736961, "parent_relative_square": 0.004694465547800064, "relative_square": 0.0015896065160632133}
{"correction_energy": 5.148830837242713e-07, "epoch": 1, "event": "update", "global_step": 800, "gradient": 0.0015756599605083466, "gradient_norm": 0.3119807839393616, "hinge": 2.1993926679897413e-07, "learning_rate": 0.0002, "loss": 0.01662583276629448, "parent_relative_square": 0.007375494111329317, "relative_square": 0.004297098144888878}
{"correction_energy": 3.425009822421998e-07, "epoch": 1, "event": "update", "global_step": 900, "gradient": 0.0006485329358838499, "gradient_norm": 0.3605596721172333, "hinge": 2.738267994573107e-06, "learning_rate": 0.0002, "loss": 0.005263730883598328, "parent_relative_square": 0.0023059239611029625, "relative_square": 0.0013702338328585029}
{"correction_energy": 9.381895438309584e-07, "epoch": 1, "event": "update", "global_step": 1000, "gradient": 0.0019872074481099844, "gradient_norm": 0.2820949852466583, "hinge": 1.7323092151855235e-06, "learning_rate": 0.0002, "loss": 0.007227883208543062, "parent_relative_square": 0.007645860314369202, "relative_square": 0.002003344474360347}
{"correction_energy": 4.325448514919117e-07, "epoch": 1, "event": "update", "global_step": 1100, "gradient": 0.0011667385697364807, "gradient_norm": 0.35741496086120605, "hinge": 3.257180651417002e-06, "learning_rate": 0.0002, "loss": 0.0037563687656074762, "parent_relative_square": 0.003085644915699959, "relative_square": 0.0010648577008396387}
{"correction_energy": 1.1113435220977408e-06, "epoch": 1, "event": "update", "global_step": 1200, "gradient": 0.0014307565288618207, "gradient_norm": 0.35108304023742676, "hinge": 2.7619631026709612e-08, "learning_rate": 0.0002, "loss": 0.005017449613660574, "parent_relative_square": 0.006306994240731001, "relative_square": 0.0014205935876816511}
{"correction_energy": 5.896369543734181e-07, "epoch": 1, "event": "update", "global_step": 1300, "gradient": 0.0015175803564488888, "gradient_norm": 0.18390010297298431, "hinge": 7.391107601506519e-07, "learning_rate": 0.0002, "loss": 0.0067707207053899765, "parent_relative_square": 0.004259207751601934, "relative_square": 0.0016514903400093317}
{"correction_energy": 6.853304626019963e-07, "epoch": 1, "event": "update", "global_step": 1400, "gradient": 0.00160506134852767, "gradient_norm": 0.9206069111824036, "hinge": 2.242938990093535e-06, "learning_rate": 0.0002, "loss": 0.005046174395829439, "parent_relative_square": 0.005237778183072805, "relative_square": 0.00144681497476995}
{"correction_energy": 4.031517164548859e-07, "epoch": 1, "event": "update", "global_step": 1500, "gradient": 0.0005955957458354533, "gradient_norm": 0.3267875015735626, "hinge": 2.4799490461191454e-07, "learning_rate": 0.0002, "loss": 0.0022211354225873947, "parent_relative_square": 0.0025944379158318043, "relative_square": 0.0006620032945647836}
{"correction_energy": 1.6405846281486447e-06, "epoch": 1, "event": "update", "global_step": 1600, "gradient": 0.0024687887635082006, "gradient_norm": 0.4184431731700897, "hinge": 1.1990253767635295e-07, "learning_rate": 0.0002, "loss": 0.0068041421473026276, "parent_relative_square": 0.011555805802345276, "relative_square": 0.002176358364522457}
{"correction_energy": 1.4194882851370494e-06, "epoch": 1, "event": "update", "global_step": 1700, "gradient": 0.0017570157069712877, "gradient_norm": 0.2802867889404297, "hinge": 0.0, "learning_rate": 0.0002, "loss": 0.004949843045324087, "parent_relative_square": 0.009985124692320824, "relative_square": 0.0014879622031003237}
{"correction_energy": 7.932932817311666e-07, "epoch": 1, "event": "update", "global_step": 1800, "gradient": 0.0011957912938669324, "gradient_norm": 0.2730896770954132, "hinge": 2.004429461521795e-06, "learning_rate": 0.0002, "loss": 0.004653576761484146, "parent_relative_square": 0.00607991823926568, "relative_square": 0.0012758525554090738}
{"correction_energy": 8.645184266242723e-07, "epoch": 1, "event": "update", "global_step": 1900, "gradient": 0.000773638254031539, "gradient_norm": 0.21508049964904785, "hinge": 1.5473056169668098e-09, "learning_rate": 0.0002, "loss": 0.0031248461455106735, "parent_relative_square": 0.004722385201603174, "relative_square": 0.0009319724049419165}
{"correction_energy": 4.0059032357930846e-07, "epoch": 1, "event": "update", "global_step": 2000, "gradient": 0.0006746939616277814, "gradient_norm": 0.2536611557006836, "hinge": 8.667070119372511e-07, "learning_rate": 0.0002, "loss": 0.0022705630399286747, "parent_relative_square": 0.0024579260498285294, "relative_square": 0.0005878672818653286}
{"correction_energy": 1.117965325647674e-06, "epoch": 1, "event": "update", "global_step": 2100, "gradient": 0.00043668411672115326, "gradient_norm": 0.33856841921806335, "hinge": 7.330211104772388e-08, "learning_rate": 0.0002, "loss": 0.005465702619403601, "parent_relative_square": 0.0057463389821350574, "relative_square": 0.0014327600365504622}
{"correction_energy": 8.789415915089194e-07, "epoch": 1, "event": "update", "global_step": 2200, "gradient": 0.0016633765771985054, "gradient_norm": 0.2796142101287842, "hinge": 7.022837507975055e-06, "learning_rate": 0.0002, "loss": 0.00597265362739563, "parent_relative_square": 0.006156480871140957, "relative_square": 0.0015016766265034676}
{"correction_energy": 8.737135885894531e-07, "epoch": 1, "event": "update", "global_step": 2300, "gradient": 0.0005731607088819146, "gradient_norm": 0.12826964259147644, "hinge": 0.0, "learning_rate": 0.0002, "loss": 0.0020247807260602713, "parent_relative_square": 0.00535423681139946, "relative_square": 0.0006601227214559913}
{"correction_energy": 8.730003173695877e-07, "epoch": 1, "event": "update", "global_step": 2400, "gradient": 0.0015454066451638937, "gradient_norm": 0.2712151110172272, "hinge": 8.908873496693559e-07, "learning_rate": 0.0002, "loss": 0.0052509731613099575, "parent_relative_square": 0.00711982324719429, "relative_square": 0.0013903318904340267}
{"correction_energy": 1.0972086101901368e-06, "epoch": 1, "event": "update", "global_step": 2500, "gradient": 0.0012945898342877626, "gradient_norm": 0.3458736836910248, "hinge": 1.2067960597050842e-05, "learning_rate": 0.0002, "loss": 0.00562383932992816, "parent_relative_square": 0.006629624404013157, "relative_square": 0.0015150865074247122}
{"correction_energy": 9.104175546781335e-07, "epoch": 1, "event": "update", "global_step": 2600, "gradient": 0.0005742469220422208, "gradient_norm": 0.8046613335609436, "hinge": 3.909661700163269e-06, "learning_rate": 0.0002, "loss": 0.001964754890650511, "parent_relative_square": 0.003999515902251005, "relative_square": 0.0005975420353934169}
{"correction_energy": 5.298335281622713e-07, "epoch": 1, "event": "update", "global_step": 2700, "gradient": 0.0009905631886795163, "gradient_norm": 0.4065377116203308, "hinge": 1.23886991332256e-07, "learning_rate": 0.0002, "loss": 0.004184009972959757, "parent_relative_square": 0.0027754618786275387, "relative_square": 0.001156533951871097}
{"correction_energy": 1.4763933222639025e-06, "epoch": 1, "event": "update", "global_step": 2800, "gradient": 0.0007354061235673726, "gradient_norm": 0.34541046619415283, "hinge": 1.0288649576750686e-07, "learning_rate": 0.0002, "loss": 0.0026257948484271765, "parent_relative_square": 0.007565304636955261, "relative_square": 0.0008264530915766954}
{"correction_energy": 1.0669092489479226e-06, "epoch": 1, "event": "update", "global_step": 2900, "gradient": 0.0014765867963433266, "gradient_norm": 0.7327330708503723, "hinge": 2.0608540580724366e-06, "learning_rate": 0.0002, "loss": 0.0061249095015227795, "parent_relative_square": 0.009543417021632195, "relative_square": 0.00187406362965703}
{"correction_energy": 6.164137857922469e-07, "epoch": 1, "event": "update", "global_step": 3000, "gradient": 0.0005769362323917449, "gradient_norm": 0.19657723605632782, "hinge": 6.073209934953638e-09, "learning_rate": 0.0002, "loss": 0.001948586548678577, "parent_relative_square": 0.004550667013972998, "relative_square": 0.0005263401544652879}
{"correction_energy": 8.562462312511343e-07, "epoch": 1, "event": "update", "global_step": 3100, "gradient": 0.0006191167049109936, "gradient_norm": 0.5550041794776917, "hinge": 0.0, "learning_rate": 0.0002, "loss": 0.0039277467876672745, "parent_relative_square": 0.0046082413755357265, "relative_square": 0.0012249941937625408}
{"correction_energy": 9.103470119953272e-07, "epoch": 1, "event": "update", "global_step": 3200, "gradient": 0.00078648014459759, "gradient_norm": 0.19747833907604218, "hinge": 2.4523367301299004e-06, "learning_rate": 0.0002, "loss": 0.0025194790214300156, "parent_relative_square": 0.004447503946721554, "relative_square": 0.0007270004134625196}
{"correction_energy": 9.193229857373808e-07, "epoch": 1, "event": "update", "global_step": 3300, "gradient": 0.0005828249268233776, "gradient_norm": 0.23077090084552765, "hinge": 1.1264762633800274e-06, "learning_rate": 0.0002, "loss": 0.0021347193978726864, "parent_relative_square": 0.005940472707152367, "relative_square": 0.0006122750928625464}
{"absolute_goal_passed": false, "candidate_max": 0.11242959041312038, "candidate_mean": 0.02755770657222386, "epoch": 1, "event": "holdout_evaluation", "max_relative_improvement": 0.37363941035874726, "mean_relative_improvement": 0.3951808233913696, "parent_max": 0.17949659073779578, "parent_mean": 0.04556354632593941}
{
  "best_epoch": 1,
  "best_metrics": {
    "absolute_goal": {
      "max_lte_0p05": false,
      "mean_lte_0p05": true,
      "passed": false
    },
    "aggregate": {
      "candidate_max": 0.11242959041312038,
      "candidate_mean": 0.02755770657222386,
      "candidate_median": 0.018397600669114264,
      "count": 56,
      "max_relative_improvement": 0.37363941035874726,
      "mean_relative_improvement": 0.3951808233913696,
      "parent_max": 0.17949659073779578,
      "parent_mean": 0.04556354632593941
    },
    "elapsed_seconds": 405.6752548692748,
    "ema_decay": 0.999,
    "epoch": 1,
    "evaluation_track": "ema",
    "event": "holdout_evaluation",
    "global_step": 3320,
    "per_family": {
      "layered": {
        "candidate_max": 0.06294242531597793,
        "candidate_mean": 0.024740312960344246,
        "candidate_median": 0.01695223130558153,
        "count": 20,
        "max_relative_improvement": 0.43443056806664027,
        "mean_relative_improvement": 0.4483491145403582,
        "parent_max": 0.11129035934777032,
        "parent_mean": 0.0448477716839525
      },
      "marmousi": {
        "candidate_max": 0.11242959041312038,
        "candidate_mean": 0.04513078063338062,
        "candidate_median": 0.041418832496046165,
        "count": 20,
        "max_relative_improvement": 0.37363941035874726,
        "mean_relative_improvement": 0.3744062118264758,
        "parent_max": 0.17949659073779578,
        "parent_mean": 0.07214071093183946
      },
      "uniform": {
        "candidate_max": 0.01847908872988397,
        "candidate_mean": 0.009113106010627404,
        "candidate_median": 0.006943977891335962,
        "count": 16,
        "max_relative_improvement": 0.4589812000812564,
        "mean_relative_improvement": 0.3115330062247943,
        "parent_max": 0.03415609352698903,
        "parent_mean": 0.01323680887104802
      }
    },
    "raw_shadow_absolute_goal": {
      "max_lte_0p05": false,
      "mean_lte_0p05": true,
      "passed": false
    },
    "raw_shadow_aggregate": {
      "candidate_max": 0.07384259430310434,
      "candidate_mean": 0.02212393751475794,
      "candidate_median": 0.017376785743899222,
      "count": 56,
      "max_relative_improvement": 0.5886128310315832,
      "mean_relative_improvement": 0.5144377622300496,
      "parent_max": 0.17949659073779578,
      "parent_mean": 0.04556354632593941
    },
    "raw_shadow_per_family": {
      "layered": {
        "candidate_max": 0.04781059090875875,
        "candidate_mean": 0.01961881133871815,
        "candidate_median": 0.014593618222887454,
        "count": 20,
        "max_relative_improvement": 0.570397730864038,
        "mean_relative_improvement": 0.5625465747334291,
        "parent_max": 0.11129035934777032,
        "parent_mean": 0.0448477716839525
      },
      "marmousi": {
        "candidate_max": 0.07384259430310434,
        "candidate_mean": 0.03637657664156361,
        "candidate_median": 0.033583075412817784,
        "count": 20,
        "max_relative_improvement": 0.5886128310315832,
        "mean_relative_improvement": 0.4957552237607805,
        "parent_max": 0.17949659073779578,
        "parent_mean": 0.07214071093183946
      },
      "uniform": {
        "candidate_max": 0.015061334652205962,
        "candidate_mean": 0.0074395463263005855,
        "candidate_median": 0.006011823221018257,
        "count": 16,
        "max_relative_improvement": 0.5590439919510998,
        "mean_relative_improvement": 0.4379652680055989,
        "parent_max": 0.03415609352698903,
        "parent_mean": 0.01323680887104802
      }
    },
    "records": [
      {
        "candidate_error_square": 1.6236385548879608,
        "candidate_rel_l2": 0.01587717549453863,
        "correction_square": 2.6854629905842358,
        "family": "uniform",
        "parent_error_square": 0.7653660400851692,
        "parent_rel_l2": 0.010900920229357864,
        "relative_improvement": -0.45649864052568145,
        "sample_id": "train_uniform_00357",
        "target_square": 6440.845255738023
      },
      {
        "candidate_error_square": 0.23276989331271525,
        "candidate_rel_l2": 0.0037124962556199692,
        "correction_square": 0.1455929508201295,
        "family": "uniform",
        "parent_error_square": 0.26457395118707794,
        "parent_rel_l2": 0.003958003392631022,
        "relative_improvement": 0.06202802591532286,
        "sample_id": "train_uniform_00186",
        "target_square": 16888.643134439477
      },
      {
        "candidate_error_square": 0.42430381597916494,
        "candidate_rel_l2": 0.007091758150237749,
        "correction_square": 0.9547576235884353,
        "family": "uniform",
        "parent_error_square": 0.7589059530007383,
        "parent_rel_l2": 0.009484390512616965,
        "relative_improvement": 0.25227054487015554,
        "sample_id": "train_uniform_00243",
        "target_square": 8436.631976413919
      },
      {
        "candidate_error_square": 0.210599365497928,
        "candidate_rel_l2": 0.004812167821999089,
        "correction_square": 0.17054716355078128,
        "family": "uniform",
        "parent_error_square": 0.2598930503364123,
        "parent_rel_l2": 0.005345761375107274,
        "relative_improvement": 0.09981619374049933,
        "sample_id": "train_uniform_00037",
        "target_square": 9094.430929393091
      },
      {
        "candidate_error_square": 3.186398407152964,
        "candidate_rel_l2": 0.0417274178501615,
        "correction_square": 8.236627018020142,
        "family": "layered",
        "parent_error_square": 12.614075332707156,
        "parent_rel_l2": 0.0830231453728146,
        "relative_improvement": 0.49740018084372806,
        "sample_id": "train_layered_00548",
        "target_square": 1830.0251349139585
      },
      {
        "candidate_error_square": 7.632281282486912,
        "candidate_rel_l2": 0.048561419020478815,
        "correction_square": 16.085785813489405,
        "family": "layered",
        "parent_error_square": 28.198290222692698,
        "parent_rel_l2": 0.09334167136931966,
        "relative_improvement": 0.47974555942609365,
        "sample_id": "train_layered_00768",
        "target_square": 3236.4703293998764
      },
      {
        "candidate_error_square": 0.5374051880983572,
        "candidate_rel_l2": 0.013133172278789918,
        "correction_square": 0.7451361960405897,
        "family": "layered",
        "parent_error_square": 1.2557532095901003,
        "parent_rel_l2": 0.02007570763331368,
        "relative_improvement": 0.3458177156855633,
        "sample_id": "train_layered_00816",
        "target_square": 3115.7497739024598
      },
      {
        "candidate_error_square": 0.42049042736298764,
        "candidate_rel_l2": 0.01039404425845798,
        "correction_square": 0.8133340968097641,
        "family": "layered",
        "parent_error_square": 1.2267888922288215,
        "parent_rel_l2": 0.017753804065186805,
        "relative_improvement": 0.4145455125958317,
        "sample_id": "train_layered_00040",
        "target_square": 3892.12688371568
      },
      {
        "candidate_error_square": 14.71956610589519,
        "candidate_rel_l2": 0.03867429778984726,
        "correction_square": 8.721683794831664,
        "family": "layered",
        "parent_error_square": 32.338397763590656,
        "parent_rel_l2": 0.05732369572149336,
        "relative_improvement": 0.32533488458689097,
        "sample_id": "train_layered_00236",
        "target_square": 9841.247053827856
      },
      {
        "candidate_error_square": 4.324349494761375,
        "candidate_rel_l2": 0.017103583397037048,
        "correction_square": 5.50742388066509,
        "family": "marmousi",
        "parent_error_square": 10.092890473594533,
        "parent_rel_l2": 0.026129704393654758,
        "relative_improvement": 0.3454352510321388,
        "sample_id": "train_marmousi_00275",
        "target_square": 14782.455055814296
      },
      {
        "candidate_error_square": 2.9202531274603802,
        "candidate_rel_l2": 0.025975093186580908,
        "correction_square": 9.651447772934583,
        "family": "marmousi",
        "parent_error_square": 10.60019136403206,
        "parent_rel_l2": 0.04948843478680308,
        "relative_improvement": 0.4751280112518814,
        "sample_id": "train_marmousi_00279",
        "target_square": 4328.189520310201
      },
      {
        "candidate_error_square": 9.962228030714948,
        "candidate_rel_l2": 0.05217523160639259,
        "correction_square": 19.486905158790414,
        "family": "marmousi",
        "parent_error_square": 28.164465258086796,
        "parent_rel_l2": 0.08772773191784132,
        "relative_improvement": 0.4052595403326319,
        "sample_id": "train_marmousi_00653",
        "target_square": 3659.550184527359
      },
      {
        "candidate_error_square": 2.137300890904586,
        "candidate_rel_l2": 0.025657823680432696,
        "correction_square": 9.003932860593588,
        "family": "marmousi",
        "parent_error_square": 8.28966624430075,
        "parent_rel_l2": 0.050530722241473223,
        "relative_improvement": 0.4922331891909123,
        "sample_id": "train_marmousi_00397",
        "target_square": 3246.5794404651087
      },
      {
        "candidate_error_square": 10.723234478836785,
        "candidate_rel_l2": 0.059996797992501114,
        "correction_square": 25.1959569298378,
        "family": "marmousi",
        "parent_error_square": 30.470752024204742,
        "parent_rel_l2": 0.10113622938420137,
        "relative_improvement": 0.40677244586030326,
        "sample_id": "train_marmousi_00266",
        "target_square": 2978.994194362094
      },
      {
        "candidate_error_square": 0.3737743383527576,
        "candidate_rel_l2": 0.0048912961350104,
        "correction_square": 0.42631689639920967,
        "family": "uniform",
        "parent_error_square": 0.565769495016113,
        "parent_rel_l2": 0.006017817048333636,
        "relative_improvement": 0.18719760077039482,
        "sample_id": "train_uniform_00102",
        "target_square": 15622.896907204778
      },
      {
        "candidate_error_square": 1.4169982322202344,
        "candidate_rel_l2": 0.017778727220529655,
        "correction_square": 6.0767823746487,
        "family": "uniform",
        "parent_error_square": 2.9418147489642372,
        "parent_rel_l2": 0.025616728940070378,
        "relative_improvement": 0.30597199735678626,
        "sample_id": "train_uniform_00369",
        "target_square": 4482.99211760593
      },
      {
        "candidate_error_square": 0.3771311440822589,
        "candidate_rel_l2": 0.007533145807025285,
        "correction_square": 0.8437797214897907,
        "family": "uniform",
        "parent_error_square": 0.6305029062089886,
        "parent_rel_l2": 0.009740331112386001,
        "relative_improvement": 0.22660269757708906,
        "sample_id": "train_uniform_00384",
        "target_square": 6645.683461599649
      },
      {
        "candidate_error_square": 0.356151519953914,
        "candidate_rel_l2": 0.00702036387561607,
        "correction_square": 0.5758215143152594,
        "family": "uniform",
        "parent_error_square": 0.5768827860925185,
        "parent_rel_l2": 0.008934824198754155,
        "relative_improvement": 0.21426950106136744,
        "sample_id": "train_uniform_00149",
        "target_square": 7226.2928306926015
      },
      {
        "candidate_error_square": 0.9168038248338721,
        "candidate_rel_l2": 0.014272106459161417,
        "correction_square": 3.9296452527348453,
        "family": "layered",
        "parent_error_square": 4.803016869225747,
        "parent_rel_l2": 0.03266682487520783,
        "relative_improvement": 0.5631008978165768,
        "sample_id": "train_layered_00549",
        "target_square": 4500.9093208691
      },
      {
        "candidate_error_square": 3.8118905016444486,
        "candidate_rel_l2": 0.03430610288132426,
        "correction_square": 10.8118381686755,
        "family": "layered",
        "parent_error_square": 18.120687971634307,
        "parent_rel_l2": 0.07479774730321916,
        "relative_improvement": 0.5413484480722084,
        "sample_id": "train_layered_00769",
        "target_square": 3238.9007899677113
      },
      {
        "candidate_error_square": 0.3980185390887614,
        "candidate_rel_l2": 0.0051263339155834245,
        "correction_square": 0.24082651612991063,
        "family": "layered",
        "parent_error_square": 0.4772756856074061,
        "parent_rel_l2": 0.0056135797382719285,
        "relative_improvement": 0.08679770225166461,
        "sample_id": "train_layered_00817",
        "target_square": 15145.705858345651
      },
      {
        "candidate_error_square": 1.0891371171391722,
        "candidate_rel_l2": 0.019569167790864265,
        "correction_square": 2.3912231076128476,
        "family": "layered",
        "parent_error_square": 3.0276480215194574,
        "parent_rel_l2": 0.032627497877710625,
        "relative_improvement": 0.40022468580917814,
        "sample_id": "train_layered_00041",
        "target_square": 2844.0540438818916
      },
      {
        "candidate_error_square": 6.216260076354983,
        "candidate_rel_l2": 0.01831611260834456,
        "correction_square": 5.497253375201931,
        "family": "layered",
        "parent_error_square": 13.972392695568093,
        "parent_rel_l2": 0.027460226071884707,
        "relative_improvement": 0.33299483549781816,
        "sample_id": "train_layered_00237",
        "target_square": 18529.451612326597
      },
      {
        "candidate_error_square": 9.487412526399847,
        "candidate_rel_l2": 0.0520152786584246,
        "correction_square": 16.206146632011443,
        "family": "marmousi",
        "parent_error_square": 22.833007275374907,
        "parent_rel_l2": 0.08069350773607191,
        "relative_improvement": 0.3553969815198338,
        "sample_id": "train_marmousi_00276",
        "target_square": 3506.5975564991854
      },
      {
        "candidate_error_square": 5.653922436166481,
        "candidate_rel_l2": 0.02684096251727247,
        "correction_square": 12.156065741642486,
        "family": "marmousi",
        "parent_error_square": 19.28724540647201,
        "parent_rel_l2": 0.04957449120469277,
        "relative_improvement": 0.45857311159389813,
        "sample_id": "train_marmousi_00650",
        "target_square": 7847.903878103249
      },
      {
        "candidate_error_square": 5.945058815634793,
        "candidate_rel_l2": 0.02998137609489471,
        "correction_square": 7.578149500221147,
        "family": "marmousi",
        "parent_error_square": 18.36954789356055,
        "parent_rel_l2": 0.05270146870134423,
        "relative_improvement": 0.4311092872041725,
        "sample_id": "train_marmousi_00654",
        "target_square": 6613.830046910512
      },
      {
        "candidate_error_square": 6.620209424152519,
        "candidate_rel_l2": 0.04164643405843578,
        "correction_square": 15.014728445931556,
        "family": "marmousi",
        "parent_error_square": 13.093851783789699,
        "parent_rel_l2": 0.05857005980123216,
        "relative_improvement": 0.2889467041732532,
        "sample_id": "train_marmousi_00398",
        "target_square": 3816.9466140152763
      },
      {
        "candidate_error_square": 54.61365548472123,
        "candidate_rel_l2": 0.11242959041312038,
        "correction_square": 41.58515194790656,
        "family": "marmousi",
        "parent_error_square": 98.92719410683083,
        "parent_rel_l2": 0.1513170447864847,
        "relative_improvement": 0.2569932186306989,
        "sample_id": "train_marmousi_00267",
        "target_square": 4320.559490171483
      },
      {
        "candidate_error_square": 1.0118259861116061,
        "candidate_rel_l2": 0.01847908872988397,
        "correction_square": 3.467404419843731,
        "family": "uniform",
        "parent_error_square": 2.9984908978453433,
        "parent_rel_l2": 0.03181112320900252,
        "relative_improvement": 0.4190997718479049,
        "sample_id": "train_uniform_00003",
        "target_square": 2963.08921223509
      },
      {
        "candidate_error_square": 0.46230789434711267,
        "candidate_rel_l2": 0.006867591907055853,
        "correction_square": 0.9959540547343122,
        "family": "uniform",
        "parent_error_square": 0.8986700525964935,
        "parent_rel_l2": 0.009575003913547054,
        "relative_improvement": 0.282758318527751,
        "sample_id": "train_uniform_00303",
        "target_square": 9802.172683466513
      },
      {
        "candidate_error_square": 0.24686396987034678,
        "candidate_rel_l2": 0.004927564892733489,
        "correction_square": 0.2543882536360171,
        "family": "uniform",
        "parent_error_square": 0.4137635716193273,
        "parent_rel_l2": 0.0063793969150182555,
        "relative_improvement": 0.22758139078427475,
        "sample_id": "train_uniform_00048",
        "target_square": 10167.004223707852
      },
      {
        "candidate_error_square": 0.5050506052808799,
        "candidate_rel_l2": 0.013973139458181738,
        "correction_square": 2.4573762608600123,
        "family": "uniform",
        "parent_error_square": 3.01775026708086,
        "parent_rel_l2": 0.03415609352698903,
        "relative_improvement": 0.5909034665471735,
        "sample_id": "train_uniform_00315",
        "target_square": 2586.705037600812
      },
      {
        "candidate_error_square": 1.0400238905061467,
        "candidate_rel_l2": 0.014426562696541032,
        "correction_square": 3.0834283038489363,
        "family": "layered",
        "parent_error_square": 4.020965054652898,
        "parent_rel_l2": 0.028366539540307344,
        "relative_improvement": 0.49142324265384385,
        "sample_id": "train_layered_00550",
        "target_square": 4997.09470936385
      },
      {
        "candidate_error_square": 8.591139045676583,
        "candidate_rel_l2": 0.062189579363933614,
        "correction_square": 15.127965963180932,
        "family": "layered",
        "parent_error_square": 27.512534412642818,
        "parent_rel_l2": 0.11129035934777032,
        "relative_improvement": 0.44119526858927727,
        "sample_id": "train_layered_00770",
        "target_square": 2221.3424155283287
      },
      {
        "candidate_error_square": 0.3143755294891202,
        "candidate_rel_l2": 0.005345092321370827,
        "correction_square": 0.2652208394570769,
        "family": "layered",
        "parent_error_square": 0.45361394139988676,
        "parent_rel_l2": 0.00642057673462088,
        "relative_improvement": 0.1675058889103921,
        "sample_id": "train_layered_00818",
        "target_square": 11003.689124304516
      },
      {
        "candidate_error_square": 0.342971734763837,
        "candidate_rel_l2": 0.009088087012160979,
        "correction_square": 0.5605294304500411,
        "family": "layered",
        "parent_error_square": 0.7314323236102815,
        "parent_rel_l2": 0.013271817033201318,
        "relative_improvement": 0.31523415449249714,
        "sample_id": "train_layered_00042",
        "target_square": 4152.535722698397
      },
      {
        "candidate_error_square": 6.322328074851871,
        "candidate_rel_l2": 0.02477290797003745,
        "correction_square": 12.887181608321162,
        "family": "layered",
        "parent_error_square": 25.85880959482982,
        "parent_rel_l2": 0.050100578352246135,
        "relative_improvement": 0.5055364871067038,
        "sample_id": "train_layered_00238",
        "target_square": 10302.03568081211
      },
      {
        "candidate_error_square": 10.468672656872878,
        "candidate_rel_l2": 0.03638521092138341,
        "correction_square": 8.378437350653963,
        "family": "marmousi",
        "parent_error_square": 13.832349196400024,
        "parent_rel_l2": 0.04182414377352204,
        "relative_improvement": 0.13004289774802036,
        "sample_id": "train_marmousi_00277",
        "target_square": 7907.547811681909
      },
      {
        "candidate_error_square": 5.259650000563759,
        "candidate_rel_l2": 0.026260902717740363,
        "correction_square": 8.832192380698816,
        "family": "marmousi",
        "parent_error_square": 9.387481259255715,
        "parent_rel_l2": 0.03508373077888676,
        "relative_improvement": 0.2514791860863309,
        "sample_id": "train_marmousi_00651",
        "target_square": 7626.715454509187
      },
      {
        "candidate_error_square": 12.512124396359502,
        "candidate_rel_l2": 0.06216919972183123,
        "correction_square": 20.231780148094973,
        "family": "marmousi",
        "parent_error_square": 23.516069950444297,
        "parent_rel_l2": 0.0852299280531865,
        "relative_improvement": 0.2705707825655391,
        "sample_id": "train_marmousi_00395",
        "target_square": 3237.2817555403126
      },
      {
        "candidate_error_square": 7.273721635384242,
        "candidate_rel_l2": 0.06648014793221614,
        "correction_square": 42.61881562024835,
        "family": "marmousi",
        "parent_error_square": 53.025543759024984,
        "parent_rel_l2": 0.17949659073779578,
        "relative_improvement": 0.6296300243979078,
        "sample_id": "train_marmousi_00399",
        "target_square": 1645.7835695181561
      },
      {
        "candidate_error_square": 20.217186031401425,
        "candidate_rel_l2": 0.08127011134862375,
        "correction_square": 19.437813198189946,
        "family": "marmousi",
        "parent_error_square": 33.68028470039807,
        "parent_rel_l2": 0.1048958672865705,
        "relative_improvement": 0.22523056960292165,
        "sample_id": "train_marmousi_00268",
        "target_square": 3060.969468504584
      },
      {
        "candidate_error_square": 0.644619845923155,
        "candidate_rel_l2": 0.013909024544534762,
        "correction_square": 2.561011117426225,
        "family": "uniform",
        "parent_error_square": 2.186249177825818,
        "parent_rel_l2": 0.025615018099054237,
        "relative_improvement": 0.4569972782861975,
        "sample_id": "train_uniform_00085",
        "target_square": 3332.04091061304
      },
      {
        "candidate_error_square": 0.24398892562252023,
        "candidate_rel_l2": 0.006748518256980912,
        "correction_square": 0.329854386476003,
        "family": "uniform",
        "parent_error_square": 0.365844883877088,
        "parent_rel_l2": 0.0082636490127448,
        "relative_improvement": 0.18334887571182457,
        "sample_id": "train_uniform_00020",
        "target_square": 5357.389971470214
      },
      {
        "candidate_error_square": 0.42692437892501917,
        "candidate_rel_l2": 0.005673250958456492,
        "correction_square": 0.8106256262950623,
        "family": "uniform",
        "parent_error_square": 0.6192144660891366,
        "parent_rel_l2": 0.006832459474247516,
        "relative_improvement": 0.16966196728429073,
        "sample_id": "train_uniform_00027",
        "target_square": 13264.380300172399
      },
      {
        "candidate_error_square": 0.3075721493209411,
        "candidate_rel_l2": 0.0065143866616344135,
        "correction_square": 0.5891497453433018,
        "family": "uniform",
        "parent_error_square": 0.6077798557082765,
        "parent_rel_l2": 0.009157420976907603,
        "relative_improvement": 0.2886221264631348,
        "sample_id": "train_uniform_00116",
        "target_square": 7247.6955586851955
      },
      {
        "candidate_error_square": 1.0018592906533728,
        "candidate_rel_l2": 0.015588350002818503,
        "correction_square": 4.152270690622424,
        "family": "layered",
        "parent_error_square": 3.6457739988430085,
        "parent_rel_l2": 0.029736623557475403,
        "relative_improvement": 0.47578614725074286,
        "sample_id": "train_layered_00551",
        "target_square": 4122.934479539496
      },
      {
        "candidate_error_square": 4.3416614688518536,
        "candidate_rel_l2": 0.03633718095810002,
        "correction_square": 12.263832689283129,
        "family": "layered",
        "parent_error_square": 20.743880013081146,
        "parent_rel_l2": 0.07942701637710348,
        "relative_improvement": 0.5425085491619325,
        "sample_id": "train_layered_00771",
        "target_square": 3288.164179851252
      },
      {
        "candidate_error_square": 0.3824326859402525,
        "candidate_rel_l2": 0.00861616005368391,
        "correction_square": 0.5431794101661391,
        "family": "layered",
        "parent_error_square": 0.8064996045240811,
        "parent_rel_l2": 0.0125123341894588,
        "relative_improvement": 0.3113866746827526,
        "sample_id": "train_layered_00819",
        "target_square": 5151.4262664785465
      },
      {
        "candidate_error_square": 0.6295397734925499,
        "candidate_rel_l2": 0.011419738659247308,
        "correction_square": 1.1729227777385534,
        "family": "layered",
        "parent_error_square": 1.761323208502887,
        "parent_rel_l2": 0.019101351977122972,
        "relative_improvement": 0.4021502418821278,
        "sample_id": "train_layered_00043",
        "target_square": 4827.372844683476
      },
      {
        "candidate_error_square": 16.277683429264012,
        "candidate_rel_l2": 0.06294242531597793,
        "correction_square": 15.172803590604376,
        "family": "layered",
        "parent_error_square": 42.784204778308876,
        "parent_rel_l2": 0.10204433654132099,
        "relative_improvement": 0.38318551083439545,
        "sample_id": "train_layered_00239",
        "target_square": 4108.7115364953725
      },
      {
        "candidate_error_square": 9.642350119793063,
        "candidate_rel_l2": 0.04843611152667191,
        "correction_square": 18.6740234873081,
        "family": "marmousi",
        "parent_error_square": 25.7607712210978,
        "parent_rel_l2": 0.07916938155611009,
        "relative_improvement": 0.3881964141358921,
        "sample_id": "train_marmousi_00278",
        "target_square": 4110.023981309067
      },
      {
        "candidate_error_square": 8.40256811178071,
        "candidate_rel_l2": 0.03344788045919391,
        "correction_square": 15.101382228631355,
        "family": "marmousi",
        "parent_error_square": 21.91292718161594,
        "parent_rel_l2": 0.05401480087193737,
        "relative_improvement": 0.38076453269734656,
        "sample_id": "train_marmousi_00652",
        "target_square": 7510.603525499499
      },
      {
        "candidate_error_square": 2.2414103782307575,
        "candidate_rel_l2": 0.01643119177594164,
        "correction_square": 3.3386090286356938,
        "family": "marmousi",
        "parent_error_square": 2.714519620860493,
        "parent_rel_l2": 0.01808234986290047,
        "relative_improvement": 0.09131324741960178,
        "sample_id": "train_marmousi_00396",
        "target_square": 8302.009947731218
      },
      {
        "candidate_error_square": 8.895519886069,
        "candidate_rel_l2": 0.04672145372526129,
        "correction_square": 18.25384804011414,
        "family": "marmousi",
        "parent_error_square": 22.38863917917673,
        "parent_rel_l2": 0.07412155612562522,
        "relative_improvement": 0.3696644246637881,
        "sample_id": "train_marmousi_00265",
        "target_square": 4075.1034706093355
      },
      {
        "candidate_error_square": 11.150587877197342,
        "candidate_rel_l2": 0.04119123093365656,
        "correction_square": 7.640957933471535,
        "family": "marmousi",
        "parent_error_square": 26.105634630232597,
        "parent_rel_l2": 0.06302647463645479,
        "relative_improvement": 0.34644558225328115,
        "sample_id": "train_marmousi_00269",
        "target_square": 6571.858803179997
      }
    ],
    "train_loss": 0.006748758148461937
  },
  "best_score": 0.13998729698534423,
  "checkpoint": "/root/autodl-tmp/work/FNO-Acoustic-Wave-Simulation/grouped-dual-head-v2/results/r56_smokeB_soap_ema_1ep_20260830/best.pt",
  "checkpoint_sha256": "14c55f9b83d14709ae7b6537720c94b7d9043dfd73936fcfa33565620471de76",
  "elapsed_seconds": 405.7437337525189,
  "global_step": 3320,
  "schema": "r25_coarse_residual_terminal_v1",
  "status": "complete",
  "test_id_opened": false,
  "validation_opened": false
}
[r56smokeB] exited 0 at 2026-08-30 11:27:11
