[2026-07-30 10:19:30,327] torch.distributed.run: [WARNING] master_addr is only used for static rdzv_backend and when rdzv_endpoint is not specified.
{"elapsed_seconds": 21.31757404189557, "epoch": 1, "event": "optimizer_update", "global_step": 1, "gpu": {"memory_mib": null, "power_w": null, "utilization_percent": null}, "gradient_clipping": {"mode": "prefix_limits", "prefixes": {"dense_decoder": {"after": 20.0, "before": 30.377994537353516, "limit": 20.0, "scale": 0.6583713080666835}, "fusion": {"after": 2.853647470474243, "before": 2.853647470474243, "limit": 5.0, "scale": 1.0}, "local_field": {"after": 54.5264778137207, "before": 54.5264778137207, "limit": 80.0, "scale": 1.0}, "source_encoder": {"after": 1.0685700178146362, "before": 1.0685700178146362, "limit": 5.0, "scale": 1.0}}, "total_after": 58.15859290370506, "total_before": 62.49195532746893}, "gradient_norm_before_clip": 62.49195532746893, "gradient_norms": {"dense_decoder": 30.377994537353516, "fusion": 2.853647470474243, "local_field": 54.5264778137207, "source_encoder": 1.0685700178146362}, "learning_rates": {"backbone_decay": 2.5e-07, "backbone_no_decay": 2.5e-07, "dense_decay": 2.5e-06, "dense_no_decay": 2.5e-06, "geometry_decay": 5e-07, "geometry_no_decay": 5e-07, "temporal_operator_decay": 2.5e-05, "temporal_operator_no_decay": 2.5e-05, "warp_decay": 2.5e-05, "warp_no_decay": 2.5e-05}, "loss_components": {"delta": 0.7226640731096268, "frame": 0.2758479993790388, "gradient": 0.23708873614668846, "pde": 0.0, "spectrum": 0.20842492766678333, "temporal": 0.4017641730606556, "total": 0.7219078093767166}, "physical_microbatch_records": 1, "update": 1, "updates_per_epoch": 91}
{"elapsed_seconds": 39.63254553731531, "epoch": 1, "event": "optimizer_update", "global_step": 2, "gpu": {"memory_mib": null, "power_w": null, "utilization_percent": null}, "gradient_clipping": {"mode": "prefix_limits", "prefixes": {"dense_decoder": {"after": 20.000001907348633, "before": 183.98289489746094, "limit": 20.0, "scale": 0.1087057681014054}, "fusion": {"after": 4.999999046325684, "before": 18.898296356201172, "limit": 5.0, "scale": 0.2645740627665104}, "local_field": {"after": 80.0, "before": 451.9479064941406, "limit": 80.0, "scale": 0.17701155122186008}, "source_encoder": {"after": 2.2449593544006348, "before": 2.2449593544006348, "limit": 5.0, "scale": 1.0}}, "total_after": 82.64405549862687, "total_before": 488.33267476890825}, "gradient_norm_before_clip": 488.33267476890825, "gradient_norms": {"dense_decoder": 183.98289489746094, "fusion": 18.898296356201172, "local_field": 451.9479064941406, "source_encoder": 2.2449593544006348}, "learning_rates": {"backbone_decay": 2.5e-07, "backbone_no_decay": 2.5e-07, "dense_decay": 2.5e-06, "dense_no_decay": 2.5e-06, "geometry_decay": 5e-07, "geometry_no_decay": 5e-07, "temporal_operator_decay": 2.5e-05, "temporal_operator_no_decay": 2.5e-05, "warp_decay": 2.5e-05, "warp_no_decay": 2.5e-05}, "loss_components": {"delta": 0.8305695801973343, "frame": 0.3998099137097597, "gradient": 0.27336220908910036, "pde": 0.0, "spectrum": 0.21252309903502464, "temporal": 0.45412227883934975, "total": 0.90909543633461}, "physical_microbatch_records": 1, "update": 2, "updates_per_epoch": 91}
{"elapsed_seconds": 57.97799585387111, "epoch": 1, "event": "optimizer_update", "global_step": 3, "gpu": {"memory_mib": null, "power_w": null, "utilization_percent": null}, "gradient_clipping": {"mode": "prefix_limits", "prefixes": {"dense_decoder": {"after": 20.000001907348633, "before": 112.06864929199219, "limit": 20.0, "scale": 0.17846205904774587}, "fusion": {"after": 4.999999523162842, "before": 11.641813278198242, "limit": 5.0, "scale": 0.4294863182977173}, "local_field": {"after": 80.0, "before": 237.77743530273438, "limit": 80.0, "scale": 0.3364490827237046}, "source_encoder": {"after": 1.2258551120758057, "before": 1.2258551120758057, "limit": 5.0, "scale": 1.0}}, "total_after": 82.62265302131964, "total_before": 263.1245435728826}, "gradient_norm_before_clip": 263.1245435728826, "gradient_norms": {"dense_decoder": 112.06864929199219, "fusion": 11.641813278198242, "local_field": 237.77743530273438, "source_encoder": 1.2258551120758057}, "learning_rates": {"backbone_decay": 2.5e-07, "backbone_no_decay": 2.5e-07, "dense_decay": 2.5e-06, "dense_no_decay": 2.5e-06, "geometry_decay": 5e-07, "geometry_no_decay": 5e-07, "temporal_operator_decay": 2.5e-05, "temporal_operator_no_decay": 2.5e-05, "warp_decay": 2.5e-05, "warp_no_decay": 2.5e-05}, "loss_components": {"delta": 0.7013734206557274, "frame": 0.25835899636149406, "gradient": 0.2314651869237423, "pde": 0.0, "spectrum": 0.22390134446322918, "temporal": 0.36606965586543083, "total": 0.6911893375217915}, "physical_microbatch_records": 1, "update": 3, "updates_per_epoch": 91}
[2026-07-30 10:20:38,485] torch.distributed.elastic.agent.server.api: [WARNING] Received Signals.SIGTERM death signal, shutting down workers
[2026-07-30 10:20:38,485] torch.distributed.elastic.multiprocessing.api: [WARNING] Sending process 327601 closing signal SIGTERM
[2026-07-30 10:20:38,486] torch.distributed.elastic.multiprocessing.api: [WARNING] Sending process 327602 closing signal SIGTERM
[2026-07-30 10:20:38,486] torch.distributed.elastic.multiprocessing.api: [WARNING] Sending process 327603 closing signal SIGTERM
[2026-07-30 10:20:38,487] torch.distributed.elastic.multiprocessing.api: [WARNING] Sending process 327604 closing signal SIGTERM
Traceback (most recent call last):
  File "/root/miniconda3/bin/torchrun", line 8, in <module>
    sys.exit(main())
  File "/root/miniconda3/lib/python3.10/site-packages/torch/distributed/elastic/multiprocessing/errors/__init__.py", line 346, in wrapper
    return f(*args, **kwargs)
  File "/root/miniconda3/lib/python3.10/site-packages/torch/distributed/run.py", line 806, in main
    run(args)
  File "/root/miniconda3/lib/python3.10/site-packages/torch/distributed/run.py", line 797, in run
    elastic_launch(
  File "/root/miniconda3/lib/python3.10/site-packages/torch/distributed/launcher/api.py", line 134, in __call__
    return launch_agent(self._config, self._entrypoint, list(args))
  File "/root/miniconda3/lib/python3.10/site-packages/torch/distributed/launcher/api.py", line 255, in launch_agent
    result = agent.run()
  File "/root/miniconda3/lib/python3.10/site-packages/torch/distributed/elastic/metrics/api.py", line 124, in wrapper
    result = f(*args, **kwargs)
  File "/root/miniconda3/lib/python3.10/site-packages/torch/distributed/elastic/agent/server/api.py", line 736, in run
    result = self._invoke_run(role)
  File "/root/miniconda3/lib/python3.10/site-packages/torch/distributed/elastic/agent/server/api.py", line 877, in _invoke_run
    time.sleep(monitor_interval)
  File "/root/miniconda3/lib/python3.10/site-packages/torch/distributed/elastic/multiprocessing/api.py", line 62, in _terminate_process_handler
    raise SignalException(f"Process {os.getpid()} got signal: {sigval}", sigval=sigval)
torch.distributed.elastic.multiprocessing.api.SignalException: Process 327528 got signal: 15
