{"drp_max_nyquist_fraction": null, "f0_hz": 8.028230837828447, "family": "marmousi", "group_id": "train:marmousi:x100.0:z800.0", "relative_l2": 0.1976428951647592, "sample_id": "train_marmousi_00380", "solver_qc": {"cfl_2d": 0.19445436482630057, "compute_elapsed_s": 23.258256437256932, "dt_used_s": 0.00025, "finite": true, "lwc_qmax": 0.24584126984126986, "qc_final_energy_ratio": 0.49777458936520375, "qc_max_abs": 1.264052542637728e-07, "vmax_mps": 5500.0, "vmin_mps": 1755.0}, "source_index": 2480, "split": "train", "variant": "standard_taylor8", "wall_seconds": 23.54544180445373}
{"drp_max_nyquist_fraction": 0.45, "f0_hz": 8.028230837828447, "family": "marmousi", "group_id": "train:marmousi:x100.0:z800.0", "relative_l2": 0.19765900256744587, "sample_id": "train_marmousi_00380", "solver_qc": {"cfl_2d": 0.19445436482630057, "compute_elapsed_s": 22.80291305948049, "dt_used_s": 0.00025, "finite": true, "lwc_qmax": 0.2591970023119275, "qc_final_energy_ratio": 0.49767889901856044, "qc_max_abs": 1.258472650533804e-07, "vmax_mps": 5500.0, "vmin_mps": 1755.0}, "source_index": 2480, "split": "train", "variant": "drp_0.45", "wall_seconds": 23.0815004510805}
{"drp_max_nyquist_fraction": 0.55, "f0_hz": 8.028230837828447, "family": "marmousi", "group_id": "train:marmousi:x100.0:z800.0", "relative_l2": 0.19770378794756094, "sample_id": "train_marmousi_00380", "solver_qc": {"cfl_2d": 0.19445436482630057, "compute_elapsed_s": 24.53216459415853, "dt_used_s": 0.00025, "finite": true, "lwc_qmax": 0.2663944049887881, "qc_final_energy_ratio": 0.497359327768873, "qc_max_abs": 1.2558209050439473e-07, "vmax_mps": 5500.0, "vmin_mps": 1755.0}, "source_index": 2480, "split": "train", "variant": "drp_0.55", "wall_seconds": 24.80838444456458}
{"drp_max_nyquist_fraction": 0.65, "f0_hz": 8.028230837828447, "family": "marmousi", "group_id": "train:marmousi:x100.0:z800.0", "relative_l2": 0.19803647595544296, "sample_id": "train_marmousi_00380", "solver_qc": {"cfl_2d": 0.19445436482630057, "compute_elapsed_s": 23.188473341986537, "dt_used_s": 0.00025, "finite": true, "lwc_qmax": 0.2756438333015915, "qc_final_energy_ratio": 0.4962907221912078, "qc_max_abs": 1.2519980430170108e-07, "vmax_mps": 5500.0, "vmin_mps": 1755.0}, "source_index": 2480, "split": "train", "variant": "drp_0.65", "wall_seconds": 23.463589782826602}
{"drp_max_nyquist_fraction": 0.75, "f0_hz": 8.028230837828447, "family": "marmousi", "group_id": "train:marmousi:x100.0:z800.0", "relative_l2": 0.20017954714331754, "sample_id": "train_marmousi_00380", "solver_qc": {"cfl_2d": 0.19445436482630057, "compute_elapsed_s": 23.131375076249242, "dt_used_s": 0.00025, "finite": true, "lwc_qmax": 0.2874520660917605, "qc_final_energy_ratio": 0.4929626630012377, "qc_max_abs": 1.2449716280116263e-07, "vmax_mps": 5500.0, "vmin_mps": 1755.0}, "source_index": 2480, "split": "train", "variant": "drp_0.75", "wall_seconds": 23.40766031574458}
{"drp_max_nyquist_fraction": 0.85, "f0_hz": 8.028230837828447, "family": "marmousi", "group_id": "train:marmousi:x100.0:z800.0", "relative_l2": 0.21341517095388896, "sample_id": "train_marmousi_00380", "solver_qc": {"cfl_2d": 0.19445436482630057, "compute_elapsed_s": 22.486907063052058, "dt_used_s": 0.00025, "finite": true, "lwc_qmax": 0.30274527177518035, "qc_final_energy_ratio": 0.4827686729383077, "qc_max_abs": 1.2292832707316848e-07, "vmax_mps": 5500.0, "vmin_mps": 1755.0}, "source_index": 2480, "split": "train", "variant": "drp_0.85", "wall_seconds": 22.746660258620977}
{"drp_max_nyquist_fraction": null, "f0_hz": 11.671007009900887, "family": "marmousi", "group_id": "train:marmousi:x250.0:z550.0", "relative_l2": 0.1574703019252808, "sample_id": "train_marmousi_00191", "solver_qc": {"cfl_2d": 0.19445436482630057, "compute_elapsed_s": 22.401478802785277, "dt_used_s": 0.00025, "finite": true, "lwc_qmax": 0.24584126984126986, "qc_final_energy_ratio": 0.7543950803114682, "qc_max_abs": 1.230151980280425e-07, "vmax_mps": 5500.0, "vmin_mps": 1676.298828125}, "source_index": 2291, "split": "train", "variant": "standard_taylor8", "wall_seconds": 22.680031158961356}
{"drp_max_nyquist_fraction": 0.45, "f0_hz": 11.671007009900887, "family": "marmousi", "group_id": "train:marmousi:x250.0:z550.0", "relative_l2": 0.15763069362231769, "sample_id": "train_marmousi_00191", "solver_qc": {"cfl_2d": 0.19445436482630057, "compute_elapsed_s": 23.82152036204934, "dt_used_s": 0.00025, "finite": true, "lwc_qmax": 0.2591970023119275, "qc_final_energy_ratio": 0.7544423466402378, "qc_max_abs": 1.2245592984072573e-07, "vmax_mps": 5500.0, "vmin_mps": 1676.298828125}, "source_index": 2291, "split": "train", "variant": "drp_0.45", "wall_seconds": 24.10145794134587}
{"drp_max_nyquist_fraction": 0.55, "f0_hz": 11.671007009900887, "family": "marmousi", "group_id": "train:marmousi:x250.0:z550.0", "relative_l2": 0.158413170799366, "sample_id": "train_marmousi_00191", "solver_qc": {"cfl_2d": 0.19445436482630057, "compute_elapsed_s": 23.33926773071289, "dt_used_s": 0.00025, "finite": true, "lwc_qmax": 0.2663944049887881, "qc_final_energy_ratio": 0.7546425077378988, "qc_max_abs": 1.2219504696986405e-07, "vmax_mps": 5500.0, "vmin_mps": 1676.298828125}, "source_index": 2291, "split": "train", "variant": "drp_0.55", "wall_seconds": 23.620956359431148}
{"drp_max_nyquist_fraction": 0.65, "f0_hz": 11.671007009900887, "family": "marmousi", "group_id": "train:marmousi:x250.0:z550.0", "relative_l2": 0.16276433892618414, "sample_id": "train_marmousi_00191", "solver_qc": {"cfl_2d": 0.19445436482630057, "compute_elapsed_s": 23.2422699239105, "dt_used_s": 0.00025, "finite": true, "lwc_qmax": 0.2756438333015915, "qc_final_energy_ratio": 0.7554916500243993, "qc_max_abs": 1.2180645114767685e-07, "vmax_mps": 5500.0, "vmin_mps": 1676.298828125}, "source_index": 2291, "split": "train", "variant": "drp_0.65", "wall_seconds": 23.51786547154188}
{"drp_max_nyquist_fraction": 0.75, "f0_hz": 11.671007009900887, "family": "marmousi", "group_id": "train:marmousi:x250.0:z550.0", "relative_l2": 0.1889524947786286, "sample_id": "train_marmousi_00191", "solver_qc": {"cfl_2d": 0.19445436482630057, "compute_elapsed_s": 24.02279385831207, "dt_used_s": 0.00025, "finite": true, "lwc_qmax": 0.2874520660917605, "qc_final_energy_ratio": 0.7572095695409822, "qc_max_abs": 1.2103213009595493e-07, "vmax_mps": 5500.0, "vmin_mps": 1676.298828125}, "source_index": 2291, "split": "train", "variant": "drp_0.75", "wall_seconds": 24.30982758756727}
{"drp_max_nyquist_fraction": 0.85, "f0_hz": 11.671007009900887, "family": "marmousi", "group_id": "train:marmousi:x250.0:z550.0", "relative_l2": 0.31056087490658724, "sample_id": "train_marmousi_00191", "solver_qc": {"cfl_2d": 0.19445436482630057, "compute_elapsed_s": 23.380360602401197, "dt_used_s": 0.00025, "finite": true, "lwc_qmax": 0.30274527177518035, "qc_final_energy_ratio": 0.75118016340566, "qc_max_abs": 1.1919224363055037e-07, "vmax_mps": 5500.0, "vmin_mps": 1676.298828125}, "source_index": 2291, "split": "train", "variant": "drp_0.85", "wall_seconds": 23.659937121905386}
{"drp_max_nyquist_fraction": null, "f0_hz": 15.34072192684736, "family": "marmousi", "group_id": "train:marmousi:x50.0:z300.0", "relative_l2": 0.09306124623875268, "sample_id": "train_marmousi_00674", "solver_qc": {"cfl_2d": 0.15388618485762043, "compute_elapsed_s": 23.17095770686865, "dt_used_s": 0.00025, "finite": true, "lwc_qmax": 0.15396381510726687, "qc_final_energy_ratio": 0.4183970523965735, "qc_max_abs": 1.293082760867037e-07, "vmax_mps": 4352.55859375, "vmin_mps": 1618.76953125}, "source_index": 2774, "split": "train", "variant": "standard_taylor8", "wall_seconds": 23.45090959314257}
{"drp_max_nyquist_fraction": 0.45, "f0_hz": 15.34072192684736, "family": "marmousi", "group_id": "train:marmousi:x50.0:z300.0", "relative_l2": 0.0936656898650424, "sample_id": "train_marmousi_00674", "solver_qc": {"cfl_2d": 0.15388618485762043, "compute_elapsed_s": 23.18148381076753, "dt_used_s": 0.00025, "finite": true, "lwc_qmax": 0.16232815330834321, "qc_final_energy_ratio": 0.41844823463725467, "qc_max_abs": 1.2846615504713554e-07, "vmax_mps": 4352.55859375, "vmin_mps": 1618.76953125}, "source_index": 2774, "split": "train", "variant": "drp_0.45", "wall_seconds": 23.46150133572519}
{"drp_max_nyquist_fraction": 0.55, "f0_hz": 15.34072192684736, "family": "marmousi", "group_id": "train:marmousi:x50.0:z300.0", "relative_l2": 0.0968782584284815, "sample_id": "train_marmousi_00674", "solver_qc": {"cfl_2d": 0.15388618485762043, "compute_elapsed_s": 23.31843184027821, "dt_used_s": 0.00025, "finite": true, "lwc_qmax": 0.16683569419319216, "qc_final_energy_ratio": 0.4182380856977027, "qc_max_abs": 1.281120205476327e-07, "vmax_mps": 4352.55859375, "vmin_mps": 1618.76953125}, "source_index": 2774, "split": "train", "variant": "drp_0.55", "wall_seconds": 23.599983831867576}
{"drp_max_nyquist_fraction": 0.65, "f0_hz": 15.34072192684736, "family": "marmousi", "group_id": "train:marmousi:x50.0:z300.0", "relative_l2": 0.11632946324713173, "sample_id": "train_marmousi_00674", "solver_qc": {"cfl_2d": 0.15388618485762043, "compute_elapsed_s": 22.841471021063626, "dt_used_s": 0.00025, "finite": true, "lwc_qmax": 0.1726283638760321, "qc_final_energy_ratio": 0.41716510732958406, "qc_max_abs": 1.2765418944127305e-07, "vmax_mps": 4352.55859375, "vmin_mps": 1618.76953125}, "source_index": 2774, "split": "train", "variant": "drp_0.65", "wall_seconds": 23.121271761134267}
{"drp_max_nyquist_fraction": 0.75, "f0_hz": 15.34072192684736, "family": "marmousi", "group_id": "train:marmousi:x50.0:z300.0", "relative_l2": 0.21388084773149887, "sample_id": "train_marmousi_00674", "solver_qc": {"cfl_2d": 0.15388618485762043, "compute_elapsed_s": 24.165284478105605, "dt_used_s": 0.00025, "finite": true, "lwc_qmax": 0.18002354439728055, "qc_final_energy_ratio": 0.4120356555773329, "qc_max_abs": 1.2685234196396777e-07, "vmax_mps": 4352.55859375, "vmin_mps": 1618.76953125}, "source_index": 2774, "split": "train", "variant": "drp_0.75", "wall_seconds": 24.452675797976553}
{"drp_max_nyquist_fraction": 0.85, "f0_hz": 15.34072192684736, "family": "marmousi", "group_id": "train:marmousi:x50.0:z300.0", "relative_l2": 0.5198031805965958, "sample_id": "train_marmousi_00674", "solver_qc": {"cfl_2d": 0.15388618485762043, "compute_elapsed_s": 22.96875214856118, "dt_used_s": 0.00025, "finite": true, "lwc_qmax": 0.1896012702760955, "qc_final_energy_ratio": 0.3819300819918091, "qc_max_abs": 1.250053003332141e-07, "vmax_mps": 4352.55859375, "vmin_mps": 1618.76953125}, "source_index": 2774, "split": "train", "variant": "drp_0.85", "wall_seconds": 23.251417007297277}
{"drp_max_nyquist_fraction": null, "f0_hz": 19.00584433037245, "family": "marmousi", "group_id": "train:marmousi:x50.0:z600.0", "relative_l2": 0.07383336986816097, "sample_id": "train_marmousi_00098", "solver_qc": {"cfl_2d": 0.19445436482630057, "compute_elapsed_s": 23.412636396475136, "dt_used_s": 0.00025, "finite": true, "lwc_qmax": 0.24584126984126986, "qc_final_energy_ratio": 0.14926575494254754, "qc_max_abs": 9.512893228702524e-08, "vmax_mps": 5500.0, "vmin_mps": 1682.5}, "source_index": 2198, "split": "train", "variant": "standard_taylor8", "wall_seconds": 23.692710166797042}
{"drp_max_nyquist_fraction": 0.45, "f0_hz": 19.00584433037245, "family": "marmousi", "group_id": "train:marmousi:x50.0:z600.0", "relative_l2": 0.0755830153197542, "sample_id": "train_marmousi_00098", "solver_qc": {"cfl_2d": 0.19445436482630057, "compute_elapsed_s": 23.18214630149305, "dt_used_s": 0.00025, "finite": true, "lwc_qmax": 0.2591970023119275, "qc_final_energy_ratio": 0.14919900115129536, "qc_max_abs": 9.458733529754682e-08, "vmax_mps": 5500.0, "vmin_mps": 1682.5}, "source_index": 2198, "split": "train", "variant": "drp_0.45", "wall_seconds": 23.464737202972174}
{"drp_max_nyquist_fraction": 0.55, "f0_hz": 19.00584433037245, "family": "marmousi", "group_id": "train:marmousi:x50.0:z600.0", "relative_l2": 0.08256439389920796, "sample_id": "train_marmousi_00098", "solver_qc": {"cfl_2d": 0.19445436482630057, "compute_elapsed_s": 23.05125205591321, "dt_used_s": 0.00025, "finite": true, "lwc_qmax": 0.2663944049887881, "qc_final_energy_ratio": 0.14907162606553315, "qc_max_abs": 9.438799963845668e-08, "vmax_mps": 5500.0, "vmin_mps": 1682.5}, "source_index": 2198, "split": "train", "variant": "drp_0.55", "wall_seconds": 23.32827532477677}
{"drp_max_nyquist_fraction": 0.65, "f0_hz": 19.00584433037245, "family": "marmousi", "group_id": "train:marmousi:x50.0:z600.0", "relative_l2": 0.11673053753701654, "sample_id": "train_marmousi_00098", "solver_qc": {"cfl_2d": 0.19445436482630057, "compute_elapsed_s": 23.144392191432416, "dt_used_s": 0.00025, "finite": true, "lwc_qmax": 0.2756438333015915, "qc_final_energy_ratio": 0.14841962539507111, "qc_max_abs": 9.415345658680963e-08, "vmax_mps": 5500.0, "vmin_mps": 1682.5}, "source_index": 2198, "split": "train", "variant": "drp_0.65", "wall_seconds": 23.419080574065447}
{"drp_max_nyquist_fraction": 0.75, "f0_hz": 19.00584433037245, "family": "marmousi", "group_id": "train:marmousi:x50.0:z600.0", "relative_l2": 0.2513369268555262, "sample_id": "train_marmousi_00098", "solver_qc": {"cfl_2d": 0.19445436482630057, "compute_elapsed_s": 23.35562517400831, "dt_used_s": 0.00025, "finite": true, "lwc_qmax": 0.2874520660917605, "qc_final_energy_ratio": 0.14607822634096904, "qc_max_abs": 9.373864884310024e-08, "vmax_mps": 5500.0, "vmin_mps": 1682.5}, "source_index": 2198, "split": "train", "variant": "drp_0.75", "wall_seconds": 23.632451226003468}
{"drp_max_nyquist_fraction": 0.85, "f0_hz": 19.00584433037245, "family": "marmousi", "group_id": "train:marmousi:x50.0:z600.0", "relative_l2": 0.6303472497323447, "sample_id": "train_marmousi_00098", "solver_qc": {"cfl_2d": 0.19445436482630057, "compute_elapsed_s": 23.315990266390145, "dt_used_s": 0.00025, "finite": true, "lwc_qmax": 0.30274527177518035, "qc_final_energy_ratio": 0.1387667991003609, "qc_max_abs": 9.268011069707427e-08, "vmax_mps": 5500.0, "vmin_mps": 1682.5}, "source_index": 2198, "split": "train", "variant": "drp_0.85", "wall_seconds": 23.59251888561994}
{"drp_max_nyquist_fraction": null, "f0_hz": 22.675607850991497, "family": "marmousi", "group_id": "train:marmousi:x0.0:z1000.0", "relative_l2": 0.12778257747553304, "sample_id": "train_marmousi_00434", "solver_qc": {"cfl_2d": 0.19445436482630057, "compute_elapsed_s": 23.160634820349514, "dt_used_s": 0.00025, "finite": true, "lwc_qmax": 0.24584126984126986, "qc_final_energy_ratio": 0.26123661577469304, "qc_max_abs": 4.994737778929448e-08, "vmax_mps": 5500.0, "vmin_mps": 1780.9375}, "source_index": 2534, "split": "train", "variant": "standard_taylor8", "wall_seconds": 23.447436864487827}
{"drp_max_nyquist_fraction": 0.45, "f0_hz": 22.675607850991497, "family": "marmousi", "group_id": "train:marmousi:x0.0:z1000.0", "relative_l2": 0.13064759897641598, "sample_id": "train_marmousi_00434", "solver_qc": {"cfl_2d": 0.19445436482630057, "compute_elapsed_s": 23.287068566307425, "dt_used_s": 0.00025, "finite": true, "lwc_qmax": 0.2591970023119275, "qc_final_energy_ratio": 0.2612778440053178, "qc_max_abs": 4.980896051165473e-08, "vmax_mps": 5500.0, "vmin_mps": 1780.9375}, "source_index": 2534, "split": "train", "variant": "drp_0.45", "wall_seconds": 23.567106790840626}
{"drp_max_nyquist_fraction": 0.55, "f0_hz": 22.675607850991497, "family": "marmousi", "group_id": "train:marmousi:x0.0:z1000.0", "relative_l2": 0.13914329541362397, "sample_id": "train_marmousi_00434", "solver_qc": {"cfl_2d": 0.19445436482630057, "compute_elapsed_s": 23.537458916194737, "dt_used_s": 0.00025, "finite": true, "lwc_qmax": 0.2663944049887881, "qc_final_energy_ratio": 0.26105744089198746, "qc_max_abs": 4.974982203975742e-08, "vmax_mps": 5500.0, "vmin_mps": 1780.9375}, "source_index": 2534, "split": "train", "variant": "drp_0.55", "wall_seconds": 23.815640966407955}
{"drp_max_nyquist_fraction": 0.65, "f0_hz": 22.675607850991497, "family": "marmousi", "group_id": "train:marmousi:x0.0:z1000.0", "relative_l2": 0.1768155711554875, "sample_id": "train_marmousi_00434", "solver_qc": {"cfl_2d": 0.19445436482630057, "compute_elapsed_s": 23.333373197354376, "dt_used_s": 0.00025, "finite": true, "lwc_qmax": 0.2756438333015915, "qc_final_energy_ratio": 0.2601041024394372, "qc_max_abs": 4.9644278021787613e-08, "vmax_mps": 5500.0, "vmin_mps": 1780.9375}, "source_index": 2534, "split": "train", "variant": "drp_0.65", "wall_seconds": 23.616412638686597}
{"drp_max_nyquist_fraction": 0.75, "f0_hz": 22.675607850991497, "family": "marmousi", "group_id": "train:marmousi:x0.0:z1000.0", "relative_l2": 0.31788096643585806, "sample_id": "train_marmousi_00434", "solver_qc": {"cfl_2d": 0.19445436482630057, "compute_elapsed_s": 24.678771623410285, "dt_used_s": 0.00025, "finite": true, "lwc_qmax": 0.2874520660917605, "qc_final_energy_ratio": 0.2561443299729533, "qc_max_abs": 4.9371752908200506e-08, "vmax_mps": 5500.0, "vmin_mps": 1780.9375}, "source_index": 2534, "split": "train", "variant": "drp_0.75", "wall_seconds": 24.969679326750338}
{"drp_max_nyquist_fraction": 0.85, "f0_hz": 22.675607850991497, "family": "marmousi", "group_id": "train:marmousi:x0.0:z1000.0", "relative_l2": 0.6963323174801835, "sample_id": "train_marmousi_00434", "solver_qc": {"cfl_2d": 0.19445436482630057, "compute_elapsed_s": 24.30655741225928, "dt_used_s": 0.00025, "finite": true, "lwc_qmax": 0.30274527177518035, "qc_final_energy_ratio": 0.24643949869693124, "qc_max_abs": 4.8604526625695144e-08, "vmax_mps": 5500.0, "vmin_mps": 1780.9375}, "source_index": 2534, "split": "train", "variant": "drp_0.85", "wall_seconds": 24.573556948453188}
{"drp_max_nyquist_fraction": null, "f0_hz": 26.31137193002896, "family": "marmousi", "group_id": "train:marmousi:x250.0:z950.0", "relative_l2": 0.13704151006984017, "sample_id": "train_marmousi_00057", "solver_qc": {"cfl_2d": 0.19445436482630057, "compute_elapsed_s": 24.050711502321064, "dt_used_s": 0.00025, "finite": true, "lwc_qmax": 0.24584126984126986, "qc_final_energy_ratio": 0.0984216811650605, "qc_max_abs": 7.443324534506246e-08, "vmax_mps": 5500.0, "vmin_mps": 1768.4375}, "source_index": 2157, "split": "train", "variant": "standard_taylor8", "wall_seconds": 24.32067883759737}
{"drp_max_nyquist_fraction": 0.45, "f0_hz": 26.31137193002896, "family": "marmousi", "group_id": "train:marmousi:x250.0:z950.0", "relative_l2": 0.13831892847378854, "sample_id": "train_marmousi_00057", "solver_qc": {"cfl_2d": 0.19445436482630057, "compute_elapsed_s": 23.736023486591876, "dt_used_s": 0.00025, "finite": true, "lwc_qmax": 0.2591970023119275, "qc_final_energy_ratio": 0.09830155112149475, "qc_max_abs": 7.388344869241337e-08, "vmax_mps": 5500.0, "vmin_mps": 1768.4375}, "source_index": 2157, "split": "train", "variant": "drp_0.45", "wall_seconds": 24.00462753046304}
{"drp_max_nyquist_fraction": 0.55, "f0_hz": 26.31137193002896, "family": "marmousi", "group_id": "train:marmousi:x250.0:z950.0", "relative_l2": 0.14643452251524403, "sample_id": "train_marmousi_00057", "solver_qc": {"cfl_2d": 0.19445436482630057, "compute_elapsed_s": 22.938723762519658, "dt_used_s": 0.00025, "finite": true, "lwc_qmax": 0.2663944049887881, "qc_final_energy_ratio": 0.09817853157926801, "qc_max_abs": 7.370422139274524e-08, "vmax_mps": 5500.0, "vmin_mps": 1768.4375}, "source_index": 2157, "split": "train", "variant": "drp_0.55", "wall_seconds": 23.19475028757006}
{"drp_max_nyquist_fraction": 0.65, "f0_hz": 26.31137193002896, "family": "marmousi", "group_id": "train:marmousi:x250.0:z950.0", "relative_l2": 0.18669635158044434, "sample_id": "train_marmousi_00057", "solver_qc": {"cfl_2d": 0.19445436482630057, "compute_elapsed_s": 23.187550059519708, "dt_used_s": 0.00025, "finite": true, "lwc_qmax": 0.2756438333015915, "qc_final_energy_ratio": 0.09775540456340558, "qc_max_abs": 7.354407216553227e-08, "vmax_mps": 5500.0, "vmin_mps": 1768.4375}, "source_index": 2157, "split": "train", "variant": "drp_0.65", "wall_seconds": 23.4403322795406}
{"drp_max_nyquist_fraction": 0.75, "f0_hz": 26.31137193002896, "family": "marmousi", "group_id": "train:marmousi:x250.0:z950.0", "relative_l2": 0.3479013756670721, "sample_id": "train_marmousi_00057", "solver_qc": {"cfl_2d": 0.19445436482630057, "compute_elapsed_s": 23.3195038177073, "dt_used_s": 0.00025, "finite": true, "lwc_qmax": 0.2874520660917605, "qc_final_energy_ratio": 0.096907049253058, "qc_max_abs": 7.335412988140888e-08, "vmax_mps": 5500.0, "vmin_mps": 1768.4375}, "source_index": 2157, "split": "train", "variant": "drp_0.75", "wall_seconds": 23.57406888063997}
{"drp_max_nyquist_fraction": 0.85, "f0_hz": 26.31137193002896, "family": "marmousi", "group_id": "train:marmousi:x250.0:z950.0", "relative_l2": 0.7955472354941365, "sample_id": "train_marmousi_00057", "solver_qc": {"cfl_2d": 0.19445436482630057, "compute_elapsed_s": 23.12262492161244, "dt_used_s": 0.00025, "finite": true, "lwc_qmax": 0.30274527177518035, "qc_final_energy_ratio": 0.09650477200474725, "qc_max_abs": 7.290122283620804e-08, "vmax_mps": 5500.0, "vmin_mps": 1768.4375}, "source_index": 2157, "split": "train", "variant": "drp_0.85", "wall_seconds": 23.39915930200368}
{"drp_max_nyquist_fraction": null, "f0_hz": 29.99536220938785, "family": "marmousi", "group_id": "train:marmousi:x250.0:z550.0", "relative_l2": 0.2254815089247132, "sample_id": "train_marmousi_00193", "solver_qc": {"cfl_2d": 0.19445436482630057, "compute_elapsed_s": 25.004391581751406, "dt_used_s": 0.00025, "finite": true, "lwc_qmax": 0.24584126984126986, "qc_final_energy_ratio": 0.4112148223082377, "qc_max_abs": 9.435336068008837e-08, "vmax_mps": 5500.0, "vmin_mps": 1676.298828125}, "source_index": 2293, "split": "train", "variant": "standard_taylor8", "wall_seconds": 25.25410046800971}
{"drp_max_nyquist_fraction": 0.45, "f0_hz": 29.99536220938785, "family": "marmousi", "group_id": "train:marmousi:x250.0:z550.0", "relative_l2": 0.18068513688641752, "sample_id": "train_marmousi_00193", "solver_qc": {"cfl_2d": 0.19445436482630057, "compute_elapsed_s": 23.5719856005162, "dt_used_s": 0.00025, "finite": true, "lwc_qmax": 0.2591970023119275, "qc_final_energy_ratio": 0.39743219293553306, "qc_max_abs": 9.280773127784414e-08, "vmax_mps": 5500.0, "vmin_mps": 1676.298828125}, "source_index": 2293, "split": "train", "variant": "drp_0.45", "wall_seconds": 23.831753531470895}
{"drp_max_nyquist_fraction": 0.55, "f0_hz": 29.99536220938785, "family": "marmousi", "group_id": "train:marmousi:x250.0:z550.0", "relative_l2": 0.17612931879395433, "sample_id": "train_marmousi_00193", "solver_qc": {"cfl_2d": 0.19445436482630057, "compute_elapsed_s": 23.573551691137254, "dt_used_s": 0.00025, "finite": true, "lwc_qmax": 0.2663944049887881, "qc_final_energy_ratio": 0.39326475983539577, "qc_max_abs": 9.223455066376118e-08, "vmax_mps": 5500.0, "vmin_mps": 1676.298828125}, "source_index": 2293, "split": "train", "variant": "drp_0.55", "wall_seconds": 23.821594916284084}
{"drp_max_nyquist_fraction": 0.65, "f0_hz": 29.99536220938785, "family": "marmousi", "group_id": "train:marmousi:x250.0:z550.0", "relative_l2": 0.20565516082751584, "sample_id": "train_marmousi_00193", "solver_qc": {"cfl_2d": 0.19445436482630057, "compute_elapsed_s": 23.137508404441178, "dt_used_s": 0.00025, "finite": true, "lwc_qmax": 0.2756438333015915, "qc_final_energy_ratio": 0.3896047026057167, "qc_max_abs": 9.172282489089412e-08, "vmax_mps": 5500.0, "vmin_mps": 1676.298828125}, "source_index": 2293, "split": "train", "variant": "drp_0.65", "wall_seconds": 23.416564066894352}
{"drp_max_nyquist_fraction": 0.75, "f0_hz": 29.99536220938785, "family": "marmousi", "group_id": "train:marmousi:x250.0:z550.0", "relative_l2": 0.40008059479969377, "sample_id": "train_marmousi_00193", "solver_qc": {"cfl_2d": 0.19445436482630057, "compute_elapsed_s": 22.9524481408298, "dt_used_s": 0.00025, "finite": true, "lwc_qmax": 0.2874520660917605, "qc_final_energy_ratio": 0.38756470755275646, "qc_max_abs": 9.135515455227505e-08, "vmax_mps": 5500.0, "vmin_mps": 1676.298828125}, "source_index": 2293, "split": "train", "variant": "drp_0.75", "wall_seconds": 23.213619058951735}
{"drp_max_nyquist_fraction": 0.85, "f0_hz": 29.99536220938785, "family": "marmousi", "group_id": "train:marmousi:x250.0:z550.0", "relative_l2": 1.0057982671618282, "sample_id": "train_marmousi_00193", "solver_qc": {"cfl_2d": 0.19445436482630057, "compute_elapsed_s": 24.14371023606509, "dt_used_s": 0.00025, "finite": true, "lwc_qmax": 0.30274527177518035, "qc_final_energy_ratio": 0.4034824545083375, "qc_max_abs": 9.115900212464112e-08, "vmax_mps": 5500.0, "vmin_mps": 1676.298828125}, "source_index": 2293, "split": "train", "variant": "drp_0.85", "wall_seconds": 24.40761709678918}
{
  "by_variant": {
    "drp_0.45": {
      "maximum_relative_l2": 0.19765900256744587,
      "mean_relative_l2": 0.13917000938731175,
      "mean_wall_seconds": 23.644669254842615,
      "median_relative_l2": 0.13831892847378854,
      "record_count": 7
    },
    "drp_0.55": {
      "maximum_relative_l2": 0.19770378794756094,
      "mean_relative_l2": 0.14246667825677697,
      "mean_wall_seconds": 23.74136944727174,
      "median_relative_l2": 0.14643452251524403,
      "record_count": 7
    },
    "drp_0.65": {
      "maximum_relative_l2": 0.20565516082751584,
      "mean_relative_l2": 0.16614684274703187,
      "mean_wall_seconds": 23.42787379638425,
      "median_relative_l2": 0.1768155711554875,
      "record_count": 7
    },
    "drp_0.75": {
      "maximum_relative_l2": 0.40008059479969377,
      "mean_relative_l2": 0.2743161076302279,
      "mean_wall_seconds": 23.937140313376272,
      "median_relative_l2": 0.2513369268555262,
      "record_count": 7
    },
    "drp_0.85": {
      "maximum_relative_l2": 1.0057982671618282,
      "mean_relative_l2": 0.5959720423322236,
      "mean_wall_seconds": 23.661552374384232,
      "median_relative_l2": 0.6303472497323447,
      "record_count": 7
    },
    "standard_taylor8": {
      "maximum_relative_l2": 0.2254815089247132,
      "mean_relative_l2": 0.14461620138100573,
      "mean_wall_seconds": 23.770186984778515,
      "median_relative_l2": 0.13704151006984017,
      "record_count": 7
    }
  },
  "output": "/root/autodl-tmp/work/FNO-Acoustic-Wave-Simulation/grouped-dual-head-v2/results/train_only_drp_lwc84_band_sweep_r1.json",
  "ranking": [
    "drp_0.45",
    "drp_0.55",
    "standard_taylor8",
    "drp_0.65",
    "drp_0.75",
    "drp_0.85"
  ]
}
