{
  "control_mean_best_score": 0.206055932334006,
  "decision": "accepted_train_only",
  "dg_flux_mean_best_score": 0.20605589558884307,
  "gate": "DG-flux two-seed mean must be strictly below paired control and hard-boundary parent means; no minimum percentage",
  "lane_terminals": {
    "results/transfer_dg_flux_pretrain_fast_control_s372_20260902/terminal.json": {
      "arm": "control",
      "best_epoch": 3,
      "best_score": 0.20557479375488177,
      "elapsed_s": 2606.1,
      "initial_candidate_score": 0.2056271865083604,
      "parent_score": 0.2056271865083604,
      "relative_gain_vs_parent": 0.0002547948759513609,
      "seed": 372,
      "sha256": "cf5d09dd08d90a683857e2e146178719f267ae7f4da5b6f0d3eddfe416a7f61f",
      "status": "passed",
      "test_id_opened": false,
      "validation_opened": false
    },
    "results/transfer_dg_flux_pretrain_fast_control_s733_20260902/terminal.json": {
      "arm": "control",
      "best_epoch": 2,
      "best_score": 0.20653707091313017,
      "elapsed_s": 2590.2,
      "initial_candidate_score": 0.20658661093063946,
      "parent_score": 0.20658661093063946,
      "relative_gain_vs_parent": 0.00023980265364786503,
      "seed": 733,
      "sha256": "bdffc985bd07fc549a0750b9c4e2e427c5696e9ae6825a9ca05eb8e045b3abe6",
      "status": "passed",
      "test_id_opened": false,
      "validation_opened": false
    },
    "results/transfer_dg_flux_pretrain_fast_dg_flux_s372_20260902/terminal.json": {
      "arm": "dg_flux",
      "best_epoch": 3,
      "best_score": 0.20557475224910848,
      "elapsed_s": 2782.9,
      "initial_candidate_score": 0.2056271865083604,
      "parent_score": 0.2056271865083604,
      "relative_gain_vs_parent": 0.00025499672558999733,
      "seed": 372,
      "sha256": "6b8bb22f61ba52bbd4bd18ccf28699992e7716db1166d6105d4b5f48dedbc13f",
      "status": "passed",
      "test_id_opened": false,
      "validation_opened": false
    },
    "results/transfer_dg_flux_pretrain_fast_dg_flux_s733_20260902/terminal.json": {
      "arm": "dg_flux",
      "best_epoch": 2,
      "best_score": 0.20653703892857767,
      "elapsed_s": 2744.8,
      "initial_candidate_score": 0.20658661093063946,
      "parent_score": 0.20658661093063946,
      "relative_gain_vs_parent": 0.00023995747758520753,
      "seed": 733,
      "sha256": "d815ab81120607fcab1dff5bc8ef9021076f56f267dc3093465a3925a36131d8",
      "status": "passed",
      "test_id_opened": false,
      "validation_opened": false
    }
  },
  "paired_control_minus_dg_flux": {
    "372": 4.150577329053995e-08,
    "733": 3.198455250652543e-08
  },
  "parent_mean_score": 0.20610689871949994,
  "relative_gain_vs_control": 1.7832615880647626e-07,
  "relative_gain_vs_parent": 0.0002474595997210193,
  "schema": "transfer_dg_flux_pretrain_summary_v1",
  "status": "complete",
  "test_id_opened": false,
  "validation_opened": false
}
