{
  "all_passive": true,
  "claim_scope": "train_only local trace-to-flux capacity; not wavefield promotion",
  "decision": "accepted_local_operator_pilot",
  "lane_terminals": {
    "results/transfer_dg_local_dtn_s1049_20260902/terminal.json": {
      "best_aggregate": 0.5824437418456627,
      "best_epoch": 89,
      "best_metrics": {
        "aggregate": 0.5824437418456627,
        "dissipation_minimum": 2.8936684131622314,
        "maximum": 1.3917815384627292,
        "per_family": {
          "layered": 0.4354661808740648,
          "marmousi": 0.8468032265290003,
          "uniform": 0.46506181813392344
        },
        "sample_count": 1728
      },
      "elapsed_s": 296.9,
      "excluded_near_zero": 20,
      "fit_sample_count": 5164,
      "holdout_sample_count": 1728,
      "relative_gain": 0.4175562581543373,
      "seed": 1049,
      "sha256": "f3656e6d88e79fb5d7a6b08c2df1b14cd493dc6ff6e08453f3a16d4864287a81",
      "status": "passed",
      "test_id_opened": false,
      "validation_opened": false,
      "zero_flux_baseline": 1.0
    },
    "results/transfer_dg_local_dtn_s1403_20260902/terminal.json": {
      "best_aggregate": 0.5819531505646997,
      "best_epoch": 87,
      "best_metrics": {
        "aggregate": 0.5819531505646997,
        "dissipation_minimum": 3.6536965370178223,
        "maximum": 1.416755603623976,
        "per_family": {
          "layered": 0.4404412277597467,
          "marmousi": 0.8431469220337645,
          "uniform": 0.4622713019005875
        },
        "sample_count": 1728
      },
      "elapsed_s": 296.3,
      "excluded_near_zero": 20,
      "fit_sample_count": 5164,
      "holdout_sample_count": 1728,
      "relative_gain": 0.41804684943530035,
      "seed": 1403,
      "sha256": "8346c09f25114fe3a734b5663c1e3290c5a0c972a60d765ac6093ce00e1640c8",
      "status": "passed",
      "test_id_opened": false,
      "validation_opened": false,
      "zero_flux_baseline": 1.0
    },
    "results/transfer_dg_local_dtn_s372_20260902/terminal.json": {
      "best_aggregate": 0.5886342827397512,
      "best_epoch": 50,
      "best_metrics": {
        "aggregate": 0.5886342827397512,
        "dissipation_minimum": 4.221430778503418,
        "maximum": 1.402983140930503,
        "per_family": {
          "layered": 0.4470510015599271,
          "marmousi": 0.850192784047526,
          "uniform": 0.4686590626118004
        },
        "sample_count": 1728
      },
      "elapsed_s": 269.0,
      "excluded_near_zero": 20,
      "fit_sample_count": 5164,
      "holdout_sample_count": 1728,
      "relative_gain": 0.41136571726024884,
      "seed": 372,
      "sha256": "c21646b58ba4df1247b2c26eca5af2006e8344a447e678a294d3b45e5249e30a",
      "status": "passed",
      "test_id_opened": false,
      "validation_opened": false,
      "zero_flux_baseline": 1.0
    },
    "results/transfer_dg_local_dtn_s733_20260902/terminal.json": {
      "best_aggregate": 0.5762646999220231,
      "best_epoch": 106,
      "best_metrics": {
        "aggregate": 0.5762646999220231,
        "dissipation_minimum": 2.861003875732422,
        "maximum": 1.4358970130575575,
        "per_family": {
          "layered": 0.4271442000392145,
          "marmousi": 0.8446351596598889,
          "uniform": 0.45701474006696574
        },
        "sample_count": 1728
      },
      "elapsed_s": 296.5,
      "excluded_near_zero": 20,
      "fit_sample_count": 5164,
      "holdout_sample_count": 1728,
      "relative_gain": 0.4237353000779769,
      "seed": 733,
      "sha256": "53f03b2e45750ffefd94fa1d291ad21b6205a41a89e6a993ba078aff943e12ed",
      "status": "passed",
      "test_id_opened": false,
      "validation_opened": false,
      "zero_flux_baseline": 1.0
    }
  },
  "mean_best_aggregate": 0.5823239687680342,
  "mean_per_family": {
    "layered": 0.4375256525582383,
    "marmousi": 0.846194523067545,
    "uniform": 0.46325173067831926
  },
  "mean_zero_flux_baseline": 1.0,
  "relative_gain": 0.41767603123196584,
  "schema": "transfer_dg_local_dtn_summary_v1",
  "status": "complete",
  "test_id_opened": false,
  "validation_opened": false
}
