{"event": "local_element_record", "record": 1, "of": 24, "sample_id": "train_uniform_00002"}
{"event": "local_element_record", "record": 2, "of": 24, "sample_id": "train_uniform_00009"}
{"event": "local_element_record", "record": 3, "of": 24, "sample_id": "train_uniform_00010"}
{"event": "local_element_record", "record": 4, "of": 24, "sample_id": "train_uniform_00013"}
{"event": "local_element_record", "record": 5, "of": 24, "sample_id": "train_uniform_00016"}
{"event": "local_element_record", "record": 6, "of": 24, "sample_id": "train_uniform_00017"}
{"event": "local_element_record", "record": 7, "of": 24, "sample_id": "train_uniform_00022"}
{"event": "local_element_record", "record": 8, "of": 24, "sample_id": "train_uniform_00023"}
{"event": "local_element_record", "record": 9, "of": 24, "sample_id": "train_layered_00012"}
{"event": "local_element_record", "record": 10, "of": 24, "sample_id": "train_layered_00023"}
{"event": "local_element_record", "record": 11, "of": 24, "sample_id": "train_layered_00056"}
{"event": "local_element_record", "record": 12, "of": 24, "sample_id": "train_layered_00101"}
{"event": "local_element_record", "record": 13, "of": 24, "sample_id": "train_layered_00107"}
{"event": "local_element_record", "record": 14, "of": 24, "sample_id": "train_layered_00110"}
{"event": "local_element_record", "record": 15, "of": 24, "sample_id": "train_layered_00127"}
{"event": "local_element_record", "record": 16, "of": 24, "sample_id": "train_layered_00130"}
{"event": "local_element_record", "record": 17, "of": 24, "sample_id": "train_marmousi_00002"}
{"event": "local_element_record", "record": 18, "of": 24, "sample_id": "train_marmousi_00015"}
{"event": "local_element_record", "record": 19, "of": 24, "sample_id": "train_marmousi_00023"}
{"event": "local_element_record", "record": 20, "of": 24, "sample_id": "train_marmousi_00025"}
{"event": "local_element_record", "record": 21, "of": 24, "sample_id": "train_marmousi_00032"}
{"event": "local_element_record", "record": 22, "of": 24, "sample_id": "train_marmousi_00036"}
{"event": "local_element_record", "record": 23, "of": 24, "sample_id": "train_marmousi_00049"}
{"event": "local_element_record", "record": 24, "of": 24, "sample_id": "train_marmousi_00055"}
{
  "builder_sha256": "545c101d32c20191916861a4c13f23a486ee78fb11e09d2639d0fbfb8544f316",
  "dataset": "results/transfer_dg_local_frequency_elements_24rec_20260902.h5",
  "dataset_sha256": "69450da776f911c33a4146e25f7d0c399702c939e7be26efc1b3e95cf6f866df",
  "elements_per_record_frequency": 72,
  "family_counts": {
    "layered": 8,
    "marmousi": 8,
    "uniform": 8
  },
  "frequency_bins_per_record": 4,
  "future_train_truth_used_for_offline_supervision": true,
  "manifest": "results/b2_v9_parent_fit_manifest_240rec_20260901.json",
  "manifest_sha256": "36bd59278ceec09b1af365d3fbd29d2051c3a09129a5c4fba448bded81905667",
  "record_count": 24,
  "records_per_family": 8,
  "sample_count": 6912,
  "schema": "transfer_dg_local_frequency_dataset_identity_v1",
  "selection_used_future_truth": false,
  "test_id_opened": false,
  "validation_opened": false
}
