{"event": "residual_progress", "slot": 0, "record": 0, "of": 24}
{"event": "residual_progress", "slot": 0, "record": 1, "of": 24}
{"event": "residual_progress", "slot": 0, "record": 2, "of": 24}
{"event": "residual_progress", "slot": 0, "record": 3, "of": 24}
{"event": "residual_progress", "slot": 0, "record": 4, "of": 24}
{"event": "residual_progress", "slot": 0, "record": 5, "of": 24}
{"event": "residual_progress", "slot": 0, "record": 6, "of": 24}
{"event": "residual_progress", "slot": 0, "record": 7, "of": 24}
{"event": "residual_progress", "slot": 0, "record": 8, "of": 24}
{"event": "residual_progress", "slot": 0, "record": 9, "of": 24}
{"event": "residual_progress", "slot": 0, "record": 10, "of": 24}
{"event": "residual_progress", "slot": 0, "record": 11, "of": 24}
{"event": "residual_progress", "slot": 0, "record": 12, "of": 24}
{"event": "residual_progress", "slot": 0, "record": 13, "of": 24}
{"event": "residual_progress", "slot": 0, "record": 14, "of": 24}
{"event": "residual_progress", "slot": 0, "record": 15, "of": 24}
{"event": "residual_progress", "slot": 0, "record": 16, "of": 24}
{"event": "residual_progress", "slot": 0, "record": 17, "of": 24}
{"event": "residual_progress", "slot": 0, "record": 18, "of": 24}
{"event": "residual_progress", "slot": 0, "record": 19, "of": 24}
{"event": "residual_progress", "slot": 0, "record": 20, "of": 24}
{"event": "residual_progress", "slot": 0, "record": 21, "of": 24}
{"event": "residual_progress", "slot": 0, "record": 22, "of": 24}
{"event": "residual_progress", "slot": 0, "record": 23, "of": 24}
{"event": "residual_progress", "slot": 1, "record": 0, "of": 24}
{"event": "residual_progress", "slot": 1, "record": 1, "of": 24}
{"event": "residual_progress", "slot": 1, "record": 2, "of": 24}
{"event": "residual_progress", "slot": 1, "record": 3, "of": 24}
{"event": "residual_progress", "slot": 1, "record": 4, "of": 24}
{"event": "residual_progress", "slot": 1, "record": 5, "of": 24}
{"event": "residual_progress", "slot": 1, "record": 6, "of": 24}
{"event": "residual_progress", "slot": 1, "record": 7, "of": 24}
{"event": "residual_progress", "slot": 1, "record": 8, "of": 24}
{"event": "residual_progress", "slot": 1, "record": 9, "of": 24}
{"event": "residual_progress", "slot": 1, "record": 10, "of": 24}
{"event": "residual_progress", "slot": 1, "record": 11, "of": 24}
{"event": "residual_progress", "slot": 1, "record": 12, "of": 24}
{"event": "residual_progress", "slot": 1, "record": 13, "of": 24}
{"event": "residual_progress", "slot": 1, "record": 14, "of": 24}
{"event": "residual_progress", "slot": 1, "record": 15, "of": 24}
{"event": "residual_progress", "slot": 1, "record": 16, "of": 24}
{"event": "residual_progress", "slot": 1, "record": 17, "of": 24}
{"event": "residual_progress", "slot": 1, "record": 18, "of": 24}
{"event": "residual_progress", "slot": 1, "record": 19, "of": 24}
{"event": "residual_progress", "slot": 1, "record": 20, "of": 24}
{"event": "residual_progress", "slot": 1, "record": 21, "of": 24}
{"event": "residual_progress", "slot": 1, "record": 22, "of": 24}
{"event": "residual_progress", "slot": 1, "record": 23, "of": 24}
{"event": "residual_progress", "slot": 2, "record": 0, "of": 24}
{"event": "residual_progress", "slot": 2, "record": 1, "of": 24}
{"event": "residual_progress", "slot": 2, "record": 2, "of": 24}
{"event": "residual_progress", "slot": 2, "record": 3, "of": 24}
{"event": "residual_progress", "slot": 2, "record": 4, "of": 24}
{"event": "residual_progress", "slot": 2, "record": 5, "of": 24}
{"event": "residual_progress", "slot": 2, "record": 6, "of": 24}
{"event": "residual_progress", "slot": 2, "record": 7, "of": 24}
{"event": "residual_progress", "slot": 2, "record": 8, "of": 24}
{"event": "residual_progress", "slot": 2, "record": 9, "of": 24}
{"event": "residual_progress", "slot": 2, "record": 10, "of": 24}
{"event": "residual_progress", "slot": 2, "record": 11, "of": 24}
{"event": "residual_progress", "slot": 2, "record": 12, "of": 24}
{"event": "residual_progress", "slot": 2, "record": 13, "of": 24}
{"event": "residual_progress", "slot": 2, "record": 14, "of": 24}
{"event": "residual_progress", "slot": 2, "record": 15, "of": 24}
{"event": "residual_progress", "slot": 2, "record": 16, "of": 24}
{"event": "residual_progress", "slot": 2, "record": 17, "of": 24}
{"event": "residual_progress", "slot": 2, "record": 18, "of": 24}
{"event": "residual_progress", "slot": 2, "record": 19, "of": 24}
{"event": "residual_progress", "slot": 2, "record": 20, "of": 24}
{"event": "residual_progress", "slot": 2, "record": 21, "of": 24}
{"event": "residual_progress", "slot": 2, "record": 22, "of": 24}
{"event": "residual_progress", "slot": 2, "record": 23, "of": 24}
{"event": "residual_progress", "slot": 3, "record": 0, "of": 24}
{"event": "residual_progress", "slot": 3, "record": 1, "of": 24}
{"event": "residual_progress", "slot": 3, "record": 2, "of": 24}
{"event": "residual_progress", "slot": 3, "record": 3, "of": 24}
{"event": "residual_progress", "slot": 3, "record": 4, "of": 24}
{"event": "residual_progress", "slot": 3, "record": 5, "of": 24}
{"event": "residual_progress", "slot": 3, "record": 6, "of": 24}
{"event": "residual_progress", "slot": 3, "record": 7, "of": 24}
{"event": "residual_progress", "slot": 3, "record": 8, "of": 24}
{"event": "residual_progress", "slot": 3, "record": 9, "of": 24}
{"event": "residual_progress", "slot": 3, "record": 10, "of": 24}
{"event": "residual_progress", "slot": 3, "record": 11, "of": 24}
{"event": "residual_progress", "slot": 3, "record": 12, "of": 24}
{"event": "residual_progress", "slot": 3, "record": 13, "of": 24}
{"event": "residual_progress", "slot": 3, "record": 14, "of": 24}
{"event": "residual_progress", "slot": 3, "record": 15, "of": 24}
{"event": "residual_progress", "slot": 3, "record": 16, "of": 24}
{"event": "residual_progress", "slot": 3, "record": 17, "of": 24}
{"event": "residual_progress", "slot": 3, "record": 18, "of": 24}
{"event": "residual_progress", "slot": 3, "record": 19, "of": 24}
{"event": "residual_progress", "slot": 3, "record": 20, "of": 24}
{"event": "residual_progress", "slot": 3, "record": 21, "of": 24}
{"event": "residual_progress", "slot": 3, "record": 22, "of": 24}
{"event": "residual_progress", "slot": 3, "record": 23, "of": 24}
{
  "output": "results/v9_multiphase_residual_structure_20260901.json",
  "sha256": "20bb6f222295eb81a52267b0b2e4e034740ef4233488b7954f803b93f803eda0"
}
