master_addr is only used for static rdzv_backend and when rdzv_endpoint is not specified.
{"event": "update", "epoch": 1, "update": 500, "physical_loss": 0.25014257431030273, "elapsed_s": 28.113322734832764}
{"event": "update", "epoch": 1, "update": 1000, "physical_loss": 0.6949000954627991, "elapsed_s": 54.726428508758545}
{"event": "update", "epoch": 1, "update": 1500, "physical_loss": 0.4334731101989746, "elapsed_s": 79.82008171081543}
{"event": "update", "epoch": 1, "update": 2000, "physical_loss": 0.22497181594371796, "elapsed_s": 103.56650471687317}
{"event": "update", "epoch": 1, "update": 2500, "physical_loss": 0.09177986532449722, "elapsed_s": 126.61546921730042}
{"event": "update", "epoch": 1, "update": 3000, "physical_loss": 0.08595192432403564, "elapsed_s": 149.67742681503296}
{"event": "update", "epoch": 1, "update": 3500, "physical_loss": 0.07206032425165176, "elapsed_s": 172.6509563922882}
{"event": "update", "epoch": 1, "update": 4000, "physical_loss": 0.27322646975517273, "elapsed_s": 195.67094445228577}
{"event": "update", "epoch": 1, "update": 4500, "physical_loss": 0.5668838620185852, "elapsed_s": 218.86992025375366}
{"event": "update", "epoch": 1, "update": 5000, "physical_loss": 0.14683161675930023, "elapsed_s": 241.9549434185028}
{"event": "update", "epoch": 1, "update": 5500, "physical_loss": 0.062338635325431824, "elapsed_s": 264.8976056575775}
{"event": "update", "epoch": 1, "update": 6000, "physical_loss": 0.6706104874610901, "elapsed_s": 288.1028139591217}
{"event": "update", "epoch": 1, "update": 6500, "physical_loss": 0.4774633049964905, "elapsed_s": 311.222136259079}
{"event": "update", "epoch": 1, "update": 7000, "physical_loss": 0.026947807520627975, "elapsed_s": 334.2472655773163}
{"event": "update", "epoch": 1, "update": 7500, "physical_loss": 0.2085125744342804, "elapsed_s": 357.45315623283386}
{"event": "update", "epoch": 1, "update": 8000, "physical_loss": 0.053191766142845154, "elapsed_s": 380.6655559539795}
{"event": "update", "epoch": 1, "update": 8500, "physical_loss": 0.013493903912603855, "elapsed_s": 403.92273807525635}
{"event": "update", "epoch": 1, "update": 9000, "physical_loss": 0.011915918439626694, "elapsed_s": 427.0226855278015}
{"event": "update", "epoch": 1, "update": 9500, "physical_loss": 0.36551961302757263, "elapsed_s": 450.10754346847534}
{"event": "update", "epoch": 1, "update": 10000, "physical_loss": 0.21085646748542786, "elapsed_s": 474.3190281391144}
{"event": "update", "epoch": 1, "update": 10500, "physical_loss": 0.21622636914253235, "elapsed_s": 497.8381826877594}
{"event": "update", "epoch": 1, "update": 11000, "physical_loss": 0.08015334606170654, "elapsed_s": 521.4150087833405}
{"event": "update", "epoch": 1, "update": 11500, "physical_loss": 0.4015326499938965, "elapsed_s": 546.9821481704712}
{"event": "update", "epoch": 1, "update": 12000, "physical_loss": 0.025521298870444298, "elapsed_s": 572.5453796386719}
{"event": "update", "epoch": 1, "update": 12500, "physical_loss": 0.20776499807834625, "elapsed_s": 598.0183341503143}
{"event": "update", "epoch": 1, "update": 13000, "physical_loss": 0.04282384365797043, "elapsed_s": 623.8012869358063}
{"event": "update", "epoch": 1, "update": 13500, "physical_loss": 0.032107867300510406, "elapsed_s": 649.553591966629}
{"event": "update", "epoch": 1, "update": 14000, "physical_loss": 0.15906977653503418, "elapsed_s": 675.2080607414246}
{"event": "update", "epoch": 1, "update": 14500, "physical_loss": 0.6032769083976746, "elapsed_s": 700.883339881897}
{"event": "update", "epoch": 1, "update": 15000, "physical_loss": 0.22072409093379974, "elapsed_s": 726.6680181026459}
{"event": "update", "epoch": 1, "update": 15500, "physical_loss": 0.10161139816045761, "elapsed_s": 752.3610274791718}
{"event": "update", "epoch": 1, "update": 16000, "physical_loss": 0.3368792235851288, "elapsed_s": 777.8127911090851}
{"event": "update", "epoch": 1, "update": 16500, "physical_loss": 0.009321024641394615, "elapsed_s": 803.3696777820587}
{"event": "update", "epoch": 1, "update": 17000, "physical_loss": 0.4204106330871582, "elapsed_s": 829.1703221797943}
{"event": "update", "epoch": 1, "update": 17500, "physical_loss": 0.30405160784721375, "elapsed_s": 854.780779838562}
{"event": "update", "epoch": 1, "update": 18000, "physical_loss": 0.097724050283432, "elapsed_s": 880.1607971191406}
{"event": "update", "epoch": 1, "update": 18500, "physical_loss": 0.324995219707489, "elapsed_s": 905.5763728618622}
{"event": "update", "epoch": 1, "update": 19000, "physical_loss": 0.1871536821126938, "elapsed_s": 931.3258485794067}
{"event": "update", "epoch": 1, "update": 19500, "physical_loss": 0.13676226139068604, "elapsed_s": 957.1579885482788}
{"event": "update", "epoch": 1, "update": 20000, "physical_loss": 0.4082574248313904, "elapsed_s": 982.7122597694397}
{"event": "update", "epoch": 1, "update": 20500, "physical_loss": 0.49311619997024536, "elapsed_s": 1008.198365688324}
{"event": "update", "epoch": 1, "update": 21000, "physical_loss": 0.41229474544525146, "elapsed_s": 1033.7684843540192}
{"event": "update", "epoch": 1, "update": 21500, "physical_loss": 0.28305062651634216, "elapsed_s": 1059.159988641739}
{"event": "update", "epoch": 1, "update": 22000, "physical_loss": 0.017337242141366005, "elapsed_s": 1084.9731369018555}
{"event": "update", "epoch": 1, "update": 22500, "physical_loss": 0.09193360060453415, "elapsed_s": 1110.63298869133}
{"event": "update", "epoch": 1, "update": 23000, "physical_loss": 0.6800765991210938, "elapsed_s": 1136.2302150726318}
{"event": "update", "epoch": 1, "update": 23500, "physical_loss": 0.044457875192165375, "elapsed_s": 1161.72177195549}
{"event": "update", "epoch": 1, "update": 24000, "physical_loss": 0.4149417579174042, "elapsed_s": 1187.3945713043213}
{"event": "update", "epoch": 1, "update": 24500, "physical_loss": 0.026789771392941475, "elapsed_s": 1212.8363680839539}
{"event": "update", "epoch": 1, "update": 25000, "physical_loss": 0.6251185536384583, "elapsed_s": 1238.5637893676758}
{"event": "update", "epoch": 1, "update": 25500, "physical_loss": 0.47841548919677734, "elapsed_s": 1264.011304140091}
{"event": "update", "epoch": 1, "update": 26000, "physical_loss": 0.1039920300245285, "elapsed_s": 1289.4723148345947}
{"event": "update", "epoch": 1, "update": 26500, "physical_loss": 0.3121373653411865, "elapsed_s": 1315.1870429515839}
{"event": "update", "epoch": 1, "update": 27000, "physical_loss": 0.5279344320297241, "elapsed_s": 1340.8338363170624}
{"event": "update", "epoch": 1, "update": 27500, "physical_loss": 0.26509928703308105, "elapsed_s": 1366.4267568588257}
{"event": "update", "epoch": 1, "update": 28000, "physical_loss": 0.1916043758392334, "elapsed_s": 1392.08695936203}
{"event": "update", "epoch": 1, "update": 28500, "physical_loss": 0.14925161004066467, "elapsed_s": 1417.8603954315186}
{"event": "update", "epoch": 1, "update": 29000, "physical_loss": 0.08619805425405502, "elapsed_s": 1443.3018910884857}
{"event": "update", "epoch": 1, "update": 29500, "physical_loss": 0.2182811051607132, "elapsed_s": 1468.8399558067322}
{"event": "update", "epoch": 1, "update": 30000, "physical_loss": 0.13962246477603912, "elapsed_s": 1494.5822632312775}
{"event": "update", "epoch": 1, "update": 30500, "physical_loss": 0.0038253874517977238, "elapsed_s": 1520.1732482910156}
{"event": "update", "epoch": 1, "update": 31000, "physical_loss": 0.009778620675206184, "elapsed_s": 1545.862643480301}
{"event": "update", "epoch": 1, "update": 31500, "physical_loss": 0.23533961176872253, "elapsed_s": 1571.5773079395294}
{"event": "update", "epoch": 1, "update": 32000, "physical_loss": 0.5038223266601562, "elapsed_s": 1597.495364665985}
{"event": "update", "epoch": 1, "update": 32500, "physical_loss": 0.14121682941913605, "elapsed_s": 1623.163999080658}
{"event": "update", "epoch": 1, "update": 33000, "physical_loss": 0.10535570979118347, "elapsed_s": 1648.755791425705}
[2026-09-03 12:40:17,377] torch.distributed.elastic.agent.server.api: [WARNING] Received Signals.SIGTERM death signal, shutting down workers
[2026-09-03 12:40:17,379] torch.distributed.elastic.multiprocessing.api: [WARNING] Sending process 50494 closing signal SIGTERM
[2026-09-03 12:40:17,379] torch.distributed.elastic.multiprocessing.api: [WARNING] Sending process 50495 closing signal SIGTERM
[2026-09-03 12:40:17,380] torch.distributed.elastic.multiprocessing.api: [WARNING] Sending process 50496 closing signal SIGTERM
[2026-09-03 12:40:17,381] torch.distributed.elastic.multiprocessing.api: [WARNING] Sending process 50497 closing signal SIGTERM
Traceback (most recent call last):
  File "/root/miniconda3/lib/python3.10/runpy.py", line 196, in _run_module_as_main
    return _run_code(code, main_globals, None,
  File "/root/miniconda3/lib/python3.10/runpy.py", line 86, in _run_code
    exec(code, run_globals)
  File "/root/miniconda3/lib/python3.10/site-packages/torch/distributed/run.py", line 810, in <module>
    main()
  File "/root/miniconda3/lib/python3.10/site-packages/torch/distributed/elastic/multiprocessing/errors/__init__.py", line 346, in wrapper
    return f(*args, **kwargs)
  File "/root/miniconda3/lib/python3.10/site-packages/torch/distributed/run.py", line 806, in main
    run(args)
  File "/root/miniconda3/lib/python3.10/site-packages/torch/distributed/run.py", line 797, in run
    elastic_launch(
  File "/root/miniconda3/lib/python3.10/site-packages/torch/distributed/launcher/api.py", line 134, in __call__
    return launch_agent(self._config, self._entrypoint, list(args))
  File "/root/miniconda3/lib/python3.10/site-packages/torch/distributed/launcher/api.py", line 255, in launch_agent
    result = agent.run()
  File "/root/miniconda3/lib/python3.10/site-packages/torch/distributed/elastic/metrics/api.py", line 124, in wrapper
    result = f(*args, **kwargs)
  File "/root/miniconda3/lib/python3.10/site-packages/torch/distributed/elastic/agent/server/api.py", line 736, in run
    result = self._invoke_run(role)
  File "/root/miniconda3/lib/python3.10/site-packages/torch/distributed/elastic/agent/server/api.py", line 877, in _invoke_run
    time.sleep(monitor_interval)
  File "/root/miniconda3/lib/python3.10/site-packages/torch/distributed/elastic/multiprocessing/api.py", line 62, in _terminate_process_handler
    raise SignalException(f"Process {os.getpid()} got signal: {sigval}", sigval=sigval)
torch.distributed.elastic.multiprocessing.api.SignalException: Process 50486 got signal: 15
