{
  "failure_rank": 0,
  "status": "FAILED",
  "workers": [
    {
      "gpu_id": "0",
      "log": "/root/autodl-tmp/data/jiayh/data/acoustic_lwc84_2km_401x401_to_201_marmousi1_v2/reports/worker_runs/20260808T064422Z_702328/worker-000.log",
      "pid": 702538,
      "rank": 0,
      "return_code": -9,
      "signal": 9
    },
    {
      "gpu_id": "1",
      "log": "/root/autodl-tmp/data/jiayh/data/acoustic_lwc84_2km_401x401_to_201_marmousi1_v2/reports/worker_runs/20260808T064422Z_702328/worker-001.log",
      "pid": 702539,
      "rank": 1,
      "return_code": -15,
      "signal": 15
    },
    {
      "gpu_id": "2",
      "log": "/root/autodl-tmp/data/jiayh/data/acoustic_lwc84_2km_401x401_to_201_marmousi1_v2/reports/worker_runs/20260808T064422Z_702328/worker-002.log",
      "pid": 702540,
      "rank": 2,
      "return_code": 0,
      "signal": null
    },
    {
      "gpu_id": "3",
      "log": "/root/autodl-tmp/data/jiayh/data/acoustic_lwc84_2km_401x401_to_201_marmousi1_v2/reports/worker_runs/20260808T064422Z_702328/worker-003.log",
      "pid": 702541,
      "rank": 3,
      "return_code": 0,
      "signal": null
    }
  ]
}
