{"agg": 0.0406981654066704, "family": {"layered": 0.0778386529494742, "marmousi": 0.04423613381729319, "uniform": 1.970945324381104e-05}, "update": 0}
{"agg": 0.040726912562189556, "family": {"layered": 0.07783670083930021, "marmousi": 0.044236550000603864, "uniform": 0.00010748684666459695}, "update": 48}
{"agg": 0.04070938005090782, "family": {"layered": 0.07783855740397985, "marmousi": 0.04423605774167217, "uniform": 5.3525007071437565e-05}, "update": 96}
{"agg": 0.04070212167755885, "family": {"layered": 0.07783868630797038, "marmousi": 0.04423609721284223, "uniform": 3.158151186393701e-05}, "update": 144}
{"agg": 0.040704258285056076, "family": {"layered": 0.07783805795729626, "marmousi": 0.044236026446817775, "uniform": 3.8690451054199684e-05}, "update": 192}
{"agg": 0.04070468713872663, "family": {"layered": 0.0778380895059281, "marmousi": 0.0442362037681673, "uniform": 3.9768142084479927e-05}, "update": 240}
{"agg": 0.04070719508682799, "family": {"layered": 0.07783763990374962, "marmousi": 0.044235992691806496, "uniform": 4.7952664927867355e-05}, "update": 288}
{"agg": 0.04070414113055568, "family": {"layered": 0.07783837531406751, "marmousi": 0.04423617255532194, "uniform": 3.787552227758501e-05}, "update": 336}
{"agg": 0.04070169919959479, "family": {"layered": 0.07783808971308134, "marmousi": 0.044236126005370906, "uniform": 3.088188033211781e-05}, "update": 384}
{"agg": 0.04070095096133445, "family": {"layered": 0.07783827136130872, "marmousi": 0.044236218763053226, "uniform": 2.8362759641397458e-05}, "update": 432}
{"agg": 0.040701824337746766, "family": {"layered": 0.07783847558255338, "marmousi": 0.04423615343945139, "uniform": 3.084399123552422e-05}, "update": 480}
{"agg": 0.04070411707426035, "family": {"layered": 0.0778386310074519, "marmousi": 0.044236121727118, "uniform": 3.759848821114331e-05}, "update": 528}
{"agg": 0.040711103823367775, "family": {"layered": 0.07783805586381819, "marmousi": 0.04423624631839536, "uniform": 5.9009287889781056e-05}, "update": 576}
{"agg": 0.04069806637672653, "family": {"layered": 0.07783826939219872, "marmousi": 0.04423619810274296, "uniform": 1.973163523791603e-05}, "update": 624}
{"agg": 0.0407065798151345, "family": {"layered": 0.0778383525856521, "marmousi": 0.04423608754799445, "uniform": 4.529931175695144e-05}, "update": 672}
{"agg": 0.04069736436853291, "family": {"layered": 0.07783821177257222, "marmousi": 0.04423618826317118, "uniform": 1.7693069855348155e-05}, "update": 720}
{"agg": 0.04070712271014181, "family": {"layered": 0.07783897197106736, "marmousi": 0.04423623951208124, "uniform": 4.615664727682618e-05}, "update": 768}
{"agg": 0.040708078638525, "family": {"layered": 0.07783928600877575, "marmousi": 0.044236418275389953, "uniform": 4.853163140928638e-05}, "update": 816}
{"agg": 0.04070092527032818, "family": {"layered": 0.07783831539309713, "marmousi": 0.04423613189973325, "uniform": 2.8328518154184954e-05}, "update": 864}
{"agg": 0.04070017881461515, "family": {"layered": 0.07783776011431214, "marmousi": 0.04423592514168748, "uniform": 2.685118784584391e-05}, "update": 912}
{"agg": 0.04071385148467613, "family": {"layered": 0.0778391023081002, "marmousi": 0.04423627886967579, "uniform": 6.617327625240349e-05}, "update": 960}
{"agg": 0.040706058627738434, "family": {"layered": 0.077838430552138, "marmousi": 0.044236497396370277, "uniform": 4.3247934707016446e-05}, "update": 1008}
{"agg": 0.0407072937404795, "family": {"layered": 0.07783833879111496, "marmousi": 0.044236065160693616, "uniform": 4.747726962993562e-05}, "update": 1056}
{"agg": 0.040717190676384636, "family": {"layered": 0.07783836322048025, "marmousi": 0.04423593731446107, "uniform": 7.727149421258413e-05}, "update": 1104}
{"agg": 0.040697414384369635, "family": {"layered": 0.07783843724994612, "marmousi": 0.04423617888782606, "uniform": 1.7627015336741926e-05}, "update": 1152}
{"agg": 0.04069938372764784, "family": {"layered": 0.07783833014847284, "marmousi": 0.04423624383638603, "uniform": 2.357719808465873e-05}, "update": 1200}
{"agg": 0.04069972044951301, "family": {"layered": 0.07783849545035573, "marmousi": 0.04423614756024021, "uniform": 2.451833794309293e-05}, "update": 1248}
{"agg": 0.040699681442740776, "family": {"layered": 0.07783827827081856, "marmousi": 0.044236210607409183, "uniform": 2.455544999457483e-05}, "update": 1296}
{"agg": 0.04069976419474381, "family": {"layered": 0.07783814326867737, "marmousi": 0.0442361718895651, "uniform": 2.4977425988963195e-05}, "update": 1344}
{"agg": 0.04069899936623689, "family": {"layered": 0.07783834514341781, "marmousi": 0.04423622478531585, "uniform": 2.242816997699237e-05}, "update": 1392}
{"agg": 0.04071196368853112, "family": {"layered": 0.07783832530853094, "marmousi": 0.044236169956973485, "uniform": 6.139580008894816e-05}, "update": 1440}
{"agg": 0.04070422029152251, "family": {"layered": 0.077837593523213, "marmousi": 0.04423608926070781, "uniform": 3.897809064670965e-05}, "update": 1488}
{"agg": 0.04070504113731793, "family": {"layered": 0.07783873727945648, "marmousi": 0.044236227873259364, "uniform": 4.0158259237966296e-05}, "update": 1536}
{"agg": 0.040701238465356476, "family": {"layered": 0.07783820024385961, "marmousi": 0.044236094074244184, "uniform": 2.9421077965630234e-05}, "update": 1584}
{"agg": 0.0406997151942474, "family": {"layered": 0.07783834253170972, "marmousi": 0.04423612163749154, "uniform": 2.4681413540943835e-05}, "update": 1632}
{"agg": 0.04070554500027488, "family": {"layered": 0.07783839321898779, "marmousi": 0.04423627173752206, "uniform": 4.197004431479516e-05}, "update": 1680}
{"agg": 0.04070137222451344, "family": {"layered": 0.07783804752491717, "marmousi": 0.04423602042808344, "uniform": 3.0048720539713955e-05}, "update": 1728}
{"agg": 0.040699430127052065, "family": {"layered": 0.07783852915048255, "marmousi": 0.04423613951350483, "uniform": 2.3621717168822883e-05}, "update": 1776}
{"agg": 0.04070140207978437, "family": {"layered": 0.07783904943713801, "marmousi": 0.04423617957504061, "uniform": 2.8977227174486332e-05}, "update": 1824}
{"agg": 0.04070554244971814, "family": {"layered": 0.07783887790646908, "marmousi": 0.04423614885889559, "uniform": 4.1600583789764395e-05}, "update": 1872}
{"agg": 0.04070492074548101, "family": {"layered": 0.07783806316076454, "marmousi": 0.04423612466897871, "uniform": 4.0574406699792734e-05}, "update": 1920}
{"agg": 0.04071412736299557, "family": {"layered": 0.0778390733576389, "marmousi": 0.04423616962858854, "uniform": 6.713910275925199e-05}, "update": 1968}
{"agg": 0.040710891202573866, "family": {"layered": 0.07783873223628175, "marmousi": 0.04423602298075091, "uniform": 5.7918390688947804e-05}, "update": 2016}
{"agg": 0.040700168949480205, "family": {"layered": 0.07783892476757415, "marmousi": 0.04423619729183593, "uniform": 2.5384789030540865e-05}, "update": 2064}
{"agg": 0.04070642084003909, "family": {"layered": 0.07783857847134575, "marmousi": 0.04423613782004688, "uniform": 4.4546228724627823e-05}, "update": 2112}
{"agg": 0.04069718720078003, "family": {"layered": 0.07783831936880259, "marmousi": 0.04423621015785369, "uniform": 1.7032075683791796e-05}, "update": 2160}
{"agg": 0.04070402026022762, "family": {"layered": 0.07783820040655152, "marmousi": 0.0442360685013241, "uniform": 3.779187280722472e-05}, "update": 2208}
{"agg": 0.04070473296442154, "family": {"layered": 0.07783789280694095, "marmousi": 0.044236058921372064, "uniform": 4.024716495162796e-05}, "update": 2256}
{"agg": 0.04070413371504242, "family": {"layered": 0.07783913014891979, "marmousi": 0.0442363019334923, "uniform": 3.696906271516069e-05}, "update": 2304}
{"agg": 0.04070232309284932, "family": {"layered": 0.07783831338104145, "marmousi": 0.04423621311688901, "uniform": 3.2442780617485446e-05}, "update": 2352}
[2026-08-07 00:42:22,532] torch.distributed.elastic.agent.server.api: [WARNING] Received Signals.SIGTERM death signal, shutting down workers
[2026-08-07 00:42:22,533] torch.distributed.elastic.multiprocessing.api: [WARNING] Sending process 960471 closing signal SIGTERM
[2026-08-07 00:42:22,533] torch.distributed.elastic.multiprocessing.api: [WARNING] Sending process 960472 closing signal SIGTERM
[2026-08-07 00:42:22,534] torch.distributed.elastic.multiprocessing.api: [WARNING] Sending process 960473 closing signal SIGTERM
[2026-08-07 00:42:22,535] torch.distributed.elastic.multiprocessing.api: [WARNING] Sending process 960474 closing signal SIGTERM
Traceback (most recent call last):
  File "/root/miniconda3/bin/torchrun", line 8, in <module>
    sys.exit(main())
  File "/root/miniconda3/lib/python3.10/site-packages/torch/distributed/elastic/multiprocessing/errors/__init__.py", line 346, in wrapper
    return f(*args, **kwargs)
  File "/root/miniconda3/lib/python3.10/site-packages/torch/distributed/run.py", line 806, in main
    run(args)
  File "/root/miniconda3/lib/python3.10/site-packages/torch/distributed/run.py", line 797, in run
    elastic_launch(
  File "/root/miniconda3/lib/python3.10/site-packages/torch/distributed/launcher/api.py", line 134, in __call__
    return launch_agent(self._config, self._entrypoint, list(args))
  File "/root/miniconda3/lib/python3.10/site-packages/torch/distributed/launcher/api.py", line 255, in launch_agent
    result = agent.run()
  File "/root/miniconda3/lib/python3.10/site-packages/torch/distributed/elastic/metrics/api.py", line 124, in wrapper
    result = f(*args, **kwargs)
  File "/root/miniconda3/lib/python3.10/site-packages/torch/distributed/elastic/agent/server/api.py", line 736, in run
    result = self._invoke_run(role)
  File "/root/miniconda3/lib/python3.10/site-packages/torch/distributed/elastic/agent/server/api.py", line 877, in _invoke_run
    time.sleep(monitor_interval)
  File "/root/miniconda3/lib/python3.10/site-packages/torch/distributed/elastic/multiprocessing/api.py", line 62, in _terminate_process_handler
    raise SignalException(f"Process {os.getpid()} got signal: {sigval}", sigval=sigval)
torch.distributed.elastic.multiprocessing.api.SignalException: Process 960404 got signal: 15
