{"event": "update", "update": 1, "physical_loss": 0.10978623852133751, "cpml_loss": 0.10373158380389214, "lr": 0.0002999994910988137, "elapsed_s": 1.2492260932922363}
{"event": "update", "update": 20, "physical_loss": 0.06642497866414487, "cpml_loss": 0.14637477695941925, "lr": 0.00029979648591105414, "elapsed_s": 4.979904651641846}
{"event": "update", "update": 40, "physical_loss": 0.004186443780781701, "cpml_loss": 0.03051062487065792, "lr": 0.00029918650146218856, "elapsed_s": 8.539288520812988}
{"event": "update", "update": 60, "physical_loss": 0.16055327625508653, "cpml_loss": 0.1970647006528452, "lr": 0.00029817171857837797, "elapsed_s": 11.991319417953491}
{"event": "update", "update": 80, "physical_loss": 0.0423632443707902, "cpml_loss": 0.19033561952528544, "lr": 0.0002967549187089702, "elapsed_s": 15.07067060470581}
{"event": "update", "update": 100, "physical_loss": 0.20923721871804446, "cpml_loss": 0.20345875108614564, "lr": 0.0002949399852039266, "elapsed_s": 18.498482942581177}
{"event": "calibration", "update": 100, "score": 1.0048350464977693}
{"event": "update", "update": 120, "physical_loss": 0.036527453959934064, "cpml_loss": 0.05564205505652353, "lr": 0.00029273189266983016, "elapsed_s": 26.73922061920166}
{"event": "update", "update": 140, "physical_loss": 0.07727791462093592, "cpml_loss": 0.20474814157932997, "lr": 0.00029013669333483434, "elapsed_s": 29.53623604774475}
{"event": "update", "update": 160, "physical_loss": 0.0314948652885505, "cpml_loss": 0.05556152347708121, "lr": 0.0002871615004599261, "elapsed_s": 32.58028602600098}
{"event": "update", "update": 180, "physical_loss": 0.0006840807291155215, "cpml_loss": 0.012241561111295596, "lr": 0.0002838144688419725, "elapsed_s": 35.46342468261719}
{"event": "update", "update": 200, "physical_loss": 0.008747121009946568, "cpml_loss": 0.030073363130213693, "lr": 0.000280104772461989, "elapsed_s": 38.52383995056152}
{"event": "calibration", "update": 200, "score": 1.0022710824781351}
{"event": "update", "update": 220, "physical_loss": 0.03636969026410952, "cpml_loss": 0.14316457649692893, "lr": 0.0002760425793398954, "elapsed_s": 45.757957458496094}
{"event": "update", "update": 240, "physical_loss": 0.0003767267116927542, "cpml_loss": 0.008647734532132745, "lr": 0.00027163902366467954, "elapsed_s": 48.587427854537964}
{"event": "update", "update": 260, "physical_loss": 0.02633586645970354, "cpml_loss": 0.08978199974808376, "lr": 0.00026690617527636, "elapsed_s": 51.59380388259888}
{"event": "update", "update": 280, "physical_loss": 0.018074149502353976, "cpml_loss": 0.07948770148504991, "lr": 0.0002618570065833929, "elapsed_s": 54.55783820152283}
{"event": "update", "update": 300, "physical_loss": 0.05976601801739889, "cpml_loss": 0.18131435969553422, "lr": 0.0002565053570062021, "elapsed_s": 57.59912419319153}
{"event": "calibration", "update": 300, "score": 1.0009793599145191}
{"event": "update", "update": 320, "physical_loss": 0.02754497869682382, "cpml_loss": 0.09873107614112087, "lr": 0.0002508658950442902, "elapsed_s": 64.46662187576294}
{"event": "update", "update": 340, "physical_loss": 0.020647641425966867, "cpml_loss": 0.06481053307652473, "lr": 0.00024495407807090085, "elapsed_s": 67.39297676086426}
{"event": "update", "update": 360, "physical_loss": 0.03427883171389112, "cpml_loss": 0.18652391767682275, "lr": 0.00023878610996543235, "elapsed_s": 70.36102366447449}
{"event": "update", "update": 380, "physical_loss": 0.08290546675561927, "cpml_loss": 0.19130778475664556, "lr": 0.00023237889669973163, "elapsed_s": 73.1747534275055}
{"event": "update", "update": 400, "physical_loss": 0.029563582944319933, "cpml_loss": 0.13129620486870408, "lr": 0.00022575000000000015, "elapsed_s": 76.03121042251587}
{"event": "calibration", "update": 400, "score": 1.0010940521761147}
{"event": "update", "update": 420, "physical_loss": 0.030073355563217774, "cpml_loss": 0.1416184299159795, "lr": 0.00021891758921132286, "elapsed_s": 82.92089581489563}
{"event": "update", "update": 440, "physical_loss": 0.14772256356081925, "cpml_loss": 0.22449617134407163, "lr": 0.00021190039149675648, "elapsed_s": 85.97975707054138}
{"event": "update", "update": 460, "physical_loss": 0.062438729975838214, "cpml_loss": 0.22078797919675708, "lr": 0.0002047176405074772, "elapsed_s": 88.86846423149109}
{"event": "update", "update": 480, "physical_loss": 0.019423431251198053, "cpml_loss": 0.10134839545935392, "lr": 0.00019738902366467977, "elapsed_s": 91.9062192440033}
{"event": "update", "update": 500, "physical_loss": 0.014380994565726724, "cpml_loss": 0.05745522084180266, "lr": 0.00018993462819772447, "elapsed_s": 95.20649719238281}
{"event": "calibration", "update": 500, "score": 1.0006041414467592}
{"event": "update", "update": 520, "physical_loss": 0.017793286679079756, "cpml_loss": 0.0653056928422302, "lr": 0.00018237488608643736, "elapsed_s": 102.31851530075073}
{"event": "update", "update": 540, "physical_loss": 0.07686524592736532, "cpml_loss": 0.12270437034021597, "lr": 0.00017473051805847435, "elapsed_s": 105.14680981636047}
{"event": "update", "update": 560, "physical_loss": 0.00020072095048817573, "cpml_loss": 0.003849718541459879, "lr": 0.0001670224767952466, "elapsed_s": 108.00968599319458}
{"event": "update", "update": 580, "physical_loss": 0.01235448228135283, "cpml_loss": 0.011481242789159296, "lr": 0.0001592718895020772, "elapsed_s": 110.92514228820801}
{"event": "update", "update": 600, "physical_loss": 0.04798302982817404, "cpml_loss": 0.13501150941010565, "lr": 0.00015149999999999997, "elapsed_s": 113.86340832710266}
{"event": "calibration", "update": 600, "score": 1.0004521594178741}
{"event": "update", "update": 620, "physical_loss": 0.16267928118395503, "cpml_loss": 0.2310065581696108, "lr": 0.00014372811049792285, "elapsed_s": 120.76776909828186}
{"event": "update", "update": 640, "physical_loss": 0.05310429701785324, "cpml_loss": 0.11535427207127213, "lr": 0.00013597752320475355, "elapsed_s": 123.69622325897217}
{"event": "update", "update": 660, "physical_loss": 0.11393290245905519, "cpml_loss": 0.33180416002869606, "lr": 0.00012826948194152586, "elapsed_s": 126.53831267356873}
{"event": "update", "update": 680, "physical_loss": 0.04222705141728511, "cpml_loss": 0.0852431730600074, "lr": 0.00012062511391356279, "elapsed_s": 129.69131469726562}
{"event": "update", "update": 700, "physical_loss": 0.04901431817415869, "cpml_loss": 0.16508997045457363, "lr": 0.00011306537180227575, "elapsed_s": 132.577796459198}
{"event": "calibration", "update": 700, "score": 1.0003508007519921}
{"event": "update", "update": 720, "physical_loss": 0.014646539973909967, "cpml_loss": 0.06623787805438042, "lr": 0.00010561097633532037, "elapsed_s": 139.21686792373657}
{"event": "update", "update": 740, "physical_loss": 0.0749750882250737, "cpml_loss": 0.15650053504214156, "lr": 9.828235949252301e-05, "elapsed_s": 142.31487202644348}
{"event": "update", "update": 760, "physical_loss": 0.000819470399619604, "cpml_loss": 0.011855372693389654, "lr": 9.109960850324371e-05, "elapsed_s": 145.04848504066467}
{"event": "update", "update": 780, "physical_loss": 0.032013477732107276, "cpml_loss": 0.12503606581594795, "lr": 8.408241078867739e-05, "elapsed_s": 147.98895859718323}
{"event": "update", "update": 800, "physical_loss": 0.00025150934379780665, "cpml_loss": 0.006390631897374988, "lr": 7.725000000000003e-05, "elapsed_s": 151.26179695129395}
{"event": "calibration", "update": 800, "score": 1.0005044631149733}
{"event": "update", "update": 820, "physical_loss": 0.030760089546674863, "cpml_loss": 0.08005311992019415, "lr": 7.062110330026861e-05, "elapsed_s": 158.53662395477295}
{"event": "update", "update": 840, "physical_loss": 0.01727210266108159, "cpml_loss": 0.05462313792668283, "lr": 6.421389003456783e-05, "elapsed_s": 161.5051703453064}
{"event": "update", "update": 860, "physical_loss": 0.07783797808224335, "cpml_loss": 0.16869060928002, "lr": 5.804592192909926e-05, "elapsed_s": 164.65746903419495}
{"event": "update", "update": 880, "physical_loss": 0.021416045899968594, "cpml_loss": 0.09066043980419636, "lr": 5.213410495570964e-05, "elapsed_s": 167.6526370048523}
{"event": "update", "update": 900, "physical_loss": 0.1035483825544361, "cpml_loss": 0.18713004048913717, "lr": 4.649464299379777e-05, "elapsed_s": 170.89205813407898}
{"event": "calibration", "update": 900, "score": 1.0002409585049867}
{"event": "update", "update": 920, "physical_loss": 0.018351817998336628, "cpml_loss": 0.04430857346596895, "lr": 4.1142993416607005e-05, "elapsed_s": 178.08728218078613}
{"event": "update", "update": 940, "physical_loss": 0.02798374811254689, "cpml_loss": 0.09278124164120527, "lr": 3.609382472363989e-05, "elapsed_s": 181.25499057769775}
{"event": "update", "update": 960, "physical_loss": 0.07558840798446909, "cpml_loss": 0.1876430333359167, "lr": 3.136097633532041e-05, "elapsed_s": 184.15422940254211}
{"event": "update", "update": 980, "physical_loss": 0.06271922468386038, "cpml_loss": 0.1532804989547003, "lr": 2.6957420660104626e-05, "elapsed_s": 187.08657383918762}
{"event": "update", "update": 1000, "physical_loss": 0.02406028025689011, "cpml_loss": 0.04295011644717306, "lr": 2.2895227538010948e-05, "elapsed_s": 190.38782286643982}
{"event": "calibration", "update": 1000, "score": 1.000209575135864}
{"event": "update", "update": 1020, "physical_loss": 0.014120671214186586, "cpml_loss": 0.07415237906388938, "lr": 1.9185531158027433e-05, "elapsed_s": 197.27797079086304}
{"event": "update", "update": 1040, "physical_loss": 0.12223084512515925, "cpml_loss": 0.21107084152754396, "lr": 1.5838499540073813e-05, "elapsed_s": 200.12812995910645}
{"event": "update", "update": 1060, "physical_loss": 0.01451656475182972, "cpml_loss": 0.0679340404458344, "lr": 1.2863306665165555e-05, "elapsed_s": 203.02963662147522}
{"event": "update", "update": 1080, "physical_loss": 0.11204098248254013, "cpml_loss": 0.10025397368008271, "lr": 1.026810733016971e-05, "elapsed_s": 205.9178216457367}
{"event": "update", "update": 1100, "physical_loss": 0.04248139549736152, "cpml_loss": 0.09868950944655808, "lr": 8.060014796073355e-06, "elapsed_s": 209.0954339504242}
{"event": "calibration", "update": 1100, "score": 1.0001998369374783}
{"event": "update", "update": 1120, "physical_loss": 0.009254263266939233, "cpml_loss": 0.03850456351938192, "lr": 6.245081291029867e-06, "elapsed_s": 216.4503960609436}
{"event": "update", "update": 1140, "physical_loss": 0.02712351800801116, "cpml_loss": 0.0904069300959236, "lr": 4.828281421622053e-06, "elapsed_s": 219.50300407409668}
{"event": "update", "update": 1160, "physical_loss": 0.04068125377079923, "cpml_loss": 0.12495774577837437, "lr": 3.8134985378114136e-06, "elapsed_s": 222.35486578941345}
{"event": "update", "update": 1180, "physical_loss": 0.10787897298814642, "cpml_loss": 0.22983081700658659, "lr": 3.203514088945785e-06, "elapsed_s": 225.26168608665466}
{"event": "update", "update": 1200, "physical_loss": 0.016997506958432496, "cpml_loss": 0.11003606859594584, "lr": 2.9999999999999997e-06, "elapsed_s": 228.18472266197205}
{"event": "calibration", "update": 1200, "score": 1.0001914749169591}
{
  "arm": "fno",
  "best_calibration_subset": {
    "cpml_normalized_mean": 1.0000860655840598,
    "elapsed_s": 3.8973330669105053,
    "frequency_count": 9,
    "outer_pressure_max_abs": 0.0,
    "per_family": {
      "anomaly": 1.000306600730229,
      "layered": 1.0005139245084953,
      "marmousi": 0.9999970422501865,
      "uniform": 0.9999483321789246
    },
    "physical_max": 1.0012476759075108,
    "physical_mean": 1.0001914749169591,
    "record_count": 32,
    "rows": [
      {
        "cpml_normalized_relative_l2": 1.0000088595980292,
        "family": "uniform",
        "physical_relative_l2": 0.9998781290436957,
        "sample_id": "train_uniform_00018"
      },
      {
        "cpml_normalized_relative_l2": 1.0000599208785965,
        "family": "uniform",
        "physical_relative_l2": 0.9999611863485283,
        "sample_id": "train_uniform_00072"
      },
      {
        "cpml_normalized_relative_l2": 0.9999504808479244,
        "family": "uniform",
        "physical_relative_l2": 0.9997529413998859,
        "sample_id": "train_uniform_00097"
      },
      {
        "cpml_normalized_relative_l2": 1.0001509807194937,
        "family": "uniform",
        "physical_relative_l2": 1.0000696346584945,
        "sample_id": "train_uniform_00185"
      },
      {
        "cpml_normalized_relative_l2": 0.9999513284749688,
        "family": "uniform",
        "physical_relative_l2": 0.9999108581985698,
        "sample_id": "train_uniform_00195"
      },
      {
        "cpml_normalized_relative_l2": 1.0000178750740885,
        "family": "uniform",
        "physical_relative_l2": 0.9999370730990277,
        "sample_id": "train_uniform_00238"
      },
      {
        "cpml_normalized_relative_l2": 1.0000178936034025,
        "family": "uniform",
        "physical_relative_l2": 1.0000244680787147,
        "sample_id": "train_uniform_00337"
      },
      {
        "cpml_normalized_relative_l2": 1.000000895256444,
        "family": "uniform",
        "physical_relative_l2": 1.0000523666044803,
        "sample_id": "train_uniform_00402"
      },
      {
        "cpml_normalized_relative_l2": 1.000381914463315,
        "family": "layered",
        "physical_relative_l2": 1.0012476759075108,
        "sample_id": "train_layered_00001"
      },
      {
        "cpml_normalized_relative_l2": 1.0002502626233936,
        "family": "layered",
        "physical_relative_l2": 1.0005499609890203,
        "sample_id": "train_layered_00018"
      },
      {
        "cpml_normalized_relative_l2": 1.000045792715396,
        "family": "layered",
        "physical_relative_l2": 1.0000775708884384,
        "sample_id": "train_layered_00214"
      },
      {
        "cpml_normalized_relative_l2": 1.0000000614061075,
        "family": "layered",
        "physical_relative_l2": 0.9999835597137066,
        "sample_id": "train_layered_00363"
      },
      {
        "cpml_normalized_relative_l2": 1.0004509207541945,
        "family": "layered",
        "physical_relative_l2": 1.0011490363323963,
        "sample_id": "train_layered_00470"
      },
      {
        "cpml_normalized_relative_l2": 1.0001875425554303,
        "family": "layered",
        "physical_relative_l2": 1.0007647644894533,
        "sample_id": "train_layered_00962"
      },
      {
        "cpml_normalized_relative_l2": 1.0001478780581863,
        "family": "layered",
        "physical_relative_l2": 1.000296022937472,
        "sample_id": "train_layered_01053"
      },
      {
        "cpml_normalized_relative_l2": 1.0000611795982617,
        "family": "layered",
        "physical_relative_l2": 1.0000428048099659,
        "sample_id": "train_layered_01070"
      },
      {
        "cpml_normalized_relative_l2": 1.0000822841668158,
        "family": "anomaly",
        "physical_relative_l2": 1.0004187548932664,
        "sample_id": "train_anomaly_00020"
      },
      {
        "cpml_normalized_relative_l2": 1.000160287160117,
        "family": "anomaly",
        "physical_relative_l2": 1.0003175204435528,
        "sample_id": "train_anomaly_00064"
      },
      {
        "cpml_normalized_relative_l2": 1.000009106639568,
        "family": "anomaly",
        "physical_relative_l2": 0.999933270958572,
        "sample_id": "train_anomaly_00171"
      },
      {
        "cpml_normalized_relative_l2": 1.0003344660064322,
        "family": "anomaly",
        "physical_relative_l2": 1.0010403807605772,
        "sample_id": "train_anomaly_00211"
      },
      {
        "cpml_normalized_relative_l2": 1.0000050874045725,
        "family": "anomaly",
        "physical_relative_l2": 0.9998797566192509,
        "sample_id": "train_anomaly_00350"
      },
      {
        "cpml_normalized_relative_l2": 1.0001589709077257,
        "family": "anomaly",
        "physical_relative_l2": 1.0000817661969488,
        "sample_id": "train_anomaly_00364"
      },
      {
        "cpml_normalized_relative_l2": 1.0002519510088124,
        "family": "anomaly",
        "physical_relative_l2": 1.0012355558534691,
        "sample_id": "train_anomaly_00393"
      },
      {
        "cpml_normalized_relative_l2": 1.0000645380931275,
        "family": "anomaly",
        "physical_relative_l2": 0.9995458001161963,
        "sample_id": "train_anomaly_00408"
      },
      {
        "cpml_normalized_relative_l2": 1.0000012284664226,
        "family": "marmousi",
        "physical_relative_l2": 0.9999944751744009,
        "sample_id": "train_marmousi_00062"
      },
      {
        "cpml_normalized_relative_l2": 0.9999998140370361,
        "family": "marmousi",
        "physical_relative_l2": 0.9999492645525985,
        "sample_id": "train_marmousi_00087"
      },
      {
        "cpml_normalized_relative_l2": 1.000000867160249,
        "family": "marmousi",
        "physical_relative_l2": 0.9999655260534303,
        "sample_id": "train_marmousi_00147"
      },
      {
        "cpml_normalized_relative_l2": 0.9999934490004454,
        "family": "marmousi",
        "physical_relative_l2": 0.9999850835769099,
        "sample_id": "train_marmousi_00208"
      },
      {
        "cpml_normalized_relative_l2": 0.9999979741927071,
        "family": "marmousi",
        "physical_relative_l2": 1.0000352764039655,
        "sample_id": "train_marmousi_00353"
      },
      {
        "cpml_normalized_relative_l2": 1.0000027422598696,
        "family": "marmousi",
        "physical_relative_l2": 1.0000401384486688,
        "sample_id": "train_marmousi_00419"
      },
      {
        "cpml_normalized_relative_l2": 1.0000037677782532,
        "family": "marmousi",
        "physical_relative_l2": 0.9999690731992563,
        "sample_id": "train_marmousi_00599"
      },
      {
        "cpml_normalized_relative_l2": 1.0000037777805273,
        "family": "marmousi",
        "physical_relative_l2": 1.000037500592262,
        "sample_id": "train_marmousi_00656"
      }
    ],
    "top_pressure_max_abs": 0.0
  },
  "best_checkpoint": "/root/autodl-tmp/work/FNO-Acoustic-Wave-Simulation/grouped-dual-head-v2/results/transfer_dg_wfp_e1_training_20260902/fno_s372/best.pt",
  "best_checkpoint_sha256": "1c89a83edc17a123b14216334da7b0b68afedf680e71bbe83d143d3c9c422bb2",
  "best_update": 1200,
  "calibration_full": {
    "cpml_normalized_mean": 1.0001031281555635,
    "elapsed_s": 24.778516806662083,
    "frequency_count": 64,
    "outer_pressure_max_abs": 0.0,
    "per_family": {
      "anomaly": 1.0003415271251277,
      "layered": 1.0004935856742656,
      "marmousi": 0.9999944354616837,
      "uniform": 1.0000296060539275
    },
    "physical_max": 1.001418462267286,
    "physical_mean": 1.0002147885787513,
    "record_count": 32,
    "rows": [
      {
        "cpml_normalized_relative_l2": 1.0000044902409444,
        "family": "uniform",
        "physical_relative_l2": 0.999946470741826,
        "sample_id": "train_uniform_00018"
      },
      {
        "cpml_normalized_relative_l2": 1.0000155437609382,
        "family": "uniform",
        "physical_relative_l2": 0.9999671131793605,
        "sample_id": "train_uniform_00072"
      },
      {
        "cpml_normalized_relative_l2": 1.0003939217400568,
        "family": "uniform",
        "physical_relative_l2": 1.0002351982148368,
        "sample_id": "train_uniform_00097"
      },
      {
        "cpml_normalized_relative_l2": 1.0001078319779089,
        "family": "uniform",
        "physical_relative_l2": 1.0000618704962518,
        "sample_id": "train_uniform_00185"
      },
      {
        "cpml_normalized_relative_l2": 1.0001020327443306,
        "family": "uniform",
        "physical_relative_l2": 1.0000482517098888,
        "sample_id": "train_uniform_00195"
      },
      {
        "cpml_normalized_relative_l2": 1.0000050887751337,
        "family": "uniform",
        "physical_relative_l2": 0.9999861539584014,
        "sample_id": "train_uniform_00238"
      },
      {
        "cpml_normalized_relative_l2": 1.0000054561963174,
        "family": "uniform",
        "physical_relative_l2": 1.0000047936704257,
        "sample_id": "train_uniform_00337"
      },
      {
        "cpml_normalized_relative_l2": 1.0000201900580055,
        "family": "uniform",
        "physical_relative_l2": 0.99998699646043,
        "sample_id": "train_uniform_00402"
      },
      {
        "cpml_normalized_relative_l2": 1.0004701023882119,
        "family": "layered",
        "physical_relative_l2": 1.0009836504024718,
        "sample_id": "train_layered_00001"
      },
      {
        "cpml_normalized_relative_l2": 1.000075258583363,
        "family": "layered",
        "physical_relative_l2": 1.0001296544484117,
        "sample_id": "train_layered_00018"
      },
      {
        "cpml_normalized_relative_l2": 1.0000773475986153,
        "family": "layered",
        "physical_relative_l2": 1.000057192297285,
        "sample_id": "train_layered_00214"
      },
      {
        "cpml_normalized_relative_l2": 0.9999906061755173,
        "family": "layered",
        "physical_relative_l2": 1.0000067861051962,
        "sample_id": "train_layered_00363"
      },
      {
        "cpml_normalized_relative_l2": 1.0004857073864477,
        "family": "layered",
        "physical_relative_l2": 1.001418462267286,
        "sample_id": "train_layered_00470"
      },
      {
        "cpml_normalized_relative_l2": 1.0001991053667119,
        "family": "layered",
        "physical_relative_l2": 1.001065200551721,
        "sample_id": "train_layered_00962"
      },
      {
        "cpml_normalized_relative_l2": 1.0001699821235464,
        "family": "layered",
        "physical_relative_l2": 1.0002715476318558,
        "sample_id": "train_layered_01053"
      },
      {
        "cpml_normalized_relative_l2": 1.0000447168944364,
        "family": "layered",
        "physical_relative_l2": 1.0000161916898986,
        "sample_id": "train_layered_01070"
      },
      {
        "cpml_normalized_relative_l2": 1.0001612460999523,
        "family": "anomaly",
        "physical_relative_l2": 1.0002980297174808,
        "sample_id": "train_anomaly_00020"
      },
      {
        "cpml_normalized_relative_l2": 1.0001429901226655,
        "family": "anomaly",
        "physical_relative_l2": 1.0001825191477376,
        "sample_id": "train_anomaly_00064"
      },
      {
        "cpml_normalized_relative_l2": 1.0000044930761012,
        "family": "anomaly",
        "physical_relative_l2": 0.9999383334852238,
        "sample_id": "train_anomaly_00171"
      },
      {
        "cpml_normalized_relative_l2": 1.0002446754057526,
        "family": "anomaly",
        "physical_relative_l2": 1.0013522242144317,
        "sample_id": "train_anomaly_00211"
      },
      {
        "cpml_normalized_relative_l2": 1.0000043281630426,
        "family": "anomaly",
        "physical_relative_l2": 0.9999076838973439,
        "sample_id": "train_anomaly_00350"
      },
      {
        "cpml_normalized_relative_l2": 1.0001696496362746,
        "family": "anomaly",
        "physical_relative_l2": 1.000390973774558,
        "sample_id": "train_anomaly_00364"
      },
      {
        "cpml_normalized_relative_l2": 1.0001893322838429,
        "family": "anomaly",
        "physical_relative_l2": 1.0005748013287794,
        "sample_id": "train_anomaly_00393"
      },
      {
        "cpml_normalized_relative_l2": 1.0001933934056424,
        "family": "anomaly",
        "physical_relative_l2": 1.0000876514354675,
        "sample_id": "train_anomaly_00408"
      },
      {
        "cpml_normalized_relative_l2": 1.0000042427252984,
        "family": "marmousi",
        "physical_relative_l2": 0.999993697957263,
        "sample_id": "train_marmousi_00062"
      },
      {
        "cpml_normalized_relative_l2": 1.0000009013915965,
        "family": "marmousi",
        "physical_relative_l2": 0.9999951944702862,
        "sample_id": "train_marmousi_00087"
      },
      {
        "cpml_normalized_relative_l2": 0.9999992488343677,
        "family": "marmousi",
        "physical_relative_l2": 0.9999980984763832,
        "sample_id": "train_marmousi_00147"
      },
      {
        "cpml_normalized_relative_l2": 1.0000004008099193,
        "family": "marmousi",
        "physical_relative_l2": 1.0000096137971188,
        "sample_id": "train_marmousi_00208"
      },
      {
        "cpml_normalized_relative_l2": 1.0000045967848592,
        "family": "marmousi",
        "physical_relative_l2": 1.000000768481513,
        "sample_id": "train_marmousi_00353"
      },
      {
        "cpml_normalized_relative_l2": 1.000002263697864,
        "family": "marmousi",
        "physical_relative_l2": 0.9999731450206177,
        "sample_id": "train_marmousi_00419"
      },
      {
        "cpml_normalized_relative_l2": 1.0000071380787772,
        "family": "marmousi",
        "physical_relative_l2": 0.9999646895429342,
        "sample_id": "train_marmousi_00599"
      },
      {
        "cpml_normalized_relative_l2": 1.000003818451589,
        "family": "marmousi",
        "physical_relative_l2": 1.0000202759473529,
        "sample_id": "train_marmousi_00656"
      }
    ],
    "top_pressure_max_abs": 0.0
  },
  "confirmation_full": {
    "cpml_normalized_mean": 1.0001097000027648,
    "elapsed_s": 20.886631961911917,
    "frequency_count": 64,
    "outer_pressure_max_abs": 0.0,
    "per_family": {
      "anomaly": 1.0000529451731206,
      "layered": 1.0007657278391444,
      "marmousi": 0.9999870185648503,
      "uniform": 1.0002247116520513
    },
    "physical_max": 1.0032922066643104,
    "physical_mean": 1.0002576008072914,
    "record_count": 32,
    "rows": [
      {
        "cpml_normalized_relative_l2": 1.0000047122041649,
        "family": "uniform",
        "physical_relative_l2": 0.9999876461404895,
        "sample_id": "train_uniform_00049"
      },
      {
        "cpml_normalized_relative_l2": 1.0001292559134582,
        "family": "uniform",
        "physical_relative_l2": 1.0002675045650897,
        "sample_id": "train_uniform_00075"
      },
      {
        "cpml_normalized_relative_l2": 1.0002606729403023,
        "family": "uniform",
        "physical_relative_l2": 1.0001368830525794,
        "sample_id": "train_uniform_00109"
      },
      {
        "cpml_normalized_relative_l2": 1.0004116196739252,
        "family": "uniform",
        "physical_relative_l2": 1.0007454598672485,
        "sample_id": "train_uniform_00190"
      },
      {
        "cpml_normalized_relative_l2": 1.0000827138304746,
        "family": "uniform",
        "physical_relative_l2": 1.0002537138851613,
        "sample_id": "train_uniform_00236"
      },
      {
        "cpml_normalized_relative_l2": 1.0000459854372328,
        "family": "uniform",
        "physical_relative_l2": 1.00003870904626,
        "sample_id": "train_uniform_00251"
      },
      {
        "cpml_normalized_relative_l2": 1.0000450046036413,
        "family": "uniform",
        "physical_relative_l2": 1.0001247952935544,
        "sample_id": "train_uniform_00353"
      },
      {
        "cpml_normalized_relative_l2": 1.0002046335258916,
        "family": "uniform",
        "physical_relative_l2": 1.0002429813660263,
        "sample_id": "train_uniform_00404"
      },
      {
        "cpml_normalized_relative_l2": 1.0001478961345587,
        "family": "layered",
        "physical_relative_l2": 1.000167573415597,
        "sample_id": "train_layered_00008"
      },
      {
        "cpml_normalized_relative_l2": 1.0003747280627107,
        "family": "layered",
        "physical_relative_l2": 1.000635771455661,
        "sample_id": "train_layered_00196"
      },
      {
        "cpml_normalized_relative_l2": 1.0002704355454721,
        "family": "layered",
        "physical_relative_l2": 1.0003942864040312,
        "sample_id": "train_layered_00223"
      },
      {
        "cpml_normalized_relative_l2": 1.0002250881670074,
        "family": "layered",
        "physical_relative_l2": 1.0032922066643104,
        "sample_id": "train_layered_00422"
      },
      {
        "cpml_normalized_relative_l2": 1.000181948272793,
        "family": "layered",
        "physical_relative_l2": 1.0001390059133013,
        "sample_id": "train_layered_00641"
      },
      {
        "cpml_normalized_relative_l2": 1.0004253570182484,
        "family": "layered",
        "physical_relative_l2": 1.0012168463241822,
        "sample_id": "train_layered_01032"
      },
      {
        "cpml_normalized_relative_l2": 1.000128849399583,
        "family": "layered",
        "physical_relative_l2": 1.0000873873786804,
        "sample_id": "train_layered_01064"
      },
      {
        "cpml_normalized_relative_l2": 1.0001276430288137,
        "family": "layered",
        "physical_relative_l2": 1.0001927451573907,
        "sample_id": "train_layered_01102"
      },
      {
        "cpml_normalized_relative_l2": 1.000018867459089,
        "family": "anomaly",
        "physical_relative_l2": 0.9999871835733,
        "sample_id": "train_anomaly_00049"
      },
      {
        "cpml_normalized_relative_l2": 1.0000108400648582,
        "family": "anomaly",
        "physical_relative_l2": 1.0000097624482422,
        "sample_id": "train_anomaly_00147"
      },
      {
        "cpml_normalized_relative_l2": 1.0001666963896412,
        "family": "anomaly",
        "physical_relative_l2": 1.0003066436690071,
        "sample_id": "train_anomaly_00193"
      },
      {
        "cpml_normalized_relative_l2": 1.0000182462916671,
        "family": "anomaly",
        "physical_relative_l2": 0.9999616820232625,
        "sample_id": "train_anomaly_00212"
      },
      {
        "cpml_normalized_relative_l2": 1.000119745882511,
        "family": "anomaly",
        "physical_relative_l2": 1.0001795294362918,
        "sample_id": "train_anomaly_00357"
      },
      {
        "cpml_normalized_relative_l2": 1.0000101275133442,
        "family": "anomaly",
        "physical_relative_l2": 1.000028810841057,
        "sample_id": "train_anomaly_00367"
      },
      {
        "cpml_normalized_relative_l2": 1.0000711271850617,
        "family": "anomaly",
        "physical_relative_l2": 1.000012327567101,
        "sample_id": "train_anomaly_00398"
      },
      {
        "cpml_normalized_relative_l2": 1.0000072840877063,
        "family": "anomaly",
        "physical_relative_l2": 0.9999376218267026,
        "sample_id": "train_anomaly_00478"
      },
      {
        "cpml_normalized_relative_l2": 1.0000010284029008,
        "family": "marmousi",
        "physical_relative_l2": 0.9999886257741923,
        "sample_id": "train_marmousi_00077"
      },
      {
        "cpml_normalized_relative_l2": 0.9999985077774836,
        "family": "marmousi",
        "physical_relative_l2": 0.9999726373050044,
        "sample_id": "train_marmousi_00128"
      },
      {
        "cpml_normalized_relative_l2": 1.0000018179340702,
        "family": "marmousi",
        "physical_relative_l2": 1.0000148438115166,
        "sample_id": "train_marmousi_00158"
      },
      {
        "cpml_normalized_relative_l2": 1.000001459345605,
        "family": "marmousi",
        "physical_relative_l2": 0.9999996923765683,
        "sample_id": "train_marmousi_00236"
      },
      {
        "cpml_normalized_relative_l2": 1.0000012366013231,
        "family": "marmousi",
        "physical_relative_l2": 0.9999886974199349,
        "sample_id": "train_marmousi_00394"
      },
      {
        "cpml_normalized_relative_l2": 1.0000032998434258,
        "family": "marmousi",
        "physical_relative_l2": 0.9999963841248891,
        "sample_id": "train_marmousi_00509"
      },
      {
        "cpml_normalized_relative_l2": 1.0000070552027214,
        "family": "marmousi",
        "physical_relative_l2": 0.9999750794402986,
        "sample_id": "train_marmousi_00600"
      },
      {
        "cpml_normalized_relative_l2": 1.000006516348781,
        "family": "marmousi",
        "physical_relative_l2": 0.9999601882663979,
        "sample_id": "train_marmousi_00681"
      }
    ],
    "top_pressure_max_abs": 0.0
  },
  "elapsed_s": 277.8774838447571,
  "schema": "transfer_dg_wfp_e1_lane_terminal_v1",
  "seed": 372,
  "status": "complete",
  "test_id_opened": false,
  "validation_opened": false
}
