{"event": "update", "update": 1, "physical_loss": 0.08803917095065117, "cpml_loss": 0.14009536430239677, "lr": 0.0002999994910988137, "elapsed_s": 1.309028148651123}
{"event": "update", "update": 20, "physical_loss": 0.0452940208488144, "cpml_loss": 0.1495485999621451, "lr": 0.00029979648591105414, "elapsed_s": 5.081099987030029}
{"event": "update", "update": 40, "physical_loss": 0.02002620142957312, "cpml_loss": 0.06210423028096557, "lr": 0.00029918650146218856, "elapsed_s": 8.49043083190918}
{"event": "update", "update": 60, "physical_loss": 0.017664112376223784, "cpml_loss": 0.10184767073951662, "lr": 0.00029817171857837797, "elapsed_s": 11.814329862594604}
{"event": "update", "update": 80, "physical_loss": 0.05196175383753143, "cpml_loss": 0.14189985388657078, "lr": 0.0002967549187089702, "elapsed_s": 14.920087575912476}
{"event": "update", "update": 100, "physical_loss": 0.005713148413633462, "cpml_loss": 0.024690850405022502, "lr": 0.0002949399852039266, "elapsed_s": 18.272744178771973}
{"event": "calibration", "update": 100, "score": 1.0020830571804806}
{"event": "update", "update": 120, "physical_loss": 0.01728441113664303, "cpml_loss": 0.03712611983064562, "lr": 0.00029273189266983016, "elapsed_s": 26.442338228225708}
{"event": "update", "update": 140, "physical_loss": 0.06281636775565858, "cpml_loss": 0.1221866168489214, "lr": 0.00029013669333483434, "elapsed_s": 29.309489727020264}
{"event": "update", "update": 160, "physical_loss": 0.005709553151973523, "cpml_loss": 0.015048320754431188, "lr": 0.0002871615004599261, "elapsed_s": 32.31739854812622}
{"event": "update", "update": 180, "physical_loss": 0.018099952556440257, "cpml_loss": 0.08786504791351035, "lr": 0.0002838144688419725, "elapsed_s": 35.19740557670593}
{"event": "update", "update": 200, "physical_loss": 0.020272703981390805, "cpml_loss": 0.12499296500755008, "lr": 0.000280104772461989, "elapsed_s": 38.332698583602905}
{"event": "calibration", "update": 200, "score": 1.001145672012186}
{"event": "update", "update": 220, "physical_loss": 0.001563928683026461, "cpml_loss": 0.032063356731669046, "lr": 0.0002760425793398954, "elapsed_s": 45.379799127578735}
{"event": "update", "update": 240, "physical_loss": 0.06575931559746095, "cpml_loss": 0.07678538947948255, "lr": 0.00027163902366467954, "elapsed_s": 48.24539303779602}
{"event": "update", "update": 260, "physical_loss": 0.01285503787221387, "cpml_loss": 0.05375308496877551, "lr": 0.00026690617527636, "elapsed_s": 51.307785749435425}
{"event": "update", "update": 280, "physical_loss": 0.05174873814576131, "cpml_loss": 0.08725972094543977, "lr": 0.0002618570065833929, "elapsed_s": 54.494887828826904}
{"event": "update", "update": 300, "physical_loss": 0.0021692490963687305, "cpml_loss": 0.020945064708939753, "lr": 0.0002565053570062021, "elapsed_s": 57.64829230308533}
{"event": "calibration", "update": 300, "score": 1.0007797482238232}
{"event": "update", "update": 320, "physical_loss": 0.05722161317316932, "cpml_loss": 0.09292839048430324, "lr": 0.0002508658950442902, "elapsed_s": 64.50809669494629}
{"event": "update", "update": 340, "physical_loss": 0.016276920825475827, "cpml_loss": 0.07509401824790984, "lr": 0.00024495407807090085, "elapsed_s": 67.38495826721191}
{"event": "update", "update": 360, "physical_loss": 0.028749993140081642, "cpml_loss": 0.09293675504886778, "lr": 0.00023878610996543235, "elapsed_s": 70.40868878364563}
{"event": "update", "update": 380, "physical_loss": 0.030438888098160533, "cpml_loss": 0.07766330050799297, "lr": 0.00023237889669973163, "elapsed_s": 73.10245299339294}
{"event": "update", "update": 400, "physical_loss": 0.017351886357573676, "cpml_loss": 0.03991490206681192, "lr": 0.00022575000000000015, "elapsed_s": 75.95811128616333}
{"event": "calibration", "update": 400, "score": 1.0008454999497878}
{"event": "update", "update": 420, "physical_loss": 0.006102133035710722, "cpml_loss": 0.026950611936626956, "lr": 0.00021891758921132286, "elapsed_s": 82.76657152175903}
{"event": "update", "update": 440, "physical_loss": 0.040020724351052195, "cpml_loss": 0.1023829635232687, "lr": 0.00021190039149675648, "elapsed_s": 85.9502604007721}
{"event": "update", "update": 460, "physical_loss": 0.18286242157046217, "cpml_loss": 0.17721422480099136, "lr": 0.0002047176405074772, "elapsed_s": 88.75219893455505}
{"event": "update", "update": 480, "physical_loss": 0.03213374225288135, "cpml_loss": 0.10685989669582341, "lr": 0.00019738902366467977, "elapsed_s": 91.8493287563324}
{"event": "update", "update": 500, "physical_loss": 0.04972332729084883, "cpml_loss": 0.10493365814909339, "lr": 0.00018993462819772447, "elapsed_s": 95.10971069335938}
{"event": "calibration", "update": 500, "score": 1.0005980746943413}
{"event": "update", "update": 520, "physical_loss": 0.03843897352635395, "cpml_loss": 0.14380694506689906, "lr": 0.00018237488608643736, "elapsed_s": 102.21094942092896}
{"event": "update", "update": 540, "physical_loss": 0.04941739560035785, "cpml_loss": 0.18552136473590508, "lr": 0.00017473051805847435, "elapsed_s": 105.0463969707489}
{"event": "update", "update": 560, "physical_loss": 0.0060194228135515004, "cpml_loss": 0.04930982831865549, "lr": 0.0001670224767952466, "elapsed_s": 107.92936134338379}
{"event": "update", "update": 580, "physical_loss": 0.000760025444378698, "cpml_loss": 0.010075632166262949, "lr": 0.0001592718895020772, "elapsed_s": 110.720144033432}
{"event": "update", "update": 600, "physical_loss": 0.05901900494927759, "cpml_loss": 0.18449426354345633, "lr": 0.00015149999999999997, "elapsed_s": 113.69675779342651}
{"event": "calibration", "update": 600, "score": 1.0004467887792392}
{"event": "update", "update": 620, "physical_loss": 0.0652307432192174, "cpml_loss": 0.13842819225101266, "lr": 0.00014372811049792285, "elapsed_s": 120.5009834766388}
{"event": "update", "update": 640, "physical_loss": 0.06680162699831271, "cpml_loss": 0.2356602604559157, "lr": 0.00013597752320475355, "elapsed_s": 123.49395060539246}
{"event": "update", "update": 660, "physical_loss": 0.04049641723577224, "cpml_loss": 0.06911921728169546, "lr": 0.00012826948194152586, "elapsed_s": 126.43506097793579}
{"event": "update", "update": 680, "physical_loss": 0.009828066860791296, "cpml_loss": 0.0644654956413433, "lr": 0.00012062511391356279, "elapsed_s": 129.5033826828003}
{"event": "update", "update": 700, "physical_loss": 0.04889581198222004, "cpml_loss": 0.10059215791989118, "lr": 0.00011306537180227575, "elapsed_s": 132.51295709609985}
{"event": "calibration", "update": 700, "score": 1.000316620163371}
{"event": "update", "update": 720, "physical_loss": 0.0722114660884472, "cpml_loss": 0.1657382158919063, "lr": 0.00010561097633532037, "elapsed_s": 139.20074558258057}
{"event": "update", "update": 740, "physical_loss": 0.060378891008440405, "cpml_loss": 0.1863764860900119, "lr": 9.828235949252301e-05, "elapsed_s": 142.34511947631836}
{"event": "update", "update": 760, "physical_loss": 0.06589103410624375, "cpml_loss": 0.15109267046500463, "lr": 9.109960850324371e-05, "elapsed_s": 145.14918684959412}
{"event": "update", "update": 780, "physical_loss": 0.01369592298669886, "cpml_loss": 0.024872461028280668, "lr": 8.408241078867739e-05, "elapsed_s": 147.89709186553955}
{"event": "update", "update": 800, "physical_loss": 0.10343904342516907, "cpml_loss": 0.2702189775009174, "lr": 7.725000000000003e-05, "elapsed_s": 150.94474148750305}
{"event": "calibration", "update": 800, "score": 1.0003272439852569}
{"event": "update", "update": 820, "physical_loss": 0.058928523235863395, "cpml_loss": 0.18171538568276446, "lr": 7.062110330026861e-05, "elapsed_s": 158.2145059108734}
{"event": "update", "update": 840, "physical_loss": 0.0011432819137553452, "cpml_loss": 0.012126206336688483, "lr": 6.421389003456783e-05, "elapsed_s": 161.18850421905518}
{"event": "update", "update": 860, "physical_loss": 0.10168005847458517, "cpml_loss": 0.2663114771603432, "lr": 5.804592192909926e-05, "elapsed_s": 164.0739860534668}
{"event": "update", "update": 880, "physical_loss": 0.08033013274007317, "cpml_loss": 0.15613209969887976, "lr": 5.213410495570964e-05, "elapsed_s": 166.93527126312256}
{"event": "update", "update": 900, "physical_loss": 0.03425955663260538, "cpml_loss": 0.0663912676864129, "lr": 4.649464299379777e-05, "elapsed_s": 169.95667433738708}
{"event": "calibration", "update": 900, "score": 1.0001706412764664}
{"event": "update", "update": 920, "physical_loss": 0.0454096619887423, "cpml_loss": 0.08994680493196938, "lr": 4.1142993416607005e-05, "elapsed_s": 177.04919815063477}
{"event": "update", "update": 940, "physical_loss": 0.03504552342928946, "cpml_loss": 0.12595209712162614, "lr": 3.609382472363989e-05, "elapsed_s": 180.15803837776184}
{"event": "update", "update": 960, "physical_loss": 0.029738735935097793, "cpml_loss": 0.16318931775458623, "lr": 3.136097633532041e-05, "elapsed_s": 183.18840384483337}
{"event": "update", "update": 980, "physical_loss": 0.026968280188157223, "cpml_loss": 0.1306418513704557, "lr": 2.6957420660104626e-05, "elapsed_s": 185.99663305282593}
{"event": "update", "update": 1000, "physical_loss": 0.005839607732923469, "cpml_loss": 0.026918962597846985, "lr": 2.2895227538010948e-05, "elapsed_s": 188.92811703681946}
{"event": "calibration", "update": 1000, "score": 1.000180863690799}
{"event": "update", "update": 1020, "physical_loss": 0.06385681079700589, "cpml_loss": 0.21007916145026684, "lr": 1.9185531158027433e-05, "elapsed_s": 195.63872408866882}
{"event": "update", "update": 1040, "physical_loss": 0.13424363633384928, "cpml_loss": 0.23760978993959725, "lr": 1.5838499540073813e-05, "elapsed_s": 198.59376001358032}
{"event": "update", "update": 1060, "physical_loss": 0.08608241544334305, "cpml_loss": 0.19270218367455527, "lr": 1.2863306665165555e-05, "elapsed_s": 201.45569705963135}
{"event": "update", "update": 1080, "physical_loss": 0.018086463103827555, "cpml_loss": 0.12568992967135273, "lr": 1.026810733016971e-05, "elapsed_s": 204.3393998146057}
{"event": "update", "update": 1100, "physical_loss": 0.02247580163384555, "cpml_loss": 0.05986249609850347, "lr": 8.060014796073355e-06, "elapsed_s": 207.1870300769806}
{"event": "calibration", "update": 1100, "score": 1.0001519744166325}
{"event": "update", "update": 1120, "physical_loss": 0.007972991965289111, "cpml_loss": 0.02485990714194486, "lr": 6.245081291029867e-06, "elapsed_s": 214.09135270118713}
{"event": "update", "update": 1140, "physical_loss": 0.023576041778596846, "cpml_loss": 0.08116930014512036, "lr": 4.828281421622053e-06, "elapsed_s": 217.25840401649475}
{"event": "update", "update": 1160, "physical_loss": 0.012220679229358211, "cpml_loss": 0.060721350368112326, "lr": 3.8134985378114136e-06, "elapsed_s": 220.21360182762146}
{"event": "update", "update": 1180, "physical_loss": 0.20918841939419508, "cpml_loss": 0.41086943773552775, "lr": 3.203514088945785e-06, "elapsed_s": 222.9712996482849}
{"event": "update", "update": 1200, "physical_loss": 0.005868700146493211, "cpml_loss": 0.03125661564990878, "lr": 2.9999999999999997e-06, "elapsed_s": 225.90182828903198}
{"event": "calibration", "update": 1200, "score": 1.0001447324348005}
{
  "arm": "fno",
  "best_calibration_subset": {
    "cpml_normalized_mean": 1.000088215936192,
    "elapsed_s": 3.90568558126688,
    "frequency_count": 9,
    "outer_pressure_max_abs": 0.0,
    "per_family": {
      "anomaly": 1.0001836072492916,
      "layered": 1.0002858820837233,
      "marmousi": 1.0000039010329136,
      "uniform": 1.0001055393732738
    },
    "physical_max": 1.0008615562198058,
    "physical_mean": 1.0001447324348005,
    "record_count": 32,
    "rows": [
      {
        "cpml_normalized_relative_l2": 1.0000074950016027,
        "family": "uniform",
        "physical_relative_l2": 0.999944370229197,
        "sample_id": "train_uniform_00018"
      },
      {
        "cpml_normalized_relative_l2": 0.9999948487353344,
        "family": "uniform",
        "physical_relative_l2": 1.0000228280270773,
        "sample_id": "train_uniform_00072"
      },
      {
        "cpml_normalized_relative_l2": 1.000461700242953,
        "family": "uniform",
        "physical_relative_l2": 1.0005862074034928,
        "sample_id": "train_uniform_00097"
      },
      {
        "cpml_normalized_relative_l2": 1.000054875639711,
        "family": "uniform",
        "physical_relative_l2": 1.0000626221629627,
        "sample_id": "train_uniform_00185"
      },
      {
        "cpml_normalized_relative_l2": 1.0000288251093263,
        "family": "uniform",
        "physical_relative_l2": 1.0001848832020093,
        "sample_id": "train_uniform_00195"
      },
      {
        "cpml_normalized_relative_l2": 1.0000008445768385,
        "family": "uniform",
        "physical_relative_l2": 0.9999467946695543,
        "sample_id": "train_uniform_00238"
      },
      {
        "cpml_normalized_relative_l2": 1.0000124986949535,
        "family": "uniform",
        "physical_relative_l2": 0.9999753984595735,
        "sample_id": "train_uniform_00337"
      },
      {
        "cpml_normalized_relative_l2": 1.0000041131956214,
        "family": "uniform",
        "physical_relative_l2": 1.0001212108323234,
        "sample_id": "train_uniform_00402"
      },
      {
        "cpml_normalized_relative_l2": 1.0002565351175214,
        "family": "layered",
        "physical_relative_l2": 1.0006251629598784,
        "sample_id": "train_layered_00001"
      },
      {
        "cpml_normalized_relative_l2": 0.9999431740846342,
        "family": "layered",
        "physical_relative_l2": 1.0002883377841196,
        "sample_id": "train_layered_00018"
      },
      {
        "cpml_normalized_relative_l2": 1.0000911654062128,
        "family": "layered",
        "physical_relative_l2": 1.0000080285685267,
        "sample_id": "train_layered_00214"
      },
      {
        "cpml_normalized_relative_l2": 0.9999924864116988,
        "family": "layered",
        "physical_relative_l2": 1.0000208270627142,
        "sample_id": "train_layered_00363"
      },
      {
        "cpml_normalized_relative_l2": 1.0005073448824797,
        "family": "layered",
        "physical_relative_l2": 1.0007628630605687,
        "sample_id": "train_layered_00470"
      },
      {
        "cpml_normalized_relative_l2": 1.0003150669822247,
        "family": "layered",
        "physical_relative_l2": 1.0006528651180113,
        "sample_id": "train_layered_00962"
      },
      {
        "cpml_normalized_relative_l2": 1.0001432514897568,
        "family": "layered",
        "physical_relative_l2": 0.9999691996328479,
        "sample_id": "train_layered_01053"
      },
      {
        "cpml_normalized_relative_l2": 1.0000148336812849,
        "family": "layered",
        "physical_relative_l2": 0.9999597724831185,
        "sample_id": "train_layered_01070"
      },
      {
        "cpml_normalized_relative_l2": 1.0000736711176124,
        "family": "anomaly",
        "physical_relative_l2": 1.0001327200150096,
        "sample_id": "train_anomaly_00020"
      },
      {
        "cpml_normalized_relative_l2": 1.00009262579076,
        "family": "anomaly",
        "physical_relative_l2": 1.0001862332690032,
        "sample_id": "train_anomaly_00064"
      },
      {
        "cpml_normalized_relative_l2": 1.0000057238805828,
        "family": "anomaly",
        "physical_relative_l2": 0.9999804597968923,
        "sample_id": "train_anomaly_00171"
      },
      {
        "cpml_normalized_relative_l2": 1.0003141203245405,
        "family": "anomaly",
        "physical_relative_l2": 1.0004188003223444,
        "sample_id": "train_anomaly_00211"
      },
      {
        "cpml_normalized_relative_l2": 1.0000090872057128,
        "family": "anomaly",
        "physical_relative_l2": 0.9999236759090554,
        "sample_id": "train_anomaly_00350"
      },
      {
        "cpml_normalized_relative_l2": 1.000195983094375,
        "family": "anomaly",
        "physical_relative_l2": 0.9997511874836778,
        "sample_id": "train_anomaly_00364"
      },
      {
        "cpml_normalized_relative_l2": 1.000281689349447,
        "family": "anomaly",
        "physical_relative_l2": 1.0008615562198058,
        "sample_id": "train_anomaly_00393"
      },
      {
        "cpml_normalized_relative_l2": 1.0000015352437337,
        "family": "anomaly",
        "physical_relative_l2": 1.000214224978543,
        "sample_id": "train_anomaly_00408"
      },
      {
        "cpml_normalized_relative_l2": 0.9999971244977347,
        "family": "marmousi",
        "physical_relative_l2": 0.9999311768649228,
        "sample_id": "train_marmousi_00062"
      },
      {
        "cpml_normalized_relative_l2": 1.0000030081901143,
        "family": "marmousi",
        "physical_relative_l2": 0.9999485958516622,
        "sample_id": "train_marmousi_00087"
      },
      {
        "cpml_normalized_relative_l2": 1.0000000699746843,
        "family": "marmousi",
        "physical_relative_l2": 0.999954087321342,
        "sample_id": "train_marmousi_00147"
      },
      {
        "cpml_normalized_relative_l2": 1.0000144354510734,
        "family": "marmousi",
        "physical_relative_l2": 1.0000531110599407,
        "sample_id": "train_marmousi_00208"
      },
      {
        "cpml_normalized_relative_l2": 0.9999938263296596,
        "family": "marmousi",
        "physical_relative_l2": 1.0000230559692347,
        "sample_id": "train_marmousi_00353"
      },
      {
        "cpml_normalized_relative_l2": 1.0000041228230003,
        "family": "marmousi",
        "physical_relative_l2": 1.0000712761198378,
        "sample_id": "train_marmousi_00419"
      },
      {
        "cpml_normalized_relative_l2": 1.0000031040967854,
        "family": "marmousi",
        "physical_relative_l2": 0.9999866378350707,
        "sample_id": "train_marmousi_00599"
      },
      {
        "cpml_normalized_relative_l2": 1.0000037233361718,
        "family": "marmousi",
        "physical_relative_l2": 1.0000632672412977,
        "sample_id": "train_marmousi_00656"
      }
    ],
    "top_pressure_max_abs": 0.0
  },
  "best_checkpoint": "/root/autodl-tmp/work/FNO-Acoustic-Wave-Simulation/grouped-dual-head-v2/results/transfer_dg_wfp_e1_training_20260902/fno_s733/best.pt",
  "best_checkpoint_sha256": "3f7fc9d58898440a11a0e56d77f05740d3864e9a42d5b9858636b97348d72e0e",
  "best_update": 1200,
  "calibration_full": {
    "cpml_normalized_mean": 1.0001004252427204,
    "elapsed_s": 19.148074343800545,
    "frequency_count": 64,
    "outer_pressure_max_abs": 0.0,
    "per_family": {
      "anomaly": 1.0001804312642428,
      "layered": 1.0003133154256179,
      "marmousi": 0.9999944490699421,
      "uniform": 1.0000172275968562
    },
    "physical_max": 1.0008287792567259,
    "physical_mean": 1.0001263558391649,
    "record_count": 32,
    "rows": [
      {
        "cpml_normalized_relative_l2": 1.0000029862844417,
        "family": "uniform",
        "physical_relative_l2": 0.9999658060266294,
        "sample_id": "train_uniform_00018"
      },
      {
        "cpml_normalized_relative_l2": 1.0000161791073938,
        "family": "uniform",
        "physical_relative_l2": 0.999971825328968,
        "sample_id": "train_uniform_00072"
      },
      {
        "cpml_normalized_relative_l2": 1.0004024750349074,
        "family": "uniform",
        "physical_relative_l2": 1.0001556239128686,
        "sample_id": "train_uniform_00097"
      },
      {
        "cpml_normalized_relative_l2": 1.0001018009188811,
        "family": "uniform",
        "physical_relative_l2": 1.0000257298699722,
        "sample_id": "train_uniform_00185"
      },
      {
        "cpml_normalized_relative_l2": 1.0001010954007148,
        "family": "uniform",
        "physical_relative_l2": 1.0000296268440596,
        "sample_id": "train_uniform_00195"
      },
      {
        "cpml_normalized_relative_l2": 1.0000021712702098,
        "family": "uniform",
        "physical_relative_l2": 0.9999868500460631,
        "sample_id": "train_uniform_00238"
      },
      {
        "cpml_normalized_relative_l2": 1.0000136469640208,
        "family": "uniform",
        "physical_relative_l2": 1.0000122910565135,
        "sample_id": "train_uniform_00337"
      },
      {
        "cpml_normalized_relative_l2": 1.0000246917324598,
        "family": "uniform",
        "physical_relative_l2": 0.9999900676897762,
        "sample_id": "train_uniform_00402"
      },
      {
        "cpml_normalized_relative_l2": 1.0004773252244488,
        "family": "layered",
        "physical_relative_l2": 1.0006511825080928,
        "sample_id": "train_layered_00001"
      },
      {
        "cpml_normalized_relative_l2": 1.0000799042197046,
        "family": "layered",
        "physical_relative_l2": 1.0000784940183536,
        "sample_id": "train_layered_00018"
      },
      {
        "cpml_normalized_relative_l2": 1.0000863362320955,
        "family": "layered",
        "physical_relative_l2": 1.000018746225279,
        "sample_id": "train_layered_00214"
      },
      {
        "cpml_normalized_relative_l2": 0.9999944486521449,
        "family": "layered",
        "physical_relative_l2": 0.9999995225436362,
        "sample_id": "train_layered_00363"
      },
      {
        "cpml_normalized_relative_l2": 1.0004381730668765,
        "family": "layered",
        "physical_relative_l2": 1.0008287792567259,
        "sample_id": "train_layered_00470"
      },
      {
        "cpml_normalized_relative_l2": 1.0002009442774442,
        "family": "layered",
        "physical_relative_l2": 1.0007610717299138,
        "sample_id": "train_layered_00962"
      },
      {
        "cpml_normalized_relative_l2": 1.0001832299436035,
        "family": "layered",
        "physical_relative_l2": 1.0001479897584213,
        "sample_id": "train_layered_01053"
      },
      {
        "cpml_normalized_relative_l2": 1.0000406025870106,
        "family": "layered",
        "physical_relative_l2": 1.0000207373645205,
        "sample_id": "train_layered_01070"
      },
      {
        "cpml_normalized_relative_l2": 1.0001530702954289,
        "family": "anomaly",
        "physical_relative_l2": 1.0001186234117543,
        "sample_id": "train_anomaly_00020"
      },
      {
        "cpml_normalized_relative_l2": 1.000107510620708,
        "family": "anomaly",
        "physical_relative_l2": 1.0000959577512687,
        "sample_id": "train_anomaly_00064"
      },
      {
        "cpml_normalized_relative_l2": 1.000004983817894,
        "family": "anomaly",
        "physical_relative_l2": 0.9999705073654378,
        "sample_id": "train_anomaly_00171"
      },
      {
        "cpml_normalized_relative_l2": 1.0002472133866178,
        "family": "anomaly",
        "physical_relative_l2": 1.0007143853884253,
        "sample_id": "train_anomaly_00211"
      },
      {
        "cpml_normalized_relative_l2": 1.0000051965090686,
        "family": "anomaly",
        "physical_relative_l2": 0.9999553285165298,
        "sample_id": "train_anomaly_00350"
      },
      {
        "cpml_normalized_relative_l2": 1.000170159575132,
        "family": "anomaly",
        "physical_relative_l2": 1.0001913808374947,
        "sample_id": "train_anomaly_00364"
      },
      {
        "cpml_normalized_relative_l2": 1.000159167745037,
        "family": "anomaly",
        "physical_relative_l2": 1.0003003245826294,
        "sample_id": "train_anomaly_00393"
      },
      {
        "cpml_normalized_relative_l2": 1.0001826760185477,
        "family": "anomaly",
        "physical_relative_l2": 1.0000969422604027,
        "sample_id": "train_anomaly_00408"
      },
      {
        "cpml_normalized_relative_l2": 1.0000027117061094,
        "family": "marmousi",
        "physical_relative_l2": 0.9999882955602969,
        "sample_id": "train_marmousi_00062"
      },
      {
        "cpml_normalized_relative_l2": 1.000001114540691,
        "family": "marmousi",
        "physical_relative_l2": 0.9999954489998016,
        "sample_id": "train_marmousi_00087"
      },
      {
        "cpml_normalized_relative_l2": 1.0000010071734393,
        "family": "marmousi",
        "physical_relative_l2": 0.9999963130744204,
        "sample_id": "train_marmousi_00147"
      },
      {
        "cpml_normalized_relative_l2": 1.000003414034878,
        "family": "marmousi",
        "physical_relative_l2": 0.9999977648966276,
        "sample_id": "train_marmousi_00208"
      },
      {
        "cpml_normalized_relative_l2": 0.9999988714024296,
        "family": "marmousi",
        "physical_relative_l2": 0.9999931180188203,
        "sample_id": "train_marmousi_00353"
      },
      {
        "cpml_normalized_relative_l2": 1.0000020886579557,
        "family": "marmousi",
        "physical_relative_l2": 0.999995927102057,
        "sample_id": "train_marmousi_00419"
      },
      {
        "cpml_normalized_relative_l2": 1.0000047825192742,
        "family": "marmousi",
        "physical_relative_l2": 0.9999712285421493,
        "sample_id": "train_marmousi_00599"
      },
      {
        "cpml_normalized_relative_l2": 1.0000036288474887,
        "family": "marmousi",
        "physical_relative_l2": 1.0000174963653634,
        "sample_id": "train_marmousi_00656"
      }
    ],
    "top_pressure_max_abs": 0.0
  },
  "confirmation_full": {
    "cpml_normalized_mean": 1.0001109937902162,
    "elapsed_s": 17.038588739931583,
    "frequency_count": 64,
    "outer_pressure_max_abs": 0.0,
    "per_family": {
      "anomaly": 1.000037603739337,
      "layered": 1.0004611496491451,
      "marmousi": 0.9999921717560827,
      "uniform": 1.0001719825210809
    },
    "physical_max": 1.001715890710072,
    "physical_mean": 1.0001657269164115,
    "record_count": 32,
    "rows": [
      {
        "cpml_normalized_relative_l2": 1.00000474658619,
        "family": "uniform",
        "physical_relative_l2": 0.9999739152804512,
        "sample_id": "train_uniform_00049"
      },
      {
        "cpml_normalized_relative_l2": 1.000121256107235,
        "family": "uniform",
        "physical_relative_l2": 1.0001374449915095,
        "sample_id": "train_uniform_00075"
      },
      {
        "cpml_normalized_relative_l2": 1.0002291318788181,
        "family": "uniform",
        "physical_relative_l2": 1.0001430531015838,
        "sample_id": "train_uniform_00109"
      },
      {
        "cpml_normalized_relative_l2": 1.0004701825220026,
        "family": "uniform",
        "physical_relative_l2": 1.0006093030503367,
        "sample_id": "train_uniform_00190"
      },
      {
        "cpml_normalized_relative_l2": 1.0000880127674217,
        "family": "uniform",
        "physical_relative_l2": 1.0002466020132965,
        "sample_id": "train_uniform_00236"
      },
      {
        "cpml_normalized_relative_l2": 1.00004715872231,
        "family": "uniform",
        "physical_relative_l2": 1.000001040337782,
        "sample_id": "train_uniform_00251"
      },
      {
        "cpml_normalized_relative_l2": 1.0000472957630622,
        "family": "uniform",
        "physical_relative_l2": 1.000065040588741,
        "sample_id": "train_uniform_00353"
      },
      {
        "cpml_normalized_relative_l2": 1.0002139013679143,
        "family": "uniform",
        "physical_relative_l2": 1.0001994608049465,
        "sample_id": "train_uniform_00404"
      },
      {
        "cpml_normalized_relative_l2": 1.000153100292462,
        "family": "layered",
        "physical_relative_l2": 1.0001745861696285,
        "sample_id": "train_layered_00008"
      },
      {
        "cpml_normalized_relative_l2": 1.000365460842865,
        "family": "layered",
        "physical_relative_l2": 1.0005065871852084,
        "sample_id": "train_layered_00196"
      },
      {
        "cpml_normalized_relative_l2": 1.0003489019133922,
        "family": "layered",
        "physical_relative_l2": 1.0003929618098912,
        "sample_id": "train_layered_00223"
      },
      {
        "cpml_normalized_relative_l2": 1.0002358439895502,
        "family": "layered",
        "physical_relative_l2": 1.001715890710072,
        "sample_id": "train_layered_00422"
      },
      {
        "cpml_normalized_relative_l2": 1.0001908340968864,
        "family": "layered",
        "physical_relative_l2": 1.0000875979629025,
        "sample_id": "train_layered_00641"
      },
      {
        "cpml_normalized_relative_l2": 1.000390796384982,
        "family": "layered",
        "physical_relative_l2": 1.0006398079164358,
        "sample_id": "train_layered_01032"
      },
      {
        "cpml_normalized_relative_l2": 1.00011733579442,
        "family": "layered",
        "physical_relative_l2": 1.0000418447790789,
        "sample_id": "train_layered_01064"
      },
      {
        "cpml_normalized_relative_l2": 1.0000987024474888,
        "family": "layered",
        "physical_relative_l2": 1.0001299206599434,
        "sample_id": "train_layered_01102"
      },
      {
        "cpml_normalized_relative_l2": 1.0000199696738092,
        "family": "anomaly",
        "physical_relative_l2": 0.9999990194562008,
        "sample_id": "train_anomaly_00049"
      },
      {
        "cpml_normalized_relative_l2": 1.0000082276084845,
        "family": "anomaly",
        "physical_relative_l2": 0.9999898049669138,
        "sample_id": "train_anomaly_00147"
      },
      {
        "cpml_normalized_relative_l2": 1.0001654477184776,
        "family": "anomaly",
        "physical_relative_l2": 1.0001608322197424,
        "sample_id": "train_anomaly_00193"
      },
      {
        "cpml_normalized_relative_l2": 1.000016187760937,
        "family": "anomaly",
        "physical_relative_l2": 0.9999824034415944,
        "sample_id": "train_anomaly_00212"
      },
      {
        "cpml_normalized_relative_l2": 1.0001122170592083,
        "family": "anomaly",
        "physical_relative_l2": 1.00013985184751,
        "sample_id": "train_anomaly_00357"
      },
      {
        "cpml_normalized_relative_l2": 1.0000106145166288,
        "family": "anomaly",
        "physical_relative_l2": 1.000057089134354,
        "sample_id": "train_anomaly_00367"
      },
      {
        "cpml_normalized_relative_l2": 1.000064449830665,
        "family": "anomaly",
        "physical_relative_l2": 0.999995578260294,
        "sample_id": "train_anomaly_00398"
      },
      {
        "cpml_normalized_relative_l2": 1.0000067738455252,
        "family": "anomaly",
        "physical_relative_l2": 0.9999762505880871,
        "sample_id": "train_anomaly_00478"
      },
      {
        "cpml_normalized_relative_l2": 1.000003521275505,
        "family": "marmousi",
        "physical_relative_l2": 0.9999935511668158,
        "sample_id": "train_marmousi_00077"
      },
      {
        "cpml_normalized_relative_l2": 0.9999987286553839,
        "family": "marmousi",
        "physical_relative_l2": 0.999988815974772,
        "sample_id": "train_marmousi_00128"
      },
      {
        "cpml_normalized_relative_l2": 1.0000025243871364,
        "family": "marmousi",
        "physical_relative_l2": 1.0000229573558785,
        "sample_id": "train_marmousi_00158"
      },
      {
        "cpml_normalized_relative_l2": 1.0000018716432262,
        "family": "marmousi",
        "physical_relative_l2": 0.9999974279506629,
        "sample_id": "train_marmousi_00236"
      },
      {
        "cpml_normalized_relative_l2": 1.0000022593767997,
        "family": "marmousi",
        "physical_relative_l2": 0.9999826972500249,
        "sample_id": "train_marmousi_00394"
      },
      {
        "cpml_normalized_relative_l2": 1.000002741059923,
        "family": "marmousi",
        "physical_relative_l2": 0.9999890661732503,
        "sample_id": "train_marmousi_00509"
      },
      {
        "cpml_normalized_relative_l2": 1.0000076313819906,
        "family": "marmousi",
        "physical_relative_l2": 0.9999935600126825,
        "sample_id": "train_marmousi_00600"
      },
      {
        "cpml_normalized_relative_l2": 1.0000059740162137,
        "family": "marmousi",
        "physical_relative_l2": 0.9999692981645746,
        "sample_id": "train_marmousi_00681"
      }
    ],
    "top_pressure_max_abs": 0.0
  },
  "elapsed_s": 266.12823271751404,
  "schema": "transfer_dg_wfp_e1_lane_terminal_v1",
  "seed": 733,
  "status": "complete",
  "test_id_opened": false,
  "validation_opened": false
}
