{"event": "update", "update": 1, "physical_loss": 0.13852201774716377, "cpml_loss": 0.1475905478000641, "lr": 0.0002999994910988137, "elapsed_s": 1.4022905826568604}
{"event": "update", "update": 20, "physical_loss": 0.06650821608491242, "cpml_loss": 0.153490224853158, "lr": 0.00029979648591105414, "elapsed_s": 4.96809196472168}
{"event": "update", "update": 40, "physical_loss": 0.004735137685202062, "cpml_loss": 0.03318875189870596, "lr": 0.00029918650146218856, "elapsed_s": 8.504413366317749}
{"event": "update", "update": 60, "physical_loss": 0.16054075891588582, "cpml_loss": 0.19845599750988185, "lr": 0.00029817171857837797, "elapsed_s": 11.933645963668823}
{"event": "update", "update": 80, "physical_loss": 0.04244807903160108, "cpml_loss": 0.19137541094096377, "lr": 0.0002967549187089702, "elapsed_s": 15.06587290763855}
{"event": "update", "update": 100, "physical_loss": 0.20940846088342369, "cpml_loss": 0.2039874941110611, "lr": 0.0002949399852039266, "elapsed_s": 18.290674924850464}
{"event": "calibration", "update": 100, "score": 1.0043183710552033}
{"event": "update", "update": 120, "physical_loss": 0.036470127572101774, "cpml_loss": 0.05619097570888698, "lr": 0.00029273189266983016, "elapsed_s": 26.393213272094727}
{"event": "update", "update": 140, "physical_loss": 0.07733934232965112, "cpml_loss": 0.20510249072685838, "lr": 0.00029013669333483434, "elapsed_s": 29.174118757247925}
{"event": "update", "update": 160, "physical_loss": 0.03163994578062557, "cpml_loss": 0.055957920441869646, "lr": 0.0002871615004599261, "elapsed_s": 32.21700954437256}
{"event": "update", "update": 180, "physical_loss": 0.0007111306949809659, "cpml_loss": 0.01248750468948856, "lr": 0.0002838144688419725, "elapsed_s": 35.186583280563354}
{"event": "update", "update": 200, "physical_loss": 0.008785410260315984, "cpml_loss": 0.030335101095261052, "lr": 0.000280104772461989, "elapsed_s": 38.10875201225281}
{"event": "calibration", "update": 200, "score": 1.0020324932407425}
{"event": "update", "update": 220, "physical_loss": 0.03642760080401786, "cpml_loss": 0.143343169009313, "lr": 0.0002760425793398954, "elapsed_s": 45.19864535331726}
{"event": "update", "update": 240, "physical_loss": 0.0004193560562271159, "cpml_loss": 0.008722469909116626, "lr": 0.00027163902366467954, "elapsed_s": 48.22267961502075}
{"event": "update", "update": 260, "physical_loss": 0.026403926189232152, "cpml_loss": 0.08985294050944503, "lr": 0.00026690617527636, "elapsed_s": 51.39464807510376}
{"event": "update", "update": 280, "physical_loss": 0.01815329552118783, "cpml_loss": 0.07957823178730905, "lr": 0.0002618570065833929, "elapsed_s": 54.482088565826416}
{"event": "update", "update": 300, "physical_loss": 0.05977598350364133, "cpml_loss": 0.18145715272112284, "lr": 0.0002565053570062021, "elapsed_s": 57.76645827293396}
{"event": "calibration", "update": 300, "score": 1.0017058310894678}
{"event": "update", "update": 320, "physical_loss": 0.027580195706832455, "cpml_loss": 0.09881217157817446, "lr": 0.0002508658950442902, "elapsed_s": 64.7381112575531}
{"event": "update", "update": 340, "physical_loss": 0.020685361412688508, "cpml_loss": 0.06488256872398779, "lr": 0.00024495407807090085, "elapsed_s": 67.71287822723389}
{"event": "update", "update": 360, "physical_loss": 0.03430490672326414, "cpml_loss": 0.18660934484796599, "lr": 0.00023878610996543235, "elapsed_s": 70.67313981056213}
{"event": "update", "update": 380, "physical_loss": 0.08291067002573982, "cpml_loss": 0.19139556074514985, "lr": 0.00023237889669973163, "elapsed_s": 73.40975189208984}
{"event": "update", "update": 400, "physical_loss": 0.029573570674983785, "cpml_loss": 0.13135732396040112, "lr": 0.00022575000000000015, "elapsed_s": 76.32727408409119}
{"event": "calibration", "update": 400, "score": 1.0010400787479832}
{"event": "update", "update": 420, "physical_loss": 0.030093436755123548, "cpml_loss": 0.1416783118620515, "lr": 0.00021891758921132286, "elapsed_s": 83.18325352668762}
{"event": "update", "update": 440, "physical_loss": 0.14778293266135734, "cpml_loss": 0.224541180068627, "lr": 0.00021190039149675648, "elapsed_s": 86.07681584358215}
{"event": "update", "update": 460, "physical_loss": 0.06258876572246663, "cpml_loss": 0.22089085448533297, "lr": 0.0002047176405074772, "elapsed_s": 88.87277722358704}
{"event": "update", "update": 480, "physical_loss": 0.01942071714438498, "cpml_loss": 0.10143304243683815, "lr": 0.00019738902366467977, "elapsed_s": 91.95456337928772}
{"event": "update", "update": 500, "physical_loss": 0.014394361362064956, "cpml_loss": 0.05744969833176583, "lr": 0.00018993462819772447, "elapsed_s": 95.24538230895996}
{"event": "calibration", "update": 500, "score": 1.0009587622911182}
{"event": "update", "update": 520, "physical_loss": 0.01784365318599157, "cpml_loss": 0.06536203576251864, "lr": 0.00018237488608643736, "elapsed_s": 102.3533284664154}
{"event": "update", "update": 540, "physical_loss": 0.07691193433856824, "cpml_loss": 0.12272506219596835, "lr": 0.00017473051805847435, "elapsed_s": 105.15286087989807}
{"event": "update", "update": 560, "physical_loss": 0.00023723785670881625, "cpml_loss": 0.003908381397195626, "lr": 0.0001670224767952466, "elapsed_s": 108.58022093772888}
{"event": "update", "update": 580, "physical_loss": 0.012353271308711555, "cpml_loss": 0.011526764537848067, "lr": 0.0001592718895020772, "elapsed_s": 111.84143900871277}
{"event": "update", "update": 600, "physical_loss": 0.048001604358432814, "cpml_loss": 0.13502569089177996, "lr": 0.00015149999999999997, "elapsed_s": 114.96356534957886}
{"event": "calibration", "update": 600, "score": 1.0008353791628066}
{"event": "update", "update": 620, "physical_loss": 0.16267632062226767, "cpml_loss": 0.23103505291510373, "lr": 0.00014372811049792285, "elapsed_s": 121.84198307991028}
{"event": "update", "update": 640, "physical_loss": 0.053110672681214055, "cpml_loss": 0.11538962554186583, "lr": 0.00013597752320475355, "elapsed_s": 124.77648138999939}
{"event": "update", "update": 660, "physical_loss": 0.1139543829485774, "cpml_loss": 0.3318520113825798, "lr": 0.00012826948194152586, "elapsed_s": 128.02411222457886}
{"event": "update", "update": 680, "physical_loss": 0.04224802547832951, "cpml_loss": 0.08525172591907904, "lr": 0.00012062511391356279, "elapsed_s": 131.10243320465088}
{"event": "update", "update": 700, "physical_loss": 0.04900598286621971, "cpml_loss": 0.1651189278345555, "lr": 0.00011306537180227575, "elapsed_s": 134.332905292511}
{"event": "calibration", "update": 700, "score": 1.0005122058337788}
{"event": "update", "update": 720, "physical_loss": 0.014669104013592005, "cpml_loss": 0.06627134047448635, "lr": 0.00010561097633532037, "elapsed_s": 141.0558362007141}
{"event": "update", "update": 740, "physical_loss": 0.07500917915695027, "cpml_loss": 0.15653521708736662, "lr": 9.828235949252301e-05, "elapsed_s": 144.19637799263}
{"event": "update", "update": 760, "physical_loss": 0.0008458283236905118, "cpml_loss": 0.011891115129401442, "lr": 9.109960850324371e-05, "elapsed_s": 147.04115962982178}
{"event": "update", "update": 780, "physical_loss": 0.0320018520578742, "cpml_loss": 0.12505466991569847, "lr": 8.408241078867739e-05, "elapsed_s": 150.10058283805847}
{"event": "update", "update": 800, "physical_loss": 0.0002709237387534813, "cpml_loss": 0.006435480529034976, "lr": 7.725000000000003e-05, "elapsed_s": 153.26294660568237}
{"event": "calibration", "update": 800, "score": 1.0004482184694945}
{"event": "update", "update": 820, "physical_loss": 0.030790435062954202, "cpml_loss": 0.08008078974671662, "lr": 7.062110330026861e-05, "elapsed_s": 160.4213354587555}
{"event": "update", "update": 840, "physical_loss": 0.017280824153203866, "cpml_loss": 0.054660702124238014, "lr": 6.421389003456783e-05, "elapsed_s": 163.51870799064636}
{"event": "update", "update": 860, "physical_loss": 0.07784314436139539, "cpml_loss": 0.1687225520145148, "lr": 5.804592192909926e-05, "elapsed_s": 166.5347535610199}
{"event": "update", "update": 880, "physical_loss": 0.02141943373135291, "cpml_loss": 0.09066402586176991, "lr": 5.213410495570964e-05, "elapsed_s": 169.5103132724762}
{"event": "update", "update": 900, "physical_loss": 0.10353796373237856, "cpml_loss": 0.18715913407504559, "lr": 4.649464299379777e-05, "elapsed_s": 172.55819702148438}
{"event": "calibration", "update": 900, "score": 1.0002810304998855}
{"event": "update", "update": 920, "physical_loss": 0.01831077575116069, "cpml_loss": 0.0443198111752281, "lr": 4.1142993416607005e-05, "elapsed_s": 179.7873125076294}
{"event": "update", "update": 940, "physical_loss": 0.027993141282422584, "cpml_loss": 0.09280548396782251, "lr": 3.609382472363989e-05, "elapsed_s": 182.77960896492004}
{"event": "update", "update": 960, "physical_loss": 0.07559553947976383, "cpml_loss": 0.18767543364447192, "lr": 3.136097633532041e-05, "elapsed_s": 185.69617891311646}
{"event": "update", "update": 980, "physical_loss": 0.06272801179693488, "cpml_loss": 0.15328998293261975, "lr": 2.6957420660104626e-05, "elapsed_s": 188.7135992050171}
{"event": "update", "update": 1000, "physical_loss": 0.024077168713120045, "cpml_loss": 0.04296017391607165, "lr": 2.2895227538010948e-05, "elapsed_s": 191.85510635375977}
{"event": "calibration", "update": 1000, "score": 1.0002811300607939}
{"event": "update", "update": 1020, "physical_loss": 0.014139147082460113, "cpml_loss": 0.0741282170638442, "lr": 1.9185531158027433e-05, "elapsed_s": 198.76421189308167}
{"event": "update", "update": 1040, "physical_loss": 0.1222359572420828, "cpml_loss": 0.21106472320389003, "lr": 1.5838499540073813e-05, "elapsed_s": 201.7364571094513}
{"event": "update", "update": 1060, "physical_loss": 0.014524536774843, "cpml_loss": 0.06796352728269994, "lr": 1.2863306665165555e-05, "elapsed_s": 204.83592104911804}
{"event": "update", "update": 1080, "physical_loss": 0.11206059769483545, "cpml_loss": 0.10026449046563357, "lr": 1.026810733016971e-05, "elapsed_s": 207.91105604171753}
{"event": "update", "update": 1100, "physical_loss": 0.042470608118946984, "cpml_loss": 0.09869824625639012, "lr": 8.060014796073355e-06, "elapsed_s": 211.0716187953949}
{"event": "calibration", "update": 1100, "score": 1.0002864296752225}
{"event": "update", "update": 1120, "physical_loss": 0.009263599888072349, "cpml_loss": 0.03850899019744247, "lr": 6.245081291029867e-06, "elapsed_s": 218.33081197738647}
{"event": "update", "update": 1140, "physical_loss": 0.02710320789265097, "cpml_loss": 0.09041861981677357, "lr": 4.828281421622053e-06, "elapsed_s": 221.1600079536438}
{"event": "update", "update": 1160, "physical_loss": 0.040668020822067774, "cpml_loss": 0.1249817352509126, "lr": 3.8134985378114136e-06, "elapsed_s": 224.3397192955017}
{"event": "update", "update": 1180, "physical_loss": 0.10786575684778654, "cpml_loss": 0.22984440226719016, "lr": 3.203514088945785e-06, "elapsed_s": 227.2676477432251}
{"event": "update", "update": 1200, "physical_loss": 0.0170029325527139, "cpml_loss": 0.110067323083058, "lr": 2.9999999999999997e-06, "elapsed_s": 230.47997784614563}
{"event": "calibration", "update": 1200, "score": 1.0002382388302444}
{
  "arm": "wfp",
  "best_calibration_subset": {
    "cpml_normalized_mean": 1.0000904438966278,
    "elapsed_s": 3.999492708593607,
    "frequency_count": 9,
    "outer_pressure_max_abs": 0.0,
    "per_family": {
      "anomaly": 1.000453387353965,
      "layered": 1.0005746129164308,
      "marmousi": 0.9999770031048882,
      "uniform": 0.9999479519456945
    },
    "physical_max": 1.0015160464408535,
    "physical_mean": 1.0002382388302444,
    "record_count": 32,
    "rows": [
      {
        "cpml_normalized_relative_l2": 1.00001747207682,
        "family": "uniform",
        "physical_relative_l2": 1.0001105861316324,
        "sample_id": "train_uniform_00018"
      },
      {
        "cpml_normalized_relative_l2": 1.0000122011019235,
        "family": "uniform",
        "physical_relative_l2": 0.9999753229118552,
        "sample_id": "train_uniform_00072"
      },
      {
        "cpml_normalized_relative_l2": 0.999718120476657,
        "family": "uniform",
        "physical_relative_l2": 0.9999229931549176,
        "sample_id": "train_uniform_00097"
      },
      {
        "cpml_normalized_relative_l2": 1.0001005717996345,
        "family": "uniform",
        "physical_relative_l2": 1.0000049132038944,
        "sample_id": "train_uniform_00185"
      },
      {
        "cpml_normalized_relative_l2": 1.000159419291673,
        "family": "uniform",
        "physical_relative_l2": 0.9996522962303431,
        "sample_id": "train_uniform_00195"
      },
      {
        "cpml_normalized_relative_l2": 1.000029058414289,
        "family": "uniform",
        "physical_relative_l2": 1.000148059790606,
        "sample_id": "train_uniform_00238"
      },
      {
        "cpml_normalized_relative_l2": 0.9999989173161432,
        "family": "uniform",
        "physical_relative_l2": 1.0000166814855218,
        "sample_id": "train_uniform_00337"
      },
      {
        "cpml_normalized_relative_l2": 1.000041583820262,
        "family": "uniform",
        "physical_relative_l2": 0.9997527626567855,
        "sample_id": "train_uniform_00402"
      },
      {
        "cpml_normalized_relative_l2": 1.0005529414479664,
        "family": "layered",
        "physical_relative_l2": 1.001218349593983,
        "sample_id": "train_layered_00001"
      },
      {
        "cpml_normalized_relative_l2": 1.0001092609425264,
        "family": "layered",
        "physical_relative_l2": 1.000293603468812,
        "sample_id": "train_layered_00018"
      },
      {
        "cpml_normalized_relative_l2": 1.0000538686552436,
        "family": "layered",
        "physical_relative_l2": 1.000008429441737,
        "sample_id": "train_layered_00214"
      },
      {
        "cpml_normalized_relative_l2": 0.9999631334099123,
        "family": "layered",
        "physical_relative_l2": 0.9999361474817116,
        "sample_id": "train_layered_00363"
      },
      {
        "cpml_normalized_relative_l2": 1.0005155808715438,
        "family": "layered",
        "physical_relative_l2": 1.0012513992439809,
        "sample_id": "train_layered_00470"
      },
      {
        "cpml_normalized_relative_l2": 1.0003205726462514,
        "family": "layered",
        "physical_relative_l2": 1.0012726440593116,
        "sample_id": "train_layered_00962"
      },
      {
        "cpml_normalized_relative_l2": 0.9998036043679289,
        "family": "layered",
        "physical_relative_l2": 1.0004558525595804,
        "sample_id": "train_layered_01053"
      },
      {
        "cpml_normalized_relative_l2": 1.0000493057302582,
        "family": "layered",
        "physical_relative_l2": 1.0001604774823298,
        "sample_id": "train_layered_01070"
      },
      {
        "cpml_normalized_relative_l2": 1.0000374305449753,
        "family": "anomaly",
        "physical_relative_l2": 1.0001434032931973,
        "sample_id": "train_anomaly_00020"
      },
      {
        "cpml_normalized_relative_l2": 1.0000972316422592,
        "family": "anomaly",
        "physical_relative_l2": 1.0000131294283516,
        "sample_id": "train_anomaly_00064"
      },
      {
        "cpml_normalized_relative_l2": 1.000008774705346,
        "family": "anomaly",
        "physical_relative_l2": 1.000082710155984,
        "sample_id": "train_anomaly_00171"
      },
      {
        "cpml_normalized_relative_l2": 1.0005654454839559,
        "family": "anomaly",
        "physical_relative_l2": 1.0014434159657732,
        "sample_id": "train_anomaly_00211"
      },
      {
        "cpml_normalized_relative_l2": 1.000002073228091,
        "family": "anomaly",
        "physical_relative_l2": 0.9998904878960723,
        "sample_id": "train_anomaly_00350"
      },
      {
        "cpml_normalized_relative_l2": 1.0002830606226183,
        "family": "anomaly",
        "physical_relative_l2": 1.0001540724344362,
        "sample_id": "train_anomaly_00364"
      },
      {
        "cpml_normalized_relative_l2": 1.000299927131052,
        "family": "anomaly",
        "physical_relative_l2": 1.0015160464408535,
        "sample_id": "train_anomaly_00393"
      },
      {
        "cpml_normalized_relative_l2": 1.0001412851066487,
        "family": "anomaly",
        "physical_relative_l2": 1.000383833217051,
        "sample_id": "train_anomaly_00408"
      },
      {
        "cpml_normalized_relative_l2": 0.9999908472312818,
        "family": "marmousi",
        "physical_relative_l2": 1.0000362215622332,
        "sample_id": "train_marmousi_00062"
      },
      {
        "cpml_normalized_relative_l2": 1.0000113714217158,
        "family": "marmousi",
        "physical_relative_l2": 0.9999395770622611,
        "sample_id": "train_marmousi_00087"
      },
      {
        "cpml_normalized_relative_l2": 0.9999999449680499,
        "family": "marmousi",
        "physical_relative_l2": 0.9999089902142461,
        "sample_id": "train_marmousi_00147"
      },
      {
        "cpml_normalized_relative_l2": 1.0000053510797102,
        "family": "marmousi",
        "physical_relative_l2": 1.0000166066734373,
        "sample_id": "train_marmousi_00208"
      },
      {
        "cpml_normalized_relative_l2": 0.9999959028619578,
        "family": "marmousi",
        "physical_relative_l2": 1.0000267128294449,
        "sample_id": "train_marmousi_00353"
      },
      {
        "cpml_normalized_relative_l2": 1.0000011263004196,
        "family": "marmousi",
        "physical_relative_l2": 0.9999708246756741,
        "sample_id": "train_marmousi_00419"
      },
      {
        "cpml_normalized_relative_l2": 1.0000005599350035,
        "family": "marmousi",
        "physical_relative_l2": 0.9998808455495383,
        "sample_id": "train_marmousi_00599"
      },
      {
        "cpml_normalized_relative_l2": 1.000008260059971,
        "family": "marmousi",
        "physical_relative_l2": 1.0000362462722712,
        "sample_id": "train_marmousi_00656"
      }
    ],
    "top_pressure_max_abs": 0.0
  },
  "best_checkpoint": "/root/autodl-tmp/work/FNO-Acoustic-Wave-Simulation/grouped-dual-head-v2/results/transfer_dg_wfp_e1_training_20260902/wfp_s372/best.pt",
  "best_checkpoint_sha256": "d77abc584d482287e2284b2ef9f71042493b3f6c3a8b86ab70fbb3e0a99de74e",
  "best_update": 1200,
  "calibration_full": {
    "cpml_normalized_mean": 1.0001231715012515,
    "elapsed_s": 22.615890312939882,
    "frequency_count": 64,
    "outer_pressure_max_abs": 0.0,
    "per_family": {
      "anomaly": 1.0003299756630895,
      "layered": 1.0004344418208277,
      "marmousi": 0.9999728156902528,
      "uniform": 1.0000151229089058
    },
    "physical_max": 1.0012092686501437,
    "physical_mean": 1.000188089020769,
    "record_count": 32,
    "rows": [
      {
        "cpml_normalized_relative_l2": 1.000005784979278,
        "family": "uniform",
        "physical_relative_l2": 0.9999947475285897,
        "sample_id": "train_uniform_00018"
      },
      {
        "cpml_normalized_relative_l2": 1.0000191963972092,
        "family": "uniform",
        "physical_relative_l2": 0.9999529758938892,
        "sample_id": "train_uniform_00072"
      },
      {
        "cpml_normalized_relative_l2": 1.0004793930870817,
        "family": "uniform",
        "physical_relative_l2": 1.0001693604731192,
        "sample_id": "train_uniform_00097"
      },
      {
        "cpml_normalized_relative_l2": 1.0001277481904645,
        "family": "uniform",
        "physical_relative_l2": 0.9999979944190588,
        "sample_id": "train_uniform_00185"
      },
      {
        "cpml_normalized_relative_l2": 1.0001193495512846,
        "family": "uniform",
        "physical_relative_l2": 1.000013192318366,
        "sample_id": "train_uniform_00195"
      },
      {
        "cpml_normalized_relative_l2": 1.0000080984731616,
        "family": "uniform",
        "physical_relative_l2": 1.0000249651236637,
        "sample_id": "train_uniform_00238"
      },
      {
        "cpml_normalized_relative_l2": 1.0000060680174858,
        "family": "uniform",
        "physical_relative_l2": 0.9999982919747866,
        "sample_id": "train_uniform_00337"
      },
      {
        "cpml_normalized_relative_l2": 1.0000198833317395,
        "family": "uniform",
        "physical_relative_l2": 0.9999694555397738,
        "sample_id": "train_uniform_00402"
      },
      {
        "cpml_normalized_relative_l2": 1.0006395426092607,
        "family": "layered",
        "physical_relative_l2": 1.0009737650976545,
        "sample_id": "train_layered_00001"
      },
      {
        "cpml_normalized_relative_l2": 1.000094133950328,
        "family": "layered",
        "physical_relative_l2": 1.0001629600529784,
        "sample_id": "train_layered_00018"
      },
      {
        "cpml_normalized_relative_l2": 1.000092440735609,
        "family": "layered",
        "physical_relative_l2": 0.9999851436757539,
        "sample_id": "train_layered_00214"
      },
      {
        "cpml_normalized_relative_l2": 0.9999861348455085,
        "family": "layered",
        "physical_relative_l2": 0.9999557188263047,
        "sample_id": "train_layered_00363"
      },
      {
        "cpml_normalized_relative_l2": 1.0005086780013626,
        "family": "layered",
        "physical_relative_l2": 1.0011069965966235,
        "sample_id": "train_layered_00470"
      },
      {
        "cpml_normalized_relative_l2": 1.0002144096074406,
        "family": "layered",
        "physical_relative_l2": 1.0012092686501437,
        "sample_id": "train_layered_00962"
      },
      {
        "cpml_normalized_relative_l2": 1.0001988018664376,
        "family": "layered",
        "physical_relative_l2": 1.0001126956646227,
        "sample_id": "train_layered_01053"
      },
      {
        "cpml_normalized_relative_l2": 1.000047446180686,
        "family": "layered",
        "physical_relative_l2": 0.9999689860025409,
        "sample_id": "train_layered_01070"
      },
      {
        "cpml_normalized_relative_l2": 1.0001832367177206,
        "family": "anomaly",
        "physical_relative_l2": 1.0004404241179654,
        "sample_id": "train_anomaly_00020"
      },
      {
        "cpml_normalized_relative_l2": 1.0001719113446108,
        "family": "anomaly",
        "physical_relative_l2": 1.0002327383521399,
        "sample_id": "train_anomaly_00064"
      },
      {
        "cpml_normalized_relative_l2": 1.0000095337240362,
        "family": "anomaly",
        "physical_relative_l2": 0.9999603447798258,
        "sample_id": "train_anomaly_00171"
      },
      {
        "cpml_normalized_relative_l2": 1.000298928160415,
        "family": "anomaly",
        "physical_relative_l2": 1.0010931074983622,
        "sample_id": "train_anomaly_00211"
      },
      {
        "cpml_normalized_relative_l2": 1.000006719965362,
        "family": "anomaly",
        "physical_relative_l2": 0.9999093063342155,
        "sample_id": "train_anomaly_00350"
      },
      {
        "cpml_normalized_relative_l2": 1.0002057865993046,
        "family": "anomaly",
        "physical_relative_l2": 1.0002721405993693,
        "sample_id": "train_anomaly_00364"
      },
      {
        "cpml_normalized_relative_l2": 1.0002330323698976,
        "family": "anomaly",
        "physical_relative_l2": 1.000629974375068,
        "sample_id": "train_anomaly_00393"
      },
      {
        "cpml_normalized_relative_l2": 1.000247318452421,
        "family": "anomaly",
        "physical_relative_l2": 1.0001017692477703,
        "sample_id": "train_anomaly_00408"
      },
      {
        "cpml_normalized_relative_l2": 0.9999999737164288,
        "family": "marmousi",
        "physical_relative_l2": 1.0000025740660685,
        "sample_id": "train_marmousi_00062"
      },
      {
        "cpml_normalized_relative_l2": 1.0000030766981969,
        "family": "marmousi",
        "physical_relative_l2": 0.9999712722665954,
        "sample_id": "train_marmousi_00087"
      },
      {
        "cpml_normalized_relative_l2": 0.9999989776723932,
        "family": "marmousi",
        "physical_relative_l2": 0.9999590049018381,
        "sample_id": "train_marmousi_00147"
      },
      {
        "cpml_normalized_relative_l2": 1.0000032103602312,
        "family": "marmousi",
        "physical_relative_l2": 0.9999731222561318,
        "sample_id": "train_marmousi_00208"
      },
      {
        "cpml_normalized_relative_l2": 1.0000031817748132,
        "family": "marmousi",
        "physical_relative_l2": 1.000005470363105,
        "sample_id": "train_marmousi_00353"
      },
      {
        "cpml_normalized_relative_l2": 1.0000026139932459,
        "family": "marmousi",
        "physical_relative_l2": 0.9999545808127562,
        "sample_id": "train_marmousi_00419"
      },
      {
        "cpml_normalized_relative_l2": 1.0000039015525706,
        "family": "marmousi",
        "physical_relative_l2": 0.9999484207025883,
        "sample_id": "train_marmousi_00599"
      },
      {
        "cpml_normalized_relative_l2": 1.0000029751140649,
        "family": "marmousi",
        "physical_relative_l2": 0.9999680801529386,
        "sample_id": "train_marmousi_00656"
      }
    ],
    "top_pressure_max_abs": 0.0
  },
  "confirmation_full": {
    "cpml_normalized_mean": 1.0001278087695804,
    "elapsed_s": 24.37024152651429,
    "frequency_count": 64,
    "outer_pressure_max_abs": 0.0,
    "per_family": {
      "anomaly": 1.0000698248685906,
      "layered": 1.0006301325059044,
      "marmousi": 0.9999681906327573,
      "uniform": 1.000309939149791
    },
    "physical_max": 1.0025121014692522,
    "physical_mean": 1.0002445217892608,
    "record_count": 32,
    "rows": [
      {
        "cpml_normalized_relative_l2": 1.0000060289020007,
        "family": "uniform",
        "physical_relative_l2": 0.999972194590204,
        "sample_id": "train_uniform_00049"
      },
      {
        "cpml_normalized_relative_l2": 1.0001550280659541,
        "family": "uniform",
        "physical_relative_l2": 1.000379625926396,
        "sample_id": "train_uniform_00075"
      },
      {
        "cpml_normalized_relative_l2": 1.0003220126461398,
        "family": "uniform",
        "physical_relative_l2": 1.000225989686869,
        "sample_id": "train_uniform_00109"
      },
      {
        "cpml_normalized_relative_l2": 1.0004978017640624,
        "family": "uniform",
        "physical_relative_l2": 1.0010291797781037,
        "sample_id": "train_uniform_00190"
      },
      {
        "cpml_normalized_relative_l2": 1.000096698993133,
        "family": "uniform",
        "physical_relative_l2": 1.000363344680737,
        "sample_id": "train_uniform_00236"
      },
      {
        "cpml_normalized_relative_l2": 1.0000566613503565,
        "family": "uniform",
        "physical_relative_l2": 1.0001108318221887,
        "sample_id": "train_uniform_00251"
      },
      {
        "cpml_normalized_relative_l2": 1.0000574400692162,
        "family": "uniform",
        "physical_relative_l2": 1.0001561567233492,
        "sample_id": "train_uniform_00353"
      },
      {
        "cpml_normalized_relative_l2": 1.0002594606564625,
        "family": "uniform",
        "physical_relative_l2": 1.0002421899904792,
        "sample_id": "train_uniform_00404"
      },
      {
        "cpml_normalized_relative_l2": 1.0001781727019234,
        "family": "layered",
        "physical_relative_l2": 1.0001443711077442,
        "sample_id": "train_layered_00008"
      },
      {
        "cpml_normalized_relative_l2": 1.0004574237204484,
        "family": "layered",
        "physical_relative_l2": 1.0005630702577482,
        "sample_id": "train_layered_00196"
      },
      {
        "cpml_normalized_relative_l2": 1.0003524168691704,
        "family": "layered",
        "physical_relative_l2": 1.0005430352145275,
        "sample_id": "train_layered_00223"
      },
      {
        "cpml_normalized_relative_l2": 1.0002398480159953,
        "family": "layered",
        "physical_relative_l2": 1.0025121014692522,
        "sample_id": "train_layered_00422"
      },
      {
        "cpml_normalized_relative_l2": 1.0002322507281258,
        "family": "layered",
        "physical_relative_l2": 1.0000297580217434,
        "sample_id": "train_layered_00641"
      },
      {
        "cpml_normalized_relative_l2": 1.0003868402570764,
        "family": "layered",
        "physical_relative_l2": 1.0010688954577893,
        "sample_id": "train_layered_01032"
      },
      {
        "cpml_normalized_relative_l2": 1.000135602258032,
        "family": "layered",
        "physical_relative_l2": 1.0000647908268596,
        "sample_id": "train_layered_01064"
      },
      {
        "cpml_normalized_relative_l2": 1.000125569694278,
        "family": "layered",
        "physical_relative_l2": 1.0001150376915706,
        "sample_id": "train_layered_01102"
      },
      {
        "cpml_normalized_relative_l2": 1.0000035979522977,
        "family": "anomaly",
        "physical_relative_l2": 0.999987404600715,
        "sample_id": "train_anomaly_00049"
      },
      {
        "cpml_normalized_relative_l2": 1.0000157711777615,
        "family": "anomaly",
        "physical_relative_l2": 0.9999508990811026,
        "sample_id": "train_anomaly_00147"
      },
      {
        "cpml_normalized_relative_l2": 1.0002007271592095,
        "family": "anomaly",
        "physical_relative_l2": 1.000236785706461,
        "sample_id": "train_anomaly_00193"
      },
      {
        "cpml_normalized_relative_l2": 1.0000257003585984,
        "family": "anomaly",
        "physical_relative_l2": 1.0001417360880982,
        "sample_id": "train_anomaly_00212"
      },
      {
        "cpml_normalized_relative_l2": 1.0001487801099656,
        "family": "anomaly",
        "physical_relative_l2": 1.000276471294491,
        "sample_id": "train_anomaly_00357"
      },
      {
        "cpml_normalized_relative_l2": 1.0000121846406134,
        "family": "anomaly",
        "physical_relative_l2": 1.0000363533665435,
        "sample_id": "train_anomaly_00367"
      },
      {
        "cpml_normalized_relative_l2": 1.0000819983553593,
        "family": "anomaly",
        "physical_relative_l2": 0.9999876496138399,
        "sample_id": "train_anomaly_00398"
      },
      {
        "cpml_normalized_relative_l2": 1.0000095664269366,
        "family": "anomaly",
        "physical_relative_l2": 0.9999412991974735,
        "sample_id": "train_anomaly_00478"
      },
      {
        "cpml_normalized_relative_l2": 1.0000032281069489,
        "family": "marmousi",
        "physical_relative_l2": 0.9999720206884869,
        "sample_id": "train_marmousi_00077"
      },
      {
        "cpml_normalized_relative_l2": 1.0000006076814125,
        "family": "marmousi",
        "physical_relative_l2": 0.999974658080663,
        "sample_id": "train_marmousi_00128"
      },
      {
        "cpml_normalized_relative_l2": 1.0000013481841925,
        "family": "marmousi",
        "physical_relative_l2": 0.9999944551034661,
        "sample_id": "train_marmousi_00158"
      },
      {
        "cpml_normalized_relative_l2": 1.0000028616091117,
        "family": "marmousi",
        "physical_relative_l2": 0.9999660450077946,
        "sample_id": "train_marmousi_00236"
      },
      {
        "cpml_normalized_relative_l2": 1.000002787117269,
        "family": "marmousi",
        "physical_relative_l2": 0.999962979868234,
        "sample_id": "train_marmousi_00394"
      },
      {
        "cpml_normalized_relative_l2": 1.0000045237877673,
        "family": "marmousi",
        "physical_relative_l2": 0.999964687197772,
        "sample_id": "train_marmousi_00509"
      },
      {
        "cpml_normalized_relative_l2": 1.0000103162934415,
        "family": "marmousi",
        "physical_relative_l2": 0.999976413151394,
        "sample_id": "train_marmousi_00600"
      },
      {
        "cpml_normalized_relative_l2": 1.0000066249733124,
        "family": "marmousi",
        "physical_relative_l2": 0.9999342659642488,
        "sample_id": "train_marmousi_00681"
      }
    ],
    "top_pressure_max_abs": 0.0
  },
  "elapsed_s": 281.4888253211975,
  "schema": "transfer_dg_wfp_e1_lane_terminal_v1",
  "seed": 372,
  "status": "complete",
  "test_id_opened": false,
  "validation_opened": false
}
