{"event": "update", "update": 1, "physical_loss": 0.11332055367529392, "cpml_loss": 0.17556123062968254, "lr": 0.0002999994910988137, "elapsed_s": 1.5046484470367432}
{"event": "update", "update": 20, "physical_loss": 0.045518442697357386, "cpml_loss": 0.15936135640367866, "lr": 0.00029979648591105414, "elapsed_s": 5.267483234405518}
{"event": "update", "update": 40, "physical_loss": 0.020092753977223765, "cpml_loss": 0.06629670993424952, "lr": 0.00029918650146218856, "elapsed_s": 8.927206039428711}
{"event": "update", "update": 60, "physical_loss": 0.017696182912914082, "cpml_loss": 0.1033641577232629, "lr": 0.00029817171857837797, "elapsed_s": 12.827853441238403}
{"event": "update", "update": 80, "physical_loss": 0.0519749357845285, "cpml_loss": 0.14283674105536193, "lr": 0.0002967549187089702, "elapsed_s": 16.19592046737671}
{"event": "update", "update": 100, "physical_loss": 0.005703453396563418, "cpml_loss": 0.02536077587865293, "lr": 0.0002949399852039266, "elapsed_s": 19.310130834579468}
{"event": "calibration", "update": 100, "score": 1.0022797341833831}
{"event": "update", "update": 120, "physical_loss": 0.017346061769785592, "cpml_loss": 0.037596494832541794, "lr": 0.00029273189266983016, "elapsed_s": 27.44268774986267}
{"event": "update", "update": 140, "physical_loss": 0.06275739165357663, "cpml_loss": 0.12262633914360777, "lr": 0.00029013669333483434, "elapsed_s": 30.576824426651}
{"event": "update", "update": 160, "physical_loss": 0.005678958666976541, "cpml_loss": 0.015421660093124956, "lr": 0.0002871615004599261, "elapsed_s": 33.55239725112915}
{"event": "update", "update": 180, "physical_loss": 0.018125950133253355, "cpml_loss": 0.08812234975630417, "lr": 0.0002838144688419725, "elapsed_s": 36.5127010345459}
{"event": "update", "update": 200, "physical_loss": 0.020278241617234016, "cpml_loss": 0.12506078337901272, "lr": 0.000280104772461989, "elapsed_s": 39.53722620010376}
{"event": "calibration", "update": 200, "score": 1.0012116526438006}
{"event": "update", "update": 220, "physical_loss": 0.0015678620984544978, "cpml_loss": 0.03233266330789775, "lr": 0.0002760425793398954, "elapsed_s": 46.75373435020447}
{"event": "update", "update": 240, "physical_loss": 0.06573124316309986, "cpml_loss": 0.07691455096937716, "lr": 0.00027163902366467954, "elapsed_s": 50.006882667541504}
{"event": "update", "update": 260, "physical_loss": 0.01277666725218296, "cpml_loss": 0.0539124459028244, "lr": 0.00026690617527636, "elapsed_s": 53.13586401939392}
{"event": "update", "update": 280, "physical_loss": 0.051764948902928154, "cpml_loss": 0.08732711746415589, "lr": 0.0002618570065833929, "elapsed_s": 56.14191150665283}
{"event": "update", "update": 300, "physical_loss": 0.0021602396063826745, "cpml_loss": 0.020982144895242527, "lr": 0.0002565053570062021, "elapsed_s": 59.24692916870117}
{"event": "calibration", "update": 300, "score": 1.0008229931315817}
{"event": "update", "update": 320, "physical_loss": 0.05726180104102241, "cpml_loss": 0.09291499969549477, "lr": 0.0002508658950442902, "elapsed_s": 66.18567705154419}
{"event": "update", "update": 340, "physical_loss": 0.016274306159175467, "cpml_loss": 0.07515229855198413, "lr": 0.00024495407807090085, "elapsed_s": 69.17988157272339}
{"event": "update", "update": 360, "physical_loss": 0.028738499682731344, "cpml_loss": 0.09298106536152773, "lr": 0.00023878610996543235, "elapsed_s": 72.18014979362488}
{"event": "update", "update": 380, "physical_loss": 0.03049358173393557, "cpml_loss": 0.07769272699806606, "lr": 0.00023237889669973163, "elapsed_s": 75.06173157691956}
{"event": "update", "update": 400, "physical_loss": 0.017374151067997445, "cpml_loss": 0.0399388920632191, "lr": 0.00022575000000000015, "elapsed_s": 78.28935408592224}
{"event": "calibration", "update": 400, "score": 1.0009781462765526}
{"event": "update", "update": 420, "physical_loss": 0.006112714839218825, "cpml_loss": 0.026984211115632206, "lr": 0.00021891758921132286, "elapsed_s": 85.51152086257935}
{"event": "update", "update": 440, "physical_loss": 0.04000721691409126, "cpml_loss": 0.10244677867740393, "lr": 0.00021190039149675648, "elapsed_s": 88.49670743942261}
{"event": "update", "update": 460, "physical_loss": 0.18285228602962889, "cpml_loss": 0.17725242603046354, "lr": 0.0002047176405074772, "elapsed_s": 91.64034962654114}
{"event": "update", "update": 480, "physical_loss": 0.032124501158250496, "cpml_loss": 0.10688621696317568, "lr": 0.00019738902366467977, "elapsed_s": 95.08932542800903}
{"event": "update", "update": 500, "physical_loss": 0.04971967564779334, "cpml_loss": 0.10492678033187985, "lr": 0.00018993462819772447, "elapsed_s": 98.64055013656616}
{"event": "calibration", "update": 500, "score": 1.0005857947448162}
{"event": "update", "update": 520, "physical_loss": 0.03844361779920291, "cpml_loss": 0.14382370794191957, "lr": 0.00018237488608643736, "elapsed_s": 105.60395383834839}
{"event": "update", "update": 540, "physical_loss": 0.04942519647829613, "cpml_loss": 0.18554038546790252, "lr": 0.00017473051805847435, "elapsed_s": 108.88005185127258}
{"event": "update", "update": 560, "physical_loss": 0.006013209873344749, "cpml_loss": 0.049303412437438965, "lr": 0.0001670224767952466, "elapsed_s": 111.88300108909607}
{"event": "update", "update": 580, "physical_loss": 0.0007704827366978861, "cpml_loss": 0.010101595053129131, "lr": 0.0001592718895020772, "elapsed_s": 115.01127576828003}
{"event": "update", "update": 600, "physical_loss": 0.05901523903821726, "cpml_loss": 0.18449032495118445, "lr": 0.00015149999999999997, "elapsed_s": 118.08908677101135}
{"event": "calibration", "update": 600, "score": 1.000366408789091}
{"event": "update", "update": 620, "physical_loss": 0.06524605228332803, "cpml_loss": 0.13845508527447237, "lr": 0.00014372811049792285, "elapsed_s": 124.91009998321533}
{"event": "update", "update": 640, "physical_loss": 0.06679170275947399, "cpml_loss": 0.2356610484130215, "lr": 0.00013597752320475355, "elapsed_s": 128.31694889068604}
{"event": "update", "update": 660, "physical_loss": 0.04050321477370744, "cpml_loss": 0.06913837171669002, "lr": 0.00012826948194152586, "elapsed_s": 131.34421801567078}
{"event": "update", "update": 680, "physical_loss": 0.00984121132933069, "cpml_loss": 0.06446155102457851, "lr": 0.00012062511391356279, "elapsed_s": 134.38530373573303}
{"event": "update", "update": 700, "physical_loss": 0.04891459872305859, "cpml_loss": 0.10062362410826609, "lr": 0.00011306537180227575, "elapsed_s": 137.38515448570251}
{"event": "calibration", "update": 700, "score": 1.0003634151872398}
{"event": "update", "update": 720, "physical_loss": 0.07221109349666222, "cpml_loss": 0.16573030949075473, "lr": 0.00010561097633532037, "elapsed_s": 144.32873153686523}
{"event": "update", "update": 740, "physical_loss": 0.06039025062636938, "cpml_loss": 0.18637934571597725, "lr": 9.828235949252301e-05, "elapsed_s": 147.25208282470703}
{"event": "update", "update": 760, "physical_loss": 0.06589848826115485, "cpml_loss": 0.15109643596224487, "lr": 9.109960850324371e-05, "elapsed_s": 150.33899879455566}
{"event": "update", "update": 780, "physical_loss": 0.01369851626259333, "cpml_loss": 0.024876298048184253, "lr": 8.408241078867739e-05, "elapsed_s": 153.5376877784729}
{"event": "update", "update": 800, "physical_loss": 0.10342496272460266, "cpml_loss": 0.27021457327646203, "lr": 7.725000000000003e-05, "elapsed_s": 157.01261925697327}
{"event": "calibration", "update": 800, "score": 1.0002219414184343}
{"event": "update", "update": 820, "physical_loss": 0.05893975561912157, "cpml_loss": 0.18174422914307797, "lr": 7.062110330026861e-05, "elapsed_s": 164.26184272766113}
{"event": "update", "update": 840, "physical_loss": 0.0011463558721516165, "cpml_loss": 0.012132429204939399, "lr": 6.421389003456783e-05, "elapsed_s": 167.44290232658386}
{"event": "update", "update": 860, "physical_loss": 0.10168843316318998, "cpml_loss": 0.2662771009381686, "lr": 5.804592192909926e-05, "elapsed_s": 170.6127848625183}
{"event": "update", "update": 880, "physical_loss": 0.08032605310381769, "cpml_loss": 0.15611607863684185, "lr": 5.213410495570964e-05, "elapsed_s": 173.77421140670776}
{"event": "update", "update": 900, "physical_loss": 0.03425224847978825, "cpml_loss": 0.06642914039548486, "lr": 4.649464299379777e-05, "elapsed_s": 176.80528688430786}
{"event": "calibration", "update": 900, "score": 1.0002193594914481}
{"event": "update", "update": 920, "physical_loss": 0.045438621196808526, "cpml_loss": 0.08994939130207058, "lr": 4.1142993416607005e-05, "elapsed_s": 184.0229992866516}
{"event": "update", "update": 940, "physical_loss": 0.03504316136240959, "cpml_loss": 0.12596195191144943, "lr": 3.609382472363989e-05, "elapsed_s": 187.06171798706055}
{"event": "update", "update": 960, "physical_loss": 0.029736785500290353, "cpml_loss": 0.16319551387277897, "lr": 3.136097633532041e-05, "elapsed_s": 190.30855798721313}
{"event": "update", "update": 980, "physical_loss": 0.02697053341398714, "cpml_loss": 0.13064879263401963, "lr": 2.6957420660104626e-05, "elapsed_s": 193.36486554145813}
{"event": "update", "update": 1000, "physical_loss": 0.005856005675013876, "cpml_loss": 0.026947146630845964, "lr": 2.2895227538010948e-05, "elapsed_s": 196.37315440177917}
{"event": "calibration", "update": 1000, "score": 1.0002243711254775}
{"event": "update", "update": 1020, "physical_loss": 0.06388469296507537, "cpml_loss": 0.21006975509226322, "lr": 1.9185531158027433e-05, "elapsed_s": 203.47537899017334}
{"event": "update", "update": 1040, "physical_loss": 0.13422751188045368, "cpml_loss": 0.2376051729079336, "lr": 1.5838499540073813e-05, "elapsed_s": 206.67061495780945}
{"event": "update", "update": 1060, "physical_loss": 0.08609491028710181, "cpml_loss": 0.19271619524806738, "lr": 1.2863306665165555e-05, "elapsed_s": 209.96884393692017}
{"event": "update", "update": 1080, "physical_loss": 0.01808415233881533, "cpml_loss": 0.12568382802419364, "lr": 1.026810733016971e-05, "elapsed_s": 212.81899857521057}
{"event": "update", "update": 1100, "physical_loss": 0.02249058320740005, "cpml_loss": 0.059832145692780614, "lr": 8.060014796073355e-06, "elapsed_s": 216.16740560531616}
{"event": "calibration", "update": 1100, "score": 1.000198509922222}
{"event": "update", "update": 1120, "physical_loss": 0.007980011955396549, "cpml_loss": 0.024881530578568345, "lr": 6.245081291029867e-06, "elapsed_s": 223.2283866405487}
{"event": "update", "update": 1140, "physical_loss": 0.023590480964912786, "cpml_loss": 0.08117293554460048, "lr": 4.828281421622053e-06, "elapsed_s": 226.2401876449585}
{"event": "update", "update": 1160, "physical_loss": 0.012228995270561427, "cpml_loss": 0.06073270970955491, "lr": 3.8134985378114136e-06, "elapsed_s": 229.4117271900177}
{"event": "update", "update": 1180, "physical_loss": 0.20915357787453104, "cpml_loss": 0.4109013075940311, "lr": 3.203514088945785e-06, "elapsed_s": 232.64571166038513}
{"event": "update", "update": 1200, "physical_loss": 0.005872708488823264, "cpml_loss": 0.03126821795012802, "lr": 2.9999999999999997e-06, "elapsed_s": 235.74491024017334}
{"event": "calibration", "update": 1200, "score": 1.000188715001113}
{
  "arm": "wfp",
  "best_calibration_subset": {
    "cpml_normalized_mean": 1.0000708531454041,
    "elapsed_s": 3.7553661465644836,
    "frequency_count": 9,
    "outer_pressure_max_abs": 0.0,
    "per_family": {
      "anomaly": 1.000462090648933,
      "layered": 1.0002016616740084,
      "marmousi": 1.00001328510132,
      "uniform": 1.0000778225801907
    },
    "physical_max": 1.0022649509073829,
    "physical_mean": 1.000188715001113,
    "record_count": 32,
    "rows": [
      {
        "cpml_normalized_relative_l2": 1.0000028143125916,
        "family": "uniform",
        "physical_relative_l2": 0.9999923789173165,
        "sample_id": "train_uniform_00018"
      },
      {
        "cpml_normalized_relative_l2": 1.0000618459792558,
        "family": "uniform",
        "physical_relative_l2": 0.9999595149262527,
        "sample_id": "train_uniform_00072"
      },
      {
        "cpml_normalized_relative_l2": 1.000021638071495,
        "family": "uniform",
        "physical_relative_l2": 1.0006215728482566,
        "sample_id": "train_uniform_00097"
      },
      {
        "cpml_normalized_relative_l2": 1.0001339809217762,
        "family": "uniform",
        "physical_relative_l2": 1.0000322912092046,
        "sample_id": "train_uniform_00185"
      },
      {
        "cpml_normalized_relative_l2": 0.9999892083645616,
        "family": "uniform",
        "physical_relative_l2": 0.9999061385093878,
        "sample_id": "train_uniform_00195"
      },
      {
        "cpml_normalized_relative_l2": 1.00000504975523,
        "family": "uniform",
        "physical_relative_l2": 0.9999979717818499,
        "sample_id": "train_uniform_00238"
      },
      {
        "cpml_normalized_relative_l2": 1.0000215619415036,
        "family": "uniform",
        "physical_relative_l2": 1.0000420745630043,
        "sample_id": "train_uniform_00337"
      },
      {
        "cpml_normalized_relative_l2": 1.0000308641099815,
        "family": "uniform",
        "physical_relative_l2": 1.0000706378862525,
        "sample_id": "train_uniform_00402"
      },
      {
        "cpml_normalized_relative_l2": 1.0001227983206682,
        "family": "layered",
        "physical_relative_l2": 0.9996983125457605,
        "sample_id": "train_layered_00001"
      },
      {
        "cpml_normalized_relative_l2": 1.000202518648972,
        "family": "layered",
        "physical_relative_l2": 1.0002309362153343,
        "sample_id": "train_layered_00018"
      },
      {
        "cpml_normalized_relative_l2": 1.0001099402436817,
        "family": "layered",
        "physical_relative_l2": 0.9998497204353479,
        "sample_id": "train_layered_00214"
      },
      {
        "cpml_normalized_relative_l2": 1.0000059253831493,
        "family": "layered",
        "physical_relative_l2": 0.9999771851757482,
        "sample_id": "train_layered_00363"
      },
      {
        "cpml_normalized_relative_l2": 1.0004239414507254,
        "family": "layered",
        "physical_relative_l2": 1.00105582896245,
        "sample_id": "train_layered_00470"
      },
      {
        "cpml_normalized_relative_l2": 1.0002395480097914,
        "family": "layered",
        "physical_relative_l2": 1.000622553362649,
        "sample_id": "train_layered_00962"
      },
      {
        "cpml_normalized_relative_l2": 1.0002108521177997,
        "family": "layered",
        "physical_relative_l2": 1.0001459241296038,
        "sample_id": "train_layered_01053"
      },
      {
        "cpml_normalized_relative_l2": 1.0000431844699622,
        "family": "layered",
        "physical_relative_l2": 1.0000328325651735,
        "sample_id": "train_layered_01070"
      },
      {
        "cpml_normalized_relative_l2": 1.0000601274007217,
        "family": "anomaly",
        "physical_relative_l2": 1.0002554565674735,
        "sample_id": "train_anomaly_00020"
      },
      {
        "cpml_normalized_relative_l2": 1.0001025411455822,
        "family": "anomaly",
        "physical_relative_l2": 1.0003688928301784,
        "sample_id": "train_anomaly_00064"
      },
      {
        "cpml_normalized_relative_l2": 1.0000090951510656,
        "family": "anomaly",
        "physical_relative_l2": 0.9999508942821693,
        "sample_id": "train_anomaly_00171"
      },
      {
        "cpml_normalized_relative_l2": 1.0002633488428958,
        "family": "anomaly",
        "physical_relative_l2": 1.0022649509073829,
        "sample_id": "train_anomaly_00211"
      },
      {
        "cpml_normalized_relative_l2": 1.0000057255742263,
        "family": "anomaly",
        "physical_relative_l2": 0.9999453446168044,
        "sample_id": "train_anomaly_00350"
      },
      {
        "cpml_normalized_relative_l2": 1.0000222340546765,
        "family": "anomaly",
        "physical_relative_l2": 0.9999740737813941,
        "sample_id": "train_anomaly_00364"
      },
      {
        "cpml_normalized_relative_l2": 1.0002414729729963,
        "family": "anomaly",
        "physical_relative_l2": 1.0005797952616702,
        "sample_id": "train_anomaly_00393"
      },
      {
        "cpml_normalized_relative_l2": 0.9999231180403657,
        "family": "anomaly",
        "physical_relative_l2": 1.0003573169443918,
        "sample_id": "train_anomaly_00408"
      },
      {
        "cpml_normalized_relative_l2": 1.0000028914544348,
        "family": "marmousi",
        "physical_relative_l2": 0.9999947370163111,
        "sample_id": "train_marmousi_00062"
      },
      {
        "cpml_normalized_relative_l2": 0.9999932187080822,
        "family": "marmousi",
        "physical_relative_l2": 0.9999994419469852,
        "sample_id": "train_marmousi_00087"
      },
      {
        "cpml_normalized_relative_l2": 0.9999982771025026,
        "family": "marmousi",
        "physical_relative_l2": 0.999987546544342,
        "sample_id": "train_marmousi_00147"
      },
      {
        "cpml_normalized_relative_l2": 1.0000000917627165,
        "family": "marmousi",
        "physical_relative_l2": 0.9999825856429247,
        "sample_id": "train_marmousi_00208"
      },
      {
        "cpml_normalized_relative_l2": 1.0000036797332794,
        "family": "marmousi",
        "physical_relative_l2": 0.9999793092161633,
        "sample_id": "train_marmousi_00353"
      },
      {
        "cpml_normalized_relative_l2": 1.0000112174360023,
        "family": "marmousi",
        "physical_relative_l2": 1.0000610717231317,
        "sample_id": "train_marmousi_00419"
      },
      {
        "cpml_normalized_relative_l2": 0.9999993529927189,
        "family": "marmousi",
        "physical_relative_l2": 1.0000376445242893,
        "sample_id": "train_marmousi_00599"
      },
      {
        "cpml_normalized_relative_l2": 1.0000052361795175,
        "family": "marmousi",
        "physical_relative_l2": 1.0000639441964119,
        "sample_id": "train_marmousi_00656"
      }
    ],
    "top_pressure_max_abs": 0.0
  },
  "best_checkpoint": "/root/autodl-tmp/work/FNO-Acoustic-Wave-Simulation/grouped-dual-head-v2/results/transfer_dg_wfp_e1_training_20260902/wfp_s733/best.pt",
  "best_checkpoint_sha256": "50573845f3bb8cdc919874edd5576376195cc89daa9f3c6e7d75835c806885ca",
  "best_update": 1200,
  "calibration_full": {
    "cpml_normalized_mean": 1.0001013204595626,
    "elapsed_s": 19.128393437713385,
    "frequency_count": 64,
    "outer_pressure_max_abs": 0.0,
    "per_family": {
      "anomaly": 1.0001720762203379,
      "layered": 1.0002997178707336,
      "marmousi": 1.0000087577989838,
      "uniform": 1.0000304028155367
    },
    "physical_max": 1.0009697394272787,
    "physical_mean": 1.000127738676398,
    "record_count": 32,
    "rows": [
      {
        "cpml_normalized_relative_l2": 1.0000048881591157,
        "family": "uniform",
        "physical_relative_l2": 0.9999901175181064,
        "sample_id": "train_uniform_00018"
      },
      {
        "cpml_normalized_relative_l2": 1.0000172768786422,
        "family": "uniform",
        "physical_relative_l2": 0.9999817929501219,
        "sample_id": "train_uniform_00072"
      },
      {
        "cpml_normalized_relative_l2": 1.0004578811572382,
        "family": "uniform",
        "physical_relative_l2": 1.0002301793532664,
        "sample_id": "train_uniform_00097"
      },
      {
        "cpml_normalized_relative_l2": 1.000100273427495,
        "family": "uniform",
        "physical_relative_l2": 1.0000304632573378,
        "sample_id": "train_uniform_00185"
      },
      {
        "cpml_normalized_relative_l2": 1.00009942740331,
        "family": "uniform",
        "physical_relative_l2": 1.0000060368183006,
        "sample_id": "train_uniform_00195"
      },
      {
        "cpml_normalized_relative_l2": 1.0000006638090058,
        "family": "uniform",
        "physical_relative_l2": 0.9999816064984562,
        "sample_id": "train_uniform_00238"
      },
      {
        "cpml_normalized_relative_l2": 1.000013130428584,
        "family": "uniform",
        "physical_relative_l2": 1.000030171861202,
        "sample_id": "train_uniform_00337"
      },
      {
        "cpml_normalized_relative_l2": 1.0000058453280352,
        "family": "uniform",
        "physical_relative_l2": 0.9999928542675022,
        "sample_id": "train_uniform_00402"
      },
      {
        "cpml_normalized_relative_l2": 1.0005178192352384,
        "family": "layered",
        "physical_relative_l2": 1.0003827410593378,
        "sample_id": "train_layered_00001"
      },
      {
        "cpml_normalized_relative_l2": 1.0000753618735994,
        "family": "layered",
        "physical_relative_l2": 1.000127979913202,
        "sample_id": "train_layered_00018"
      },
      {
        "cpml_normalized_relative_l2": 1.0000719864836514,
        "family": "layered",
        "physical_relative_l2": 1.0000199265584668,
        "sample_id": "train_layered_00214"
      },
      {
        "cpml_normalized_relative_l2": 0.9999930642102067,
        "family": "layered",
        "physical_relative_l2": 1.000018301336758,
        "sample_id": "train_layered_00363"
      },
      {
        "cpml_normalized_relative_l2": 1.0004094528432257,
        "family": "layered",
        "physical_relative_l2": 1.0009697394272787,
        "sample_id": "train_layered_00470"
      },
      {
        "cpml_normalized_relative_l2": 1.0001903323881565,
        "family": "layered",
        "physical_relative_l2": 1.0007157227235384,
        "sample_id": "train_layered_00962"
      },
      {
        "cpml_normalized_relative_l2": 1.0001794135285609,
        "family": "layered",
        "physical_relative_l2": 1.0001559578194497,
        "sample_id": "train_layered_01053"
      },
      {
        "cpml_normalized_relative_l2": 1.0000420296216321,
        "family": "layered",
        "physical_relative_l2": 1.0000073741278372,
        "sample_id": "train_layered_01070"
      },
      {
        "cpml_normalized_relative_l2": 1.0001602873194053,
        "family": "anomaly",
        "physical_relative_l2": 1.0000804207198886,
        "sample_id": "train_anomaly_00020"
      },
      {
        "cpml_normalized_relative_l2": 1.0001173477957876,
        "family": "anomaly",
        "physical_relative_l2": 1.000063440301048,
        "sample_id": "train_anomaly_00064"
      },
      {
        "cpml_normalized_relative_l2": 1.0000061608836497,
        "family": "anomaly",
        "physical_relative_l2": 0.9999735259751704,
        "sample_id": "train_anomaly_00171"
      },
      {
        "cpml_normalized_relative_l2": 1.0002433746868942,
        "family": "anomaly",
        "physical_relative_l2": 1.0007072797878644,
        "sample_id": "train_anomaly_00211"
      },
      {
        "cpml_normalized_relative_l2": 1.0000046304942865,
        "family": "anomaly",
        "physical_relative_l2": 0.9999695917185225,
        "sample_id": "train_anomaly_00350"
      },
      {
        "cpml_normalized_relative_l2": 1.0001555132268158,
        "family": "anomaly",
        "physical_relative_l2": 1.000252936557442,
        "sample_id": "train_anomaly_00364"
      },
      {
        "cpml_normalized_relative_l2": 1.0001692350771225,
        "family": "anomaly",
        "physical_relative_l2": 1.0002802104593913,
        "sample_id": "train_anomaly_00393"
      },
      {
        "cpml_normalized_relative_l2": 1.000197694713112,
        "family": "anomaly",
        "physical_relative_l2": 1.0000492042433753,
        "sample_id": "train_anomaly_00408"
      },
      {
        "cpml_normalized_relative_l2": 1.0000018444937107,
        "family": "marmousi",
        "physical_relative_l2": 1.0000045607253252,
        "sample_id": "train_marmousi_00062"
      },
      {
        "cpml_normalized_relative_l2": 0.9999981611928268,
        "family": "marmousi",
        "physical_relative_l2": 1.0000036227288336,
        "sample_id": "train_marmousi_00087"
      },
      {
        "cpml_normalized_relative_l2": 1.0000003913512807,
        "family": "marmousi",
        "physical_relative_l2": 1.0000061386216572,
        "sample_id": "train_marmousi_00147"
      },
      {
        "cpml_normalized_relative_l2": 1.000000178068956,
        "family": "marmousi",
        "physical_relative_l2": 1.0000132589377642,
        "sample_id": "train_marmousi_00208"
      },
      {
        "cpml_normalized_relative_l2": 1.000000336831369,
        "family": "marmousi",
        "physical_relative_l2": 1.0000024575068351,
        "sample_id": "train_marmousi_00353"
      },
      {
        "cpml_normalized_relative_l2": 1.0000024753451453,
        "family": "marmousi",
        "physical_relative_l2": 1.000020601726151,
        "sample_id": "train_marmousi_00419"
      },
      {
        "cpml_normalized_relative_l2": 1.0000016670667538,
        "family": "marmousi",
        "physical_relative_l2": 0.9999810254590674,
        "sample_id": "train_marmousi_00599"
      },
      {
        "cpml_normalized_relative_l2": 1.0000041093831877,
        "family": "marmousi",
        "physical_relative_l2": 1.000038396686237,
        "sample_id": "train_marmousi_00656"
      }
    ],
    "top_pressure_max_abs": 0.0
  },
  "confirmation_full": {
    "cpml_normalized_mean": 1.0001129823469812,
    "elapsed_s": 17.530394457280636,
    "frequency_count": 64,
    "outer_pressure_max_abs": 0.0,
    "per_family": {
      "anomaly": 1.0000490727304236,
      "layered": 1.0004546512565664,
      "marmousi": 0.9999960754903228,
      "uniform": 1.0002222575205217
    },
    "physical_max": 1.0018302528791467,
    "physical_mean": 1.0001805142494586,
    "record_count": 32,
    "rows": [
      {
        "cpml_normalized_relative_l2": 1.000005324329098,
        "family": "uniform",
        "physical_relative_l2": 0.9999961846521362,
        "sample_id": "train_uniform_00049"
      },
      {
        "cpml_normalized_relative_l2": 1.0001152908295272,
        "family": "uniform",
        "physical_relative_l2": 1.0001519114934978,
        "sample_id": "train_uniform_00075"
      },
      {
        "cpml_normalized_relative_l2": 1.0002511186198055,
        "family": "uniform",
        "physical_relative_l2": 1.0000997242364569,
        "sample_id": "train_uniform_00109"
      },
      {
        "cpml_normalized_relative_l2": 1.000505224277264,
        "family": "uniform",
        "physical_relative_l2": 1.0009333773216291,
        "sample_id": "train_uniform_00190"
      },
      {
        "cpml_normalized_relative_l2": 1.0000890426684563,
        "family": "uniform",
        "physical_relative_l2": 1.0002763393701264,
        "sample_id": "train_uniform_00236"
      },
      {
        "cpml_normalized_relative_l2": 1.0000474097512122,
        "family": "uniform",
        "physical_relative_l2": 1.0000051978748499,
        "sample_id": "train_uniform_00251"
      },
      {
        "cpml_normalized_relative_l2": 1.0000461595837002,
        "family": "uniform",
        "physical_relative_l2": 1.0001082590154342,
        "sample_id": "train_uniform_00353"
      },
      {
        "cpml_normalized_relative_l2": 1.0002181999924795,
        "family": "uniform",
        "physical_relative_l2": 1.000207066200043,
        "sample_id": "train_uniform_00404"
      },
      {
        "cpml_normalized_relative_l2": 1.000154160275663,
        "family": "layered",
        "physical_relative_l2": 1.0002570991620714,
        "sample_id": "train_layered_00008"
      },
      {
        "cpml_normalized_relative_l2": 1.0003759761515039,
        "family": "layered",
        "physical_relative_l2": 1.0002753151548345,
        "sample_id": "train_layered_00196"
      },
      {
        "cpml_normalized_relative_l2": 1.0003270326660632,
        "family": "layered",
        "physical_relative_l2": 1.0002798281788206,
        "sample_id": "train_layered_00223"
      },
      {
        "cpml_normalized_relative_l2": 1.0002669651529188,
        "family": "layered",
        "physical_relative_l2": 1.0018302528791467,
        "sample_id": "train_layered_00422"
      },
      {
        "cpml_normalized_relative_l2": 1.0001800670075278,
        "family": "layered",
        "physical_relative_l2": 1.0001263313384288,
        "sample_id": "train_layered_00641"
      },
      {
        "cpml_normalized_relative_l2": 1.0004015240858435,
        "family": "layered",
        "physical_relative_l2": 1.0007810343534698,
        "sample_id": "train_layered_01032"
      },
      {
        "cpml_normalized_relative_l2": 1.00010878208641,
        "family": "layered",
        "physical_relative_l2": 1.0000032049987613,
        "sample_id": "train_layered_01064"
      },
      {
        "cpml_normalized_relative_l2": 1.0001014591935347,
        "family": "layered",
        "physical_relative_l2": 1.0000841439869972,
        "sample_id": "train_layered_01102"
      },
      {
        "cpml_normalized_relative_l2": 1.000019045374324,
        "family": "anomaly",
        "physical_relative_l2": 1.0000330448548866,
        "sample_id": "train_anomaly_00049"
      },
      {
        "cpml_normalized_relative_l2": 1.0000136948179132,
        "family": "anomaly",
        "physical_relative_l2": 1.0000228885537092,
        "sample_id": "train_anomaly_00147"
      },
      {
        "cpml_normalized_relative_l2": 1.0001564591111158,
        "family": "anomaly",
        "physical_relative_l2": 1.0001861566470012,
        "sample_id": "train_anomaly_00193"
      },
      {
        "cpml_normalized_relative_l2": 1.0000182388030956,
        "family": "anomaly",
        "physical_relative_l2": 0.9999833879344276,
        "sample_id": "train_anomaly_00212"
      },
      {
        "cpml_normalized_relative_l2": 1.0001117282083003,
        "family": "anomaly",
        "physical_relative_l2": 1.000165005418125,
        "sample_id": "train_anomaly_00357"
      },
      {
        "cpml_normalized_relative_l2": 1.0000122696402356,
        "family": "anomaly",
        "physical_relative_l2": 1.0000407217504415,
        "sample_id": "train_anomaly_00367"
      },
      {
        "cpml_normalized_relative_l2": 1.0000610892268362,
        "family": "anomaly",
        "physical_relative_l2": 0.9999789202384495,
        "sample_id": "train_anomaly_00398"
      },
      {
        "cpml_normalized_relative_l2": 1.0000080352886105,
        "family": "anomaly",
        "physical_relative_l2": 0.9999824564463488,
        "sample_id": "train_anomaly_00478"
      },
      {
        "cpml_normalized_relative_l2": 1.000000936551624,
        "family": "marmousi",
        "physical_relative_l2": 0.999979144849723,
        "sample_id": "train_marmousi_00077"
      },
      {
        "cpml_normalized_relative_l2": 1.0000008538310512,
        "family": "marmousi",
        "physical_relative_l2": 0.9999773088193318,
        "sample_id": "train_marmousi_00128"
      },
      {
        "cpml_normalized_relative_l2": 1.0000025901243075,
        "family": "marmousi",
        "physical_relative_l2": 1.0000405587344043,
        "sample_id": "train_marmousi_00158"
      },
      {
        "cpml_normalized_relative_l2": 1.0000026837051923,
        "family": "marmousi",
        "physical_relative_l2": 0.9999936748844923,
        "sample_id": "train_marmousi_00236"
      },
      {
        "cpml_normalized_relative_l2": 1.0000010597995457,
        "family": "marmousi",
        "physical_relative_l2": 0.9999909863258968,
        "sample_id": "train_marmousi_00394"
      },
      {
        "cpml_normalized_relative_l2": 1.0000030038695165,
        "family": "marmousi",
        "physical_relative_l2": 0.999992400898719,
        "sample_id": "train_marmousi_00509"
      },
      {
        "cpml_normalized_relative_l2": 1.000006615620522,
        "family": "marmousi",
        "physical_relative_l2": 1.0000113215376236,
        "sample_id": "train_marmousi_00600"
      },
      {
        "cpml_normalized_relative_l2": 1.0000033944601985,
        "family": "marmousi",
        "physical_relative_l2": 0.9999832078723919,
        "sample_id": "train_marmousi_00681"
      }
    ],
    "top_pressure_max_abs": 0.0
  },
  "elapsed_s": 276.18082189559937,
  "schema": "transfer_dg_wfp_e1_lane_terminal_v1",
  "seed": 733,
  "status": "complete",
  "test_id_opened": false,
  "validation_opened": false
}
