{"base_rel_l2": 0.013882369022676639, "count": 35, "event": "cached_record", "family": "marmousi", "row": 0, "sample_id": "train_marmousi_00012", "shard": 2, "subset": "fit"}
{"base_rel_l2": 0.02646857941949768, "count": 35, "event": "cached_record", "family": "marmousi", "row": 1, "sample_id": "train_marmousi_00021", "shard": 2, "subset": "fit"}
{"base_rel_l2": 0.02166987396935619, "count": 35, "event": "cached_record", "family": "marmousi", "row": 2, "sample_id": "train_marmousi_00070", "shard": 2, "subset": "fit"}
{"base_rel_l2": 0.023710299537729976, "count": 35, "event": "cached_record", "family": "marmousi", "row": 3, "sample_id": "train_marmousi_00074", "shard": 2, "subset": "fit"}
{"base_rel_l2": 0.03374841316648657, "count": 35, "event": "cached_record", "family": "marmousi", "row": 4, "sample_id": "train_marmousi_00083", "shard": 2, "subset": "fit"}
{"base_rel_l2": 0.029756387958885577, "count": 35, "event": "cached_record", "family": "marmousi", "row": 5, "sample_id": "train_marmousi_00087", "shard": 2, "subset": "fit"}
{"base_rel_l2": 0.008954806661815862, "count": 35, "event": "cached_record", "family": "marmousi", "row": 6, "sample_id": "train_marmousi_00116", "shard": 2, "subset": "fit"}
{"base_rel_l2": 0.023490387987894705, "count": 35, "event": "cached_record", "family": "marmousi", "row": 7, "sample_id": "train_marmousi_00130", "shard": 2, "subset": "fit"}
{"base_rel_l2": 0.02019141118205138, "count": 35, "event": "cached_record", "family": "marmousi", "row": 8, "sample_id": "train_marmousi_00134", "shard": 2, "subset": "fit"}
{"base_rel_l2": 0.03603454273345539, "count": 35, "event": "cached_record", "family": "marmousi", "row": 9, "sample_id": "train_marmousi_00138", "shard": 2, "subset": "fit"}
{"base_rel_l2": 0.020408534895844946, "count": 35, "event": "cached_record", "family": "marmousi", "row": 10, "sample_id": "train_marmousi_00147", "shard": 2, "subset": "fit"}
{"base_rel_l2": 0.015207565714213216, "count": 35, "event": "cached_record", "family": "marmousi", "row": 11, "sample_id": "train_marmousi_00166", "shard": 2, "subset": "fit"}
{"base_rel_l2": 0.010088494278541329, "count": 35, "event": "cached_record", "family": "marmousi", "row": 12, "sample_id": "train_marmousi_00180", "shard": 2, "subset": "fit"}
{"base_rel_l2": 0.012571436511445551, "count": 35, "event": "cached_record", "family": "marmousi", "row": 13, "sample_id": "train_marmousi_00184", "shard": 2, "subset": "fit"}
{"base_rel_l2": 0.04348132075373066, "count": 35, "event": "cached_record", "family": "marmousi", "row": 14, "sample_id": "train_marmousi_00193", "shard": 2, "subset": "fit"}
{"base_rel_l2": 0.010467289734353008, "count": 35, "event": "cached_record", "family": "marmousi", "row": 15, "sample_id": "train_marmousi_00197", "shard": 2, "subset": "fit"}
{"base_rel_l2": 0.013814530894252141, "count": 35, "event": "cached_record", "family": "marmousi", "row": 16, "sample_id": "train_marmousi_00201", "shard": 2, "subset": "fit"}
{"base_rel_l2": 0.032081616600790425, "count": 35, "event": "cached_record", "family": "marmousi", "row": 17, "sample_id": "train_marmousi_00230", "shard": 2, "subset": "fit"}
{"base_rel_l2": 0.025714750795630025, "count": 35, "event": "cached_record", "family": "marmousi", "row": 18, "sample_id": "train_marmousi_00234", "shard": 2, "subset": "fit"}
{"base_rel_l2": 0.01195889705252178, "count": 35, "event": "cached_record", "family": "marmousi", "row": 19, "sample_id": "train_marmousi_00238", "shard": 2, "subset": "fit"}
{"base_rel_l2": 0.038261088101565505, "count": 35, "event": "cached_record", "family": "marmousi", "row": 20, "sample_id": "train_marmousi_00272", "shard": 2, "subset": "fit"}
{"base_rel_l2": 0.014818481013866729, "count": 35, "event": "cached_record", "family": "marmousi", "row": 21, "sample_id": "train_marmousi_00311", "shard": 2, "subset": "fit"}
{"base_rel_l2": 0.027950760271202066, "count": 35, "event": "cached_record", "family": "marmousi", "row": 22, "sample_id": "train_marmousi_00340", "shard": 2, "subset": "fit"}
{"base_rel_l2": 0.014642453403733732, "count": 35, "event": "cached_record", "family": "marmousi", "row": 23, "sample_id": "train_marmousi_00344", "shard": 2, "subset": "fit"}
{"base_rel_l2": 0.017714289276400834, "count": 35, "event": "cached_record", "family": "marmousi", "row": 24, "sample_id": "train_marmousi_00403", "shard": 2, "subset": "fit"}
{"base_rel_l2": 0.014458358336796817, "count": 35, "event": "cached_record", "family": "marmousi", "row": 25, "sample_id": "train_marmousi_00412", "shard": 2, "subset": "fit"}
{"base_rel_l2": 0.04551029840800955, "count": 35, "event": "cached_record", "family": "marmousi", "row": 26, "sample_id": "train_marmousi_00441", "shard": 2, "subset": "fit"}
{"base_rel_l2": 0.010582255403079234, "count": 35, "event": "cached_record", "family": "marmousi", "row": 27, "sample_id": "train_marmousi_00470", "shard": 2, "subset": "fit"}
{"base_rel_l2": 0.01386736228220563, "count": 35, "event": "cached_record", "family": "marmousi", "row": 28, "sample_id": "train_marmousi_00474", "shard": 2, "subset": "fit"}
{"base_rel_l2": 0.034429594203730055, "count": 35, "event": "cached_record", "family": "marmousi", "row": 29, "sample_id": "train_marmousi_00518", "shard": 2, "subset": "fit"}
{"base_rel_l2": 0.03140332525591336, "count": 35, "event": "cached_record", "family": "marmousi", "row": 30, "sample_id": "train_marmousi_00527", "shard": 2, "subset": "fit"}
{"base_rel_l2": 0.016746481038019637, "count": 35, "event": "cached_record", "family": "marmousi", "row": 31, "sample_id": "train_marmousi_00541", "shard": 2, "subset": "fit"}
{"base_rel_l2": 0.018225507174198196, "count": 35, "event": "cached_record", "family": "marmousi", "row": 32, "sample_id": "train_marmousi_00625", "shard": 2, "subset": "fit"}
{"base_rel_l2": 0.01701599460521656, "count": 35, "event": "cached_record", "family": "marmousi", "row": 33, "sample_id": "train_marmousi_00629", "shard": 2, "subset": "fit"}
{"base_rel_l2": 0.009624549094365182, "count": 35, "event": "cached_record", "family": "marmousi", "row": 34, "sample_id": "train_marmousi_00663", "shard": 2, "subset": "fit"}
{
  "base_checkpoint_sha256": "98c360f1739ef86c37652166a1ee447dd85dcd260494b93601fa5b2bf6f934e2",
  "base_record_rel_l2_max": 0.04551029840800955,
  "base_record_rel_l2_mean": 0.02168435162112789,
  "created_utc": "2026-08-28T00:13:29.661465+00:00",
  "dct_retained": 96,
  "elapsed_seconds": 284.2072287555784,
  "frequency_count": 75,
  "frequency_max_hz": 79.80049896240234,
  "frequency_min_hz": 5.985037326812744,
  "manifest_sha256": "df221497acd3bdd586f309ea17d32691993ac3dfeda18de1b1e6ae274739c156",
  "output": "/root/autodl-tmp/work/FNO-Acoustic-Wave-Simulation/grouped-dual-head-v2/results/r46_frequency_cache_marmousi_supplement_v1_20260828/fit_supplement_shard2.h5",
  "output_bytes": 196952254,
  "output_sha256": "5afd778a14bfc611e9f66f5a537a8404f721c211f84b2e5c3af9e0306280b778",
  "record_count": 35,
  "schema": "r40_frequency_residual_cache_summary_v2",
  "selection_sha256": "1f4bbec7ea38ad53aea06744600ee5f920381f8bad33ab282bd87153f4bdd70d",
  "shard_count": 4,
  "shard_index": 2,
  "status": "complete",
  "subset": "fit",
  "test_id_opened": false,
  "validation_opened": false
}
