{"base_rel_l2": 0.011730382625776243, "count": 35, "event": "cached_record", "family": "marmousi", "row": 0, "sample_id": "train_marmousi_00013", "shard": 3, "subset": "fit"}
{"base_rel_l2": 0.012079952583587475, "count": 35, "event": "cached_record", "family": "marmousi", "row": 1, "sample_id": "train_marmousi_00022", "shard": 3, "subset": "fit"}
{"base_rel_l2": 0.030145719727422964, "count": 35, "event": "cached_record", "family": "marmousi", "row": 2, "sample_id": "train_marmousi_00071", "shard": 3, "subset": "fit"}
{"base_rel_l2": 0.05773720130832059, "count": 35, "event": "cached_record", "family": "marmousi", "row": 3, "sample_id": "train_marmousi_00080", "shard": 3, "subset": "fit"}
{"base_rel_l2": 0.0544357445277231, "count": 35, "event": "cached_record", "family": "marmousi", "row": 4, "sample_id": "train_marmousi_00084", "shard": 3, "subset": "fit"}
{"base_rel_l2": 0.04342420927862873, "count": 35, "event": "cached_record", "family": "marmousi", "row": 5, "sample_id": "train_marmousi_00088", "shard": 3, "subset": "fit"}
{"base_rel_l2": 0.012591747328024828, "count": 35, "event": "cached_record", "family": "marmousi", "row": 6, "sample_id": "train_marmousi_00117", "shard": 3, "subset": "fit"}
{"base_rel_l2": 0.02101635126470866, "count": 35, "event": "cached_record", "family": "marmousi", "row": 7, "sample_id": "train_marmousi_00131", "shard": 3, "subset": "fit"}
{"base_rel_l2": 0.030313670245209416, "count": 35, "event": "cached_record", "family": "marmousi", "row": 8, "sample_id": "train_marmousi_00135", "shard": 3, "subset": "fit"}
{"base_rel_l2": 0.027209784748807093, "count": 35, "event": "cached_record", "family": "marmousi", "row": 9, "sample_id": "train_marmousi_00139", "shard": 3, "subset": "fit"}
{"base_rel_l2": 0.0388203502194894, "count": 35, "event": "cached_record", "family": "marmousi", "row": 10, "sample_id": "train_marmousi_00148", "shard": 3, "subset": "fit"}
{"base_rel_l2": 0.024477020669581934, "count": 35, "event": "cached_record", "family": "marmousi", "row": 11, "sample_id": "train_marmousi_00167", "shard": 3, "subset": "fit"}
{"base_rel_l2": 0.030153817506767214, "count": 35, "event": "cached_record", "family": "marmousi", "row": 12, "sample_id": "train_marmousi_00181", "shard": 3, "subset": "fit"}
{"base_rel_l2": 0.03136135317214195, "count": 35, "event": "cached_record", "family": "marmousi", "row": 13, "sample_id": "train_marmousi_00190", "shard": 3, "subset": "fit"}
{"base_rel_l2": 0.0181962722970032, "count": 35, "event": "cached_record", "family": "marmousi", "row": 14, "sample_id": "train_marmousi_00194", "shard": 3, "subset": "fit"}
{"base_rel_l2": 0.028064132926757794, "count": 35, "event": "cached_record", "family": "marmousi", "row": 15, "sample_id": "train_marmousi_00198", "shard": 3, "subset": "fit"}
{"base_rel_l2": 0.017556855189566196, "count": 35, "event": "cached_record", "family": "marmousi", "row": 16, "sample_id": "train_marmousi_00202", "shard": 3, "subset": "fit"}
{"base_rel_l2": 0.02038197817661266, "count": 35, "event": "cached_record", "family": "marmousi", "row": 17, "sample_id": "train_marmousi_00231", "shard": 3, "subset": "fit"}
{"base_rel_l2": 0.022413795747946216, "count": 35, "event": "cached_record", "family": "marmousi", "row": 18, "sample_id": "train_marmousi_00235", "shard": 3, "subset": "fit"}
{"base_rel_l2": 0.052878022314510366, "count": 35, "event": "cached_record", "family": "marmousi", "row": 19, "sample_id": "train_marmousi_00239", "shard": 3, "subset": "fit"}
{"base_rel_l2": 0.018877507547927195, "count": 35, "event": "cached_record", "family": "marmousi", "row": 20, "sample_id": "train_marmousi_00273", "shard": 3, "subset": "fit"}
{"base_rel_l2": 0.018654301107714343, "count": 35, "event": "cached_record", "family": "marmousi", "row": 21, "sample_id": "train_marmousi_00312", "shard": 3, "subset": "fit"}
{"base_rel_l2": 0.04584674922886979, "count": 35, "event": "cached_record", "family": "marmousi", "row": 22, "sample_id": "train_marmousi_00341", "shard": 3, "subset": "fit"}
{"base_rel_l2": 0.01290233449195131, "count": 35, "event": "cached_record", "family": "marmousi", "row": 23, "sample_id": "train_marmousi_00400", "shard": 3, "subset": "fit"}
{"base_rel_l2": 0.00962700738997304, "count": 35, "event": "cached_record", "family": "marmousi", "row": 24, "sample_id": "train_marmousi_00404", "shard": 3, "subset": "fit"}
{"base_rel_l2": 0.032700977516322574, "count": 35, "event": "cached_record", "family": "marmousi", "row": 25, "sample_id": "train_marmousi_00413", "shard": 3, "subset": "fit"}
{"base_rel_l2": 0.054607925521533804, "count": 35, "event": "cached_record", "family": "marmousi", "row": 26, "sample_id": "train_marmousi_00442", "shard": 3, "subset": "fit"}
{"base_rel_l2": 0.022925289048020065, "count": 35, "event": "cached_record", "family": "marmousi", "row": 27, "sample_id": "train_marmousi_00471", "shard": 3, "subset": "fit"}
{"base_rel_l2": 0.013821784368908003, "count": 35, "event": "cached_record", "family": "marmousi", "row": 28, "sample_id": "train_marmousi_00515", "shard": 3, "subset": "fit"}
{"base_rel_l2": 0.023650901621486427, "count": 35, "event": "cached_record", "family": "marmousi", "row": 29, "sample_id": "train_marmousi_00519", "shard": 3, "subset": "fit"}
{"base_rel_l2": 0.01444114449096847, "count": 35, "event": "cached_record", "family": "marmousi", "row": 30, "sample_id": "train_marmousi_00528", "shard": 3, "subset": "fit"}
{"base_rel_l2": 0.02292864404917902, "count": 35, "event": "cached_record", "family": "marmousi", "row": 31, "sample_id": "train_marmousi_00542", "shard": 3, "subset": "fit"}
{"base_rel_l2": 0.02798008984363309, "count": 35, "event": "cached_record", "family": "marmousi", "row": 32, "sample_id": "train_marmousi_00626", "shard": 3, "subset": "fit"}
{"base_rel_l2": 0.01819445546900307, "count": 35, "event": "cached_record", "family": "marmousi", "row": 33, "sample_id": "train_marmousi_00660", "shard": 3, "subset": "fit"}
{"base_rel_l2": 0.0109790889803603, "count": 35, "event": "cached_record", "family": "marmousi", "row": 34, "sample_id": "train_marmousi_00664", "shard": 3, "subset": "fit"}
{
  "base_checkpoint_sha256": "98c360f1739ef86c37652166a1ee447dd85dcd260494b93601fa5b2bf6f934e2",
  "base_record_rel_l2_max": 0.05773720130832059,
  "base_record_rel_l2_mean": 0.02666075892955533,
  "created_utc": "2026-08-28T00:13:34.107607+00:00",
  "dct_retained": 96,
  "elapsed_seconds": 288.7397995106876,
  "frequency_count": 75,
  "frequency_max_hz": 79.80049896240234,
  "frequency_min_hz": 5.985037326812744,
  "manifest_sha256": "df221497acd3bdd586f309ea17d32691993ac3dfeda18de1b1e6ae274739c156",
  "output": "/root/autodl-tmp/work/FNO-Acoustic-Wave-Simulation/grouped-dual-head-v2/results/r46_frequency_cache_marmousi_supplement_v1_20260828/fit_supplement_shard3.h5",
  "output_bytes": 197103276,
  "output_sha256": "aa098937ea5190b5665d98e84d98954b526e234c52aa228ab1c9cc15a6a6a03e",
  "record_count": 35,
  "schema": "r40_frequency_residual_cache_summary_v2",
  "selection_sha256": "1f4bbec7ea38ad53aea06744600ee5f920381f8bad33ab282bd87153f4bdd70d",
  "shard_count": 4,
  "shard_index": 3,
  "status": "complete",
  "subset": "fit",
  "test_id_opened": false,
  "validation_opened": false
}
