{"base_rel_l2": 0.013407301005837645, "count": 35, "event": "cached_record", "family": "marmousi", "row": 0, "sample_id": "train_marmousi_00011", "shard": 1, "subset": "fit"}
{"base_rel_l2": 0.022740167517689303, "count": 35, "event": "cached_record", "family": "marmousi", "row": 1, "sample_id": "train_marmousi_00020", "shard": 1, "subset": "fit"}
{"base_rel_l2": 0.010170123922623992, "count": 35, "event": "cached_record", "family": "marmousi", "row": 2, "sample_id": "train_marmousi_00024", "shard": 1, "subset": "fit"}
{"base_rel_l2": 0.01917512463420578, "count": 35, "event": "cached_record", "family": "marmousi", "row": 3, "sample_id": "train_marmousi_00073", "shard": 1, "subset": "fit"}
{"base_rel_l2": 0.01111734246461829, "count": 35, "event": "cached_record", "family": "marmousi", "row": 4, "sample_id": "train_marmousi_00082", "shard": 1, "subset": "fit"}
{"base_rel_l2": 0.02550846650217268, "count": 35, "event": "cached_record", "family": "marmousi", "row": 5, "sample_id": "train_marmousi_00086", "shard": 1, "subset": "fit"}
{"base_rel_l2": 0.01858756574295568, "count": 35, "event": "cached_record", "family": "marmousi", "row": 6, "sample_id": "train_marmousi_00115", "shard": 1, "subset": "fit"}
{"base_rel_l2": 0.015046903247613621, "count": 35, "event": "cached_record", "family": "marmousi", "row": 7, "sample_id": "train_marmousi_00119", "shard": 1, "subset": "fit"}
{"base_rel_l2": 0.01160252313520917, "count": 35, "event": "cached_record", "family": "marmousi", "row": 8, "sample_id": "train_marmousi_00133", "shard": 1, "subset": "fit"}
{"base_rel_l2": 0.02562505808455434, "count": 35, "event": "cached_record", "family": "marmousi", "row": 9, "sample_id": "train_marmousi_00137", "shard": 1, "subset": "fit"}
{"base_rel_l2": 0.022999942784590874, "count": 35, "event": "cached_record", "family": "marmousi", "row": 10, "sample_id": "train_marmousi_00146", "shard": 1, "subset": "fit"}
{"base_rel_l2": 0.015763470374931123, "count": 35, "event": "cached_record", "family": "marmousi", "row": 11, "sample_id": "train_marmousi_00165", "shard": 1, "subset": "fit"}
{"base_rel_l2": 0.021634849849217305, "count": 35, "event": "cached_record", "family": "marmousi", "row": 12, "sample_id": "train_marmousi_00169", "shard": 1, "subset": "fit"}
{"base_rel_l2": 0.017307664759049626, "count": 35, "event": "cached_record", "family": "marmousi", "row": 13, "sample_id": "train_marmousi_00183", "shard": 1, "subset": "fit"}
{"base_rel_l2": 0.015178432419504253, "count": 35, "event": "cached_record", "family": "marmousi", "row": 14, "sample_id": "train_marmousi_00192", "shard": 1, "subset": "fit"}
{"base_rel_l2": 0.013702598946233747, "count": 35, "event": "cached_record", "family": "marmousi", "row": 15, "sample_id": "train_marmousi_00196", "shard": 1, "subset": "fit"}
{"base_rel_l2": 0.0235670600502717, "count": 35, "event": "cached_record", "family": "marmousi", "row": 16, "sample_id": "train_marmousi_00200", "shard": 1, "subset": "fit"}
{"base_rel_l2": 0.020783183022716388, "count": 35, "event": "cached_record", "family": "marmousi", "row": 17, "sample_id": "train_marmousi_00204", "shard": 1, "subset": "fit"}
{"base_rel_l2": 0.04763901932897184, "count": 35, "event": "cached_record", "family": "marmousi", "row": 18, "sample_id": "train_marmousi_00233", "shard": 1, "subset": "fit"}
{"base_rel_l2": 0.019348000719434256, "count": 35, "event": "cached_record", "family": "marmousi", "row": 19, "sample_id": "train_marmousi_00237", "shard": 1, "subset": "fit"}
{"base_rel_l2": 0.021428930427105163, "count": 35, "event": "cached_record", "family": "marmousi", "row": 20, "sample_id": "train_marmousi_00271", "shard": 1, "subset": "fit"}
{"base_rel_l2": 0.038088780601849614, "count": 35, "event": "cached_record", "family": "marmousi", "row": 21, "sample_id": "train_marmousi_00310", "shard": 1, "subset": "fit"}
{"base_rel_l2": 0.027235490340555484, "count": 35, "event": "cached_record", "family": "marmousi", "row": 22, "sample_id": "train_marmousi_00314", "shard": 1, "subset": "fit"}
{"base_rel_l2": 0.034247815888444354, "count": 35, "event": "cached_record", "family": "marmousi", "row": 23, "sample_id": "train_marmousi_00343", "shard": 1, "subset": "fit"}
{"base_rel_l2": 0.020285021046177843, "count": 35, "event": "cached_record", "family": "marmousi", "row": 24, "sample_id": "train_marmousi_00402", "shard": 1, "subset": "fit"}
{"base_rel_l2": 0.01744520273148535, "count": 35, "event": "cached_record", "family": "marmousi", "row": 25, "sample_id": "train_marmousi_00411", "shard": 1, "subset": "fit"}
{"base_rel_l2": 0.05062812663408291, "count": 35, "event": "cached_record", "family": "marmousi", "row": 26, "sample_id": "train_marmousi_00440", "shard": 1, "subset": "fit"}
{"base_rel_l2": 0.04978342175505211, "count": 35, "event": "cached_record", "family": "marmousi", "row": 27, "sample_id": "train_marmousi_00444", "shard": 1, "subset": "fit"}
{"base_rel_l2": 0.02653877415650344, "count": 35, "event": "cached_record", "family": "marmousi", "row": 28, "sample_id": "train_marmousi_00473", "shard": 1, "subset": "fit"}
{"base_rel_l2": 0.014768624726764896, "count": 35, "event": "cached_record", "family": "marmousi", "row": 29, "sample_id": "train_marmousi_00517", "shard": 1, "subset": "fit"}
{"base_rel_l2": 0.05110849832338395, "count": 35, "event": "cached_record", "family": "marmousi", "row": 30, "sample_id": "train_marmousi_00526", "shard": 1, "subset": "fit"}
{"base_rel_l2": 0.014143954084511225, "count": 35, "event": "cached_record", "family": "marmousi", "row": 31, "sample_id": "train_marmousi_00540", "shard": 1, "subset": "fit"}
{"base_rel_l2": 0.03978927274916433, "count": 35, "event": "cached_record", "family": "marmousi", "row": 32, "sample_id": "train_marmousi_00544", "shard": 1, "subset": "fit"}
{"base_rel_l2": 0.04155107151021208, "count": 35, "event": "cached_record", "family": "marmousi", "row": 33, "sample_id": "train_marmousi_00628", "shard": 1, "subset": "fit"}
{"base_rel_l2": 0.016356221535162335, "count": 35, "event": "cached_record", "family": "marmousi", "row": 34, "sample_id": "train_marmousi_00662", "shard": 1, "subset": "fit"}
{
  "base_checkpoint_sha256": "98c360f1739ef86c37652166a1ee447dd85dcd260494b93601fa5b2bf6f934e2",
  "base_record_rel_l2_max": 0.05110849832338395,
  "base_record_rel_l2_mean": 0.024408685857795907,
  "created_utc": "2026-08-28T00:13:34.691455+00:00",
  "dct_retained": 96,
  "elapsed_seconds": 289.2571241874248,
  "frequency_count": 75,
  "frequency_max_hz": 79.80049896240234,
  "frequency_min_hz": 5.985037326812744,
  "manifest_sha256": "df221497acd3bdd586f309ea17d32691993ac3dfeda18de1b1e6ae274739c156",
  "output": "/root/autodl-tmp/work/FNO-Acoustic-Wave-Simulation/grouped-dual-head-v2/results/r46_frequency_cache_marmousi_supplement_v1_20260828/fit_supplement_shard1.h5",
  "output_bytes": 197109504,
  "output_sha256": "38862733e968f67e3b290478aa25b62a05bd6b4dc36bd910f4508eb4072b681a",
  "record_count": 35,
  "schema": "r40_frequency_residual_cache_summary_v2",
  "selection_sha256": "1f4bbec7ea38ad53aea06744600ee5f920381f8bad33ab282bd87153f4bdd70d",
  "shard_count": 4,
  "shard_index": 1,
  "status": "complete",
  "subset": "fit",
  "test_id_opened": false,
  "validation_opened": false
}
