{"base_rel_l2": 0.024590796146818715, "count": 35, "event": "cached_record", "family": "marmousi", "row": 0, "sample_id": "train_marmousi_00010", "shard": 0, "subset": "fit"}
{"base_rel_l2": 0.01648394512435491, "count": 35, "event": "cached_record", "family": "marmousi", "row": 1, "sample_id": "train_marmousi_00014", "shard": 0, "subset": "fit"}
{"base_rel_l2": 0.013578767591109117, "count": 35, "event": "cached_record", "family": "marmousi", "row": 2, "sample_id": "train_marmousi_00023", "shard": 0, "subset": "fit"}
{"base_rel_l2": 0.020353216994158634, "count": 35, "event": "cached_record", "family": "marmousi", "row": 3, "sample_id": "train_marmousi_00072", "shard": 0, "subset": "fit"}
{"base_rel_l2": 0.03115108122150211, "count": 35, "event": "cached_record", "family": "marmousi", "row": 4, "sample_id": "train_marmousi_00081", "shard": 0, "subset": "fit"}
{"base_rel_l2": 0.012921087766127728, "count": 35, "event": "cached_record", "family": "marmousi", "row": 5, "sample_id": "train_marmousi_00085", "shard": 0, "subset": "fit"}
{"base_rel_l2": 0.03441719014731286, "count": 35, "event": "cached_record", "family": "marmousi", "row": 6, "sample_id": "train_marmousi_00089", "shard": 0, "subset": "fit"}
{"base_rel_l2": 0.014646757751189208, "count": 35, "event": "cached_record", "family": "marmousi", "row": 7, "sample_id": "train_marmousi_00118", "shard": 0, "subset": "fit"}
{"base_rel_l2": 0.018616239548920416, "count": 35, "event": "cached_record", "family": "marmousi", "row": 8, "sample_id": "train_marmousi_00132", "shard": 0, "subset": "fit"}
{"base_rel_l2": 0.05183591437232473, "count": 35, "event": "cached_record", "family": "marmousi", "row": 9, "sample_id": "train_marmousi_00136", "shard": 0, "subset": "fit"}
{"base_rel_l2": 0.026399861435768057, "count": 35, "event": "cached_record", "family": "marmousi", "row": 10, "sample_id": "train_marmousi_00145", "shard": 0, "subset": "fit"}
{"base_rel_l2": 0.037991547901398276, "count": 35, "event": "cached_record", "family": "marmousi", "row": 11, "sample_id": "train_marmousi_00149", "shard": 0, "subset": "fit"}
{"base_rel_l2": 0.020033782127701457, "count": 35, "event": "cached_record", "family": "marmousi", "row": 12, "sample_id": "train_marmousi_00168", "shard": 0, "subset": "fit"}
{"base_rel_l2": 0.016372589629955133, "count": 35, "event": "cached_record", "family": "marmousi", "row": 13, "sample_id": "train_marmousi_00182", "shard": 0, "subset": "fit"}
{"base_rel_l2": 0.01240049051157045, "count": 35, "event": "cached_record", "family": "marmousi", "row": 14, "sample_id": "train_marmousi_00191", "shard": 0, "subset": "fit"}
{"base_rel_l2": 0.032874255660259845, "count": 35, "event": "cached_record", "family": "marmousi", "row": 15, "sample_id": "train_marmousi_00195", "shard": 0, "subset": "fit"}
{"base_rel_l2": 0.028238320736595848, "count": 35, "event": "cached_record", "family": "marmousi", "row": 16, "sample_id": "train_marmousi_00199", "shard": 0, "subset": "fit"}
{"base_rel_l2": 0.03236719044776671, "count": 35, "event": "cached_record", "family": "marmousi", "row": 17, "sample_id": "train_marmousi_00203", "shard": 0, "subset": "fit"}
{"base_rel_l2": 0.04631838237400883, "count": 35, "event": "cached_record", "family": "marmousi", "row": 18, "sample_id": "train_marmousi_00232", "shard": 0, "subset": "fit"}
{"base_rel_l2": 0.024540405300482265, "count": 35, "event": "cached_record", "family": "marmousi", "row": 19, "sample_id": "train_marmousi_00236", "shard": 0, "subset": "fit"}
{"base_rel_l2": 0.041335115077531716, "count": 35, "event": "cached_record", "family": "marmousi", "row": 20, "sample_id": "train_marmousi_00270", "shard": 0, "subset": "fit"}
{"base_rel_l2": 0.0181599056399189, "count": 35, "event": "cached_record", "family": "marmousi", "row": 21, "sample_id": "train_marmousi_00274", "shard": 0, "subset": "fit"}
{"base_rel_l2": 0.015448130667090913, "count": 35, "event": "cached_record", "family": "marmousi", "row": 22, "sample_id": "train_marmousi_00313", "shard": 0, "subset": "fit"}
{"base_rel_l2": 0.031138409269724606, "count": 35, "event": "cached_record", "family": "marmousi", "row": 23, "sample_id": "train_marmousi_00342", "shard": 0, "subset": "fit"}
{"base_rel_l2": 0.02134490298660961, "count": 35, "event": "cached_record", "family": "marmousi", "row": 24, "sample_id": "train_marmousi_00401", "shard": 0, "subset": "fit"}
{"base_rel_l2": 0.010356839527795614, "count": 35, "event": "cached_record", "family": "marmousi", "row": 25, "sample_id": "train_marmousi_00410", "shard": 0, "subset": "fit"}
{"base_rel_l2": 0.02079044665018768, "count": 35, "event": "cached_record", "family": "marmousi", "row": 26, "sample_id": "train_marmousi_00414", "shard": 0, "subset": "fit"}
{"base_rel_l2": 0.016042065604710963, "count": 35, "event": "cached_record", "family": "marmousi", "row": 27, "sample_id": "train_marmousi_00443", "shard": 0, "subset": "fit"}
{"base_rel_l2": 0.0339414044279522, "count": 35, "event": "cached_record", "family": "marmousi", "row": 28, "sample_id": "train_marmousi_00472", "shard": 0, "subset": "fit"}
{"base_rel_l2": 0.029894094420106297, "count": 35, "event": "cached_record", "family": "marmousi", "row": 29, "sample_id": "train_marmousi_00516", "shard": 0, "subset": "fit"}
{"base_rel_l2": 0.03943767264739814, "count": 35, "event": "cached_record", "family": "marmousi", "row": 30, "sample_id": "train_marmousi_00525", "shard": 0, "subset": "fit"}
{"base_rel_l2": 0.03742446037219019, "count": 35, "event": "cached_record", "family": "marmousi", "row": 31, "sample_id": "train_marmousi_00529", "shard": 0, "subset": "fit"}
{"base_rel_l2": 0.026046598710892006, "count": 35, "event": "cached_record", "family": "marmousi", "row": 32, "sample_id": "train_marmousi_00543", "shard": 0, "subset": "fit"}
{"base_rel_l2": 0.03396669130207776, "count": 35, "event": "cached_record", "family": "marmousi", "row": 33, "sample_id": "train_marmousi_00627", "shard": 0, "subset": "fit"}
{"base_rel_l2": 0.016481488963229884, "count": 35, "event": "cached_record", "family": "marmousi", "row": 34, "sample_id": "train_marmousi_00661", "shard": 0, "subset": "fit"}
{
  "base_checkpoint_sha256": "98c360f1739ef86c37652166a1ee447dd85dcd260494b93601fa5b2bf6f934e2",
  "base_record_rel_l2_max": 0.05183591437232473,
  "base_record_rel_l2_mean": 0.02594114425876405,
  "created_utc": "2026-08-28T00:13:36.141394+00:00",
  "dct_retained": 96,
  "elapsed_seconds": 290.88920937199146,
  "frequency_count": 75,
  "frequency_max_hz": 79.80049896240234,
  "frequency_min_hz": 5.985037326812744,
  "manifest_sha256": "df221497acd3bdd586f309ea17d32691993ac3dfeda18de1b1e6ae274739c156",
  "output": "/root/autodl-tmp/work/FNO-Acoustic-Wave-Simulation/grouped-dual-head-v2/results/r46_frequency_cache_marmousi_supplement_v1_20260828/fit_supplement_shard0.h5",
  "output_bytes": 197117528,
  "output_sha256": "63607126395ec0554b783c2e0da406de1923c6ffaa58c3f985efaf0481e9469d",
  "record_count": 35,
  "schema": "r40_frequency_residual_cache_summary_v2",
  "selection_sha256": "1f4bbec7ea38ad53aea06744600ee5f920381f8bad33ab282bd87153f4bdd70d",
  "shard_count": 4,
  "shard_index": 0,
  "status": "complete",
  "subset": "fit",
  "test_id_opened": false,
  "validation_opened": false
}
