{
  "completed_shards": [
    "/root/autodl-tmp/data/jiayh/data/acoustic_lwc84_2km_401x401_to_201_marmousi1_v2/shards/train/train-00003.h5",
    "/root/autodl-tmp/data/jiayh/data/acoustic_lwc84_2km_401x401_to_201_marmousi1_v2/shards/train/train-00007.h5",
    "/root/autodl-tmp/data/jiayh/data/acoustic_lwc84_2km_401x401_to_201_marmousi1_v2/shards/train/train-00011.h5",
    "/root/autodl-tmp/data/jiayh/data/acoustic_lwc84_2km_401x401_to_201_marmousi1_v2/shards/train/train-00015.h5",
    "/root/autodl-tmp/data/jiayh/data/acoustic_lwc84_2km_401x401_to_201_marmousi1_v2/shards/train/train-00019.h5",
    "/root/autodl-tmp/data/jiayh/data/acoustic_lwc84_2km_401x401_to_201_marmousi1_v2/shards/train/train-00023.h5",
    "/root/autodl-tmp/data/jiayh/data/acoustic_lwc84_2km_401x401_to_201_marmousi1_v2/shards/train/train-00027.h5",
    "/root/autodl-tmp/data/jiayh/data/acoustic_lwc84_2km_401x401_to_201_marmousi1_v2/shards/train/train-00031.h5",
    "/root/autodl-tmp/data/jiayh/data/acoustic_lwc84_2km_401x401_to_201_marmousi1_v2/shards/train/train-00035.h5",
    "/root/autodl-tmp/data/jiayh/data/acoustic_lwc84_2km_401x401_to_201_marmousi1_v2/shards/train/train-00039.h5",
    "/root/autodl-tmp/data/jiayh/data/acoustic_lwc84_2km_401x401_to_201_marmousi1_v2/shards/train/train-00043.h5",
    "/root/autodl-tmp/data/jiayh/data/acoustic_lwc84_2km_401x401_to_201_marmousi1_v2/shards/train/train-00047.h5",
    "/root/autodl-tmp/data/jiayh/data/acoustic_lwc84_2km_401x401_to_201_marmousi1_v2/shards/train/train-00051.h5",
    "/root/autodl-tmp/data/jiayh/data/acoustic_lwc84_2km_401x401_to_201_marmousi1_v2/shards/train/train-00055.h5",
    "/root/autodl-tmp/data/jiayh/data/acoustic_lwc84_2km_401x401_to_201_marmousi1_v2/shards/train/train-00059.h5",
    "/root/autodl-tmp/data/jiayh/data/acoustic_lwc84_2km_401x401_to_201_marmousi1_v2/shards/train/train-00063.h5",
    "/root/autodl-tmp/data/jiayh/data/acoustic_lwc84_2km_401x401_to_201_marmousi1_v2/shards/train/train-00067.h5",
    "/root/autodl-tmp/data/jiayh/data/acoustic_lwc84_2km_401x401_to_201_marmousi1_v2/shards/train/train-00071.h5",
    "/root/autodl-tmp/data/jiayh/data/acoustic_lwc84_2km_401x401_to_201_marmousi1_v2/shards/train/train-00075.h5",
    "/root/autodl-tmp/data/jiayh/data/acoustic_lwc84_2km_401x401_to_201_marmousi1_v2/shards/train/train-00079.h5",
    "/root/autodl-tmp/data/jiayh/data/acoustic_lwc84_2km_401x401_to_201_marmousi1_v2/shards/train/train-00083.h5",
    "/root/autodl-tmp/data/jiayh/data/acoustic_lwc84_2km_401x401_to_201_marmousi1_v2/shards/train/train-00087.h5"
  ],
  "num_workers": 4,
  "reused_shards": [],
  "status": "COMPLETE",
  "worker_rank": 3
}
{
  "completed_shards": [
    "/root/autodl-tmp/data/jiayh/data/acoustic_lwc84_2km_401x401_to_201_marmousi1_v2/shards/train/train-00002.h5",
    "/root/autodl-tmp/data/jiayh/data/acoustic_lwc84_2km_401x401_to_201_marmousi1_v2/shards/train/train-00006.h5",
    "/root/autodl-tmp/data/jiayh/data/acoustic_lwc84_2km_401x401_to_201_marmousi1_v2/shards/train/train-00010.h5",
    "/root/autodl-tmp/data/jiayh/data/acoustic_lwc84_2km_401x401_to_201_marmousi1_v2/shards/train/train-00014.h5",
    "/root/autodl-tmp/data/jiayh/data/acoustic_lwc84_2km_401x401_to_201_marmousi1_v2/shards/train/train-00018.h5",
    "/root/autodl-tmp/data/jiayh/data/acoustic_lwc84_2km_401x401_to_201_marmousi1_v2/shards/train/train-00022.h5",
    "/root/autodl-tmp/data/jiayh/data/acoustic_lwc84_2km_401x401_to_201_marmousi1_v2/shards/train/train-00026.h5",
    "/root/autodl-tmp/data/jiayh/data/acoustic_lwc84_2km_401x401_to_201_marmousi1_v2/shards/train/train-00030.h5",
    "/root/autodl-tmp/data/jiayh/data/acoustic_lwc84_2km_401x401_to_201_marmousi1_v2/shards/train/train-00034.h5",
    "/root/autodl-tmp/data/jiayh/data/acoustic_lwc84_2km_401x401_to_201_marmousi1_v2/shards/train/train-00038.h5",
    "/root/autodl-tmp/data/jiayh/data/acoustic_lwc84_2km_401x401_to_201_marmousi1_v2/shards/train/train-00042.h5",
    "/root/autodl-tmp/data/jiayh/data/acoustic_lwc84_2km_401x401_to_201_marmousi1_v2/shards/train/train-00046.h5",
    "/root/autodl-tmp/data/jiayh/data/acoustic_lwc84_2km_401x401_to_201_marmousi1_v2/shards/train/train-00050.h5",
    "/root/autodl-tmp/data/jiayh/data/acoustic_lwc84_2km_401x401_to_201_marmousi1_v2/shards/train/train-00054.h5",
    "/root/autodl-tmp/data/jiayh/data/acoustic_lwc84_2km_401x401_to_201_marmousi1_v2/shards/train/train-00058.h5",
    "/root/autodl-tmp/data/jiayh/data/acoustic_lwc84_2km_401x401_to_201_marmousi1_v2/shards/train/train-00062.h5",
    "/root/autodl-tmp/data/jiayh/data/acoustic_lwc84_2km_401x401_to_201_marmousi1_v2/shards/train/train-00066.h5",
    "/root/autodl-tmp/data/jiayh/data/acoustic_lwc84_2km_401x401_to_201_marmousi1_v2/shards/train/train-00070.h5",
    "/root/autodl-tmp/data/jiayh/data/acoustic_lwc84_2km_401x401_to_201_marmousi1_v2/shards/train/train-00074.h5",
    "/root/autodl-tmp/data/jiayh/data/acoustic_lwc84_2km_401x401_to_201_marmousi1_v2/shards/train/train-00078.h5",
    "/root/autodl-tmp/data/jiayh/data/acoustic_lwc84_2km_401x401_to_201_marmousi1_v2/shards/train/train-00082.h5",
    "/root/autodl-tmp/data/jiayh/data/acoustic_lwc84_2km_401x401_to_201_marmousi1_v2/shards/train/train-00086.h5"
  ],
  "num_workers": 4,
  "reused_shards": [],
  "status": "COMPLETE",
  "worker_rank": 2
}
