{"event": "cache_progress", "maximum_parent": 0.7012791633605957, "of": 136, "record": 1, "sample_id": "train_uniform_00174"}
{"event": "cache_progress", "maximum_parent": 2.421011209487915, "of": 136, "record": 5, "sample_id": "train_uniform_00153"}
{"event": "cache_progress", "maximum_parent": 3.879484176635742, "of": 136, "record": 9, "sample_id": "train_uniform_00297"}
{"event": "cache_progress", "maximum_parent": 6.819935321807861, "of": 136, "record": 13, "sample_id": "train_uniform_00014"}
{"event": "cache_progress", "maximum_parent": 6.819935321807861, "of": 136, "record": 17, "sample_id": "train_uniform_00065"}
{"event": "cache_progress", "maximum_parent": 6.819935321807861, "of": 136, "record": 21, "sample_id": "train_uniform_00394"}
{"event": "cache_progress", "maximum_parent": 6.819935321807861, "of": 136, "record": 25, "sample_id": "train_uniform_00155"}
{"event": "cache_progress", "maximum_parent": 6.819935321807861, "of": 136, "record": 29, "sample_id": "train_uniform_00318"}
{"event": "cache_progress", "maximum_parent": 6.819935321807861, "of": 136, "record": 33, "sample_id": "train_layered_00736"}
{"event": "cache_progress", "maximum_parent": 6.819935321807861, "of": 136, "record": 37, "sample_id": "train_layered_01092"}
{"event": "cache_progress", "maximum_parent": 6.819935321807861, "of": 136, "record": 41, "sample_id": "train_layered_00720"}
{"event": "cache_progress", "maximum_parent": 6.819935321807861, "of": 136, "record": 45, "sample_id": "train_layered_00696"}
{"event": "cache_progress", "maximum_parent": 6.819935321807861, "of": 136, "record": 49, "sample_id": "train_layered_00940"}
{"event": "cache_progress", "maximum_parent": 6.819935321807861, "of": 136, "record": 53, "sample_id": "train_layered_00268"}
{"event": "cache_progress", "maximum_parent": 6.819935321807861, "of": 136, "record": 57, "sample_id": "train_layered_00004"}
{"event": "cache_progress", "maximum_parent": 6.819935321807861, "of": 136, "record": 61, "sample_id": "train_layered_00188"}
{"event": "cache_progress", "maximum_parent": 6.819935321807861, "of": 136, "record": 65, "sample_id": "train_anomaly_00528"}
{"event": "cache_progress", "maximum_parent": 6.819935321807861, "of": 136, "record": 69, "sample_id": "train_anomaly_00552"}
{"event": "cache_progress", "maximum_parent": 6.819935321807861, "of": 136, "record": 73, "sample_id": "train_anomaly_00126"}
{"event": "cache_progress", "maximum_parent": 6.819935321807861, "of": 136, "record": 77, "sample_id": "train_anomaly_00374"}
{"event": "cache_progress", "maximum_parent": 6.819935321807861, "of": 136, "record": 81, "sample_id": "train_anomaly_00156"}
{"event": "cache_progress", "maximum_parent": 6.819935321807861, "of": 136, "record": 85, "sample_id": "train_anomaly_00066"}
{"event": "cache_progress", "maximum_parent": 6.819935321807861, "of": 136, "record": 89, "sample_id": "train_anomaly_00158"}
{"event": "cache_progress", "maximum_parent": 6.819935321807861, "of": 136, "record": 93, "sample_id": "train_anomaly_00150"}
{"event": "cache_progress", "maximum_parent": 6.819935321807861, "of": 136, "record": 97, "sample_id": "train_marmousi_00675"}
{"event": "cache_progress", "maximum_parent": 8.275334358215332, "of": 136, "record": 101, "sample_id": "train_marmousi_00679"}
{"event": "cache_progress", "maximum_parent": 8.275334358215332, "of": 136, "record": 105, "sample_id": "train_marmousi_00493"}
{"event": "cache_progress", "maximum_parent": 8.275334358215332, "of": 136, "record": 109, "sample_id": "train_marmousi_00232"}
{"event": "cache_progress", "maximum_parent": 8.644085884094238, "of": 136, "record": 113, "sample_id": "train_marmousi_00396"}
{"event": "cache_progress", "maximum_parent": 8.644085884094238, "of": 136, "record": 117, "sample_id": "train_marmousi_00175"}
{"event": "cache_progress", "maximum_parent": 8.644085884094238, "of": 136, "record": 121, "sample_id": "train_marmousi_00179"}
{"event": "cache_progress", "maximum_parent": 8.644085884094238, "of": 136, "record": 125, "sample_id": "train_marmousi_00438"}
{"event": "cache_progress", "maximum_parent": 8.644085884094238, "of": 136, "record": 129, "sample_id": "train_marmousi_00017"}
{"event": "cache_progress", "maximum_parent": 8.904892921447754, "of": 136, "record": 133, "sample_id": "train_marmousi_00256"}
{"event": "cache_progress", "maximum_parent": 9.947815895080566, "of": 136, "record": 136, "sample_id": "train_marmousi_00259"}
{"cache": "/root/autodl-tmp/work/FNO-Acoustic-Wave-Simulation/grouped-dual-head-v2/results/transfer_dg_parent_anchored_block32_r2_20260904/cache_full_136rec.h5", "cache_sha256": "a54b3450dc88a700bcb16334e71067d77747c689e7190b5de8d5297a090df71b", "status": "complete"}
