[2026-08-08 18:30:06,433] torch.distributed.run: [WARNING] master_addr is only used for static rdzv_backend and when rdzv_endpoint is not specified.
{"agg": 0.017094229204318898, "family": {"layered": 0.024561840466366038, "marmousi": 0.02671285722795159, "uniform": 7.989918639060064e-06}, "selection_metric": "scattering_relative_l2", "selection_score": 1.0000000842676033, "update": 0}
{"agg": 0.0173855886949406, "family": {"layered": 0.025439919770360055, "marmousi": 0.02670885639582268, "uniform": 7.989918639060064e-06}, "selection_metric": "scattering_relative_l2", "selection_score": 1.002901784885157, "update": 5}
^C[2026-08-08 18:37:09,854] torch.distributed.elastic.agent.server.api: [WARNING] Received Signals.SIGINT death signal, shutting down workers
[2026-08-08 18:37:09,856] torch.distributed.elastic.multiprocessing.api: [WARNING] Sending process 234179 closing signal SIGINT
[2026-08-08 18:37:09,857] torch.distributed.elastic.multiprocessing.api: [WARNING] Sending process 234180 closing signal SIGINT
[2026-08-08 18:37:09,857] torch.distributed.elastic.multiprocessing.api: [WARNING] Sending process 234181 closing signal SIGINT
[2026-08-08 18:37:09,857] torch.distributed.elastic.multiprocessing.api: [WARNING] Sending process 234182 closing signal SIGINT
Traceback (most recent call last):
  File "/root/autodl-tmp/work/FNO-Acoustic-Wave-Simulation/grouped-dual-head-v2/scripts/diagnose_helmholtz_g3_heldout.py", line 1923, in <module>
    raise SystemExit(main())
  File "/root/autodl-tmp/work/FNO-Acoustic-Wave-Simulation/grouped-dual-head-v2/scripts/diagnose_helmholtz_g3_heldout.py", line 1811, in main
    _run_segment(
  File "/root/autodl-tmp/work/FNO-Acoustic-Wave-Simulation/grouped-dual-head-v2/scripts/diagnose_helmholtz_g3_heldout.py", line 1613, in _run_segment
    components = _train_update(
  File "/root/autodl-tmp/work/FNO-Acoustic-Wave-Simulation/grouped-dual-head-v2/scripts/train_saved_time_v4_full_support.py", line 2612, in _train_update
    (loss * family_scale * field_piece_weight).backward(retain_graph=_retain)
  File "/root/miniconda3/lib/python3.10/site-packages/torch/_tensor.py", line 492, in backward
    torch.autograd.backward(
  File "/root/miniconda3/lib/python3.10/site-packages/torch/autograd/__init__.py", line 251, in backward
    Variable._execution_engine.run_backward(  # Calls into the C++ engine to run the backward pass
KeyboardInterrupt
Traceback (most recent call last):
  File "/root/autodl-tmp/work/FNO-Acoustic-Wave-Simulation/grouped-dual-head-v2/scripts/diagnose_helmholtz_g3_heldout.py", line 1923, in <module>
    raise SystemExit(main())
  File "/root/autodl-tmp/work/FNO-Acoustic-Wave-Simulation/grouped-dual-head-v2/scripts/diagnose_helmholtz_g3_heldout.py", line 1811, in main
    _run_segment(
  File "/root/autodl-tmp/work/FNO-Acoustic-Wave-Simulation/grouped-dual-head-v2/scripts/diagnose_helmholtz_g3_heldout.py", line 1613, in _run_segment
    components = _train_update(
  File "/root/autodl-tmp/work/FNO-Acoustic-Wave-Simulation/grouped-dual-head-v2/scripts/train_saved_time_v4_full_support.py", line 2612, in _train_update
    (loss * family_scale * field_piece_weight).backward(retain_graph=_retain)
  File "/root/miniconda3/lib/python3.10/site-packages/torch/_tensor.py", line 492, in backward
    torch.autograd.backward(
  File "/root/miniconda3/lib/python3.10/site-packages/torch/autograd/__init__.py", line 251, in backward
    Variable._execution_engine.run_backward(  # Calls into the C++ engine to run the backward pass
KeyboardInterrupt
Traceback (most recent call last):
  File "/root/autodl-tmp/work/FNO-Acoustic-Wave-Simulation/grouped-dual-head-v2/scripts/diagnose_helmholtz_g3_heldout.py", line 1923, in <module>
    raise SystemExit(main())
  File "/root/autodl-tmp/work/FNO-Acoustic-Wave-Simulation/grouped-dual-head-v2/scripts/diagnose_helmholtz_g3_heldout.py", line 1811, in main
    _run_segment(
  File "/root/autodl-tmp/work/FNO-Acoustic-Wave-Simulation/grouped-dual-head-v2/scripts/diagnose_helmholtz_g3_heldout.py", line 1613, in _run_segment
    components = _train_update(
  File "/root/autodl-tmp/work/FNO-Acoustic-Wave-Simulation/grouped-dual-head-v2/scripts/train_saved_time_v4_full_support.py", line 2612, in _train_update
    (loss * family_scale * field_piece_weight).backward(retain_graph=_retain)
  File "/root/miniconda3/lib/python3.10/site-packages/torch/_tensor.py", line 492, in backward
    torch.autograd.backward(
  File "/root/miniconda3/lib/python3.10/site-packages/torch/autograd/__init__.py", line 251, in backward
    Variable._execution_engine.run_backward(  # Calls into the C++ engine to run the backward pass
KeyboardInterrupt
Traceback (most recent call last):
  File "/root/autodl-tmp/work/FNO-Acoustic-Wave-Simulation/grouped-dual-head-v2/scripts/diagnose_helmholtz_g3_heldout.py", line 1923, in <module>
    raise SystemExit(main())
  File "/root/autodl-tmp/work/FNO-Acoustic-Wave-Simulation/grouped-dual-head-v2/scripts/diagnose_helmholtz_g3_heldout.py", line 1811, in main
    _run_segment(
  File "/root/autodl-tmp/work/FNO-Acoustic-Wave-Simulation/grouped-dual-head-v2/scripts/diagnose_helmholtz_g3_heldout.py", line 1613, in _run_segment
    components = _train_update(
  File "/root/autodl-tmp/work/FNO-Acoustic-Wave-Simulation/grouped-dual-head-v2/scripts/train_saved_time_v4_full_support.py", line 2612, in _train_update
    (loss * family_scale * field_piece_weight).backward(retain_graph=_retain)
  File "/root/miniconda3/lib/python3.10/site-packages/torch/_tensor.py", line 492, in backward
    torch.autograd.backward(
  File "/root/miniconda3/lib/python3.10/site-packages/torch/autograd/__init__.py", line 251, in backward
    Variable._execution_engine.run_backward(  # Calls into the C++ engine to run the backward pass
KeyboardInterrupt
Traceback (most recent call last):
  File "/root/miniconda3/bin/torchrun", line 8, in <module>
    sys.exit(main())
  File "/root/miniconda3/lib/python3.10/site-packages/torch/distributed/elastic/multiprocessing/errors/__init__.py", line 346, in wrapper
    return f(*args, **kwargs)
  File "/root/miniconda3/lib/python3.10/site-packages/torch/distributed/run.py", line 806, in main
    run(args)
  File "/root/miniconda3/lib/python3.10/site-packages/torch/distributed/run.py", line 797, in run
    elastic_launch(
  File "/root/miniconda3/lib/python3.10/site-packages/torch/distributed/launcher/api.py", line 134, in __call__
    return launch_agent(self._config, self._entrypoint, list(args))
  File "/root/miniconda3/lib/python3.10/site-packages/torch/distributed/launcher/api.py", line 255, in launch_agent
    result = agent.run()
  File "/root/miniconda3/lib/python3.10/site-packages/torch/distributed/elastic/metrics/api.py", line 124, in wrapper
    result = f(*args, **kwargs)
  File "/root/miniconda3/lib/python3.10/site-packages/torch/distributed/elastic/agent/server/api.py", line 736, in run
    result = self._invoke_run(role)
  File "/root/miniconda3/lib/python3.10/site-packages/torch/distributed/elastic/agent/server/api.py", line 877, in _invoke_run
    time.sleep(monitor_interval)
  File "/root/miniconda3/lib/python3.10/site-packages/torch/distributed/elastic/multiprocessing/api.py", line 62, in _terminate_process_handler
    raise SignalException(f"Process {os.getpid()} got signal: {sigval}", sigval=sigval)
torch.distributed.elastic.multiprocessing.api.SignalException: Process 234140 got signal: 2
