{
  "computed_from_split": "train",
  "config_sha256": "7eaf0cadec112762f614e9a7b72dd010dd36478c7e281701a0febf5b8bf5294d",
  "dataset": "/root/autodl-tmp/data/jiayh/data/acoustic_lwc84_2km_401x401_to_201_train_marmousi_hires_v2/dataset_v2.h5",
  "dataset_sample_count": 4003,
  "final_cache_evictions": 351,
  "initial_cache_evictions": 351,
  "manifest_sha256": "57334b5298b816414279ba24ea58e20a2bb42aee82b1f54b37e08ad4ac45af05",
  "marmousi_sha256": "271047dc6878a7b706025abe7915ba1cdd8a0f65186f486d5428be6bc40d3ba0",
  "physical_train_shards_processed": 351,
  "schema_version": 1,
  "train_sample_count": 2800,
  "velocity": {
    "count": 113122800,
    "mean": 3508.820023170146,
    "std": 1204.8298499875236
  },
  "wavefield": {
    "count": 45362242800,
    "mean": 3.965911690392942e-14,
    "std": 1.0653423151698984e-09
  }
}
