{"command": ["/root/miniconda3/bin/python", "scripts/train_residual_iterator.py", "--config", "/root/autodl-tmp/work/FNO-Acoustic-Wave-Simulation/grouped-dual-head-v2/configs/saved_time_v5/residual_iterator_phase4b.yaml", "--parent-checkpoint", "/root/autodl-tmp/work/FNO-Acoustic-Wave-Simulation/grouped-dual-head-v2/results/helmholtz_g3_phase4b_vrba_frames32_pf420_ep5_20260807T031404Z/checkpoints/update_0265.pt", "--parent-run-identity", "/root/autodl-tmp/work/FNO-Acoustic-Wave-Simulation/grouped-dual-head-v2/results/helmholtz_g3_phase4b_vrba_frames32_pf420_ep5_20260807T031404Z/run_identity.json", "--device", "cuda", "--epochs", "1", "--time-window", "16", "--patch-size", "96", "--iterations", "4", "--width", "24", "--learning-rate", "0.0002", "--smoke", "--output-dir", "/root/autodl-tmp/work/FNO-Acoustic-Wave-Simulation/grouped-dual-head-v2/results/residual_iterator_phase4b_r3rams_p0p1_20260807T041117Z/smoke_batch2", "--per-rank-batch-size", "2"]}
{"pid": 916607}
Traceback (most recent call last):
  File "/root/autodl-tmp/work/FNO-Acoustic-Wave-Simulation/grouped-dual-head-v2/scripts/train_residual_iterator.py", line 455, in <module>
    raise SystemExit(main())
  File "/root/autodl-tmp/work/FNO-Acoustic-Wave-Simulation/grouped-dual-head-v2/scripts/train_residual_iterator.py", line 435, in main
    train_residual_iterator(
  File "/root/autodl-tmp/work/FNO-Acoustic-Wave-Simulation/grouped-dual-head-v2/scripts/train_residual_iterator.py", line 266, in train_residual_iterator
    states, residuals = unroll_residual_iterator(
  File "/root/autodl-tmp/work/FNO-Acoustic-Wave-Simulation/grouped-dual-head-v2/saved_time_phase_operator_v4/instance_adaptation/residual_iterator.py", line 383, in unroll_residual_iterator
    step_dt = _uniform_saved_dt(times) if dt is None else float(dt)
  File "/root/autodl-tmp/work/FNO-Acoustic-Wave-Simulation/grouped-dual-head-v2/saved_time_phase_operator_v4/instance_adaptation/residual_iterator.py", line 231, in _uniform_saved_dt
    raise ValueError("residual iteration requires one uniform saved-time spacing")
ValueError: residual iteration requires one uniform saved-time spacing
{"command": ["/root/miniconda3/bin/python", "scripts/train_residual_iterator.py", "--config", "/root/autodl-tmp/work/FNO-Acoustic-Wave-Simulation/grouped-dual-head-v2/configs/saved_time_v5/residual_iterator_phase4b.yaml", "--parent-checkpoint", "/root/autodl-tmp/work/FNO-Acoustic-Wave-Simulation/grouped-dual-head-v2/results/helmholtz_g3_phase4b_vrba_frames32_pf420_ep5_20260807T031404Z/checkpoints/update_0265.pt", "--parent-run-identity", "/root/autodl-tmp/work/FNO-Acoustic-Wave-Simulation/grouped-dual-head-v2/results/helmholtz_g3_phase4b_vrba_frames32_pf420_ep5_20260807T031404Z/run_identity.json", "--device", "cuda", "--epochs", "1", "--time-window", "16", "--patch-size", "96", "--iterations", "4", "--width", "24", "--learning-rate", "0.0002", "--smoke", "--output-dir", "/root/autodl-tmp/work/FNO-Acoustic-Wave-Simulation/grouped-dual-head-v2/results/residual_iterator_phase4b_r3rams_p0p1_20260807T041117Z/smoke_batch1", "--per-rank-batch-size", "1"]}
{"pid": 916912}
Traceback (most recent call last):
  File "/root/autodl-tmp/work/FNO-Acoustic-Wave-Simulation/grouped-dual-head-v2/scripts/train_residual_iterator.py", line 455, in <module>
    raise SystemExit(main())
  File "/root/autodl-tmp/work/FNO-Acoustic-Wave-Simulation/grouped-dual-head-v2/scripts/train_residual_iterator.py", line 435, in main
    train_residual_iterator(
  File "/root/autodl-tmp/work/FNO-Acoustic-Wave-Simulation/grouped-dual-head-v2/scripts/train_residual_iterator.py", line 266, in train_residual_iterator
    states, residuals = unroll_residual_iterator(
  File "/root/autodl-tmp/work/FNO-Acoustic-Wave-Simulation/grouped-dual-head-v2/saved_time_phase_operator_v4/instance_adaptation/residual_iterator.py", line 383, in unroll_residual_iterator
    step_dt = _uniform_saved_dt(times) if dt is None else float(dt)
  File "/root/autodl-tmp/work/FNO-Acoustic-Wave-Simulation/grouped-dual-head-v2/saved_time_phase_operator_v4/instance_adaptation/residual_iterator.py", line 231, in _uniform_saved_dt
    raise ValueError("residual iteration requires one uniform saved-time spacing")
ValueError: residual iteration requires one uniform saved-time spacing
