{"event": "cache_record", "shard": 2, "record": 1, "of": 64, "sample_id": "train_uniform_00311", "family": "uniform", "elapsed_s": 30.7, "maximum_normalized": 1.8850960731506348}
{"event": "cache_record", "shard": 2, "record": 2, "of": 64, "sample_id": "train_uniform_00285", "family": "uniform", "elapsed_s": 56.9, "maximum_normalized": 6.239406108856201}
{"event": "cache_record", "shard": 2, "record": 3, "of": 64, "sample_id": "train_uniform_00073", "family": "uniform", "elapsed_s": 83.3, "maximum_normalized": 3.670809030532837}
{"event": "cache_record", "shard": 2, "record": 4, "of": 64, "sample_id": "train_uniform_00377", "family": "uniform", "elapsed_s": 112.3, "maximum_normalized": 2.761315107345581}
{"event": "cache_record", "shard": 2, "record": 5, "of": 64, "sample_id": "train_uniform_00193", "family": "uniform", "elapsed_s": 138.3, "maximum_normalized": 2.72940993309021}
{"event": "cache_record", "shard": 2, "record": 6, "of": 64, "sample_id": "train_uniform_00411", "family": "uniform", "elapsed_s": 173.4, "maximum_normalized": 23.939821243286133}
{"event": "cache_record", "shard": 2, "record": 7, "of": 64, "sample_id": "train_uniform_00381", "family": "uniform", "elapsed_s": 205.5, "maximum_normalized": 68.612548828125}
{"event": "cache_record", "shard": 2, "record": 8, "of": 64, "sample_id": "train_uniform_00208", "family": "uniform", "elapsed_s": 239.6, "maximum_normalized": 56.09583282470703}
{"event": "cache_record", "shard": 2, "record": 9, "of": 64, "sample_id": "train_uniform_00154", "family": "uniform", "elapsed_s": 268.1, "maximum_normalized": 31.89144515991211}
{"event": "cache_record", "shard": 2, "record": 10, "of": 64, "sample_id": "train_uniform_00041", "family": "uniform", "elapsed_s": 295.3, "maximum_normalized": 2.050779104232788}
{"event": "cache_record", "shard": 2, "record": 11, "of": 64, "sample_id": "train_uniform_00109", "family": "uniform", "elapsed_s": 322.0, "maximum_normalized": 5.435088157653809}
{"event": "cache_record", "shard": 2, "record": 12, "of": 64, "sample_id": "train_uniform_00402", "family": "uniform", "elapsed_s": 356.9, "maximum_normalized": 15.135080337524414}
{"event": "cache_record", "shard": 2, "record": 13, "of": 64, "sample_id": "train_uniform_00195", "family": "uniform", "elapsed_s": 385.8, "maximum_normalized": 8.056289672851562}
{"event": "cache_record", "shard": 2, "record": 14, "of": 64, "sample_id": "train_uniform_00404", "family": "uniform", "elapsed_s": 417.8, "maximum_normalized": 2.884056329727173}
{"event": "cache_record", "shard": 2, "record": 15, "of": 64, "sample_id": "train_uniform_00337", "family": "uniform", "elapsed_s": 448.9, "maximum_normalized": 51.5479850769043}
{"event": "cache_record", "shard": 2, "record": 16, "of": 64, "sample_id": "train_uniform_00289", "family": "uniform", "elapsed_s": 476.0, "maximum_normalized": 11.836853981018066}
{"event": "cache_record", "shard": 2, "record": 17, "of": 64, "sample_id": "train_layered_00249", "family": "layered", "elapsed_s": 502.6, "maximum_normalized": 4.345002174377441}
{"event": "cache_record", "shard": 2, "record": 18, "of": 64, "sample_id": "train_layered_00095", "family": "layered", "elapsed_s": 530.0, "maximum_normalized": 27.06421661376953}
{"event": "cache_record", "shard": 2, "record": 19, "of": 64, "sample_id": "train_layered_00443", "family": "layered", "elapsed_s": 562.3, "maximum_normalized": 7.21058988571167}
{"event": "cache_record", "shard": 2, "record": 20, "of": 64, "sample_id": "train_layered_00374", "family": "layered", "elapsed_s": 589.7, "maximum_normalized": 8.455696105957031}
{"event": "cache_record", "shard": 2, "record": 21, "of": 64, "sample_id": "train_layered_01072", "family": "layered", "elapsed_s": 616.6, "maximum_normalized": 7.031994342803955}
{"event": "cache_record", "shard": 2, "record": 22, "of": 64, "sample_id": "train_layered_00711", "family": "layered", "elapsed_s": 643.7, "maximum_normalized": 7.677158832550049}
{"event": "cache_record", "shard": 2, "record": 23, "of": 64, "sample_id": "train_layered_00459", "family": "layered", "elapsed_s": 670.9, "maximum_normalized": 6.346031188964844}
{"event": "cache_record", "shard": 2, "record": 24, "of": 64, "sample_id": "train_layered_00563", "family": "layered", "elapsed_s": 698.0, "maximum_normalized": 5.896839618682861}
{"event": "cache_record", "shard": 2, "record": 25, "of": 64, "sample_id": "train_layered_00280", "family": "layered", "elapsed_s": 726.2, "maximum_normalized": 5.095247268676758}
{"event": "cache_record", "shard": 2, "record": 26, "of": 64, "sample_id": "train_layered_00881", "family": "layered", "elapsed_s": 752.2, "maximum_normalized": 11.535984992980957}
{"event": "cache_record", "shard": 2, "record": 27, "of": 64, "sample_id": "train_layered_00470", "family": "layered", "elapsed_s": 777.8, "maximum_normalized": 2.8258886337280273}
{"event": "cache_record", "shard": 2, "record": 28, "of": 64, "sample_id": "train_layered_01064", "family": "layered", "elapsed_s": 803.7, "maximum_normalized": 5.940633296966553}
{"event": "cache_record", "shard": 2, "record": 29, "of": 64, "sample_id": "train_layered_00196", "family": "layered", "elapsed_s": 836.3, "maximum_normalized": 3.8330724239349365}
{"event": "cache_record", "shard": 2, "record": 30, "of": 64, "sample_id": "train_layered_01032", "family": "layered", "elapsed_s": 863.0, "maximum_normalized": 3.764683723449707}
{"event": "cache_record", "shard": 2, "record": 31, "of": 64, "sample_id": "train_layered_00018", "family": "layered", "elapsed_s": 894.3, "maximum_normalized": 6.222043514251709}
{"event": "cache_record", "shard": 2, "record": 32, "of": 64, "sample_id": "train_layered_00545", "family": "layered", "elapsed_s": 921.6, "maximum_normalized": 3.425778388977051}
{"event": "cache_record", "shard": 2, "record": 33, "of": 64, "sample_id": "train_anomaly_00241", "family": "anomaly", "elapsed_s": 947.5, "maximum_normalized": 6.616746425628662}
{"event": "cache_record", "shard": 2, "record": 34, "of": 64, "sample_id": "train_anomaly_00306", "family": "anomaly", "elapsed_s": 973.3, "maximum_normalized": 44.95226287841797}
{"event": "cache_record", "shard": 2, "record": 35, "of": 64, "sample_id": "train_anomaly_00127", "family": "anomaly", "elapsed_s": 999.0, "maximum_normalized": 34.67591857910156}
{"event": "cache_record", "shard": 2, "record": 36, "of": 64, "sample_id": "train_anomaly_00376", "family": "anomaly", "elapsed_s": 1025.1, "maximum_normalized": 9.32816219329834}
{"event": "cache_record", "shard": 2, "record": 37, "of": 64, "sample_id": "train_anomaly_00100", "family": "anomaly", "elapsed_s": 1052.2, "maximum_normalized": 3.083261013031006}
{"event": "cache_record", "shard": 2, "record": 38, "of": 64, "sample_id": "train_anomaly_00208", "family": "anomaly", "elapsed_s": 1079.1, "maximum_normalized": 10.278724670410156}
{"event": "cache_record", "shard": 2, "record": 39, "of": 64, "sample_id": "train_anomaly_00530", "family": "anomaly", "elapsed_s": 1105.8, "maximum_normalized": 7.426387786865234}
{"event": "cache_record", "shard": 2, "record": 40, "of": 64, "sample_id": "train_anomaly_00112", "family": "anomaly", "elapsed_s": 1131.5, "maximum_normalized": 15.682968139648438}
{"event": "cache_record", "shard": 2, "record": 41, "of": 64, "sample_id": "train_anomaly_00527", "family": "anomaly", "elapsed_s": 1158.4, "maximum_normalized": 35.73369216918945}
{"event": "cache_record", "shard": 2, "record": 42, "of": 64, "sample_id": "train_anomaly_00188", "family": "anomaly", "elapsed_s": 1187.6, "maximum_normalized": 8.231111526489258}
{"event": "cache_record", "shard": 2, "record": 43, "of": 64, "sample_id": "train_anomaly_00393", "family": "anomaly", "elapsed_s": 1218.9, "maximum_normalized": 6.413486480712891}
{"event": "cache_record", "shard": 2, "record": 44, "of": 64, "sample_id": "train_anomaly_00478", "family": "anomaly", "elapsed_s": 1245.5, "maximum_normalized": 45.003028869628906}
{"event": "cache_record", "shard": 2, "record": 45, "of": 64, "sample_id": "train_anomaly_00064", "family": "anomaly", "elapsed_s": 1275.6, "maximum_normalized": 9.86381721496582}
{"event": "cache_record", "shard": 2, "record": 46, "of": 64, "sample_id": "train_anomaly_00211", "family": "anomaly", "elapsed_s": 1302.4, "maximum_normalized": 3.2929630279541016}
{"event": "cache_record", "shard": 2, "record": 47, "of": 64, "sample_id": "train_anomaly_00350", "family": "anomaly", "elapsed_s": 1329.6, "maximum_normalized": 29.258310317993164}
{"event": "cache_record", "shard": 2, "record": 48, "of": 64, "sample_id": "train_anomaly_00106", "family": "anomaly", "elapsed_s": 1356.8, "maximum_normalized": 16.84197235107422}
{"event": "cache_record", "shard": 2, "record": 49, "of": 64, "sample_id": "train_marmousi_00015", "family": "marmousi", "elapsed_s": 1383.9, "maximum_normalized": 149.0826416015625}
{"event": "cache_record", "shard": 2, "record": 50, "of": 64, "sample_id": "train_marmousi_00112", "family": "marmousi", "elapsed_s": 1416.2, "maximum_normalized": 81.95941162109375}
{"event": "cache_record", "shard": 2, "record": 51, "of": 64, "sample_id": "train_marmousi_00562", "family": "marmousi", "elapsed_s": 1444.5, "maximum_normalized": 83.33025360107422}
{"event": "cache_record", "shard": 2, "record": 52, "of": 64, "sample_id": "train_marmousi_00177", "family": "marmousi", "elapsed_s": 1474.6, "maximum_normalized": 138.52259826660156}
{"event": "cache_record", "shard": 2, "record": 53, "of": 64, "sample_id": "train_marmousi_00666", "family": "marmousi", "elapsed_s": 1506.6, "maximum_normalized": 111.19469451904297}
{"event": "cache_record", "shard": 2, "record": 54, "of": 64, "sample_id": "train_marmousi_00304", "family": "marmousi", "elapsed_s": 1538.3, "maximum_normalized": 55.93450164794922}
{"event": "cache_record", "shard": 2, "record": 55, "of": 64, "sample_id": "train_marmousi_00241", "family": "marmousi", "elapsed_s": 1574.7, "maximum_normalized": 46.64316177368164}
{"event": "cache_record", "shard": 2, "record": 56, "of": 64, "sample_id": "train_marmousi_00380", "family": "marmousi", "elapsed_s": 1606.0, "maximum_normalized": 141.30433654785156}
{"event": "cache_record", "shard": 2, "record": 57, "of": 64, "sample_id": "train_marmousi_00321", "family": "marmousi", "elapsed_s": 1634.8, "maximum_normalized": 115.41850280761719}
{"event": "cache_record", "shard": 2, "record": 58, "of": 64, "sample_id": "train_marmousi_00025", "family": "marmousi", "elapsed_s": 1664.8, "maximum_normalized": 88.24713897705078}
{"event": "cache_record", "shard": 2, "record": 59, "of": 64, "sample_id": "train_marmousi_00353", "family": "marmousi", "elapsed_s": 1697.3, "maximum_normalized": 151.9337158203125}
{"event": "cache_record", "shard": 2, "record": 60, "of": 64, "sample_id": "train_marmousi_00394", "family": "marmousi", "elapsed_s": 1725.1, "maximum_normalized": 121.34454345703125}
{"event": "cache_record", "shard": 2, "record": 61, "of": 64, "sample_id": "train_marmousi_00509", "family": "marmousi", "elapsed_s": 1752.5, "maximum_normalized": 104.20752716064453}
{"event": "cache_record", "shard": 2, "record": 62, "of": 64, "sample_id": "train_marmousi_00147", "family": "marmousi", "elapsed_s": 1779.0, "maximum_normalized": 113.94225311279297}
{"event": "cache_record", "shard": 2, "record": 63, "of": 64, "sample_id": "train_marmousi_00419", "family": "marmousi", "elapsed_s": 1811.2, "maximum_normalized": 60.32240676879883}
{"event": "cache_record", "shard": 2, "record": 64, "of": 64, "sample_id": "train_marmousi_00073", "family": "marmousi", "elapsed_s": 1839.7, "maximum_normalized": 148.17213439941406}
{
  "elapsed_s": 1840.7376117706299,
  "family_counts": {
    "anomaly": 16,
    "layered": 16,
    "marmousi": 16,
    "uniform": 16
  },
  "frequency_count": 64,
  "manifest": "/root/autodl-tmp/work/FNO-Acoustic-Wave-Simulation/grouped-dual-head-v2/results/transfer_dg_wfp_e1_manifest_256_20260902.json",
  "manifest_sha256": "798099eea32ab3d4073221a39edc0822e6cf9dc7a4f46fa9c78f5fc9c28a7b66",
  "maximum_normalized": 151.9337158203125,
  "output": "/root/autodl-tmp/work/FNO-Acoustic-Wave-Simulation/grouped-dual-head-v2/results/transfer_dg_wfp_e1_cache_20260902/shard_2.h5",
  "output_bytes": 1296474475,
  "output_sha256": "851c6949155eba04d1b0d18cff1dc0597548e0e9ed9cbe9f86e768d846bc49b6",
  "record_count": 64,
  "role_counts": {
    "fit": 44,
    "holdout": 20
  },
  "schema": "transfer_dg_wfp_e1_cache_summary_v1",
  "selection_sha256": "a632e678456698ee4268592c6fcac944f119040ba7347ad840ef3b034d2f1aa1",
  "shard_count": 4,
  "shard_index": 2,
  "status": "complete",
  "test_id_opened": false,
  "validation_opened": false
}
