{"event": "cache_record", "shard": 0, "record": 1, "of": 64, "sample_id": "train_uniform_00251", "family": "uniform", "elapsed_s": 33.4, "maximum_normalized": 7.592241287231445}
{"event": "cache_record", "shard": 0, "record": 2, "of": 64, "sample_id": "train_uniform_00049", "family": "uniform", "elapsed_s": 65.1, "maximum_normalized": 106.92659759521484}
{"event": "cache_record", "shard": 0, "record": 3, "of": 64, "sample_id": "train_uniform_00018", "family": "uniform", "elapsed_s": 95.4, "maximum_normalized": 50.5452995300293}
{"event": "cache_record", "shard": 0, "record": 4, "of": 64, "sample_id": "train_uniform_00238", "family": "uniform", "elapsed_s": 123.5, "maximum_normalized": 53.721683502197266}
{"event": "cache_record", "shard": 0, "record": 5, "of": 64, "sample_id": "train_uniform_00236", "family": "uniform", "elapsed_s": 152.3, "maximum_normalized": 8.046235084533691}
{"event": "cache_record", "shard": 0, "record": 6, "of": 64, "sample_id": "train_uniform_00320", "family": "uniform", "elapsed_s": 183.3, "maximum_normalized": 11.753643989562988}
{"event": "cache_record", "shard": 0, "record": 7, "of": 64, "sample_id": "train_uniform_00324", "family": "uniform", "elapsed_s": 211.5, "maximum_normalized": 12.979418754577637}
{"event": "cache_record", "shard": 0, "record": 8, "of": 64, "sample_id": "train_uniform_00255", "family": "uniform", "elapsed_s": 241.5, "maximum_normalized": 14.865314483642578}
{"event": "cache_record", "shard": 0, "record": 9, "of": 64, "sample_id": "train_uniform_00172", "family": "uniform", "elapsed_s": 267.5, "maximum_normalized": 3.9114441871643066}
{"event": "cache_record", "shard": 0, "record": 10, "of": 64, "sample_id": "train_uniform_00199", "family": "uniform", "elapsed_s": 293.3, "maximum_normalized": 4.2965545654296875}
{"event": "cache_record", "shard": 0, "record": 11, "of": 64, "sample_id": "train_uniform_00384", "family": "uniform", "elapsed_s": 318.9, "maximum_normalized": 21.455230712890625}
{"event": "cache_record", "shard": 0, "record": 12, "of": 64, "sample_id": "train_uniform_00014", "family": "uniform", "elapsed_s": 347.3, "maximum_normalized": 1.912157654762268}
{"event": "cache_record", "shard": 0, "record": 13, "of": 64, "sample_id": "train_uniform_00094", "family": "uniform", "elapsed_s": 374.9, "maximum_normalized": 11.552248001098633}
{"event": "cache_record", "shard": 0, "record": 14, "of": 64, "sample_id": "train_uniform_00262", "family": "uniform", "elapsed_s": 400.5, "maximum_normalized": 4.372656345367432}
{"event": "cache_record", "shard": 0, "record": 15, "of": 64, "sample_id": "train_uniform_00077", "family": "uniform", "elapsed_s": 426.3, "maximum_normalized": 66.26045227050781}
{"event": "cache_record", "shard": 0, "record": 16, "of": 64, "sample_id": "train_uniform_00164", "family": "uniform", "elapsed_s": 452.4, "maximum_normalized": 2.9199016094207764}
{"event": "cache_record", "shard": 0, "record": 17, "of": 64, "sample_id": "train_layered_00214", "family": "layered", "elapsed_s": 478.2, "maximum_normalized": 6.2165327072143555}
{"event": "cache_record", "shard": 0, "record": 18, "of": 64, "sample_id": "train_layered_00001", "family": "layered", "elapsed_s": 505.5, "maximum_normalized": 4.0352606773376465}
{"event": "cache_record", "shard": 0, "record": 19, "of": 64, "sample_id": "train_layered_00363", "family": "layered", "elapsed_s": 534.9, "maximum_normalized": 17.052000045776367}
{"event": "cache_record", "shard": 0, "record": 20, "of": 64, "sample_id": "train_layered_00422", "family": "layered", "elapsed_s": 560.7, "maximum_normalized": 5.134248733520508}
{"event": "cache_record", "shard": 0, "record": 21, "of": 64, "sample_id": "train_layered_00223", "family": "layered", "elapsed_s": 587.0, "maximum_normalized": 6.567327976226807}
{"event": "cache_record", "shard": 0, "record": 22, "of": 64, "sample_id": "train_layered_00703", "family": "layered", "elapsed_s": 613.7, "maximum_normalized": 6.909040927886963}
{"event": "cache_record", "shard": 0, "record": 23, "of": 64, "sample_id": "train_layered_00350", "family": "layered", "elapsed_s": 643.5, "maximum_normalized": 3.457874059677124}
{"event": "cache_record", "shard": 0, "record": 24, "of": 64, "sample_id": "train_layered_00436", "family": "layered", "elapsed_s": 671.2, "maximum_normalized": 31.782716751098633}
{"event": "cache_record", "shard": 0, "record": 25, "of": 64, "sample_id": "train_layered_00947", "family": "layered", "elapsed_s": 699.3, "maximum_normalized": 4.15421724319458}
{"event": "cache_record", "shard": 0, "record": 26, "of": 64, "sample_id": "train_layered_00874", "family": "layered", "elapsed_s": 727.8, "maximum_normalized": 8.20565414428711}
{"event": "cache_record", "shard": 0, "record": 27, "of": 64, "sample_id": "train_layered_00921", "family": "layered", "elapsed_s": 754.9, "maximum_normalized": 10.69367790222168}
{"event": "cache_record", "shard": 0, "record": 28, "of": 64, "sample_id": "train_layered_00849", "family": "layered", "elapsed_s": 780.0, "maximum_normalized": 7.694976329803467}
{"event": "cache_record", "shard": 0, "record": 29, "of": 64, "sample_id": "train_layered_00800", "family": "layered", "elapsed_s": 805.6, "maximum_normalized": 10.589398384094238}
{"event": "cache_record", "shard": 0, "record": 30, "of": 64, "sample_id": "train_layered_00974", "family": "layered", "elapsed_s": 833.6, "maximum_normalized": 4.035894870758057}
{"event": "cache_record", "shard": 0, "record": 31, "of": 64, "sample_id": "train_layered_00445", "family": "layered", "elapsed_s": 865.0, "maximum_normalized": 5.4463372230529785}
{"event": "cache_record", "shard": 0, "record": 32, "of": 64, "sample_id": "train_layered_00203", "family": "layered", "elapsed_s": 890.2, "maximum_normalized": 3.3474647998809814}
{"event": "cache_record", "shard": 0, "record": 33, "of": 64, "sample_id": "train_anomaly_00357", "family": "anomaly", "elapsed_s": 914.8, "maximum_normalized": 4.9231438636779785}
{"event": "cache_record", "shard": 0, "record": 34, "of": 64, "sample_id": "train_anomaly_00049", "family": "anomaly", "elapsed_s": 942.1, "maximum_normalized": 47.59141159057617}
{"event": "cache_record", "shard": 0, "record": 35, "of": 64, "sample_id": "train_anomaly_00020", "family": "anomaly", "elapsed_s": 967.8, "maximum_normalized": 5.418102741241455}
{"event": "cache_record", "shard": 0, "record": 36, "of": 64, "sample_id": "train_anomaly_00398", "family": "anomaly", "elapsed_s": 992.5, "maximum_normalized": 6.9767680168151855}
{"event": "cache_record", "shard": 0, "record": 37, "of": 64, "sample_id": "train_anomaly_00364", "family": "anomaly", "elapsed_s": 1017.9, "maximum_normalized": 5.605947494506836}
{"event": "cache_record", "shard": 0, "record": 38, "of": 64, "sample_id": "train_anomaly_00487", "family": "anomaly", "elapsed_s": 1047.8, "maximum_normalized": 11.638588905334473}
{"event": "cache_record", "shard": 0, "record": 39, "of": 64, "sample_id": "train_anomaly_00509", "family": "anomaly", "elapsed_s": 1073.5, "maximum_normalized": 13.237356185913086}
{"event": "cache_record", "shard": 0, "record": 40, "of": 64, "sample_id": "train_anomaly_00348", "family": "anomaly", "elapsed_s": 1099.4, "maximum_normalized": 15.884916305541992}
{"event": "cache_record", "shard": 0, "record": 41, "of": 64, "sample_id": "train_anomaly_00272", "family": "anomaly", "elapsed_s": 1123.8, "maximum_normalized": 14.479947090148926}
{"event": "cache_record", "shard": 0, "record": 42, "of": 64, "sample_id": "train_anomaly_00154", "family": "anomaly", "elapsed_s": 1153.8, "maximum_normalized": 17.3527774810791}
{"event": "cache_record", "shard": 0, "record": 43, "of": 64, "sample_id": "train_anomaly_00083", "family": "anomaly", "elapsed_s": 1179.5, "maximum_normalized": 6.496932029724121}
{"event": "cache_record", "shard": 0, "record": 44, "of": 64, "sample_id": "train_anomaly_00269", "family": "anomaly", "elapsed_s": 1204.7, "maximum_normalized": 11.910969734191895}
{"event": "cache_record", "shard": 0, "record": 45, "of": 64, "sample_id": "train_anomaly_00138", "family": "anomaly", "elapsed_s": 1234.2, "maximum_normalized": 17.563175201416016}
{"event": "cache_record", "shard": 0, "record": 46, "of": 64, "sample_id": "train_anomaly_00410", "family": "anomaly", "elapsed_s": 1259.4, "maximum_normalized": 6.175587177276611}
{"event": "cache_record", "shard": 0, "record": 47, "of": 64, "sample_id": "train_anomaly_00157", "family": "anomaly", "elapsed_s": 1283.9, "maximum_normalized": 7.418402194976807}
{"event": "cache_record", "shard": 0, "record": 48, "of": 64, "sample_id": "train_anomaly_00013", "family": "anomaly", "elapsed_s": 1308.2, "maximum_normalized": 3.8416709899902344}
{"event": "cache_record", "shard": 0, "record": 49, "of": 64, "sample_id": "train_marmousi_00600", "family": "marmousi", "elapsed_s": 1332.7, "maximum_normalized": 158.63829040527344}
{"event": "cache_record", "shard": 0, "record": 50, "of": 64, "sample_id": "train_marmousi_00062", "family": "marmousi", "elapsed_s": 1357.4, "maximum_normalized": 97.99989318847656}
{"event": "cache_record", "shard": 0, "record": 51, "of": 64, "sample_id": "train_marmousi_00158", "family": "marmousi", "elapsed_s": 1383.0, "maximum_normalized": 85.4448471069336}
{"event": "cache_record", "shard": 0, "record": 52, "of": 64, "sample_id": "train_marmousi_00681", "family": "marmousi", "elapsed_s": 1411.6, "maximum_normalized": 108.00536346435547}
{"event": "cache_record", "shard": 0, "record": 53, "of": 64, "sample_id": "train_marmousi_00208", "family": "marmousi", "elapsed_s": 1439.5, "maximum_normalized": 101.07035064697266}
{"event": "cache_record", "shard": 0, "record": 54, "of": 64, "sample_id": "train_marmousi_00633", "family": "marmousi", "elapsed_s": 1470.1, "maximum_normalized": 167.01058959960938}
{"event": "cache_record", "shard": 0, "record": 55, "of": 64, "sample_id": "train_marmousi_00053", "family": "marmousi", "elapsed_s": 1498.6, "maximum_normalized": 144.95664978027344}
{"event": "cache_record", "shard": 0, "record": 56, "of": 64, "sample_id": "train_marmousi_00444", "family": "marmousi", "elapsed_s": 1525.4, "maximum_normalized": 108.2879638671875}
{"event": "cache_record", "shard": 0, "record": 57, "of": 64, "sample_id": "train_marmousi_00234", "family": "marmousi", "elapsed_s": 1551.5, "maximum_normalized": 79.99269104003906}
{"event": "cache_record", "shard": 0, "record": 58, "of": 64, "sample_id": "train_marmousi_00260", "family": "marmousi", "elapsed_s": 1580.6, "maximum_normalized": 62.106266021728516}
{"event": "cache_record", "shard": 0, "record": 59, "of": 64, "sample_id": "train_marmousi_00220", "family": "marmousi", "elapsed_s": 1607.1, "maximum_normalized": 111.73078155517578}
{"event": "cache_record", "shard": 0, "record": 60, "of": 64, "sample_id": "train_marmousi_00362", "family": "marmousi", "elapsed_s": 1636.8, "maximum_normalized": 60.032020568847656}
{"event": "cache_record", "shard": 0, "record": 61, "of": 64, "sample_id": "train_marmousi_00006", "family": "marmousi", "elapsed_s": 1667.2, "maximum_normalized": 152.31666564941406}
{"event": "cache_record", "shard": 0, "record": 62, "of": 64, "sample_id": "train_marmousi_00013", "family": "marmousi", "elapsed_s": 1695.3, "maximum_normalized": 100.89449310302734}
{"event": "cache_record", "shard": 0, "record": 63, "of": 64, "sample_id": "train_marmousi_00652", "family": "marmousi", "elapsed_s": 1725.8, "maximum_normalized": 95.0508804321289}
{"event": "cache_record", "shard": 0, "record": 64, "of": 64, "sample_id": "train_marmousi_00454", "family": "marmousi", "elapsed_s": 1751.6, "maximum_normalized": 113.116943359375}
{
  "elapsed_s": 1752.636914730072,
  "family_counts": {
    "anomaly": 16,
    "layered": 16,
    "marmousi": 16,
    "uniform": 16
  },
  "frequency_count": 64,
  "manifest": "/root/autodl-tmp/work/FNO-Acoustic-Wave-Simulation/grouped-dual-head-v2/results/transfer_dg_wfp_e1_manifest_256_20260902.json",
  "manifest_sha256": "798099eea32ab3d4073221a39edc0822e6cf9dc7a4f46fa9c78f5fc9c28a7b66",
  "maximum_normalized": 167.01058959960938,
  "output": "/root/autodl-tmp/work/FNO-Acoustic-Wave-Simulation/grouped-dual-head-v2/results/transfer_dg_wfp_e1_cache_20260902/shard_0.h5",
  "output_bytes": 1303530627,
  "output_sha256": "bebd7115888d6af87a3fad81a4d6fed0b4320e4591a21c37adc5ba75922de58a",
  "record_count": 64,
  "role_counts": {
    "fit": 44,
    "holdout": 20
  },
  "schema": "transfer_dg_wfp_e1_cache_summary_v1",
  "selection_sha256": "a632e678456698ee4268592c6fcac944f119040ba7347ad840ef3b034d2f1aa1",
  "shard_count": 4,
  "shard_index": 0,
  "status": "complete",
  "test_id_opened": false,
  "validation_opened": false
}
