{"event": "cache_record", "shard": 1, "record": 1, "of": 64, "sample_id": "train_uniform_00013", "family": "uniform", "elapsed_s": 30.5, "maximum_normalized": 90.66055297851562}
{"event": "cache_record", "shard": 1, "record": 2, "of": 64, "sample_id": "train_uniform_00339", "family": "uniform", "elapsed_s": 62.5, "maximum_normalized": 16.307600021362305}
{"event": "cache_record", "shard": 1, "record": 3, "of": 64, "sample_id": "train_uniform_00274", "family": "uniform", "elapsed_s": 88.2, "maximum_normalized": 50.033164978027344}
{"event": "cache_record", "shard": 1, "record": 4, "of": 64, "sample_id": "train_uniform_00021", "family": "uniform", "elapsed_s": 118.8, "maximum_normalized": 2.414555072784424}
{"event": "cache_record", "shard": 1, "record": 5, "of": 64, "sample_id": "train_uniform_00156", "family": "uniform", "elapsed_s": 145.9, "maximum_normalized": 3.869000196456909}
{"event": "cache_record", "shard": 1, "record": 6, "of": 64, "sample_id": "train_uniform_00185", "family": "uniform", "elapsed_s": 171.8, "maximum_normalized": 4.91019868850708}
{"event": "cache_record", "shard": 1, "record": 7, "of": 64, "sample_id": "train_uniform_00072", "family": "uniform", "elapsed_s": 198.1, "maximum_normalized": 13.00901985168457}
{"event": "cache_record", "shard": 1, "record": 8, "of": 64, "sample_id": "train_uniform_00097", "family": "uniform", "elapsed_s": 224.3, "maximum_normalized": 3.291217803955078}
{"event": "cache_record", "shard": 1, "record": 9, "of": 64, "sample_id": "train_uniform_00190", "family": "uniform", "elapsed_s": 250.1, "maximum_normalized": 3.846574544906616}
{"event": "cache_record", "shard": 1, "record": 10, "of": 64, "sample_id": "train_uniform_00075", "family": "uniform", "elapsed_s": 278.5, "maximum_normalized": 4.443825721740723}
{"event": "cache_record", "shard": 1, "record": 11, "of": 64, "sample_id": "train_uniform_00224", "family": "uniform", "elapsed_s": 304.8, "maximum_normalized": 8.402263641357422}
{"event": "cache_record", "shard": 1, "record": 12, "of": 64, "sample_id": "train_uniform_00416", "family": "uniform", "elapsed_s": 330.9, "maximum_normalized": 48.716129302978516}
{"event": "cache_record", "shard": 1, "record": 13, "of": 64, "sample_id": "train_uniform_00010", "family": "uniform", "elapsed_s": 357.1, "maximum_normalized": 5.099426746368408}
{"event": "cache_record", "shard": 1, "record": 14, "of": 64, "sample_id": "train_uniform_00107", "family": "uniform", "elapsed_s": 383.0, "maximum_normalized": 78.5300521850586}
{"event": "cache_record", "shard": 1, "record": 15, "of": 64, "sample_id": "train_uniform_00142", "family": "uniform", "elapsed_s": 409.5, "maximum_normalized": 37.99183654785156}
{"event": "cache_record", "shard": 1, "record": 16, "of": 64, "sample_id": "train_uniform_00022", "family": "uniform", "elapsed_s": 435.2, "maximum_normalized": 3.0489823818206787}
{"event": "cache_record", "shard": 1, "record": 17, "of": 64, "sample_id": "train_layered_00410", "family": "layered", "elapsed_s": 461.3, "maximum_normalized": 1.7808209657669067}
{"event": "cache_record", "shard": 1, "record": 18, "of": 64, "sample_id": "train_layered_00038", "family": "layered", "elapsed_s": 487.7, "maximum_normalized": 3.5110201835632324}
{"event": "cache_record", "shard": 1, "record": 19, "of": 64, "sample_id": "train_layered_00180", "family": "layered", "elapsed_s": 516.6, "maximum_normalized": 3.747036933898926}
{"event": "cache_record", "shard": 1, "record": 20, "of": 64, "sample_id": "train_layered_00659", "family": "layered", "elapsed_s": 544.6, "maximum_normalized": 17.825551986694336}
{"event": "cache_record", "shard": 1, "record": 21, "of": 64, "sample_id": "train_layered_00085", "family": "layered", "elapsed_s": 571.0, "maximum_normalized": 2.870593786239624}
{"event": "cache_record", "shard": 1, "record": 22, "of": 64, "sample_id": "train_layered_01053", "family": "layered", "elapsed_s": 598.6, "maximum_normalized": 5.153039455413818}
{"event": "cache_record", "shard": 1, "record": 23, "of": 64, "sample_id": "train_layered_00641", "family": "layered", "elapsed_s": 624.7, "maximum_normalized": 4.924796104431152}
{"event": "cache_record", "shard": 1, "record": 24, "of": 64, "sample_id": "train_layered_00962", "family": "layered", "elapsed_s": 650.6, "maximum_normalized": 3.4240875244140625}
{"event": "cache_record", "shard": 1, "record": 25, "of": 64, "sample_id": "train_layered_01102", "family": "layered", "elapsed_s": 678.0, "maximum_normalized": 6.028421878814697}
{"event": "cache_record", "shard": 1, "record": 26, "of": 64, "sample_id": "train_layered_01070", "family": "layered", "elapsed_s": 704.1, "maximum_normalized": 10.878801345825195}
{"event": "cache_record", "shard": 1, "record": 27, "of": 64, "sample_id": "train_layered_00629", "family": "layered", "elapsed_s": 731.3, "maximum_normalized": 11.048909187316895}
{"event": "cache_record", "shard": 1, "record": 28, "of": 64, "sample_id": "train_layered_00231", "family": "layered", "elapsed_s": 756.2, "maximum_normalized": 10.601028442382812}
{"event": "cache_record", "shard": 1, "record": 29, "of": 64, "sample_id": "train_layered_00184", "family": "layered", "elapsed_s": 781.8, "maximum_normalized": 3.6464028358459473}
{"event": "cache_record", "shard": 1, "record": 30, "of": 64, "sample_id": "train_layered_01031", "family": "layered", "elapsed_s": 806.9, "maximum_normalized": 4.709941864013672}
{"event": "cache_record", "shard": 1, "record": 31, "of": 64, "sample_id": "train_layered_00733", "family": "layered", "elapsed_s": 831.4, "maximum_normalized": 32.181297302246094}
{"event": "cache_record", "shard": 1, "record": 32, "of": 64, "sample_id": "train_layered_01087", "family": "layered", "elapsed_s": 862.9, "maximum_normalized": 7.496639251708984}
{"event": "cache_record", "shard": 1, "record": 33, "of": 64, "sample_id": "train_anomaly_00072", "family": "anomaly", "elapsed_s": 888.7, "maximum_normalized": 31.54448127746582}
{"event": "cache_record", "shard": 1, "record": 34, "of": 64, "sample_id": "train_anomaly_00185", "family": "anomaly", "elapsed_s": 914.8, "maximum_normalized": 3.6646242141723633}
{"event": "cache_record", "shard": 1, "record": 35, "of": 64, "sample_id": "train_anomaly_00344", "family": "anomaly", "elapsed_s": 941.8, "maximum_normalized": 5.622776031494141}
{"event": "cache_record", "shard": 1, "record": 36, "of": 64, "sample_id": "train_anomaly_00318", "family": "anomaly", "elapsed_s": 973.3, "maximum_normalized": 8.609057426452637}
{"event": "cache_record", "shard": 1, "record": 37, "of": 64, "sample_id": "train_anomaly_00085", "family": "anomaly", "elapsed_s": 1000.5, "maximum_normalized": 23.90315055847168}
{"event": "cache_record", "shard": 1, "record": 38, "of": 64, "sample_id": "train_anomaly_00193", "family": "anomaly", "elapsed_s": 1025.1, "maximum_normalized": 4.403563499450684}
{"event": "cache_record", "shard": 1, "record": 39, "of": 64, "sample_id": "train_anomaly_00367", "family": "anomaly", "elapsed_s": 1049.9, "maximum_normalized": 21.08911895751953}
{"event": "cache_record", "shard": 1, "record": 40, "of": 64, "sample_id": "train_anomaly_00171", "family": "anomaly", "elapsed_s": 1074.3, "maximum_normalized": 24.953651428222656}
{"event": "cache_record", "shard": 1, "record": 41, "of": 64, "sample_id": "train_anomaly_00408", "family": "anomaly", "elapsed_s": 1098.7, "maximum_normalized": 4.102533340454102}
{"event": "cache_record", "shard": 1, "record": 42, "of": 64, "sample_id": "train_anomaly_00147", "family": "anomaly", "elapsed_s": 1123.5, "maximum_normalized": 22.825489044189453}
{"event": "cache_record", "shard": 1, "record": 43, "of": 64, "sample_id": "train_anomaly_00089", "family": "anomaly", "elapsed_s": 1148.1, "maximum_normalized": 11.247505187988281}
{"event": "cache_record", "shard": 1, "record": 44, "of": 64, "sample_id": "train_anomaly_00289", "family": "anomaly", "elapsed_s": 1172.9, "maximum_normalized": 9.129270553588867}
{"event": "cache_record", "shard": 1, "record": 45, "of": 64, "sample_id": "train_anomaly_00523", "family": "anomaly", "elapsed_s": 1203.2, "maximum_normalized": 25.464540481567383}
{"event": "cache_record", "shard": 1, "record": 46, "of": 64, "sample_id": "train_anomaly_00134", "family": "anomaly", "elapsed_s": 1234.9, "maximum_normalized": 4.477720737457275}
{"event": "cache_record", "shard": 1, "record": 47, "of": 64, "sample_id": "train_anomaly_00118", "family": "anomaly", "elapsed_s": 1262.4, "maximum_normalized": 47.012271881103516}
{"event": "cache_record", "shard": 1, "record": 48, "of": 64, "sample_id": "train_anomaly_00071", "family": "anomaly", "elapsed_s": 1287.7, "maximum_normalized": 5.3226847648620605}
{"event": "cache_record", "shard": 1, "record": 49, "of": 64, "sample_id": "train_marmousi_00090", "family": "marmousi", "elapsed_s": 1313.7, "maximum_normalized": 35.62360382080078}
{"event": "cache_record", "shard": 1, "record": 50, "of": 64, "sample_id": "train_marmousi_00558", "family": "marmousi", "elapsed_s": 1340.9, "maximum_normalized": 118.60968780517578}
{"event": "cache_record", "shard": 1, "record": 51, "of": 64, "sample_id": "train_marmousi_00613", "family": "marmousi", "elapsed_s": 1366.7, "maximum_normalized": 52.5059700012207}
{"event": "cache_record", "shard": 1, "record": 52, "of": 64, "sample_id": "train_marmousi_00095", "family": "marmousi", "elapsed_s": 1393.3, "maximum_normalized": 135.58876037597656}
{"event": "cache_record", "shard": 1, "record": 53, "of": 64, "sample_id": "train_marmousi_00067", "family": "marmousi", "elapsed_s": 1420.7, "maximum_normalized": 95.72384643554688}
{"event": "cache_record", "shard": 1, "record": 54, "of": 64, "sample_id": "train_marmousi_00236", "family": "marmousi", "elapsed_s": 1445.8, "maximum_normalized": 113.33177947998047}
{"event": "cache_record", "shard": 1, "record": 55, "of": 64, "sample_id": "train_marmousi_00087", "family": "marmousi", "elapsed_s": 1471.9, "maximum_normalized": 106.03666687011719}
{"event": "cache_record", "shard": 1, "record": 56, "of": 64, "sample_id": "train_marmousi_00599", "family": "marmousi", "elapsed_s": 1498.4, "maximum_normalized": 116.34062194824219}
{"event": "cache_record", "shard": 1, "record": 57, "of": 64, "sample_id": "train_marmousi_00656", "family": "marmousi", "elapsed_s": 1525.2, "maximum_normalized": 67.81971740722656}
{"event": "cache_record", "shard": 1, "record": 58, "of": 64, "sample_id": "train_marmousi_00077", "family": "marmousi", "elapsed_s": 1551.1, "maximum_normalized": 122.91232299804688}
{"event": "cache_record", "shard": 1, "record": 59, "of": 64, "sample_id": "train_marmousi_00694", "family": "marmousi", "elapsed_s": 1581.8, "maximum_normalized": 85.01002502441406}
{"event": "cache_record", "shard": 1, "record": 60, "of": 64, "sample_id": "train_marmousi_00267", "family": "marmousi", "elapsed_s": 1607.2, "maximum_normalized": 130.18936157226562}
{"event": "cache_record", "shard": 1, "record": 61, "of": 64, "sample_id": "train_marmousi_00204", "family": "marmousi", "elapsed_s": 1632.6, "maximum_normalized": 107.67621612548828}
{"event": "cache_record", "shard": 1, "record": 62, "of": 64, "sample_id": "train_marmousi_00628", "family": "marmousi", "elapsed_s": 1657.9, "maximum_normalized": 51.42649459838867}
{"event": "cache_record", "shard": 1, "record": 63, "of": 64, "sample_id": "train_marmousi_00606", "family": "marmousi", "elapsed_s": 1683.8, "maximum_normalized": 133.52816772460938}
{"event": "cache_record", "shard": 1, "record": 64, "of": 64, "sample_id": "train_marmousi_00276", "family": "marmousi", "elapsed_s": 1711.9, "maximum_normalized": 41.931373596191406}
{
  "elapsed_s": 1713.4362506866455,
  "family_counts": {
    "anomaly": 16,
    "layered": 16,
    "marmousi": 16,
    "uniform": 16
  },
  "frequency_count": 64,
  "manifest": "/root/autodl-tmp/work/FNO-Acoustic-Wave-Simulation/grouped-dual-head-v2/results/transfer_dg_wfp_e1_manifest_256_20260902.json",
  "manifest_sha256": "798099eea32ab3d4073221a39edc0822e6cf9dc7a4f46fa9c78f5fc9c28a7b66",
  "maximum_normalized": 135.58876037597656,
  "output": "/root/autodl-tmp/work/FNO-Acoustic-Wave-Simulation/grouped-dual-head-v2/results/transfer_dg_wfp_e1_cache_20260902/shard_1.h5",
  "output_bytes": 1304955760,
  "output_sha256": "68e0ec645f67fdbfe25f05683a8c07fdeec79cce77b5b141e109bc8aeb9e590f",
  "record_count": 64,
  "role_counts": {
    "fit": 44,
    "holdout": 20
  },
  "schema": "transfer_dg_wfp_e1_cache_summary_v1",
  "selection_sha256": "a632e678456698ee4268592c6fcac944f119040ba7347ad840ef3b034d2f1aa1",
  "shard_count": 4,
  "shard_index": 1,
  "status": "complete",
  "test_id_opened": false,
  "validation_opened": false
}
