{"event": "cache_record", "shard": 3, "record": 1, "of": 64, "sample_id": "train_uniform_00153", "family": "uniform", "elapsed_s": 28.3, "maximum_normalized": 3.755474805831909}
{"event": "cache_record", "shard": 3, "record": 2, "of": 64, "sample_id": "train_uniform_00225", "family": "uniform", "elapsed_s": 58.7, "maximum_normalized": 6.228767395019531}
{"event": "cache_record", "shard": 3, "record": 3, "of": 64, "sample_id": "train_uniform_00334", "family": "uniform", "elapsed_s": 90.6, "maximum_normalized": 16.98233985900879}
{"event": "cache_record", "shard": 3, "record": 4, "of": 64, "sample_id": "train_uniform_00131", "family": "uniform", "elapsed_s": 122.3, "maximum_normalized": 55.72107696533203}
{"event": "cache_record", "shard": 3, "record": 5, "of": 64, "sample_id": "train_uniform_00413", "family": "uniform", "elapsed_s": 149.5, "maximum_normalized": 22.610370635986328}
{"event": "cache_record", "shard": 3, "record": 6, "of": 64, "sample_id": "train_uniform_00203", "family": "uniform", "elapsed_s": 179.8, "maximum_normalized": 26.808631896972656}
{"event": "cache_record", "shard": 3, "record": 7, "of": 64, "sample_id": "train_uniform_00048", "family": "uniform", "elapsed_s": 207.2, "maximum_normalized": 5.362448215484619}
{"event": "cache_record", "shard": 3, "record": 8, "of": 64, "sample_id": "train_uniform_00257", "family": "uniform", "elapsed_s": 234.3, "maximum_normalized": 3.319155693054199}
{"event": "cache_record", "shard": 3, "record": 9, "of": 64, "sample_id": "train_uniform_00062", "family": "uniform", "elapsed_s": 259.7, "maximum_normalized": 6.2332682609558105}
{"event": "cache_record", "shard": 3, "record": 10, "of": 64, "sample_id": "train_uniform_00070", "family": "uniform", "elapsed_s": 285.3, "maximum_normalized": 23.148109436035156}
{"event": "cache_record", "shard": 3, "record": 11, "of": 64, "sample_id": "train_uniform_00312", "family": "uniform", "elapsed_s": 310.6, "maximum_normalized": 82.85588836669922}
{"event": "cache_record", "shard": 3, "record": 12, "of": 64, "sample_id": "train_uniform_00090", "family": "uniform", "elapsed_s": 335.5, "maximum_normalized": 11.232930183410645}
{"event": "cache_record", "shard": 3, "record": 13, "of": 64, "sample_id": "train_uniform_00051", "family": "uniform", "elapsed_s": 360.6, "maximum_normalized": 17.023155212402344}
{"event": "cache_record", "shard": 3, "record": 14, "of": 64, "sample_id": "train_uniform_00162", "family": "uniform", "elapsed_s": 385.4, "maximum_normalized": 53.797271728515625}
{"event": "cache_record", "shard": 3, "record": 15, "of": 64, "sample_id": "train_uniform_00091", "family": "uniform", "elapsed_s": 409.9, "maximum_normalized": 16.624767303466797}
{"event": "cache_record", "shard": 3, "record": 16, "of": 64, "sample_id": "train_uniform_00353", "family": "uniform", "elapsed_s": 439.0, "maximum_normalized": 11.328375816345215}
{"event": "cache_record", "shard": 3, "record": 17, "of": 64, "sample_id": "train_layered_00376", "family": "layered", "elapsed_s": 467.4, "maximum_normalized": 43.31624984741211}
{"event": "cache_record", "shard": 3, "record": 18, "of": 64, "sample_id": "train_layered_00901", "family": "layered", "elapsed_s": 492.4, "maximum_normalized": 2.39274001121521}
{"event": "cache_record", "shard": 3, "record": 19, "of": 64, "sample_id": "train_layered_00817", "family": "layered", "elapsed_s": 517.5, "maximum_normalized": 3.1912057399749756}
{"event": "cache_record", "shard": 3, "record": 20, "of": 64, "sample_id": "train_layered_00434", "family": "layered", "elapsed_s": 542.0, "maximum_normalized": 11.260334014892578}
{"event": "cache_record", "shard": 3, "record": 21, "of": 64, "sample_id": "train_layered_00936", "family": "layered", "elapsed_s": 569.2, "maximum_normalized": 6.632065773010254}
{"event": "cache_record", "shard": 3, "record": 22, "of": 64, "sample_id": "train_layered_00670", "family": "layered", "elapsed_s": 595.3, "maximum_normalized": 4.880019664764404}
{"event": "cache_record", "shard": 3, "record": 23, "of": 64, "sample_id": "train_layered_01077", "family": "layered", "elapsed_s": 622.6, "maximum_normalized": 5.409362316131592}
{"event": "cache_record", "shard": 3, "record": 24, "of": 64, "sample_id": "train_layered_00063", "family": "layered", "elapsed_s": 647.8, "maximum_normalized": 15.820516586303711}
{"event": "cache_record", "shard": 3, "record": 25, "of": 64, "sample_id": "train_layered_00724", "family": "layered", "elapsed_s": 672.6, "maximum_normalized": 4.840246677398682}
{"event": "cache_record", "shard": 3, "record": 26, "of": 64, "sample_id": "train_layered_00835", "family": "layered", "elapsed_s": 696.7, "maximum_normalized": 2.7674925327301025}
{"event": "cache_record", "shard": 3, "record": 27, "of": 64, "sample_id": "train_layered_00786", "family": "layered", "elapsed_s": 721.4, "maximum_normalized": 5.426257610321045}
{"event": "cache_record", "shard": 3, "record": 28, "of": 64, "sample_id": "train_layered_00492", "family": "layered", "elapsed_s": 746.5, "maximum_normalized": 8.957362174987793}
{"event": "cache_record", "shard": 3, "record": 29, "of": 64, "sample_id": "train_layered_00264", "family": "layered", "elapsed_s": 773.7, "maximum_normalized": 3.526799440383911}
{"event": "cache_record", "shard": 3, "record": 30, "of": 64, "sample_id": "train_layered_00571", "family": "layered", "elapsed_s": 801.0, "maximum_normalized": 3.772805690765381}
{"event": "cache_record", "shard": 3, "record": 31, "of": 64, "sample_id": "train_layered_00665", "family": "layered", "elapsed_s": 828.0, "maximum_normalized": 3.934791088104248}
{"event": "cache_record", "shard": 3, "record": 32, "of": 64, "sample_id": "train_layered_00008", "family": "layered", "elapsed_s": 852.5, "maximum_normalized": 6.373086452484131}
{"event": "cache_record", "shard": 3, "record": 33, "of": 64, "sample_id": "train_anomaly_00427", "family": "anomaly", "elapsed_s": 882.4, "maximum_normalized": 49.783546447753906}
{"event": "cache_record", "shard": 3, "record": 34, "of": 64, "sample_id": "train_anomaly_00339", "family": "anomaly", "elapsed_s": 907.7, "maximum_normalized": 32.78811264038086}
{"event": "cache_record", "shard": 3, "record": 35, "of": 64, "sample_id": "train_anomaly_00299", "family": "anomaly", "elapsed_s": 934.3, "maximum_normalized": 5.487834453582764}
{"event": "cache_record", "shard": 3, "record": 36, "of": 64, "sample_id": "train_anomaly_00105", "family": "anomaly", "elapsed_s": 960.4, "maximum_normalized": 23.6302433013916}
{"event": "cache_record", "shard": 3, "record": 37, "of": 64, "sample_id": "train_anomaly_00375", "family": "anomaly", "elapsed_s": 986.6, "maximum_normalized": 4.343679428100586}
{"event": "cache_record", "shard": 3, "record": 38, "of": 64, "sample_id": "train_anomaly_00314", "family": "anomaly", "elapsed_s": 1010.7, "maximum_normalized": 41.41078186035156}
{"event": "cache_record", "shard": 3, "record": 39, "of": 64, "sample_id": "train_anomaly_00323", "family": "anomaly", "elapsed_s": 1037.5, "maximum_normalized": 87.03958892822266}
{"event": "cache_record", "shard": 3, "record": 40, "of": 64, "sample_id": "train_anomaly_00270", "family": "anomaly", "elapsed_s": 1061.7, "maximum_normalized": 7.845404624938965}
{"event": "cache_record", "shard": 3, "record": 41, "of": 64, "sample_id": "train_anomaly_00207", "family": "anomaly", "elapsed_s": 1088.1, "maximum_normalized": 5.062556743621826}
{"event": "cache_record", "shard": 3, "record": 42, "of": 64, "sample_id": "train_anomaly_00496", "family": "anomaly", "elapsed_s": 1117.4, "maximum_normalized": 4.522523403167725}
{"event": "cache_record", "shard": 3, "record": 43, "of": 64, "sample_id": "train_anomaly_00128", "family": "anomaly", "elapsed_s": 1142.5, "maximum_normalized": 8.430991172790527}
{"event": "cache_record", "shard": 3, "record": 44, "of": 64, "sample_id": "train_anomaly_00022", "family": "anomaly", "elapsed_s": 1169.7, "maximum_normalized": 6.054012775421143}
{"event": "cache_record", "shard": 3, "record": 45, "of": 64, "sample_id": "train_anomaly_00132", "family": "anomaly", "elapsed_s": 1198.0, "maximum_normalized": 17.658044815063477}
{"event": "cache_record", "shard": 3, "record": 46, "of": 64, "sample_id": "train_anomaly_00447", "family": "anomaly", "elapsed_s": 1227.3, "maximum_normalized": 44.709190368652344}
{"event": "cache_record", "shard": 3, "record": 47, "of": 64, "sample_id": "train_anomaly_00051", "family": "anomaly", "elapsed_s": 1254.7, "maximum_normalized": 38.032649993896484}
{"event": "cache_record", "shard": 3, "record": 48, "of": 64, "sample_id": "train_anomaly_00212", "family": "anomaly", "elapsed_s": 1279.5, "maximum_normalized": 22.655229568481445}
{"event": "cache_record", "shard": 3, "record": 49, "of": 64, "sample_id": "train_marmousi_00686", "family": "marmousi", "elapsed_s": 1306.3, "maximum_normalized": 80.29607391357422}
{"event": "cache_record", "shard": 3, "record": 50, "of": 64, "sample_id": "train_marmousi_00435", "family": "marmousi", "elapsed_s": 1330.8, "maximum_normalized": 212.41183471679688}
{"event": "cache_record", "shard": 3, "record": 51, "of": 64, "sample_id": "train_marmousi_00109", "family": "marmousi", "elapsed_s": 1356.0, "maximum_normalized": 111.28978729248047}
{"event": "cache_record", "shard": 3, "record": 52, "of": 64, "sample_id": "train_marmousi_00448", "family": "marmousi", "elapsed_s": 1380.6, "maximum_normalized": 52.9435920715332}
{"event": "cache_record", "shard": 3, "record": 53, "of": 64, "sample_id": "train_marmousi_00003", "family": "marmousi", "elapsed_s": 1405.7, "maximum_normalized": 75.9224624633789}
{"event": "cache_record", "shard": 3, "record": 54, "of": 64, "sample_id": "train_marmousi_00185", "family": "marmousi", "elapsed_s": 1429.7, "maximum_normalized": 58.508670806884766}
{"event": "cache_record", "shard": 3, "record": 55, "of": 64, "sample_id": "train_marmousi_00582", "family": "marmousi", "elapsed_s": 1455.2, "maximum_normalized": 81.75071716308594}
{"event": "cache_record", "shard": 3, "record": 56, "of": 64, "sample_id": "train_marmousi_00460", "family": "marmousi", "elapsed_s": 1479.6, "maximum_normalized": 158.60867309570312}
{"event": "cache_record", "shard": 3, "record": 57, "of": 64, "sample_id": "train_marmousi_00315", "family": "marmousi", "elapsed_s": 1506.4, "maximum_normalized": 134.79547119140625}
{"event": "cache_record", "shard": 3, "record": 58, "of": 64, "sample_id": "train_marmousi_00151", "family": "marmousi", "elapsed_s": 1535.7, "maximum_normalized": 153.4844970703125}
{"event": "cache_record", "shard": 3, "record": 59, "of": 64, "sample_id": "train_marmousi_00141", "family": "marmousi", "elapsed_s": 1561.1, "maximum_normalized": 108.5584487915039}
{"event": "cache_record", "shard": 3, "record": 60, "of": 64, "sample_id": "train_marmousi_00472", "family": "marmousi", "elapsed_s": 1589.0, "maximum_normalized": 82.42288208007812}
{"event": "cache_record", "shard": 3, "record": 61, "of": 64, "sample_id": "train_marmousi_00218", "family": "marmousi", "elapsed_s": 1618.2, "maximum_normalized": 113.08045959472656}
{"event": "cache_record", "shard": 3, "record": 62, "of": 64, "sample_id": "train_marmousi_00036", "family": "marmousi", "elapsed_s": 1650.2, "maximum_normalized": 112.85427856445312}
{"event": "cache_record", "shard": 3, "record": 63, "of": 64, "sample_id": "train_marmousi_00617", "family": "marmousi", "elapsed_s": 1682.0, "maximum_normalized": 101.0531005859375}
{"event": "cache_record", "shard": 3, "record": 64, "of": 64, "sample_id": "train_marmousi_00128", "family": "marmousi", "elapsed_s": 1707.8, "maximum_normalized": 156.37774658203125}
{
  "elapsed_s": 1708.8578674793243,
  "family_counts": {
    "anomaly": 16,
    "layered": 16,
    "marmousi": 16,
    "uniform": 16
  },
  "frequency_count": 64,
  "manifest": "/root/autodl-tmp/work/FNO-Acoustic-Wave-Simulation/grouped-dual-head-v2/results/transfer_dg_wfp_e1_manifest_256_20260902.json",
  "manifest_sha256": "798099eea32ab3d4073221a39edc0822e6cf9dc7a4f46fa9c78f5fc9c28a7b66",
  "maximum_normalized": 212.41183471679688,
  "output": "/root/autodl-tmp/work/FNO-Acoustic-Wave-Simulation/grouped-dual-head-v2/results/transfer_dg_wfp_e1_cache_20260902/shard_3.h5",
  "output_bytes": 1288901627,
  "output_sha256": "3e3f3642aec7b96afd38347f14bb62177a9f27d14b457569fb27b4495f597479",
  "record_count": 64,
  "role_counts": {
    "fit": 60,
    "holdout": 4
  },
  "schema": "transfer_dg_wfp_e1_cache_summary_v1",
  "selection_sha256": "a632e678456698ee4268592c6fcac944f119040ba7347ad840ef3b034d2f1aa1",
  "shard_count": 4,
  "shard_index": 3,
  "status": "complete",
  "test_id_opened": false,
  "validation_opened": false
}
