{"baseline_rel_l2_selected": 0.016520099601354952, "count": 48, "event": "cached_record", "family": "uniform", "prediction_sha256": "93001b32b426a99afa87e73fb80c6fce56cb386ea7e10e2fd66801a2b4337a75", "row": 0, "sample_id": "train_uniform_00401", "shard": 3, "subset": "fit"}
{"baseline_rel_l2_selected": 0.03616377825274652, "count": 48, "event": "cached_record", "family": "uniform", "prediction_sha256": "a28e3368857e1635862ccbc5a7d348b43b26fe7682015a1a10be6d9cdb87519c", "row": 1, "sample_id": "train_uniform_00141", "shard": 3, "subset": "fit"}
{"baseline_rel_l2_selected": 0.00721084400988012, "count": 48, "event": "cached_record", "family": "uniform", "prediction_sha256": "ae46bc51c4fc3372e66c32f08e33e2d470e91c80041bf783bcd85becd42752a7", "row": 2, "sample_id": "train_uniform_00168", "shard": 3, "subset": "fit"}
{"baseline_rel_l2_selected": 0.05006995975900273, "count": 48, "event": "cached_record", "family": "uniform", "prediction_sha256": "ff4ff9382eb689369a5b07867e125e634c433ffb301102a20fe3f08e9b217612", "row": 3, "sample_id": "train_uniform_00277", "shard": 3, "subset": "fit"}
{"baseline_rel_l2_selected": 0.0066310098121516205, "count": 48, "event": "cached_record", "family": "uniform", "prediction_sha256": "eaa19fd4e728baace23e2245e2ab428a2647557f72c42433508f2b39e038bca8", "row": 4, "sample_id": "train_uniform_00195", "shard": 3, "subset": "fit"}
{"baseline_rel_l2_selected": 0.01175504635242997, "count": 48, "event": "cached_record", "family": "uniform", "prediction_sha256": "22fe760776a81c73676aa154f01b04d738ed8d556b349735a24f2de8aa4a3a35", "row": 5, "sample_id": "train_uniform_00388", "shard": 3, "subset": "fit"}
{"baseline_rel_l2_selected": 0.036145977183016244, "count": 48, "event": "cached_record", "family": "uniform", "prediction_sha256": "27a13a52d5d5c1f35820d9b3ebdd6e61f4abad4014edf86711c72ba280e0e6fc", "row": 6, "sample_id": "train_uniform_00324", "shard": 3, "subset": "fit"}
{"baseline_rel_l2_selected": 0.013155951278208889, "count": 48, "event": "cached_record", "family": "uniform", "prediction_sha256": "46fd910ac2184ad7591abd49eddabe96fde0dfe6a61e4524534c3fdb06990bb6", "row": 7, "sample_id": "train_uniform_00084", "shard": 3, "subset": "fit"}
{"baseline_rel_l2_selected": 0.0061708272744050285, "count": 48, "event": "cached_record", "family": "uniform", "prediction_sha256": "5ef3412deeae84954b4b5e829b8aa4de0ef1aeafdba4b33c8d958c7f49881e89", "row": 8, "sample_id": "train_uniform_00391", "shard": 3, "subset": "fit"}
{"baseline_rel_l2_selected": 0.014705180863072348, "count": 48, "event": "cached_record", "family": "uniform", "prediction_sha256": "e250c0e6c4974fb4c7583b05e93bcc8658ead0595f0c6d32aaa15fabfc006626", "row": 9, "sample_id": "train_uniform_00114", "shard": 3, "subset": "fit"}
{"baseline_rel_l2_selected": 0.028174725577095786, "count": 48, "event": "cached_record", "family": "uniform", "prediction_sha256": "62d69764ef7b6a9fa89c21611978bf93ae0ff2657c81be40f62e8c37091e9507", "row": 10, "sample_id": "train_uniform_00217", "shard": 3, "subset": "fit"}
{"baseline_rel_l2_selected": 0.00977964351899148, "count": 48, "event": "cached_record", "family": "uniform", "prediction_sha256": "c5434b5ff87baa1517e6970dad846c4cb188b8eb7a9dbf3adefa062c7f0a0929", "row": 11, "sample_id": "train_uniform_00226", "shard": 3, "subset": "fit"}
{"baseline_rel_l2_selected": 0.02032040743954529, "count": 48, "event": "cached_record", "family": "uniform", "prediction_sha256": "a9b07c874ee46aa04eb8fe2b5a66842607460200b17330531112879c0a8079a7", "row": 12, "sample_id": "train_uniform_00403", "shard": 3, "subset": "fit"}
{"baseline_rel_l2_selected": 0.016882596027342572, "count": 48, "event": "cached_record", "family": "uniform", "prediction_sha256": "9c51bb6372af8245ed889f7c2bff7979cff3ab33bd6210ca6c7eb001da73e3c5", "row": 13, "sample_id": "train_uniform_00373", "shard": 3, "subset": "fit"}
{"baseline_rel_l2_selected": 0.017286256732562885, "count": 48, "event": "cached_record", "family": "uniform", "prediction_sha256": "336dc4201a4d27384c9930601df7543d5fcf3092b1bfedc9bfaa20751da4a01e", "row": 14, "sample_id": "train_uniform_00106", "shard": 3, "subset": "fit"}
{"baseline_rel_l2_selected": 0.015295326768776393, "count": 48, "event": "cached_record", "family": "uniform", "prediction_sha256": "8356c3002b49c2ccc4a3486208e282368d11afd4b9d88f70589cd51f5ec45935", "row": 15, "sample_id": "train_uniform_00159", "shard": 3, "subset": "fit"}
{"baseline_rel_l2_selected": 0.03320054152007736, "count": 48, "event": "cached_record", "family": "layered", "prediction_sha256": "deeaac3338cf227e822918bbe96cd920d4fd4b2f86641f0e66248a8f41e26b45", "row": 16, "sample_id": "train_layered_01079", "shard": 3, "subset": "fit"}
{"baseline_rel_l2_selected": 0.04727963786513885, "count": 48, "event": "cached_record", "family": "layered", "prediction_sha256": "a593ff438ef651b27bd52d2747cac589cddbdc8e327dea7756b3d9950c8f7dd4", "row": 17, "sample_id": "train_layered_00731", "shard": 3, "subset": "fit"}
{"baseline_rel_l2_selected": 0.004436442744206897, "count": 48, "event": "cached_record", "family": "layered", "prediction_sha256": "e3752667630c149dff660085ad645de879b7e8bc1b60d84804e6cf36e771971d", "row": 18, "sample_id": "train_layered_00847", "shard": 3, "subset": "fit"}
{"baseline_rel_l2_selected": 0.014862969756684054, "count": 48, "event": "cached_record", "family": "layered", "prediction_sha256": "340b21e609601171569e36a3a69c1f183a408cc1c3d8df179279e0c390c8a96d", "row": 19, "sample_id": "train_layered_00131", "shard": 3, "subset": "fit"}
{"baseline_rel_l2_selected": 0.015494092907842713, "count": 48, "event": "cached_record", "family": "layered", "prediction_sha256": "f5e99e93faef5a6b7ea331e12b1a0e23a6d60d6e6266d1088da0e4df7b3697a9", "row": 20, "sample_id": "train_layered_00831", "shard": 3, "subset": "fit"}
{"baseline_rel_l2_selected": 0.01637558993561033, "count": 48, "event": "cached_record", "family": "layered", "prediction_sha256": "91ad91126cda701041b12cbd3fd970ef32e800c755e3f179322af1d5af735307", "row": 21, "sample_id": "train_layered_00851", "shard": 3, "subset": "fit"}
{"baseline_rel_l2_selected": 0.0682291187435168, "count": 48, "event": "cached_record", "family": "layered", "prediction_sha256": "c1163c2955f44bac9fe2f2d2bb426fe6fdfa3d1f41ae4a45e256448740e5bf98", "row": 22, "sample_id": "train_layered_00899", "shard": 3, "subset": "fit"}
{"baseline_rel_l2_selected": 0.09549151842082867, "count": 48, "event": "cached_record", "family": "layered", "prediction_sha256": "153f7476941fe2640798eb0ca9a5ab26ff7df4ec28db7090df7f6409d2537c73", "row": 23, "sample_id": "train_layered_00355", "shard": 3, "subset": "fit"}
{"baseline_rel_l2_selected": 0.015760765602034085, "count": 48, "event": "cached_record", "family": "layered", "prediction_sha256": "f098322e704c20db1d1f727499ea2f657bad1e11dd2377c584dc6607336478fd", "row": 24, "sample_id": "train_layered_00019", "shard": 3, "subset": "fit"}
{"baseline_rel_l2_selected": 0.005111081536101048, "count": 48, "event": "cached_record", "family": "layered", "prediction_sha256": "fe121afcc4d63a08c18c07e06ecb99d73c93517523d5aaaa1367a834a4128015", "row": 25, "sample_id": "train_layered_00879", "shard": 3, "subset": "fit"}
{"baseline_rel_l2_selected": 0.11168415501321947, "count": 48, "event": "cached_record", "family": "layered", "prediction_sha256": "6e905452557a35671ae64616d3decfb95cdd26ea1558257f517c0ded4b97f279", "row": 26, "sample_id": "train_layered_00171", "shard": 3, "subset": "fit"}
{"baseline_rel_l2_selected": 0.01229050561973783, "count": 48, "event": "cached_record", "family": "layered", "prediction_sha256": "eb613e8ecaea0dec9f7ea053b73d7e2128896b235ea5381f33c4e13fc4bca5c4", "row": 27, "sample_id": "train_layered_00527", "shard": 3, "subset": "fit"}
{"baseline_rel_l2_selected": 0.05385624633230474, "count": 48, "event": "cached_record", "family": "layered", "prediction_sha256": "cdc77230ecd2f12a2c5e7d11a312148a5c57131998fa12cc94fed4389400de85", "row": 28, "sample_id": "train_layered_01035", "shard": 3, "subset": "fit"}
{"baseline_rel_l2_selected": 0.05307125788592503, "count": 48, "event": "cached_record", "family": "layered", "prediction_sha256": "6f97e38745774fef2dda13c6f991b130b16a40bcc4284dc9bd4b97072e41f9a6", "row": 29, "sample_id": "train_layered_00123", "shard": 3, "subset": "fit"}
{"baseline_rel_l2_selected": 0.07105597764039354, "count": 48, "event": "cached_record", "family": "layered", "prediction_sha256": "81d65128ed5a59acdc009c724a12f3482f2e216e8693c61775cf854e206e285f", "row": 30, "sample_id": "train_layered_00767", "shard": 3, "subset": "fit"}
{"baseline_rel_l2_selected": 0.027926205437089128, "count": 48, "event": "cached_record", "family": "layered", "prediction_sha256": "f552203e5efbe5bcb6694ead624d98faef9adf37183564687644f8f46b2b6624", "row": 31, "sample_id": "train_layered_00763", "shard": 3, "subset": "fit"}
{"baseline_rel_l2_selected": 0.01664056613880113, "count": 48, "event": "cached_record", "family": "marmousi", "prediction_sha256": "fad59883fefbedc2e0abfa464844c0965b9da0bea4a30bf619700aead6c9803b", "row": 32, "sample_id": "train_marmousi_00128", "shard": 3, "subset": "fit"}
{"baseline_rel_l2_selected": 0.03906679340106225, "count": 48, "event": "cached_record", "family": "marmousi", "prediction_sha256": "c0b02034c2b8b6d0082a5bd8a9a6cec87790d21d20dc52a55286e195060a0a22", "row": 33, "sample_id": "train_marmousi_00337", "shard": 3, "subset": "fit"}
{"baseline_rel_l2_selected": 0.03773518955558891, "count": 48, "event": "cached_record", "family": "marmousi", "prediction_sha256": "3ccab60bddf02d4e3b836bfe17a256e45afdd38dc0f7b26b323a4b33bcde6643", "row": 34, "sample_id": "train_marmousi_00411", "shard": 3, "subset": "fit"}
{"baseline_rel_l2_selected": 0.027882637451297525, "count": 48, "event": "cached_record", "family": "marmousi", "prediction_sha256": "67684ef2f021cd787997fe9872c5b743a9e559f5967baf7797b93d7d4306cbfe", "row": 35, "sample_id": "train_marmousi_00320", "shard": 3, "subset": "fit"}
{"baseline_rel_l2_selected": 0.07104962043514865, "count": 48, "event": "cached_record", "family": "marmousi", "prediction_sha256": "a7f037acba7ca393d503365ef86197f85170c686a116e29aa6fae3a69d7d6340", "row": 36, "sample_id": "train_marmousi_00324", "shard": 3, "subset": "fit"}
{"baseline_rel_l2_selected": 0.019223543901614643, "count": 48, "event": "cached_record", "family": "marmousi", "prediction_sha256": "ea77557b960d68f6fe7633863d8d3bc265c84589de342b5d1483a51dfe4bb6aa", "row": 37, "sample_id": "train_marmousi_00678", "shard": 3, "subset": "fit"}
{"baseline_rel_l2_selected": 0.05957236040664212, "count": 48, "event": "cached_record", "family": "marmousi", "prediction_sha256": "89802dab87ba0e50eaa7c503bfa793f5f2d4851d3dfd53a9725ccc3f3c58b381", "row": 38, "sample_id": "train_marmousi_00297", "shard": 3, "subset": "fit"}
{"baseline_rel_l2_selected": 0.04921221904368754, "count": 48, "event": "cached_record", "family": "marmousi", "prediction_sha256": "3253944e9d0125774b73971d983aee2e5946e38ce74607bead88bfce4ca085f9", "row": 39, "sample_id": "train_marmousi_00031", "shard": 3, "subset": "fit"}
{"baseline_rel_l2_selected": 0.11221942104431264, "count": 48, "event": "cached_record", "family": "marmousi", "prediction_sha256": "43ef614cd4c34c0e6936bac2516a8ced26ff8588e1795b862dcaa2379a8bd549", "row": 40, "sample_id": "train_marmousi_00185", "shard": 3, "subset": "fit"}
{"baseline_rel_l2_selected": 0.04652336420802511, "count": 48, "event": "cached_record", "family": "marmousi", "prediction_sha256": "f2dece0805bc14e81041585dee6ae62b0d90b08fbb0493a6097bcfbb95c7ff6d", "row": 41, "sample_id": "train_marmousi_00189", "shard": 3, "subset": "fit"}
{"baseline_rel_l2_selected": 0.04908249100260141, "count": 48, "event": "cached_record", "family": "marmousi", "prediction_sha256": "7e3c7d7f97746305ee72a3309de7cfc59a8a84fc49753a122589b94363adf273", "row": 42, "sample_id": "train_marmousi_00313", "shard": 3, "subset": "fit"}
{"baseline_rel_l2_selected": 0.05567458870654228, "count": 48, "event": "cached_record", "family": "marmousi", "prediction_sha256": "f468319ae5fdaddca5a872bd3d95efc66fad3a1964343b3a2f4a6c75f471e73c", "row": 43, "sample_id": "train_marmousi_00617", "shard": 3, "subset": "fit"}
{"baseline_rel_l2_selected": 0.06418678963684787, "count": 48, "event": "cached_record", "family": "marmousi", "prediction_sha256": "1a39a00dcc8d5d72c8d0f8d8137c0cb212c003dee008e9878dba7121aff14079", "row": 44, "sample_id": "train_marmousi_00331", "shard": 3, "subset": "fit"}
{"baseline_rel_l2_selected": 0.05650755504873611, "count": 48, "event": "cached_record", "family": "marmousi", "prediction_sha256": "7a07e3c34b5c33afa6a9d4976633e90ad9e5d3d8c8910962c40096dd872a1bfa", "row": 45, "sample_id": "train_marmousi_00405", "shard": 3, "subset": "fit"}
{"baseline_rel_l2_selected": 0.04469780349112232, "count": 48, "event": "cached_record", "family": "marmousi", "prediction_sha256": "27aebeb94f84ce63992fb371d4c42c4af95f38c4d636d2989f05c5795403744d", "row": 46, "sample_id": "train_marmousi_00409", "shard": 3, "subset": "fit"}
{"baseline_rel_l2_selected": 0.024038125222871482, "count": 48, "event": "cached_record", "family": "marmousi", "prediction_sha256": "48e655eb7833352b46b8a844dfdecf6b3a35bcce9ec66f79657d8a05743039eb", "row": 47, "sample_id": "train_marmousi_00238", "shard": 3, "subset": "fit"}
{
  "baseline_record_rel_l2_max": 0.11221942104431264,
  "baseline_record_rel_l2_mean": 0.035952225127212405,
  "elapsed_seconds": 163.6033463003114,
  "family_record_rel_l2": {
    "layered": {
      "count": 16,
      "max": 0.11168415501321947,
      "mean": 0.040382881685044406
    },
    "marmousi": {
      "count": 16,
      "max": 0.11221942104431264,
      "mean": 0.04833206679343137
    },
    "uniform": {
      "count": 16,
      "max": 0.05006995975900273,
      "mean": 0.019141726903161425
    }
  },
  "frame_count_per_record": 64,
  "manifest_sha256": "66e1f1659b1f9715b10f04a7241d39648bebc143426b5792850cde58cfb9256d",
  "output": "/root/autodl-tmp/work/FNO-Acoustic-Wave-Simulation/grouped-dual-head-v2/results/r25_coarse_residual_pilot_cache_20260828/fit_shard_3.h5",
  "output_bytes": 235430774,
  "output_sha256": "b4902a0cfdefd67d9bcbed57423f955490525c25aee86a71c515b89085be5635",
  "record_count": 48,
  "schema": "r25_coarse_residual_cache_summary_v1",
  "selection_sha256": "2184a4f1c9f3be6186fbacb1599e8bd32fc1fdfeb07b3b99cfe2034a2118ccb8",
  "shard_count": 4,
  "shard_index": 3,
  "solver_seconds": 132.70150192826986,
  "status": "complete",
  "subset": "fit",
  "test_id_opened": false,
  "validation_opened": false
}
{"baseline_rel_l2_selected": 0.012976699546198622, "count": 6, "event": "cached_record", "family": "uniform", "prediction_sha256": "fd5525cbedbff5a2e28d3e2eaea3229a51216cc2dd205053437faeaed9f2ed71", "row": 0, "sample_id": "train_uniform_00165", "shard": 3, "subset": "holdout"}
{"baseline_rel_l2_selected": 0.006361849475169243, "count": 6, "event": "cached_record", "family": "uniform", "prediction_sha256": "b8db32f6e3e0a13359315e625a3d74ab417815a69f74e4395b395bbb216fa510", "row": 1, "sample_id": "train_uniform_00063", "shard": 3, "subset": "holdout"}
{"baseline_rel_l2_selected": 0.04087104018392755, "count": 6, "event": "cached_record", "family": "layered", "prediction_sha256": "9d13ec4696af48a3f2e1ed025c33ac8dc46e43012c88e05cec406092cd93833e", "row": 2, "sample_id": "train_layered_00823", "shard": 3, "subset": "holdout"}
{"baseline_rel_l2_selected": 0.045113584923587795, "count": 6, "event": "cached_record", "family": "layered", "prediction_sha256": "30ee9f87e134b5ae4deec7736c0f59a82041ff783a841b703ba48c29767e6c71", "row": 3, "sample_id": "train_layered_01071", "shard": 3, "subset": "holdout"}
{"baseline_rel_l2_selected": 0.16088352755334803, "count": 6, "event": "cached_record", "family": "marmousi", "prediction_sha256": "814cf55ac86b27a999763b33870f038ad716b59a32ee15aec7a05e0f3e2a76d7", "row": 4, "sample_id": "train_marmousi_00478", "shard": 3, "subset": "holdout"}
{"baseline_rel_l2_selected": 0.04245955174402588, "count": 6, "event": "cached_record", "family": "marmousi", "prediction_sha256": "3e7ff9ed685f1e504ed80a32a7def199fca9ce14a4b0f8525f598f8df63d73b4", "row": 5, "sample_id": "train_marmousi_00422", "shard": 3, "subset": "holdout"}
{
  "baseline_record_rel_l2_max": 0.16088352755334803,
  "baseline_record_rel_l2_mean": 0.05144437557104286,
  "elapsed_seconds": 37.47884639631957,
  "family_record_rel_l2": {
    "layered": {
      "count": 2,
      "max": 0.045113584923587795,
      "mean": 0.04299231255375767
    },
    "marmousi": {
      "count": 2,
      "max": 0.16088352755334803,
      "mean": 0.10167153964868696
    },
    "uniform": {
      "count": 2,
      "max": 0.012976699546198622,
      "mean": 0.009669274510683933
    }
  },
  "frame_count_per_record": 401,
  "manifest_sha256": "66e1f1659b1f9715b10f04a7241d39648bebc143426b5792850cde58cfb9256d",
  "output": "/root/autodl-tmp/work/FNO-Acoustic-Wave-Simulation/grouped-dual-head-v2/results/r25_coarse_residual_pilot_cache_20260828/holdout_shard_3.h5",
  "output_bytes": 193735495,
  "output_sha256": "625782ef8f05e5efade54a957c95f9e122c0288d4b539ada2b8047e44fc09b7b",
  "record_count": 6,
  "schema": "r25_coarse_residual_cache_summary_v1",
  "selection_sha256": "2184a4f1c9f3be6186fbacb1599e8bd32fc1fdfeb07b3b99cfe2034a2118ccb8",
  "shard_count": 4,
  "shard_index": 3,
  "solver_seconds": 22.29048258345574,
  "status": "complete",
  "subset": "holdout",
  "test_id_opened": false,
  "validation_opened": false
}
