{"baseline_rel_l2_selected": 0.011506280635738473, "count": 48, "event": "cached_record", "family": "uniform", "prediction_sha256": "6c28f3445ded12dad7ae2c7682289a091a0927753508dda8875559992a85a0c2", "row": 0, "sample_id": "train_uniform_00055", "shard": 0, "subset": "fit"}
{"baseline_rel_l2_selected": 0.007445039430623842, "count": 48, "event": "cached_record", "family": "uniform", "prediction_sha256": "615706eeefc68ef2baef394c1a8907699661d4fa791a7326deaf26adbbd7b0de", "row": 1, "sample_id": "train_uniform_00248", "shard": 0, "subset": "fit"}
{"baseline_rel_l2_selected": 0.004834667489555221, "count": 48, "event": "cached_record", "family": "uniform", "prediction_sha256": "9b0eeb765a596ca5b07abfab494857275e75a3504737458f714d387aca855cab", "row": 2, "sample_id": "train_uniform_00002", "shard": 0, "subset": "fit"}
{"baseline_rel_l2_selected": 0.05356868480657642, "count": 48, "event": "cached_record", "family": "uniform", "prediction_sha256": "d4a712e873410304628f6bac506f4560ff0cd763ba8a36b2361db87d49f6e372", "row": 3, "sample_id": "train_uniform_00263", "shard": 0, "subset": "fit"}
{"baseline_rel_l2_selected": 0.008561619250423222, "count": 48, "event": "cached_record", "family": "uniform", "prediction_sha256": "be2a20f9abfc63dfd643ce4add158dfd2e2c188fe4e2217ef54f9e6890940cec", "row": 4, "sample_id": "train_uniform_00117", "shard": 0, "subset": "fit"}
{"baseline_rel_l2_selected": 0.015478342543585459, "count": 48, "event": "cached_record", "family": "uniform", "prediction_sha256": "65a09e141f4172d87d8564724e3a6cf900ab3701ac18f64e13dff561f1277327", "row": 5, "sample_id": "train_uniform_00224", "shard": 0, "subset": "fit"}
{"baseline_rel_l2_selected": 0.011306379940153268, "count": 48, "event": "cached_record", "family": "uniform", "prediction_sha256": "0bfecfc7abe929dcd4cbb214421682c0fa93f4068aea2b4292ce1522a313fc06", "row": 6, "sample_id": "train_uniform_00309", "shard": 0, "subset": "fit"}
{"baseline_rel_l2_selected": 0.011159801720408572, "count": 48, "event": "cached_record", "family": "uniform", "prediction_sha256": "0983bdb0fefff2f81f5697402fd1f8153c4652071d35b45d74a69c91eaad30a7", "row": 7, "sample_id": "train_uniform_00328", "shard": 0, "subset": "fit"}
{"baseline_rel_l2_selected": 0.01777662890866958, "count": 48, "event": "cached_record", "family": "uniform", "prediction_sha256": "a40071ae849a7fb5e97885c20ae757bb9aa1ac2ff631b6bb46e9a8d2f6fb74fb", "row": 8, "sample_id": "train_uniform_00275", "shard": 0, "subset": "fit"}
{"baseline_rel_l2_selected": 0.047568989618141745, "count": 48, "event": "cached_record", "family": "uniform", "prediction_sha256": "9589f1862837c70e559ff71e59aef96bab40f71f5c043978963b2aae72821867", "row": 9, "sample_id": "train_uniform_00162", "shard": 0, "subset": "fit"}
{"baseline_rel_l2_selected": 0.03690598762041546, "count": 48, "event": "cached_record", "family": "uniform", "prediction_sha256": "332111dfa082483903546b459e07137a400bca929dc70dd40ca8da819f160027", "row": 10, "sample_id": "train_uniform_00076", "shard": 0, "subset": "fit"}
{"baseline_rel_l2_selected": 0.004358761963913632, "count": 48, "event": "cached_record", "family": "uniform", "prediction_sha256": "c26f136464778cde188731cd62969c114ec9ef10cf83b079549a96f5a1fea1ce", "row": 11, "sample_id": "train_uniform_00394", "shard": 0, "subset": "fit"}
{"baseline_rel_l2_selected": 0.041698224022636524, "count": 48, "event": "cached_record", "family": "uniform", "prediction_sha256": "e65abd6886a0f83e97988453d360c05a82e4a8c86e742aee44ef49df703c132e", "row": 12, "sample_id": "train_uniform_00289", "shard": 0, "subset": "fit"}
{"baseline_rel_l2_selected": 0.029542543779109823, "count": 48, "event": "cached_record", "family": "uniform", "prediction_sha256": "c15a2a6e6f19f0ab06f1d57be03a2c679c2dbc11888568c33a58be6e8d0d32d6", "row": 13, "sample_id": "train_uniform_00175", "shard": 0, "subset": "fit"}
{"baseline_rel_l2_selected": 0.012959789277200404, "count": 48, "event": "cached_record", "family": "uniform", "prediction_sha256": "b81c9d4011abd6ebf4fbc86726d8c343f73825d83b9ec15a57e38224c3d3bb43", "row": 14, "sample_id": "train_uniform_00128", "shard": 0, "subset": "fit"}
{"baseline_rel_l2_selected": 0.08108311302537415, "count": 48, "event": "cached_record", "family": "uniform", "prediction_sha256": "59babd467181641b3b636f81cb139342a60c1f1f67d392466edcb14ee729324d", "row": 15, "sample_id": "train_uniform_00204", "shard": 0, "subset": "fit"}
{"baseline_rel_l2_selected": 0.021248424456120525, "count": 48, "event": "cached_record", "family": "layered", "prediction_sha256": "2d1090d8f252815f3c094fc6806ecc0a0f645f264bc2ab18b1827f9882f18db2", "row": 16, "sample_id": "train_layered_01076", "shard": 0, "subset": "fit"}
{"baseline_rel_l2_selected": 0.04134888907950697, "count": 48, "event": "cached_record", "family": "layered", "prediction_sha256": "10b90ac74758225e3a2e35860ddfc1de738c743885ab658ce29782e0dbb8c539", "row": 17, "sample_id": "train_layered_00728", "shard": 0, "subset": "fit"}
{"baseline_rel_l2_selected": 0.007159917038493072, "count": 48, "event": "cached_record", "family": "layered", "prediction_sha256": "45f0b8f48a093a2720120b3f42576addb9d4c4231b2234f02ceb587a3b92d857", "row": 18, "sample_id": "train_layered_00844", "shard": 0, "subset": "fit"}
{"baseline_rel_l2_selected": 0.011589682732723585, "count": 48, "event": "cached_record", "family": "layered", "prediction_sha256": "a7ab19aa2fed70437c54fa8a886748058b721600c6710fc1c56ced00939ff528", "row": 19, "sample_id": "train_layered_00128", "shard": 0, "subset": "fit"}
{"baseline_rel_l2_selected": 0.05302254008844619, "count": 48, "event": "cached_record", "family": "layered", "prediction_sha256": "2c5521730d07ab69b645560e4c38a1e1e4e366a35b7cdfdf8f87eed840780a68", "row": 20, "sample_id": "train_layered_00828", "shard": 0, "subset": "fit"}
{"baseline_rel_l2_selected": 0.019616930036873828, "count": 48, "event": "cached_record", "family": "layered", "prediction_sha256": "e82646c35d1ea0554a7fdb40da210c97a6e34fab84e4df0c9e1b2df1b07cdb38", "row": 21, "sample_id": "train_layered_00848", "shard": 0, "subset": "fit"}
{"baseline_rel_l2_selected": 0.04093816699681413, "count": 48, "event": "cached_record", "family": "layered", "prediction_sha256": "63de84bc3535a05894b7bf434122e10a4be2d2de4af4b2583e7ce0b0239971c7", "row": 22, "sample_id": "train_layered_00896", "shard": 0, "subset": "fit"}
{"baseline_rel_l2_selected": 0.05623098702161124, "count": 48, "event": "cached_record", "family": "layered", "prediction_sha256": "00eddb5bc98f8e9b14c3f2f1e45831697b2cafebe411ac01f7147c04b79d61e9", "row": 23, "sample_id": "train_layered_00352", "shard": 0, "subset": "fit"}
{"baseline_rel_l2_selected": 0.03222999112114261, "count": 48, "event": "cached_record", "family": "layered", "prediction_sha256": "9a8d902eb91b4e882504b5489121d363f3c7052ef34a394e6a5ebd8f5f75531a", "row": 24, "sample_id": "train_layered_00016", "shard": 0, "subset": "fit"}
{"baseline_rel_l2_selected": 0.006106831081654294, "count": 48, "event": "cached_record", "family": "layered", "prediction_sha256": "bded52ae75fd8d3e5efb511fe3b145465726fd81968fafdb3a6fd7e3cb94a56c", "row": 25, "sample_id": "train_layered_00876", "shard": 0, "subset": "fit"}
{"baseline_rel_l2_selected": 0.09890202122762194, "count": 48, "event": "cached_record", "family": "layered", "prediction_sha256": "794954013a7de60c3be562228fa74d56b95f6dc778ae87a533ea8738581bb8d3", "row": 26, "sample_id": "train_layered_00168", "shard": 0, "subset": "fit"}
{"baseline_rel_l2_selected": 0.02672004648980043, "count": 48, "event": "cached_record", "family": "layered", "prediction_sha256": "b20a8ead7cc9d84739b592875c21e3f44429a71744fb1c4eb276633b5935a732", "row": 27, "sample_id": "train_layered_00524", "shard": 0, "subset": "fit"}
{"baseline_rel_l2_selected": 0.03556180720042636, "count": 48, "event": "cached_record", "family": "layered", "prediction_sha256": "fcb29a7c1cd3cf8a6f6872399d4f6464b56fe41733314f3405cec1f3c87bd60a", "row": 28, "sample_id": "train_layered_01032", "shard": 0, "subset": "fit"}
{"baseline_rel_l2_selected": 0.02795788734205426, "count": 48, "event": "cached_record", "family": "layered", "prediction_sha256": "935142ddf33a3cb737f0bd604abe6858360489d0d0dfe0bd0b8c97306da11f8a", "row": 29, "sample_id": "train_layered_00120", "shard": 0, "subset": "fit"}
{"baseline_rel_l2_selected": 0.010784310964324457, "count": 48, "event": "cached_record", "family": "layered", "prediction_sha256": "ac813fa8b5bb773ba101b3dae30335c36afae26d04d54940007e1057af91103d", "row": 30, "sample_id": "train_layered_00764", "shard": 0, "subset": "fit"}
{"baseline_rel_l2_selected": 0.01522149856490085, "count": 48, "event": "cached_record", "family": "layered", "prediction_sha256": "869321c2479a2de77985846617e5d15886265fce1bee7db3f46a4b0f765e3ddc", "row": 31, "sample_id": "train_layered_00760", "shard": 0, "subset": "fit"}
{"baseline_rel_l2_selected": 0.09528722424519907, "count": 48, "event": "cached_record", "family": "marmousi", "prediction_sha256": "62dd0fb6c3a0cacaa2a8e5a4a1e7c782e51339c839c575a6f35cf347075ae6f2", "row": 32, "sample_id": "train_marmousi_00125", "shard": 0, "subset": "fit"}
{"baseline_rel_l2_selected": 0.03759228531798906, "count": 48, "event": "cached_record", "family": "marmousi", "prediction_sha256": "bbab1d033e5f9d8de477f77944ac491146bf22b1d5d62ca481625e3af4b9cc71", "row": 33, "sample_id": "train_marmousi_00129", "shard": 0, "subset": "fit"}
{"baseline_rel_l2_selected": 0.030097411800451508, "count": 48, "event": "cached_record", "family": "marmousi", "prediction_sha256": "ceb00aa5c300abd0cc1876cf5654f48f0fcf3bc4d84c948ad4d1666392d9506f", "row": 34, "sample_id": "train_marmousi_00338", "shard": 0, "subset": "fit"}
{"baseline_rel_l2_selected": 0.03728184164292313, "count": 48, "event": "cached_record", "family": "marmousi", "prediction_sha256": "4e7d51ccb2c22801e67395f2b08872e64cbf29d643dc727752fb3cfb72bf3fac", "row": 35, "sample_id": "train_marmousi_00412", "shard": 0, "subset": "fit"}
{"baseline_rel_l2_selected": 0.03767581468459861, "count": 48, "event": "cached_record", "family": "marmousi", "prediction_sha256": "d2c7b625a107453d17ea2f685c344d17cd50c5c3982dbc7a7b351aac49554dc5", "row": 36, "sample_id": "train_marmousi_00321", "shard": 0, "subset": "fit"}
{"baseline_rel_l2_selected": 0.04477174176853578, "count": 48, "event": "cached_record", "family": "marmousi", "prediction_sha256": "5f755eec0d8712ee63b72d30b7da670dc444f438d9fa59130b3ad14ec633e3f4", "row": 37, "sample_id": "train_marmousi_00675", "shard": 0, "subset": "fit"}
{"baseline_rel_l2_selected": 0.04578994162931866, "count": 48, "event": "cached_record", "family": "marmousi", "prediction_sha256": "9e23ced3343742d55843392ddca4fe644f6387fb898511119360c6183f67bbac", "row": 38, "sample_id": "train_marmousi_00679", "shard": 0, "subset": "fit"}
{"baseline_rel_l2_selected": 0.05229207984991228, "count": 48, "event": "cached_record", "family": "marmousi", "prediction_sha256": "51374e790548feb67ce715d59dc9baa9ad6a41f56f3e1164ea2ea4f04e458f28", "row": 39, "sample_id": "train_marmousi_00298", "shard": 0, "subset": "fit"}
{"baseline_rel_l2_selected": 0.02869610912706944, "count": 48, "event": "cached_record", "family": "marmousi", "prediction_sha256": "7889e7d429d2024d595a7dc0d728dfe2dbc151cf9ef4b7c826aad31ecd9d312d", "row": 40, "sample_id": "train_marmousi_00032", "shard": 0, "subset": "fit"}
{"baseline_rel_l2_selected": 0.1914809003916105, "count": 48, "event": "cached_record", "family": "marmousi", "prediction_sha256": "5a10f60fd0dd348f8a8c365f685267dcabff614664f96cf676364fc58611665b", "row": 41, "sample_id": "train_marmousi_00186", "shard": 0, "subset": "fit"}
{"baseline_rel_l2_selected": 0.20266969943022842, "count": 48, "event": "cached_record", "family": "marmousi", "prediction_sha256": "af35084ec753c4a2444795facd414642547947ae996c746674c45e96e5bccf58", "row": 42, "sample_id": "train_marmousi_00310", "shard": 0, "subset": "fit"}
{"baseline_rel_l2_selected": 0.14493587814095488, "count": 48, "event": "cached_record", "family": "marmousi", "prediction_sha256": "3cdefdef8843efe2b46f2439138faab1f616fb92dac00d18cb56d8028fffc95b", "row": 43, "sample_id": "train_marmousi_00314", "shard": 0, "subset": "fit"}
{"baseline_rel_l2_selected": 0.04502492690275823, "count": 48, "event": "cached_record", "family": "marmousi", "prediction_sha256": "1c543f4533e9d3239ae64c0d0779e550787a36c201f5e5743b692cb3f62e6174", "row": 44, "sample_id": "train_marmousi_00618", "shard": 0, "subset": "fit"}
{"baseline_rel_l2_selected": 0.14913384939941687, "count": 48, "event": "cached_record", "family": "marmousi", "prediction_sha256": "ebbc6646ca952348947345625a3dd433f0adb5de9835806dc007f24519ae1a66", "row": 45, "sample_id": "train_marmousi_00332", "shard": 0, "subset": "fit"}
{"baseline_rel_l2_selected": 0.09656998580098579, "count": 48, "event": "cached_record", "family": "marmousi", "prediction_sha256": "fa893d4a307d846fd2f9f3f47f40d5be4787e1da4adf43e3984d326384848585", "row": 46, "sample_id": "train_marmousi_00406", "shard": 0, "subset": "fit"}
{"baseline_rel_l2_selected": 0.05481323694081836, "count": 48, "event": "cached_record", "family": "marmousi", "prediction_sha256": "22800695f923374db9d42bffe1970715ec09770319ff195741738df6d556ff7c", "row": 47, "sample_id": "train_marmousi_00235", "shard": 0, "subset": "fit"}
{
  "baseline_record_rel_l2_max": 0.20266969943022842,
  "baseline_record_rel_l2_mean": 0.0457189106780794,
  "elapsed_seconds": 169.1269878037274,
  "family_record_rel_l2": {
    "layered": {
      "count": 16,
      "max": 0.09890202122762194,
      "mean": 0.03153999571515717
    },
    "marmousi": {
      "count": 16,
      "max": 0.20266969943022842,
      "mean": 0.08088205794204817
    },
    "uniform": {
      "count": 16,
      "max": 0.08108311302537415,
      "mean": 0.024734678377032863
    }
  },
  "frame_count_per_record": 64,
  "manifest_sha256": "66e1f1659b1f9715b10f04a7241d39648bebc143426b5792850cde58cfb9256d",
  "output": "/root/autodl-tmp/work/FNO-Acoustic-Wave-Simulation/grouped-dual-head-v2/results/r25_coarse_residual_pilot_cache_20260828/fit_shard_0.h5",
  "output_bytes": 234174599,
  "output_sha256": "3cd7bf06b74f3a085484f52d3f35cbc5eb97bc8e6ef71b985cf71ce727773b13",
  "record_count": 48,
  "schema": "r25_coarse_residual_cache_summary_v1",
  "selection_sha256": "2184a4f1c9f3be6186fbacb1599e8bd32fc1fdfeb07b3b99cfe2034a2118ccb8",
  "shard_count": 4,
  "shard_index": 0,
  "solver_seconds": 138.08077063970268,
  "status": "complete",
  "subset": "fit",
  "test_id_opened": false,
  "validation_opened": false
}
{"baseline_rel_l2_selected": 0.01397535082258205, "count": 6, "event": "cached_record", "family": "uniform", "prediction_sha256": "53289967d179a97380a89a918e673fc8aea951490ae0170a9b43495cb2f9723b", "row": 0, "sample_id": "train_uniform_00080", "shard": 0, "subset": "holdout"}
{"baseline_rel_l2_selected": 0.006609828871360058, "count": 6, "event": "cached_record", "family": "uniform", "prediction_sha256": "0b2b35ea69a5c2a43da8261d09a4a3346e36be468819826f40d804812a2447dd", "row": 1, "sample_id": "train_uniform_00362", "shard": 0, "subset": "holdout"}
{"baseline_rel_l2_selected": 0.01401774281500559, "count": 6, "event": "cached_record", "family": "layered", "prediction_sha256": "d34c00e4b1183ebac7adc5871072ac80cd3e9b7c97d88eecbaeea481164d0d59", "row": 2, "sample_id": "train_layered_00820", "shard": 0, "subset": "holdout"}
{"baseline_rel_l2_selected": 0.02267033921665382, "count": 6, "event": "cached_record", "family": "layered", "prediction_sha256": "c44b2e4bd40a3e3231bae8d2b8aff8ddc4b3b0ecb2d268c7441175e117a8525b", "row": 3, "sample_id": "train_layered_01068", "shard": 0, "subset": "holdout"}
{"baseline_rel_l2_selected": 0.08593506712751134, "count": 6, "event": "cached_record", "family": "marmousi", "prediction_sha256": "ca8ec0bfecca93ecd78c8f9184010e978b529aa67002a36864147af77f24704a", "row": 4, "sample_id": "train_marmousi_00475", "shard": 0, "subset": "holdout"}
{"baseline_rel_l2_selected": 0.01924959265133919, "count": 6, "event": "cached_record", "family": "marmousi", "prediction_sha256": "c0a1064b36aba42a5bfb3b8473ade97ae75f7ecbcd6d78bb9f24fdf4102255d6", "row": 5, "sample_id": "train_marmousi_00479", "shard": 0, "subset": "holdout"}
{
  "baseline_record_rel_l2_max": 0.08593506712751134,
  "baseline_record_rel_l2_mean": 0.027076320250742008,
  "elapsed_seconds": 37.63216120284051,
  "family_record_rel_l2": {
    "layered": {
      "count": 2,
      "max": 0.02267033921665382,
      "mean": 0.018344041015829704
    },
    "marmousi": {
      "count": 2,
      "max": 0.08593506712751134,
      "mean": 0.05259232988942526
    },
    "uniform": {
      "count": 2,
      "max": 0.01397535082258205,
      "mean": 0.010292589846971054
    }
  },
  "frame_count_per_record": 401,
  "manifest_sha256": "66e1f1659b1f9715b10f04a7241d39648bebc143426b5792850cde58cfb9256d",
  "output": "/root/autodl-tmp/work/FNO-Acoustic-Wave-Simulation/grouped-dual-head-v2/results/r25_coarse_residual_pilot_cache_20260828/holdout_shard_0.h5",
  "output_bytes": 176479056,
  "output_sha256": "fd33d11bfe74c87ef187bfa95f63ff73049a146e2c48a4b93696ae35ba329ef0",
  "record_count": 6,
  "schema": "r25_coarse_residual_cache_summary_v1",
  "selection_sha256": "2184a4f1c9f3be6186fbacb1599e8bd32fc1fdfeb07b3b99cfe2034a2118ccb8",
  "shard_count": 4,
  "shard_index": 0,
  "solver_seconds": 22.55120042897761,
  "status": "complete",
  "subset": "holdout",
  "test_id_opened": false,
  "validation_opened": false
}
