{"baseline_rel_l2_selected": 0.007698020494688315, "count": 48, "event": "cached_record", "family": "uniform", "prediction_sha256": "783e6cb05ff1bd2f2283b6efd7662786b6045cc48c72edbd3681a162e749b1f9", "row": 0, "sample_id": "train_uniform_00196", "shard": 1, "subset": "fit"}
{"baseline_rel_l2_selected": 0.029892726744321096, "count": 48, "event": "cached_record", "family": "uniform", "prediction_sha256": "8434c353ea3370b088b39eb876ca172743a719e39f86e3bfe1d3d4e141d02b2b", "row": 1, "sample_id": "train_uniform_00133", "shard": 1, "subset": "fit"}
{"baseline_rel_l2_selected": 0.01029419122354491, "count": 48, "event": "cached_record", "family": "uniform", "prediction_sha256": "ea66f564443973e958ebe7db7bedf3629ac7808ac452473cd3f2d325f617636f", "row": 2, "sample_id": "train_uniform_00352", "shard": 1, "subset": "fit"}
{"baseline_rel_l2_selected": 0.016497966565299373, "count": 48, "event": "cached_record", "family": "uniform", "prediction_sha256": "17156ebb09d0af47e0818ccecd68d126d9d2182678dd192b9386a953fc990f74", "row": 3, "sample_id": "train_uniform_00146", "shard": 1, "subset": "fit"}
{"baseline_rel_l2_selected": 0.024289211721505825, "count": 48, "event": "cached_record", "family": "uniform", "prediction_sha256": "68db7e6790d4a874217ea43c53171b1251ce2638135ecbb098abb0e067e257b0", "row": 4, "sample_id": "train_uniform_00295", "shard": 1, "subset": "fit"}
{"baseline_rel_l2_selected": 0.011230256985936283, "count": 48, "event": "cached_record", "family": "uniform", "prediction_sha256": "7683d347512927a16029f748ceacd24245e9e59bb978d902f29dd1cd0fb0f563", "row": 5, "sample_id": "train_uniform_00325", "shard": 1, "subset": "fit"}
{"baseline_rel_l2_selected": 0.040738348130407026, "count": 48, "event": "cached_record", "family": "uniform", "prediction_sha256": "8b0799786b578ac98fd484031b7370b73530775ce95aac6a4d2c4edfdb6d9c36", "row": 6, "sample_id": "train_uniform_00138", "shard": 1, "subset": "fit"}
{"baseline_rel_l2_selected": 0.037604485830043284, "count": 48, "event": "cached_record", "family": "uniform", "prediction_sha256": "0f2e8a7486df322a1fb84de6e4e30ffebcbee633c470e5459ada51b946c5d818", "row": 7, "sample_id": "train_uniform_00341", "shard": 1, "subset": "fit"}
{"baseline_rel_l2_selected": 0.0046761389468475125, "count": 48, "event": "cached_record", "family": "uniform", "prediction_sha256": "c38e0c1d1b052ae8f72b5ee522b10ce2781b5dfa184b3f9048a2d6eb58495c72", "row": 8, "sample_id": "train_uniform_00066", "shard": 1, "subset": "fit"}
{"baseline_rel_l2_selected": 0.013132715947837548, "count": 48, "event": "cached_record", "family": "uniform", "prediction_sha256": "55111e3eff9f47e8d496b655dd72a58ccae93b9f47553ebc3b3a57a9e1a7e30f", "row": 9, "sample_id": "train_uniform_00120", "shard": 1, "subset": "fit"}
{"baseline_rel_l2_selected": 0.009773770862766231, "count": 48, "event": "cached_record", "family": "uniform", "prediction_sha256": "eda77cc74c51f79d26c439f7443b1b080a025609d5a190e38f3a251919f4307b", "row": 10, "sample_id": "train_uniform_00110", "shard": 1, "subset": "fit"}
{"baseline_rel_l2_selected": 0.11368276700660247, "count": 48, "event": "cached_record", "family": "uniform", "prediction_sha256": "a9a91177f68795fa27075e19c070ff2e1c092e63d0e7cb4f200a0dcf2ee7a811", "row": 11, "sample_id": "train_uniform_00131", "shard": 1, "subset": "fit"}
{"baseline_rel_l2_selected": 0.011166238178774804, "count": 48, "event": "cached_record", "family": "uniform", "prediction_sha256": "3ac5f828f376d2457b5c10f970d8cc72949c404d32c0f8c850c0f270924e4c8b", "row": 12, "sample_id": "train_uniform_00022", "shard": 1, "subset": "fit"}
{"baseline_rel_l2_selected": 0.015148888162928377, "count": 48, "event": "cached_record", "family": "uniform", "prediction_sha256": "1edad96076dd6b27884f6688fddf939587d804e6d183c4e6e596a576d6f2b14e", "row": 13, "sample_id": "train_uniform_00123", "shard": 1, "subset": "fit"}
{"baseline_rel_l2_selected": 0.008911336134083458, "count": 48, "event": "cached_record", "family": "uniform", "prediction_sha256": "2cf8106b6c108d31258838b1e0f3fe22d7519b91883ff047bba4f46323799ff6", "row": 14, "sample_id": "train_uniform_00267", "shard": 1, "subset": "fit"}
{"baseline_rel_l2_selected": 0.008409908362444842, "count": 48, "event": "cached_record", "family": "uniform", "prediction_sha256": "438b6278f895e3989e1a37676c8ba0eadfbe172a720a6dddb3eb8ed7052aa3ea", "row": 15, "sample_id": "train_uniform_00279", "shard": 1, "subset": "fit"}
{"baseline_rel_l2_selected": 0.06153302616574255, "count": 48, "event": "cached_record", "family": "layered", "prediction_sha256": "5e7359b4483ed8a88a158d00cc5488c0e7d2f344c45bdcd8c6e26ae4b2f510a3", "row": 16, "sample_id": "train_layered_01077", "shard": 1, "subset": "fit"}
{"baseline_rel_l2_selected": 0.04792578426601421, "count": 48, "event": "cached_record", "family": "layered", "prediction_sha256": "79d8bec8a081a831abf4f404dbd6fdd40ad3c6faadde44456f364809ef84fde0", "row": 17, "sample_id": "train_layered_00729", "shard": 1, "subset": "fit"}
{"baseline_rel_l2_selected": 0.0037712026913860855, "count": 48, "event": "cached_record", "family": "layered", "prediction_sha256": "f77bae93ce6b486543bba996fd466fb3930a1cd14542341127551a630084face", "row": 18, "sample_id": "train_layered_00845", "shard": 1, "subset": "fit"}
{"baseline_rel_l2_selected": 0.013319863074658036, "count": 48, "event": "cached_record", "family": "layered", "prediction_sha256": "41388172314761442bef667caedcd8938cdb7df342c21fb3e9af837b3b53fe6d", "row": 19, "sample_id": "train_layered_00129", "shard": 1, "subset": "fit"}
{"baseline_rel_l2_selected": 0.028603160775082823, "count": 48, "event": "cached_record", "family": "layered", "prediction_sha256": "603dd52fe6d728310bb4cfa66b5bb9f476634f06b20747b97f97a49690b1d605", "row": 20, "sample_id": "train_layered_00829", "shard": 1, "subset": "fit"}
{"baseline_rel_l2_selected": 0.020047571410648946, "count": 48, "event": "cached_record", "family": "layered", "prediction_sha256": "75eac19d79d180f3fbb8736b7c926e2906cdced8a9077adb74a201e6ebc31100", "row": 21, "sample_id": "train_layered_00849", "shard": 1, "subset": "fit"}
{"baseline_rel_l2_selected": 0.05045231664552172, "count": 48, "event": "cached_record", "family": "layered", "prediction_sha256": "b5e1bc38289648cf44f45adb11a6571ab07fa9bc64a59278d94e039f4041a92a", "row": 22, "sample_id": "train_layered_00897", "shard": 1, "subset": "fit"}
{"baseline_rel_l2_selected": 0.1259989906667277, "count": 48, "event": "cached_record", "family": "layered", "prediction_sha256": "a4340c2a8a119b67c720e74ed4bae94764ee2c3601c1ddc77421d91c224b5813", "row": 23, "sample_id": "train_layered_00353", "shard": 1, "subset": "fit"}
{"baseline_rel_l2_selected": 0.011264666539977099, "count": 48, "event": "cached_record", "family": "layered", "prediction_sha256": "888b9c0c0164e1c249036d860a44bfb5b4726e7846286bd94496daacca9305a0", "row": 24, "sample_id": "train_layered_00017", "shard": 1, "subset": "fit"}
{"baseline_rel_l2_selected": 0.003970059353342693, "count": 48, "event": "cached_record", "family": "layered", "prediction_sha256": "bf0d8d4a6177637325e43165892ece8710e142a8742532401821df47509867b8", "row": 25, "sample_id": "train_layered_00877", "shard": 1, "subset": "fit"}
{"baseline_rel_l2_selected": 0.045119802813566035, "count": 48, "event": "cached_record", "family": "layered", "prediction_sha256": "a53b6120ee5f7b00eb772978329e592d47c5934d1eff89459ccf9393ebe6a0f3", "row": 26, "sample_id": "train_layered_00169", "shard": 1, "subset": "fit"}
{"baseline_rel_l2_selected": 0.026433355148491787, "count": 48, "event": "cached_record", "family": "layered", "prediction_sha256": "50fca7a8c34b4e8cd177b3babbb3745ad06203502b90ab4e2c7f61d9dceb8064", "row": 27, "sample_id": "train_layered_00525", "shard": 1, "subset": "fit"}
{"baseline_rel_l2_selected": 0.05168011814584034, "count": 48, "event": "cached_record", "family": "layered", "prediction_sha256": "2002f4c101784f5e989190a6409afdc45e1368c7547d2340b17807917898471e", "row": 28, "sample_id": "train_layered_01033", "shard": 1, "subset": "fit"}
{"baseline_rel_l2_selected": 0.05016484179101924, "count": 48, "event": "cached_record", "family": "layered", "prediction_sha256": "d8be211878e745b4dcdaa63564289736cd06c4b171a1d9042dff9817e8c53259", "row": 29, "sample_id": "train_layered_00121", "shard": 1, "subset": "fit"}
{"baseline_rel_l2_selected": 0.04429773991941609, "count": 48, "event": "cached_record", "family": "layered", "prediction_sha256": "f8a596561b4246c593336b5235114ba5c638fbd5edb10b05c0722cae44ed6fb8", "row": 30, "sample_id": "train_layered_00765", "shard": 1, "subset": "fit"}
{"baseline_rel_l2_selected": 0.04276255766068, "count": 48, "event": "cached_record", "family": "layered", "prediction_sha256": "b703b83c785c719da6990a5415a2a19335ccdf3e5a9c4b55334da079864ddb50", "row": 31, "sample_id": "train_layered_00761", "shard": 1, "subset": "fit"}
{"baseline_rel_l2_selected": 0.06441934994011153, "count": 48, "event": "cached_record", "family": "marmousi", "prediction_sha256": "896446a6bf55a7564b298312a7743a7b8af09730bee73a03b7894f63f8990a43", "row": 32, "sample_id": "train_marmousi_00126", "shard": 1, "subset": "fit"}
{"baseline_rel_l2_selected": 0.06191799611024476, "count": 48, "event": "cached_record", "family": "marmousi", "prediction_sha256": "b24bd433b772b5c098d32339228658a8b846cd2f0dd7c3a7d5149b9e18b22aa7", "row": 33, "sample_id": "train_marmousi_00335", "shard": 1, "subset": "fit"}
{"baseline_rel_l2_selected": 0.041635806891163814, "count": 48, "event": "cached_record", "family": "marmousi", "prediction_sha256": "cd25ab734c40b83867cd4a0afa0ff504f80da64cbefb1a9b3fee17eab3fef607", "row": 34, "sample_id": "train_marmousi_00339", "shard": 1, "subset": "fit"}
{"baseline_rel_l2_selected": 0.19564947402788352, "count": 48, "event": "cached_record", "family": "marmousi", "prediction_sha256": "1f124420baa8454d417d15408bdad2a568c94aafa61cea4fd6c9e5b0faab9403", "row": 35, "sample_id": "train_marmousi_00413", "shard": 1, "subset": "fit"}
{"baseline_rel_l2_selected": 0.09393334091677723, "count": 48, "event": "cached_record", "family": "marmousi", "prediction_sha256": "be97bbbf0eab030357fb1651dada7bb5259b9f864fe7a48ccacef2c873412f19", "row": 36, "sample_id": "train_marmousi_00322", "shard": 1, "subset": "fit"}
{"baseline_rel_l2_selected": 0.14934866652103782, "count": 48, "event": "cached_record", "family": "marmousi", "prediction_sha256": "ac2e1f1b9f4f199f76933897960cfb67a0be3c10971972a48476775ca20f465f", "row": 37, "sample_id": "train_marmousi_00676", "shard": 1, "subset": "fit"}
{"baseline_rel_l2_selected": 0.02876970049516726, "count": 48, "event": "cached_record", "family": "marmousi", "prediction_sha256": "7dae155be71a1fbca40f4f6124ddb2297e7f256b66408bbc862fdf8de6241593", "row": 38, "sample_id": "train_marmousi_00295", "shard": 1, "subset": "fit"}
{"baseline_rel_l2_selected": 0.033048728663442634, "count": 48, "event": "cached_record", "family": "marmousi", "prediction_sha256": "454332553d5946839c253cde23cfc45ba75f9655948fcacf5211832d638cdb02", "row": 39, "sample_id": "train_marmousi_00299", "shard": 1, "subset": "fit"}
{"baseline_rel_l2_selected": 0.024287510228043933, "count": 48, "event": "cached_record", "family": "marmousi", "prediction_sha256": "92a65cc70854b6c920d959c3c302f3ed3eaf64f033329a62463fca8807b97cac", "row": 40, "sample_id": "train_marmousi_00033", "shard": 1, "subset": "fit"}
{"baseline_rel_l2_selected": 0.05706419267431665, "count": 48, "event": "cached_record", "family": "marmousi", "prediction_sha256": "cf94d5ddc741d1fe2b43a9e69357275ec846f9551a954261e12ea708d4579ce5", "row": 41, "sample_id": "train_marmousi_00187", "shard": 1, "subset": "fit"}
{"baseline_rel_l2_selected": 0.03580931171708172, "count": 48, "event": "cached_record", "family": "marmousi", "prediction_sha256": "0ae8fc115abf7eee1d4dc766c04638e9a1a9abd6633aa778ede2a4747daef006", "row": 42, "sample_id": "train_marmousi_00311", "shard": 1, "subset": "fit"}
{"baseline_rel_l2_selected": 0.06159246364470998, "count": 48, "event": "cached_record", "family": "marmousi", "prediction_sha256": "6db38ee47180406ba4bcb7d2e6935590952811bbb3b145e07c07fbf0508dc2e0", "row": 43, "sample_id": "train_marmousi_00615", "shard": 1, "subset": "fit"}
{"baseline_rel_l2_selected": 0.062224060780620566, "count": 48, "event": "cached_record", "family": "marmousi", "prediction_sha256": "f1af38860af2c82e698702a65737126fc78b14a9e3ea9d7186b59878470a16b9", "row": 44, "sample_id": "train_marmousi_00619", "shard": 1, "subset": "fit"}
{"baseline_rel_l2_selected": 0.03410775220751933, "count": 48, "event": "cached_record", "family": "marmousi", "prediction_sha256": "d7cfff724ad3c253a0e92723f1c5b00ea7661d4125d1d24676de0736a3d4d69e", "row": 45, "sample_id": "train_marmousi_00333", "shard": 1, "subset": "fit"}
{"baseline_rel_l2_selected": 0.19159845939545406, "count": 48, "event": "cached_record", "family": "marmousi", "prediction_sha256": "3352d8c3f649ddb0e686c50e101e35e7914d3e42c04cf795a72daa9168b61fd6", "row": 46, "sample_id": "train_marmousi_00407", "shard": 1, "subset": "fit"}
{"baseline_rel_l2_selected": 0.06365981056933734, "count": 48, "event": "cached_record", "family": "marmousi", "prediction_sha256": "e1d661b2115038f1ab881b1520203179182306c3260810502e81055143ec7608", "row": 47, "sample_id": "train_marmousi_00236", "shard": 1, "subset": "fit"}
{
  "baseline_record_rel_l2_max": 0.19564947402788352,
  "baseline_record_rel_l2_mean": 0.045615805273938735,
  "elapsed_seconds": 165.8195651145652,
  "family_record_rel_l2": {
    "layered": {
      "count": 16,
      "max": 0.1259989906667277,
      "mean": 0.03920906606675721
    },
    "marmousi": {
      "count": 16,
      "max": 0.19564947402788352,
      "mean": 0.07494166404893202
    },
    "uniform": {
      "count": 16,
      "max": 0.11368276700660247,
      "mean": 0.02269668570612696
    }
  },
  "frame_count_per_record": 64,
  "manifest_sha256": "66e1f1659b1f9715b10f04a7241d39648bebc143426b5792850cde58cfb9256d",
  "output": "/root/autodl-tmp/work/FNO-Acoustic-Wave-Simulation/grouped-dual-head-v2/results/r25_coarse_residual_pilot_cache_20260828/fit_shard_1.h5",
  "output_bytes": 235916330,
  "output_sha256": "d6827f2b2515640d763f79b480b1918c0f0ddda2e9e976db51010b453cd544be",
  "record_count": 48,
  "schema": "r25_coarse_residual_cache_summary_v1",
  "selection_sha256": "2184a4f1c9f3be6186fbacb1599e8bd32fc1fdfeb07b3b99cfe2034a2118ccb8",
  "shard_count": 4,
  "shard_index": 1,
  "solver_seconds": 134.7218384090811,
  "status": "complete",
  "subset": "fit",
  "test_id_opened": false,
  "validation_opened": false
}
{"baseline_rel_l2_selected": 0.029142438466807963, "count": 6, "event": "cached_record", "family": "uniform", "prediction_sha256": "24fe3ce59254f0aca664058d72f87eb2c8e28def75e703bfd2ff8d8f035070a7", "row": 0, "sample_id": "train_uniform_00375", "shard": 1, "subset": "holdout"}
{"baseline_rel_l2_selected": 0.021310632652568093, "count": 6, "event": "cached_record", "family": "uniform", "prediction_sha256": "1a897970b037de34a60255ae640fffa13da2a13a2ed988a30f3b07d3257bc4a0", "row": 1, "sample_id": "train_uniform_00312", "shard": 1, "subset": "holdout"}
{"baseline_rel_l2_selected": 0.037757677274711555, "count": 6, "event": "cached_record", "family": "layered", "prediction_sha256": "e5e0789664dab061564a0229acd30ac9609ce1ef7a57150197d01147d3c1e309", "row": 2, "sample_id": "train_layered_00821", "shard": 1, "subset": "holdout"}
{"baseline_rel_l2_selected": 0.01788318695200081, "count": 6, "event": "cached_record", "family": "layered", "prediction_sha256": "11ebccc8b0e49f72c8bde8a28417736999bf94583c92951be54dce8027564cb2", "row": 3, "sample_id": "train_layered_01069", "shard": 1, "subset": "holdout"}
{"baseline_rel_l2_selected": 0.1343802379850797, "count": 6, "event": "cached_record", "family": "marmousi", "prediction_sha256": "a8807ccff2ba62fa33407577cb53698c940570af73c4d6a7ac58a90598e50e72", "row": 4, "sample_id": "train_marmousi_00476", "shard": 1, "subset": "holdout"}
{"baseline_rel_l2_selected": 0.03078879899726788, "count": 6, "event": "cached_record", "family": "marmousi", "prediction_sha256": "a85e09f208eb38952fe30f07bdd10653eb5d04fba48d86bdf5acdac6615e2470", "row": 5, "sample_id": "train_marmousi_00420", "shard": 1, "subset": "holdout"}
{
  "baseline_record_rel_l2_max": 0.1343802379850797,
  "baseline_record_rel_l2_mean": 0.04521049538807267,
  "elapsed_seconds": 36.493015757761896,
  "family_record_rel_l2": {
    "layered": {
      "count": 2,
      "max": 0.037757677274711555,
      "mean": 0.027820432113356185
    },
    "marmousi": {
      "count": 2,
      "max": 0.1343802379850797,
      "mean": 0.08258451849117379
    },
    "uniform": {
      "count": 2,
      "max": 0.029142438466807963,
      "mean": 0.025226535559688026
    }
  },
  "frame_count_per_record": 401,
  "manifest_sha256": "66e1f1659b1f9715b10f04a7241d39648bebc143426b5792850cde58cfb9256d",
  "output": "/root/autodl-tmp/work/FNO-Acoustic-Wave-Simulation/grouped-dual-head-v2/results/r25_coarse_residual_pilot_cache_20260828/holdout_shard_1.h5",
  "output_bytes": 184470117,
  "output_sha256": "ce39f8724e22464f6540c5ca293a52e736a9766c727420d6f6927f99eca8420a",
  "record_count": 6,
  "schema": "r25_coarse_residual_cache_summary_v1",
  "selection_sha256": "2184a4f1c9f3be6186fbacb1599e8bd32fc1fdfeb07b3b99cfe2034a2118ccb8",
  "shard_count": 4,
  "shard_index": 1,
  "solver_seconds": 22.10857191309333,
  "status": "complete",
  "subset": "holdout",
  "test_id_opened": false,
  "validation_opened": false
}
