{"baseline_rel_l2_selected": 0.02298129885021505, "count": 48, "event": "cached_record", "family": "uniform", "prediction_sha256": "f026463d295a76e73cba82086db14c47d7c7e48943220725bcc427a7137148dd", "row": 0, "sample_id": "train_uniform_00228", "shard": 2, "subset": "fit"}
{"baseline_rel_l2_selected": 0.012688776022628847, "count": 48, "event": "cached_record", "family": "uniform", "prediction_sha256": "902c27629177cfc920691105146e01fd1bfef154757cfe312e3922c728b1ac75", "row": 1, "sample_id": "train_uniform_00220", "shard": 2, "subset": "fit"}
{"baseline_rel_l2_selected": 0.007696283317927773, "count": 48, "event": "cached_record", "family": "uniform", "prediction_sha256": "054fe3c04737a27d4a41c71c73e46e8c230a74d02ad0270bc1bb692698a0e345", "row": 2, "sample_id": "train_uniform_00026", "shard": 2, "subset": "fit"}
{"baseline_rel_l2_selected": 0.04853896346597207, "count": 48, "event": "cached_record", "family": "uniform", "prediction_sha256": "f29130697dc14260b748ff3548aae5f4b01486b72e699e8afa0ed3a3e4e6ef29", "row": 3, "sample_id": "train_uniform_00266", "shard": 2, "subset": "fit"}
{"baseline_rel_l2_selected": 0.006743008313945172, "count": 48, "event": "cached_record", "family": "uniform", "prediction_sha256": "0bce8d7a95e6203bb6f803a130c30daaf139b0a348fd68f73c6f507c84d6c5e8", "row": 4, "sample_id": "train_uniform_00160", "shard": 2, "subset": "fit"}
{"baseline_rel_l2_selected": 0.015354316172997665, "count": 48, "event": "cached_record", "family": "uniform", "prediction_sha256": "b773b965672b0a430f8045980e5613fb0c8fd2bd2dd4e331b750ee2d0284a534", "row": 5, "sample_id": "train_uniform_00136", "shard": 2, "subset": "fit"}
{"baseline_rel_l2_selected": 0.011147423207912212, "count": 48, "event": "cached_record", "family": "uniform", "prediction_sha256": "ca51a7fb1b42f14510a42877fb6103714f33faae7c0cfbfb299b79cc4f63f5d6", "row": 6, "sample_id": "train_uniform_00265", "shard": 2, "subset": "fit"}
{"baseline_rel_l2_selected": 0.007289035075648858, "count": 48, "event": "cached_record", "family": "uniform", "prediction_sha256": "7a0059bbc85522e8d5aa841824999004d92d3c83ed358fc3c15008aa38372fe7", "row": 7, "sample_id": "train_uniform_00261", "shard": 2, "subset": "fit"}
{"baseline_rel_l2_selected": 0.006475094715558017, "count": 48, "event": "cached_record", "family": "uniform", "prediction_sha256": "8796cbbb8631664cc2e74ddf7ece9de7c88581eb143b21d15f9a2c801646d166", "row": 8, "sample_id": "train_uniform_00314", "shard": 2, "subset": "fit"}
{"baseline_rel_l2_selected": 0.00899459478491544, "count": 48, "event": "cached_record", "family": "uniform", "prediction_sha256": "6de06056ccac68a62f576efb6e508c7a8dce7ea86664dc5a28e4631c94c4777d", "row": 9, "sample_id": "train_uniform_00029", "shard": 2, "subset": "fit"}
{"baseline_rel_l2_selected": 0.03261775685315568, "count": 48, "event": "cached_record", "family": "uniform", "prediction_sha256": "f61201ca46bcc9df9e5e56d37375e42da4deadba29be3f3c3fcf571febd68bae", "row": 10, "sample_id": "train_uniform_00209", "shard": 2, "subset": "fit"}
{"baseline_rel_l2_selected": 0.006605394217379619, "count": 48, "event": "cached_record", "family": "uniform", "prediction_sha256": "f8bf86874e9a493b9bd4aadb35036912cf7b5d629a817188924bc7da8b957651", "row": 11, "sample_id": "train_uniform_00062", "shard": 2, "subset": "fit"}
{"baseline_rel_l2_selected": 0.07310261180888425, "count": 48, "event": "cached_record", "family": "uniform", "prediction_sha256": "4784ee9b1f6b139099b1708fc281120cc7fe56077d0c7d76b7ff0380364e09e5", "row": 12, "sample_id": "train_uniform_00284", "shard": 2, "subset": "fit"}
{"baseline_rel_l2_selected": 0.010204979677237892, "count": 48, "event": "cached_record", "family": "uniform", "prediction_sha256": "599fc6740771a532e99dd2eccce240285ccf47737af7d2418259c5a1cf7baaf1", "row": 13, "sample_id": "train_uniform_00239", "shard": 2, "subset": "fit"}
{"baseline_rel_l2_selected": 0.011909222501781447, "count": 48, "event": "cached_record", "family": "uniform", "prediction_sha256": "1eeebaffa557331dd17f17d34fcc5330624c7d9a2c5ba323de74ddaea2412ec1", "row": 14, "sample_id": "train_uniform_00188", "shard": 2, "subset": "fit"}
{"baseline_rel_l2_selected": 0.0038281223832946354, "count": 48, "event": "cached_record", "family": "uniform", "prediction_sha256": "d71def9d3842627141bdfe5e2aa8b1d0f41be319d9812c110d62368ae0edb4d9", "row": 15, "sample_id": "train_uniform_00336", "shard": 2, "subset": "fit"}
{"baseline_rel_l2_selected": 0.03558676364149424, "count": 48, "event": "cached_record", "family": "layered", "prediction_sha256": "d480f25aff496c940dc9f48f02f264e53e4672ce44320be32037323c3bd35f25", "row": 16, "sample_id": "train_layered_01078", "shard": 2, "subset": "fit"}
{"baseline_rel_l2_selected": 0.03953329360270304, "count": 48, "event": "cached_record", "family": "layered", "prediction_sha256": "079f44ec96bcb98771c461e9d27fdabf0715c405d0c1bd1fef253be518289d4d", "row": 17, "sample_id": "train_layered_00730", "shard": 2, "subset": "fit"}
{"baseline_rel_l2_selected": 0.005435749034431563, "count": 48, "event": "cached_record", "family": "layered", "prediction_sha256": "41947213af930d1fcbc8cd5e4f30176d964b9c35e5f17d43c36aece3ad109dff", "row": 18, "sample_id": "train_layered_00846", "shard": 2, "subset": "fit"}
{"baseline_rel_l2_selected": 0.008687721266005623, "count": 48, "event": "cached_record", "family": "layered", "prediction_sha256": "2f8028d156e6e23dbdd3136fafa27b7c9ba87f9e6f062013e4c1f760c9cbedcb", "row": 19, "sample_id": "train_layered_00130", "shard": 2, "subset": "fit"}
{"baseline_rel_l2_selected": 0.04536770819231134, "count": 48, "event": "cached_record", "family": "layered", "prediction_sha256": "d90e5d58c991b82bc25493e9535a1dd705224e4d1a37d778dee0af8710a14ebb", "row": 20, "sample_id": "train_layered_00830", "shard": 2, "subset": "fit"}
{"baseline_rel_l2_selected": 0.015197964424956377, "count": 48, "event": "cached_record", "family": "layered", "prediction_sha256": "f5cf7ac65cd2f7ac63935def2fb80514332177274b77644555232c0cabb7173b", "row": 21, "sample_id": "train_layered_00850", "shard": 2, "subset": "fit"}
{"baseline_rel_l2_selected": 0.02320668493816583, "count": 48, "event": "cached_record", "family": "layered", "prediction_sha256": "3c8c5555868746ec0a5125d956b1500e4fe50d8829220173a953b73d3d360d2f", "row": 22, "sample_id": "train_layered_00898", "shard": 2, "subset": "fit"}
{"baseline_rel_l2_selected": 0.18018900999593582, "count": 48, "event": "cached_record", "family": "layered", "prediction_sha256": "2d62700fa0e75f6b111fb8c35e92044f04c9dcd2052ea150d9d229a7184c0edd", "row": 23, "sample_id": "train_layered_00354", "shard": 2, "subset": "fit"}
{"baseline_rel_l2_selected": 0.016637417993600752, "count": 48, "event": "cached_record", "family": "layered", "prediction_sha256": "cb86e90997e58911daa0b320242277bde0e6af4320dbfebd29c1e9f6eb53fd78", "row": 24, "sample_id": "train_layered_00018", "shard": 2, "subset": "fit"}
{"baseline_rel_l2_selected": 0.01091819970665257, "count": 48, "event": "cached_record", "family": "layered", "prediction_sha256": "f5d1e8392c968d88dd3862eddf1318349723696342a4fca78bb111cda42f53bb", "row": 25, "sample_id": "train_layered_00878", "shard": 2, "subset": "fit"}
{"baseline_rel_l2_selected": 0.031039270808900492, "count": 48, "event": "cached_record", "family": "layered", "prediction_sha256": "00d843137367656f348421973c4469e5aa2f1b363895c5e3270bfb4f6d412c1e", "row": 26, "sample_id": "train_layered_00170", "shard": 2, "subset": "fit"}
{"baseline_rel_l2_selected": 0.02522039310266731, "count": 48, "event": "cached_record", "family": "layered", "prediction_sha256": "fe0fde91ea044dd4f60fcd33a50b375a59fd509061a58b7c0101d5f365a73989", "row": 27, "sample_id": "train_layered_00526", "shard": 2, "subset": "fit"}
{"baseline_rel_l2_selected": 0.01355247780679115, "count": 48, "event": "cached_record", "family": "layered", "prediction_sha256": "96a7a46b171bf1b264a421f9aed461ff287df81cb6c209dbe0dd9aa3da483ccb", "row": 28, "sample_id": "train_layered_01034", "shard": 2, "subset": "fit"}
{"baseline_rel_l2_selected": 0.040986028097165776, "count": 48, "event": "cached_record", "family": "layered", "prediction_sha256": "a1e40e84352e36e5bd9315655c4a1663001788372be2c98be1f7637f620da240", "row": 29, "sample_id": "train_layered_00122", "shard": 2, "subset": "fit"}
{"baseline_rel_l2_selected": 0.025658573782841573, "count": 48, "event": "cached_record", "family": "layered", "prediction_sha256": "d894009351336da92d470ea91d85c8e4ce7030509d870e3f8100ba15506c3c4f", "row": 30, "sample_id": "train_layered_00766", "shard": 2, "subset": "fit"}
{"baseline_rel_l2_selected": 0.015251394230943719, "count": 48, "event": "cached_record", "family": "layered", "prediction_sha256": "384a2aa626f39a93fe8ff406f1f077b40393632c8451a15d7c9f01cf8b48cf23", "row": 31, "sample_id": "train_layered_00762", "shard": 2, "subset": "fit"}
{"baseline_rel_l2_selected": 0.16261979339430743, "count": 48, "event": "cached_record", "family": "marmousi", "prediction_sha256": "f2a6a2b09f50f7404d77249350359f4eb72af2f7f1403f2ab9023e9331c05fb3", "row": 32, "sample_id": "train_marmousi_00127", "shard": 2, "subset": "fit"}
{"baseline_rel_l2_selected": 0.145905804844299, "count": 48, "event": "cached_record", "family": "marmousi", "prediction_sha256": "1a56240a26108360d02275898b5bfd582af2315cf97d8442c10cd2cf225ef0e3", "row": 33, "sample_id": "train_marmousi_00336", "shard": 2, "subset": "fit"}
{"baseline_rel_l2_selected": 0.018858569662123622, "count": 48, "event": "cached_record", "family": "marmousi", "prediction_sha256": "4ac87b29022842104e8f7852d12d2d2d3aae79dac0be77413d73e7ae6ee49858", "row": 34, "sample_id": "train_marmousi_00410", "shard": 2, "subset": "fit"}
{"baseline_rel_l2_selected": 0.0630665852494802, "count": 48, "event": "cached_record", "family": "marmousi", "prediction_sha256": "2db417fa3026624995000f10693c0456e5aa2628280193ca9712911a0b5030f3", "row": 35, "sample_id": "train_marmousi_00414", "shard": 2, "subset": "fit"}
{"baseline_rel_l2_selected": 0.01953721914053596, "count": 48, "event": "cached_record", "family": "marmousi", "prediction_sha256": "12189b56d91f5f51881d3257a833831ac54e5d5c1614cf150d6a20622e801a6d", "row": 36, "sample_id": "train_marmousi_00323", "shard": 2, "subset": "fit"}
{"baseline_rel_l2_selected": 0.049478507362425955, "count": 48, "event": "cached_record", "family": "marmousi", "prediction_sha256": "b6c2dee59a350c60a7d12b78f55e3e23326b59d311f5ed58203a1bcbf99d5f40", "row": 37, "sample_id": "train_marmousi_00677", "shard": 2, "subset": "fit"}
{"baseline_rel_l2_selected": 0.01915249883007981, "count": 48, "event": "cached_record", "family": "marmousi", "prediction_sha256": "101df4438ec0d686e5aba6bff730c6c7c80e2beb64d808c9daf5e0875567b816", "row": 38, "sample_id": "train_marmousi_00296", "shard": 2, "subset": "fit"}
{"baseline_rel_l2_selected": 0.041796898020786656, "count": 48, "event": "cached_record", "family": "marmousi", "prediction_sha256": "14ed0fd71bab60167cac64cf0bb9ec6c16630997f75f8586816c4e3d62216b0e", "row": 39, "sample_id": "train_marmousi_00030", "shard": 2, "subset": "fit"}
{"baseline_rel_l2_selected": 0.05751102356349075, "count": 48, "event": "cached_record", "family": "marmousi", "prediction_sha256": "6cee97b27623d053035487c5eaceb9521889685b5c0f834243d9445aa27a1396", "row": 40, "sample_id": "train_marmousi_00034", "shard": 2, "subset": "fit"}
{"baseline_rel_l2_selected": 0.059090316565705125, "count": 48, "event": "cached_record", "family": "marmousi", "prediction_sha256": "53e0521b6cca3b4445a3dd4364e41db0a0b3feaa4bdd240bda1135133d57aa45", "row": 41, "sample_id": "train_marmousi_00188", "shard": 2, "subset": "fit"}
{"baseline_rel_l2_selected": 0.07216747857397564, "count": 48, "event": "cached_record", "family": "marmousi", "prediction_sha256": "7ffff4cc7315e93b9e879b7735fc113b6c0b21fae1240bfec2ad858a2ae44d69", "row": 42, "sample_id": "train_marmousi_00312", "shard": 2, "subset": "fit"}
{"baseline_rel_l2_selected": 0.04579222058466847, "count": 48, "event": "cached_record", "family": "marmousi", "prediction_sha256": "e0b1839a5a5daceab66406ac2b4b311f354f7109aee5a67eb5bbc1324d9c57cc", "row": 43, "sample_id": "train_marmousi_00616", "shard": 2, "subset": "fit"}
{"baseline_rel_l2_selected": 0.10817930214129658, "count": 48, "event": "cached_record", "family": "marmousi", "prediction_sha256": "bfb1a4410af9f7ad53eb5d4d12a20a676e67ead85c31c53b13f1b40b238040a8", "row": 44, "sample_id": "train_marmousi_00330", "shard": 2, "subset": "fit"}
{"baseline_rel_l2_selected": 0.09523661514573194, "count": 48, "event": "cached_record", "family": "marmousi", "prediction_sha256": "e796462e789e472c5731e3318240f199c1e619f9d15978c606d1fe0babcd8641", "row": 45, "sample_id": "train_marmousi_00334", "shard": 2, "subset": "fit"}
{"baseline_rel_l2_selected": 0.016435237491083044, "count": 48, "event": "cached_record", "family": "marmousi", "prediction_sha256": "5da2b91c0843a3207974d38073682afdfda1af4fdeaca14ce1e980f6a12714fb", "row": 46, "sample_id": "train_marmousi_00408", "shard": 2, "subset": "fit"}
{"baseline_rel_l2_selected": 0.04588317036285251, "count": 48, "event": "cached_record", "family": "marmousi", "prediction_sha256": "8db7de49632d97df52a6ce45a56b112dc7e875ae9ad00ea508b3878a49f3503b", "row": 47, "sample_id": "train_marmousi_00237", "shard": 2, "subset": "fit"}
{
  "baseline_record_rel_l2_max": 0.18018900999593582,
  "baseline_record_rel_l2_mean": 0.03831993276933051,
  "elapsed_seconds": 164.40836587548256,
  "family_record_rel_l2": {
    "layered": {
      "count": 16,
      "max": 0.18018900999593582,
      "mean": 0.033279290664097946
    },
    "marmousi": {
      "count": 16,
      "max": 0.16261979339430743,
      "mean": 0.06379445255830267
    },
    "uniform": {
      "count": 16,
      "max": 0.07310261180888425,
      "mean": 0.017886055085590914
    }
  },
  "frame_count_per_record": 64,
  "manifest_sha256": "66e1f1659b1f9715b10f04a7241d39648bebc143426b5792850cde58cfb9256d",
  "output": "/root/autodl-tmp/work/FNO-Acoustic-Wave-Simulation/grouped-dual-head-v2/results/r25_coarse_residual_pilot_cache_20260828/fit_shard_2.h5",
  "output_bytes": 233693792,
  "output_sha256": "b16eb34d741c6c083e415d02abc1d4ebd3143b8614769221560bdf6f72018572",
  "record_count": 48,
  "schema": "r25_coarse_residual_cache_summary_v1",
  "selection_sha256": "2184a4f1c9f3be6186fbacb1599e8bd32fc1fdfeb07b3b99cfe2034a2118ccb8",
  "shard_count": 4,
  "shard_index": 2,
  "solver_seconds": 133.5228641917929,
  "status": "complete",
  "subset": "fit",
  "test_id_opened": false,
  "validation_opened": false
}
{"baseline_rel_l2_selected": 0.006885060408110468, "count": 6, "event": "cached_record", "family": "uniform", "prediction_sha256": "c96c33c93061ab27e1eb8e21212bff18c2ac2d33ab0e6d6c7c1e8cb0444991d1", "row": 0, "sample_id": "train_uniform_00189", "shard": 2, "subset": "holdout"}
{"baseline_rel_l2_selected": 0.013208353848776234, "count": 6, "event": "cached_record", "family": "uniform", "prediction_sha256": "e715cbb17499c0636d0301297140178c61bacf144dec13e3e0bd50047a9e5783", "row": 1, "sample_id": "train_uniform_00099", "shard": 2, "subset": "holdout"}
{"baseline_rel_l2_selected": 0.017376144770439274, "count": 6, "event": "cached_record", "family": "layered", "prediction_sha256": "45acec4d05f38aff6ec96ad9c146ade1202d3ade8d6dd5d0b37769d562f27239", "row": 2, "sample_id": "train_layered_00822", "shard": 2, "subset": "holdout"}
{"baseline_rel_l2_selected": 0.018193104088671808, "count": 6, "event": "cached_record", "family": "layered", "prediction_sha256": "131015fbd47200efc5673a65a24d4cd14c4b9ed0eed4e43616246d12dc1c0d03", "row": 3, "sample_id": "train_layered_01070", "shard": 2, "subset": "holdout"}
{"baseline_rel_l2_selected": 0.024772630031819617, "count": 6, "event": "cached_record", "family": "marmousi", "prediction_sha256": "c0ab2ceedc7735d3d67ce524c6f1fceb6c129fc8cca8bdf729b5e8cae03a9b96", "row": 4, "sample_id": "train_marmousi_00477", "shard": 2, "subset": "holdout"}
{"baseline_rel_l2_selected": 0.06730784894462193, "count": 6, "event": "cached_record", "family": "marmousi", "prediction_sha256": "60308ec61f39ec7a5e66319c9fe4acea3d80c61570b7e52e9543c952fc6cbf48", "row": 5, "sample_id": "train_marmousi_00421", "shard": 2, "subset": "holdout"}
{
  "baseline_record_rel_l2_max": 0.06730784894462193,
  "baseline_record_rel_l2_mean": 0.024623857015406554,
  "elapsed_seconds": 36.661374347284436,
  "family_record_rel_l2": {
    "layered": {
      "count": 2,
      "max": 0.018193104088671808,
      "mean": 0.017784624429555543
    },
    "marmousi": {
      "count": 2,
      "max": 0.06730784894462193,
      "mean": 0.04604023948822077
    },
    "uniform": {
      "count": 2,
      "max": 0.013208353848776234,
      "mean": 0.010046707128443352
    }
  },
  "frame_count_per_record": 401,
  "manifest_sha256": "66e1f1659b1f9715b10f04a7241d39648bebc143426b5792850cde58cfb9256d",
  "output": "/root/autodl-tmp/work/FNO-Acoustic-Wave-Simulation/grouped-dual-head-v2/results/r25_coarse_residual_pilot_cache_20260828/holdout_shard_2.h5",
  "output_bytes": 177870130,
  "output_sha256": "fb0edfada159cc4476d68e8eda9a8c993cf65402aae8af84ef989f455a2e7f16",
  "record_count": 6,
  "schema": "r25_coarse_residual_cache_summary_v1",
  "selection_sha256": "2184a4f1c9f3be6186fbacb1599e8bd32fc1fdfeb07b3b99cfe2034a2118ccb8",
  "shard_count": 4,
  "shard_index": 2,
  "solver_seconds": 22.208434769883752,
  "status": "complete",
  "subset": "holdout",
  "test_id_opened": false,
  "validation_opened": false
}
