[train] step=20 epoch=1 batch=20 loss=9.994878e-01 lr=3.000000e-04
[train] step=40 epoch=1 batch=40 loss=1.000255e+00 lr=3.000000e-04
[train] step=60 epoch=1 batch=60 loss=9.981995e-01 lr=3.000000e-04
fatal: not a git repository (or any parent up to mount point /root)
Stopping at filesystem boundary (GIT_DISCOVERY_ACROSS_FILESYSTEM not set).
fatal: not a git repository (or any parent up to mount point /root)
Stopping at filesystem boundary (GIT_DISCOVERY_ACROSS_FILESYSTEM not set).
[train] step=80 epoch=2 batch=20 loss=9.992695e-01 lr=2.981533e-04
[train] step=100 epoch=2 batch=40 loss=9.977850e-01 lr=2.981533e-04
[train] step=120 epoch=2 batch=60 loss=9.979246e-01 lr=2.981533e-04
fatal: not a git repository (or any parent up to mount point /root)
Stopping at filesystem boundary (GIT_DISCOVERY_ACROSS_FILESYSTEM not set).
fatal: not a git repository (or any parent up to mount point /root)
Stopping at filesystem boundary (GIT_DISCOVERY_ACROSS_FILESYSTEM not set).
[train] step=140 epoch=3 batch=20 loss=1.001012e+00 lr=2.926585e-04
[train] step=160 epoch=3 batch=40 loss=9.989130e-01 lr=2.926585e-04
[train] step=180 epoch=3 batch=60 loss=9.970241e-01 lr=2.926585e-04
fatal: not a git repository (or any parent up to mount point /root)
Stopping at filesystem boundary (GIT_DISCOVERY_ACROSS_FILESYSTEM not set).
fatal: not a git repository (or any parent up to mount point /root)
Stopping at filesystem boundary (GIT_DISCOVERY_ACROSS_FILESYSTEM not set).
[train] step=200 epoch=4 batch=20 loss=9.996148e-01 lr=2.836510e-04
[train] step=220 epoch=4 batch=40 loss=9.969161e-01 lr=2.836510e-04
[train] step=240 epoch=4 batch=60 loss=9.979465e-01 lr=2.836510e-04
fatal: not a git repository (or any parent up to mount point /root)
Stopping at filesystem boundary (GIT_DISCOVERY_ACROSS_FILESYSTEM not set).
fatal: not a git repository (or any parent up to mount point /root)
Stopping at filesystem boundary (GIT_DISCOVERY_ACROSS_FILESYSTEM not set).
[train] step=260 epoch=5 batch=20 loss=9.967053e-01 lr=2.713525e-04
[train] step=280 epoch=5 batch=40 loss=9.967648e-01 lr=2.713525e-04
[train] step=300 epoch=5 batch=60 loss=9.995536e-01 lr=2.713525e-04
fatal: not a git repository (or any parent up to mount point /root)
Stopping at filesystem boundary (GIT_DISCOVERY_ACROSS_FILESYSTEM not set).
fatal: not a git repository (or any parent up to mount point /root)
Stopping at filesystem boundary (GIT_DISCOVERY_ACROSS_FILESYSTEM not set).
[train] step=320 epoch=6 batch=20 loss=9.971482e-01 lr=2.560660e-04
[train] step=340 epoch=6 batch=40 loss=9.987874e-01 lr=2.560660e-04
[train] step=360 epoch=6 batch=60 loss=9.985735e-01 lr=2.560660e-04
fatal: not a git repository (or any parent up to mount point /root)
Stopping at filesystem boundary (GIT_DISCOVERY_ACROSS_FILESYSTEM not set).
fatal: not a git repository (or any parent up to mount point /root)
Stopping at filesystem boundary (GIT_DISCOVERY_ACROSS_FILESYSTEM not set).
[early_stopping] epoch=6 best_val=9.986330e-01 stale_epochs=5 patience=5
{'device': 'cuda', 'input_shape': [2, 64, 64, 101, 3], 'output_shape': [2, 64, 64, 101], 'train_loss': 0.9985735416412354, 'validation_relative_l2': 0.9986330330371856, 'checkpoint_best': 'results/factorized_pbg_marm_r35_spectral_pilot_20260823/checkpoints/best.pt', 'checkpoint_last': 'results/factorized_pbg_marm_r35_spectral_pilot_20260823/checkpoints/last.pt', 'resume_checkpoint': None, 'init_checkpoint': None, 'init_checkpoint_sha256': None, 'metrics_csv': 'results/factorized_pbg_marm_r35_spectral_pilot_20260823/logs/metrics.csv', 'splits': {'test': 60, 'total_used': 240, 'train': 120, 'val': 60}, 'normalization_stats': {'computed_from_split': 'train', 'eps': 1e-16, 'source_map': {'normalization': 'max_to_one'}, 'time': {'normalization': 'zero_to_one'}, 'train_sample_count': 16, 'velocity': {'count': 65536, 'mean': 2496.7045264225458, 'std': 704.4212820004445}, 'wavefield': {'count': 6619136, 'mean': 7.416991185246188e-11, 'std': 1.528500086659339e-09}}, 'validation_selection': {'mode': 'split_order', 'selected_count': 60, 'indices': [596, 629, 399, 342, 302, 25, 605, 463, 498, 45, 513, 428, 492, 226, 324, 291, 386, 509, 273, 439, 661, 94, 181, 35, 496, 247, 430, 490, 542, 468, 626, 552, 323, 152, 164, 587, 415, 621, 560, 610, 494, 117, 204, 299, 614, 525, 411, 582, 11, 462, 254, 93, 475, 666, 87, 606, 319, 150, 548, 590]}, 'validation_safety_metrics': {'relative_l2': 0.9986368318398794, 'mse': 0.868686725695928, 'mae': 0.3345734750231107, 'prediction_finite_ratio': 1.0, 'target_norm': 556.9024698893229, 'prediction_norm': 24.772701835632326, 'zero_baseline_relative_l2': 1.0, 'relative_l2_by_category/unknown': 0.9986368308464686, 'sample_count_by_category/unknown': 60.0}, 'early_failure_gate': {'enabled': True, 'status': 'passed', 'relative_l2_threshold': 0.98, 'validation_relative_l2': 0.9986368318398794, 'zero_baseline_relative_l2': 1.0, 'zero_baseline_margin': 0.0, 'require_better_than_zero_baseline': True, 'threshold_failed': True, 'zero_baseline_failed': False, 'would_fail_without_warmup': False, 'min_epochs': 5, 'current_epoch': 6, 'stop_on_failure': True}, 'distillation': {'enabled': False, 'last_parts': {}}, 'adaptive_importance_sampling': {'enabled': False, 'config': {}, 'residual_ema_path': None, 'tracked_sample_count': 0}, 'spatial_importance_sampling': {'enabled': False, 'config': {}, 'residual_ema_path': None, 'tracked_shape': None}, 'memory_estimate': {'selected_hwt': [64, 64, 101], 'batch_size': 2, 'model_name': 'factorized_fno', 'memory_estimate_method': 'factorized_spatiotemporal', 'model_state_width': 1, 'width': 1, 'rough_hidden_tensor_mb': 102.0, 'rough_output_tensor_mb': 3.15625, 'gpu_total_mb': 24080.875, 'gpu_free_mb': 18726.6875}, 'prediction_finite_ratio': 1.0, 'peak_allocated_mb': 4369.68798828125, 'peak_reserved_mb': 4892.0}
